08-04 06:28:07.889 19836 19849 D InputMethodManagerService: isImeSwitcherDisabledPackage : false
08-04 06:28:07.898   752   752 I Layer   : id=173856 removeFromCurrentState ActivityRecord{5dd7448 u0 com.example.dogglers/androidx.test.core.app.InstrumentationActivityInvoker$BootstrapActivity t84}#0 (115)
08-04 06:28:07.898   752   752 I SurfaceFlinger: id=173856 Removed ActivityRecord{5dd7448 u0 com.example.dogglers/androidx.test.core.app.InstrumentationActivityInvoker$BootstrapActivity t84}#0 (115)
08-04 06:28:07.898   752   752 I Layer   : id=173856 Destroyed ActivityRecord{5dd7448 u0 com.example.dogglers/androidx.test.core.app.InstrumentationActivityInvoker$BootstrapActivity t84}#0
08-04 06:28:07.900 18365 18365 D LifecycleMonitor: Lifecycle status change: androidx.test.core.app.InstrumentationActivityInvoker$EmptyActivity@7dcf0c in: PRE_ON_CREATE
08-04 06:28:07.903 18365 18365 V ActivityScenario: Activity lifecycle changed event received but ignored because the intent does not match. startActivityIntent=Intent { act=android.intent.action.MAIN cat=[android.intent.category.LAUNCHER] cmp=com.example.dogglers/.MainActivity }, activity.getIntent()=Intent { act=android.intent.action.MAIN cat=[android.intent.category.LAUNCHER] flg=0x10000000 cmp=com.example.dogglers/androidx.test.core.app.InstrumentationActivityInvoker$EmptyActivity }, activity=androidx.test.core.app.InstrumentationActivityInvoker$EmptyActivity@7dcf0c
08-04 06:28:07.904 19836 20059 D SemNscXgbMsL1: Probability - Cloud gaming: [0.013657882]
08-04 06:28:07.904 19836 20059 D SemNscXgbMsL1: Probability - Real time: [0.9590376]
08-04 06:28:07.905 19836 20059 D SemNscXgbMsL1: Probability - Non real time: [0.8953377]
08-04 06:28:07.905 19836 20059 D SemNscXgbMsL1: 1 sample inference time: 0.637616 msecs
08-04 06:28:07.906 19836 20059 D SemNscXgbL2Rt: L2 RT 1 sample inference time: 0.950807 msecs
08-04 06:28:07.907 19836 20059 D SemNscXgbL2Nrt: L2 NRT 1 sample inference time: 0.730846 msecs
08-04 06:28:07.909 19012 19012 D BoundBrokerSvc: onUnbind: Intent { act=com.google.android.gms.gservices.START pkg=com.google.android.gms }
08-04 06:28:07.913 18839 18886 W android.youtub: Long monitor contention with owner yt-critical3-1 (18885) at java.lang.Object apuo.a()(PG:2) waiters=1 in java.lang.Object apuo.a() for 1.715s
08-04 06:28:07.915 18839 18927 W android.youtub: Long monitor contention with owner yt-critical3-1 (18885) at java.lang.Object apuo.a()(PG:2) waiters=0 in java.lang.Object apuo.a() for 1.741s
08-04 06:28:07.916 19012 19012 D BoundBrokerSvc: onBind: Intent { act=com.google.android.gms.gservices.START pkg=com.google.android.gms }
08-04 06:28:07.916 19012 19012 D BoundBrokerSvc: Loading bound service for intent: Intent { act=com.google.android.gms.gservices.START pkg=com.google.android.gms }
08-04 06:28:07.919 18365 18365 I DecorView: [INFO] isPopOver=false, config=true
08-04 06:28:07.919 18365 18365 I DecorView: updateCaptionType >> DecorView@39b3a6a[], isFloating=false, isApplication=true, hasWindowControllerCallback=true, hasWindowDecorCaption=false
08-04 06:28:07.919 18365 18365 D DecorView: setCaptionType = 0, this = DecorView@39b3a6a[]
08-04 06:28:07.930 18365 18365 I DecorView: getCurrentDensityDpi: from real metrics. densityDpi=450 msg=resources_loaded
08-04 06:28:07.932 18365 18365 D LifecycleMonitor: Lifecycle status change: androidx.test.core.app.InstrumentationActivityInvoker$EmptyActivity@7dcf0c in: CREATED
08-04 06:28:07.935 18365 18365 V ActivityScenario: Activity lifecycle changed event received but ignored because the intent does not match. startActivityIntent=Intent { act=android.intent.action.MAIN cat=[android.intent.category.LAUNCHER] cmp=com.example.dogglers/.MainActivity }, activity.getIntent()=Intent { act=android.intent.action.MAIN cat=[android.intent.category.LAUNCHER] flg=0x10000000 cmp=com.example.dogglers/androidx.test.core.app.InstrumentationActivityInvoker$EmptyActivity }, activity=androidx.test.core.app.InstrumentationActivityInvoker$EmptyActivity@7dcf0c
08-04 06:28:07.938 18365 18365 D LifecycleMonitor: Lifecycle status change: androidx.test.core.app.InstrumentationActivityInvoker$EmptyActivity@7dcf0c in: STARTED
08-04 06:28:07.939 18365 18365 V ActivityScenario: Activity lifecycle changed event received but ignored because the intent does not match. startActivityIntent=Intent { act=android.intent.action.MAIN cat=[android.intent.category.LAUNCHER] cmp=com.example.dogglers/.MainActivity }, activity.getIntent()=Intent { act=android.intent.action.MAIN cat=[android.intent.category.LAUNCHER] flg=0x10000000 cmp=com.example.dogglers/androidx.test.core.app.InstrumentationActivityInvoker$EmptyActivity }, activity=androidx.test.core.app.InstrumentationActivityInvoker$EmptyActivity@7dcf0c
08-04 06:28:07.946 18365 18365 D LifecycleMonitor: Lifecycle status change: androidx.test.core.app.InstrumentationActivityInvoker$EmptyActivity@7dcf0c in: RESUMED
08-04 06:28:07.947 18365 18365 V ActivityScenario: Activity lifecycle changed event received but ignored because the intent does not match. startActivityIntent=Intent { act=android.intent.action.MAIN cat=[android.intent.category.LAUNCHER] cmp=com.example.dogglers/.MainActivity }, activity.getIntent()=Intent { act=android.intent.action.MAIN cat=[android.intent.category.LAUNCHER] flg=0x10000000 cmp=com.example.dogglers/androidx.test.core.app.InstrumentationActivityInvoker$EmptyActivity }, activity=androidx.test.core.app.InstrumentationActivityInvoker$EmptyActivity@7dcf0c
08-04 06:28:07.952 20522 20560 I RecentModel: onTaskStackChangedBackground
08-04 06:28:07.956 19836 20362 D InputTransport: Input channel constructed: '63f3451', fd=799
08-04 06:28:07.956 19836 20362 D InputTransport: Input channel constructed: '63f3451', fd=817
08-04 06:28:07.956 19836 20362 D InputTransport: Input channel constructed: '63f3451', fd=827
08-04 06:28:07.957   752   770 I SurfaceFlinger: id=173893 createSurf (0x0),-1 flag=80004, 63f3451 com.example.dogglers/androidx.test.core.app.InstrumentationActivityInvoker$EmptyActivity#0
08-04 06:28:07.958 19836 20362 D InputTransport: Input channel destroyed: '63f3451', fd=827
08-04 06:28:07.961 18365 18365 I ViewRootImpl@ce05b5b[InstrumentationActivityInvoker$EmptyActivity]: setView = com.android.internal.policy.DecorView@39b3a6a TM=true
08-04 06:28:07.963 19836 19894 D AnalyticsContainerHandler: handleMessage : { when=0 what=1 target=com.android.server.knox.KnoxAnalyticsContainer$AnalyticsHandler }
08-04 06:28:07.977 19836 22764 V WindowManager: Relayout Window{63f3451 u0 com.example.dogglers/androidx.test.core.app.InstrumentationActivityInvoker$EmptyActivity}: viewVisibility=0 req=1080x2408 d0
08-04 06:28:07.978   752   770 I SurfaceFlinger: id=173894 createSurf (1x1),-3 flag=40004, com.example.dogglers/androidx.test.core.app.InstrumentationActivityInvoker$EmptyActivity$_18365#1
08-04 06:28:07.983   752   770 I SurfaceFlinger: id=173895 createSurf (0x0),-1 flag=24000, Surface(name=ac392f8 StatusBar)/@0x2bc773f - animation-leash of insets_animation#1
08-04 06:28:07.984   752   770 I SurfaceFlinger: id=173896 createSurf (0x0),-1 flag=24000, Surface(name=e75ea59 NavigationBar0)/@0x799bb6a - animation-leash of insets_animation#0
08-04 06:28:07.987 19836 22764 V WindowManager: Relayout hash=63f3451, pid=18365: mAttrs={(0,0)(fillxfill) sim={adjust=pan forwardNavigation} ty=BASE_APPLICATION wanim=0x1030001
08-04 06:28:07.987 19836 22764 V WindowManager:   fl=1810100
08-04 06:28:07.987 19836 22764 V WindowManager:   pfl=12020040
08-04 06:28:07.987 19836 22764 V WindowManager:   bhv=DEFAULT
08-04 06:28:07.987 19836 22764 V WindowManager:   fitSides= naviIconColor=0}
08-04 06:28:07.992 18365 18365 I ViewRootImpl@ce05b5b[InstrumentationActivityInvoker$EmptyActivity]: Relayout returned: old=(0,0,1080,2408) new=(0,0,1080,2408) req=(1080,2408)0 dur=13 res=0x7 s={true 3056965632} ch=true fn=-1
08-04 06:28:07.994 18365 18575 D OpenGLRenderer: eglCreateWindowSurface
08-04 06:28:07.998   752   752 I Layer   : id=173889 removeFromCurrentState Surface(name=ac392f8 StatusBar)/@0x2bc773f - animation-leash of insets_animation#0 (118)
08-04 06:28:07.998   752   752 I Layer   : id=173890 removeFromCurrentState Surface(name=e75ea59 NavigationBar0)/@0x799bb6a - animation-leash of insets_animation#1 (118)
08-04 06:28:07.999 18365 18365 I ViewRootImpl@ce05b5b[InstrumentationActivityInvoker$EmptyActivity]: [DP] dp(1) 1 android.view.ViewRootImpl.reportNextDraw:11410 android.view.ViewRootImpl.performTraversals:4185 android.view.ViewRootImpl.doTraversal:2911
08-04 06:28:08.000 18365 18365 D ViewRootImpl@ce05b5b[InstrumentationActivityInvoker$EmptyActivity]: Creating frameDrawingCallback nextDrawUseBlastSync=false reportNextDraw=true hasBlurUpdates=false
08-04 06:28:08.000 19836 22764 D InputDispatcher: Focus request (0): 63f3451 com.example.dogglers/androidx.test.core.app.InstrumentationActivityInvoker$EmptyActivity but waiting because NOT_VISIBLE
08-04 06:28:08.000 18365 18365 D ViewRootImpl@ce05b5b[InstrumentationActivityInvoker$EmptyActivity]: Creating frameCompleteCallback
08-04 06:28:08.001 19641 20636 V APM_AudioPolicyManager: listAudioPorts() role 0 type 0 num_ports 0 ports 0xf78f1300
08-04 06:28:08.001 19641 20636 V APM_AudioPolicyManager: listAudioPorts() got 0 ports needed 10
08-04 06:28:08.003 19641 20636 V APM_AudioPolicyManager: listAudioPorts() role 0 type 0 num_ports 10 ports 0xf5ded080
08-04 06:28:08.003 19641 20636 V APM_AudioPolicyManager: listAudioPorts() got 10 ports needed 10
08-04 06:28:08.007 18365 18720 D ViewRootImpl@ce05b5b[InstrumentationActivityInvoker$EmptyActivity]: Received frameDrawingCallback frameNum=1. Creating transactionCompleteCallback=false
08-04 06:28:08.010 18365 18575 D ViewRootImpl@ce05b5b[InstrumentationActivityInvoker$EmptyActivity]: Received frameCompleteCallback  lastAcquiredFrameNum=1 lastAttemptedDrawFrameNum=1
08-04 06:28:08.012 18365 18365 I ViewRootImpl@ce05b5b[InstrumentationActivityInvoker$EmptyActivity]: [DP] pdf(0) 1 android.view.ViewRootImpl.lambda$addFrameCompleteCallbackIfNeeded$3$ViewRootImpl:4987 android.view.ViewRootImpl$$ExternalSyntheticLambda16.run:6 android.os.Handler.handleCallback:938
08-04 06:28:08.012 18365 18365 I ViewRootImpl@ce05b5b[InstrumentationActivityInvoker$EmptyActivity]: [DP] rdf()
08-04 06:28:08.013 18365 18365 D ViewRootImpl@ce05b5b[InstrumentationActivityInvoker$EmptyActivity]: reportDrawFinished (fn: -1)
08-04 06:28:08.013 18365 18365 I ViewRootImpl@b19aeba[InstrumentationActivityInvoker$EmptyActivity]: MSG_WINDOW_FOCUS_CHANGED 0 1
08-04 06:28:08.019 19836 19855 I SemDvfsHyPerManager: acquire hyper - AMS_RESUME_TAIL/19836@14, type = -999
08-04 06:28:08.019 19836 19851 I ActivityTaskManager: Displayed com.example.dogglers/androidx.test.core.app.InstrumentationActivityInvoker$EmptyActivity: +257ms
08-04 06:28:08.019 19836 19855 I SemDvfsHyPerManager: acquire hyper - AMS_ACT_LAZY/19836@15, type = -999
08-04 06:28:08.019 19652 19680 I HYPER-HAL: [RequestManager.cpp]acquire(): Acquired ID : 197021189  [19836 / 14]    HINT : AMS_RESUME_TAIL    list :
08-04 06:28:08.020 19652 19680 I HYPER-HAL: [RequestManager.cpp]releaseLocked(): Released ID : 196981488
08-04 06:28:08.022  1994  1994 E pageboostd: Received HALT command code 2
08-04 06:28:08.023   752   770 I SurfaceFlinger: id=173890 Removed Surface(name=e75ea59 NavigationBar0)/@0x799bb6a - animation-leash of insets_animation#1 (118)
08-04 06:28:08.023   752   770 I SurfaceFlinger: id=173889 Removed Surface(name=ac392f8 StatusBar)/@0x2bc773f - animation-leash of insets_animation#0 (118)
08-04 06:28:08.024 18365 18365 D InsetsSourceConsumer: ensureControlAlpha: for ITYPE_NAVIGATION_BAR on com.example.dogglers/androidx.test.core.app.InstrumentationActivityInvoker$EmptyActivity
08-04 06:28:08.026 18365 18365 D InsetsSourceConsumer: ensureControlAlpha: for ITYPE_STATUS_BAR on com.example.dogglers/androidx.test.core.app.InstrumentationActivityInvoker$EmptyActivity
08-04 06:28:08.027 18365 18365 I ViewRootImpl@b19aeba[InstrumentationActivityInvoker$EmptyActivity]: handleAppVisibility mAppVisible=true visible=false
08-04 06:28:08.028 18365 18365 I ViewRootImpl@b19aeba[InstrumentationActivityInvoker$EmptyActivity]: stopped(true) old=false
08-04 06:28:08.029 18365 18365 D LifecycleMonitor: Lifecycle status change: androidx.test.core.app.InstrumentationActivityInvoker$EmptyActivity@710ff4f in: STOPPED
08-04 06:28:08.031   752   752 I Layer   : id=173890 Destroyed Surface(name=e75ea59 NavigationBar0)/@0x799bb6a - animation-leash of insets_animation#1
08-04 06:28:08.031   752   752 I Layer   : id=173889 Destroyed Surface(name=ac392f8 StatusBar)/@0x2bc773f - animation-leash of insets_animation#0
08-04 06:28:08.031 18365 18365 V ActivityScenario: Activity lifecycle changed event received but ignored because the intent does not match. startActivityIntent=Intent { act=android.intent.action.MAIN cat=[android.intent.category.LAUNCHER] cmp=com.example.dogglers/.MainActivity }, activity.getIntent()=Intent { act=android.intent.action.MAIN cat=[android.intent.category.LAUNCHER] flg=0x10000000 cmp=com.example.dogglers/androidx.test.core.app.InstrumentationActivityInvoker$EmptyActivity }, activity=androidx.test.core.app.InstrumentationActivityInvoker$EmptyActivity@710ff4f
08-04 06:28:08.035 19836 22764 D InputDispatcher: Focus entered window (0): 63f3451 com.example.dogglers/androidx.test.core.app.InstrumentationActivityInvoker$EmptyActivity
08-04 06:28:08.037   752   752 D SurfaceFlinger: Display 4633128508267670401 HWC layers:
08-04 06:28:08.037   752   752 D SurfaceFlinger:      DEVICE | 0xe9a84100 | 0102 | RGBA_8888    |    0.0    0.0 1080.0 2408.0 |    0    0 1080 2408 | com.example.dogglers/androidx.test.c[...]tivityInvoker$EmptyActivity$_18365#1
08-04 06:28:08.037   752   752 D SurfaceFlinger:      DEVICE | 0xe8f21680 | 0100 | RGBA_8888    |    0.0    0.0 1080.0   66.0 |    0    0 1080   66 | StatusBar$_20135#0
08-04 06:28:08.037   752   752 D SurfaceFlinger:      DEVICE | 0xe8f21080 | 0100 | RGBA_8888    |    0.0    0.0  388.0   42.0 |  692 2366 1080 2408 | SGestureOverlayWindow$_20522#0
08-04 06:28:08.037   752   752 D SurfaceFlinger:      DEVICE | 0xe8f22100 | 0100 | RGBA_8888    |    0.0    0.0 1080.0  135.0 |    0 2273 1080 2408 | NavigationBar0$_20135#0
08-04 06:28:08.037   752   752 D SurfaceFlinger:      DEVICE | 0xe943ff80 | 0108 | RGBA_8888    |    0.0    0.0 1080.0 2408.0 |    0    0 1080 2408 | BlueLightFilter$_20135#0
08-04 06:28:08.037   752   752 D SurfaceFlinger:
08-04 06:28:08.045 18365 18575 D OpenGLRenderer: setSurface called with nullptr
08-04 06:28:08.045 18365 18575 D OpenGLRenderer: setSurface() destroyed EGLSurface
08-04 06:28:08.045 18365 18575 D OpenGLRenderer: destroyEglSurface
08-04 06:28:08.050 19836 20362 V WindowManager: Relayout Window{f0cfec9 u0 com.example.dogglers/androidx.test.core.app.InstrumentationActivityInvoker$EmptyActivity}: viewVisibility=8 req=1080x2408 d0
08-04 06:28:08.057 19836 20362 V WindowManager: Relayout hash=f0cfec9, pid=18365: mAttrs={(0,0)(fillxfill) sim={adjust=pan forwardNavigation} ty=BASE_APPLICATION wanim=0x1030001
08-04 06:28:08.057 19836 20362 V WindowManager:   fl=1810100
08-04 06:28:08.057 19836 20362 V WindowManager:   pfl=12020040
08-04 06:28:08.057 19836 20362 V WindowManager:   bhv=DEFAULT
08-04 06:28:08.057 19836 20362 V WindowManager:   fitSides= naviIconColor=0}
08-04 06:28:08.061 18365 18365 I ViewRootImpl@b19aeba[InstrumentationActivityInvoker$EmptyActivity]: Relayout returned: old=(0,0,1080,2408) new=(0,0,1080,2408) req=(1080,2408)8 dur=12 res=0x5 s={false 0} ch=false fn=-1
08-04 06:28:08.062 18365 18365 I ViewRootImpl@ce05b5b[InstrumentationActivityInvoker$EmptyActivity]: MSG_WINDOW_FOCUS_CHANGED 1 1
08-04 06:28:08.065 18365 18365 D InputMethodManager: startInputInner - Id : 0
08-04 06:28:08.065 19836 21295 D InputDispatcher: Focus left window (0): 63f3451 com.example.dogglers/androidx.test.core.app.InstrumentationActivityInvoker$EmptyActivity
08-04 06:28:08.065 18365 18365 I InputMethodManager: startInputInner - mService.startInputOrWindowGainedFocus
08-04 06:28:08.067 19836 21295 D InputMethodManagerServicePhysicalKey: isConnectedDexOnPC false
08-04 06:28:08.068 19836 21295 D InputMethodManagerService: isImeSwitcherDisabledPackage : false
08-04 06:28:08.079 19836 20077 D NetdEventListenerService: DNS Requested by : 105, 10275, 0
08-04 06:28:08.080 18365 18365 D LifecycleMonitor: Lifecycle status change: androidx.test.core.app.InstrumentationActivityInvoker$EmptyActivity@710ff4f in: DESTROYED
08-04 06:28:08.082 18365 18365 V ActivityScenario: Activity lifecycle changed event received but ignored because the intent does not match. startActivityIntent=Intent { act=android.intent.action.MAIN cat=[android.intent.category.LAUNCHER] cmp=com.example.dogglers/.MainActivity }, activity.getIntent()=Intent { act=android.intent.action.MAIN cat=[android.intent.category.LAUNCHER] flg=0x10000000 cmp=com.example.dogglers/androidx.test.core.app.InstrumentationActivityInvoker$EmptyActivity }, activity=androidx.test.core.app.InstrumentationActivityInvoker$EmptyActivity@710ff4f
08-04 06:28:08.083 18839 18955 D ConnectivityManager: StackLog: [android.net.ConnectivityManager.sendRequestForNetwork(ConnectivityManager.java:4124)] [android.net.ConnectivityManager.registerDefaultNetworkCallbackForUid(ConnectivityManager.java:4688)] [android.net.ConnectivityManager.registerDefaultNetworkCallback(ConnectivityManager.java:4655)] [android.net.ConnectivityManager.registerDefaultNetworkCallback(ConnectivityManager.java:4629)] [ckj.a(PG:2)] [chx.d(PG:2)] [chc.a(PG:20)] [cgj.c(PG:33)] [cft.b(PG:102)] [ckf.run(PG:60)] [ckx.run(PG:1)] [npz.run(PG:5)] [nqd.run(PG:23)] [mzg.run(PG:6)] [mzg.run(PG:33)] [com.google.android.apps.youtube.embeddedplayer.service.jar.client.r.run(PG:5)] [java.lang.Thread.run(Thread.java:920)]
08-04 06:28:08.084 18365 18575 D OpenGLRenderer: setSurface called with nullptr
08-04 06:28:08.084 19836 19849 D ConnectivityService: requestNetwork for uid/pid:10203/18839 activeRequest: null callbackRequest: 1036 [NetworkRequest [ REQUEST id=1037, [ Capabilities: INTERNET&NOT_RESTRICTED&TRUSTED&NOT_VCN_MANAGED Uid: 10203 RequestorUid: 10203 RequestorPkg: com.google.android.youtube UnderlyingNetworks: Null] ]] callback flags: 0 order: 2147483647
08-04 06:28:08.085 18365 18365 I ViewRootImpl@b19aeba[InstrumentationActivityInvoker$EmptyActivity]: dispatchDetachedFromWindow
08-04 06:28:08.085 19836 20005 D ConnectivityService: NetworkReassignment :
08-04 06:28:08.085 19836 20005 D ConnectivityService:   1037 : null → 105
08-04 06:28:08.085 19836 19849 D InputTransport: Input channel destroyed: 'f0cfec9', fd=635
08-04 06:28:08.085 19836 20005 D ConnectivityService:    accepting network in place of null
08-04 06:28:08.085 19836 19849 W InputManager-JNI: Input channel object 'f0cfec9 com.example.dogglers/androidx.test.core.app.InstrumentationActivityInvoker$EmptyActivity (client)' was disposed without first being removed with the input manager!
08-04 06:28:08.085 19836 19849 D InputTransport: Input channel destroyed: 'f0cfec9', fd=667
08-04 06:28:08.087   752   770 I SurfaceFlinger: id=173897 createSurf (0x0),-1 flag=24004, Surface(name=a73f97f InputMethod)/@0x1e1d195 - animation-leash of insets_animation#0
08-04 06:28:08.087 19836 19989 D WifiNetworkFactory: got request NetworkRequest [ REQUEST id=1037, [ Capabilities: INTERNET&NOT_RESTRICTED&TRUSTED&NOT_VCN_MANAGED Uid: 10203 RequestorUid: 10203 RequestorPkg: com.google.android.youtube UnderlyingNetworks: Null] ]
08-04 06:28:08.088 19836 19989 D UntrustedWifiNetworkFactory: got request NetworkRequest [ REQUEST id=1037, [ Capabilities: INTERNET&NOT_RESTRICTED&TRUSTED&NOT_VCN_MANAGED Uid: 10203 RequestorUid: 10203 RequestorPkg: com.google.android.youtube UnderlyingNetworks: Null] ]
08-04 06:28:08.088 19836 19989 D OemPaidWifiNetworkFactory: got request NetworkRequest [ REQUEST id=1037, [ Capabilities: INTERNET&NOT_RESTRICTED&TRUSTED&NOT_VCN_MANAGED Uid: 10203 RequestorUid: 10203 RequestorPkg: com.google.android.youtube UnderlyingNetworks: Null] ]
08-04 06:28:08.092 18365 18365 D InputTransport: Input channel destroyed: 'f0cfec9', fd=146
08-04 06:28:08.098   752   752 I Layer   : id=173888 removeFromCurrentState com.example.dogglers/androidx.test.core.app.InstrumentationActivityInvoker$EmptyActivity$_18365#0 (117)
08-04 06:28:08.098   752   752 I Layer   : id=173887 removeFromCurrentState f0cfec9 com.example.dogglers/androidx.test.core.app.InstrumentationActivityInvoker$EmptyActivity#0 (117)
08-04 06:28:08.098   752   752 I Layer   : id=173892 removeFromCurrentState Surface(name=a73f97f InputMethod)/@0x1e1d195 - animation-leash of insets_animation#1 (117)
08-04 06:28:08.098   752   752 I SurfaceFlinger: id=173887 Removed f0cfec9 com.example.dogglers/androidx.test.core.app.InstrumentationActivityInvoker$EmptyActivity#0 (117)
08-04 06:28:08.098   752   752 I SurfaceFlinger: id=173892 Removed Surface(name=a73f97f InputMethod)/@0x1e1d195 - animation-leash of insets_animation#1 (117)
08-04 06:28:08.098   752   752 I SurfaceFlinger: id=173888 Removed com.example.dogglers/androidx.test.core.app.InstrumentationActivityInvoker$EmptyActivity$_18365#0 (117)
08-04 06:28:08.098   752   752 I Layer   : id=173887 Destroyed f0cfec9 com.example.dogglers/androidx.test.core.app.InstrumentationActivityInvoker$EmptyActivity#0
08-04 06:28:08.098 18365 18365 D LifecycleMonitor: Lifecycle status change: androidx.test.core.app.InstrumentationActivityInvoker$EmptyActivity@7dcf0c in: PAUSED
08-04 06:28:08.099   752   752 I Layer   : id=173888 Destroyed com.example.dogglers/androidx.test.core.app.InstrumentationActivityInvoker$EmptyActivity$_18365#0
08-04 06:28:08.099   752   752 I Layer   : id=173892 Destroyed Surface(name=a73f97f InputMethod)/@0x1e1d195 - animation-leash of insets_animation#1
08-04 06:28:08.101 18365 18365 V ActivityScenario: Activity lifecycle changed event received but ignored because the intent does not match. startActivityIntent=Intent { act=android.intent.action.MAIN cat=[android.intent.category.LAUNCHER] cmp=com.example.dogglers/.MainActivity }, activity.getIntent()=Intent { act=android.intent.action.MAIN cat=[android.intent.category.LAUNCHER] flg=0x10000000 cmp=com.example.dogglers/androidx.test.core.app.InstrumentationActivityInvoker$EmptyActivity }, activity=androidx.test.core.app.InstrumentationActivityInvoker$EmptyActivity@7dcf0c
08-04 06:28:08.102 19836 22349 I SemDvfsHyPerManager: acquire hyper - AMS_ACT_RESUME/19836@16, type = -999
08-04 06:28:08.102 19652 19680 I HYPER-HAL: [RequestManager.cpp]acquire(): Acquired ID : 197060894  [19836 / 16]    HINT : AMS_ACT_RESUME    list :
08-04 06:28:08.104 19836 22349 D InputDispatcher: Focused application set to (0): ba6ddc5
08-04 06:28:08.114   752   752 I Layer   : id=173886 removeFromCurrentState ActivityRecord{47957e9 u0 com.example.dogglers/androidx.test.core.app.InstrumentationActivityInvoker$EmptyActivity t84}#0 (114)
08-04 06:28:08.114   752   752 I SurfaceFlinger: id=173886 Removed ActivityRecord{47957e9 u0 com.example.dogglers/androidx.test.core.app.InstrumentationActivityInvoker$EmptyActivity t84}#0 (114)
08-04 06:28:08.114   752   752 I Layer   : id=173886 Destroyed ActivityRecord{47957e9 u0 com.example.dogglers/androidx.test.core.app.InstrumentationActivityInvoker$EmptyActivity t84}#0
08-04 06:28:08.115 18365 18365 I ViewRootImpl@ce05b5b[InstrumentationActivityInvoker$EmptyActivity]: MSG_WINDOW_FOCUS_CHANGED 0 1
08-04 06:28:08.116 19836 19854 I SemPersonaManager: SecureFolder personaId = 10
08-04 06:28:08.116 18365 18365 I ViewRootImpl@f92d677[HorizontalListActivity]: handleAppVisibility mAppVisible=false visible=true
08-04 06:28:08.117 18365 18365 I ViewRootImpl@f92d677[HorizontalListActivity]: stopped(false) old=true
08-04 06:28:08.117 18839 18906 D JavaScriptCore.Version: 250230.2.1
08-04 06:28:08.118 18365 18365 D LifecycleMonitor: Lifecycle status change: com.example.dogglers.HorizontalListActivity@15072f0 in: RESTARTED
08-04 06:28:08.119 18365 18365 V ActivityScenario: Activity lifecycle changed event received but ignored because the intent does not match. startActivityIntent=Intent { act=android.intent.action.MAIN cat=[android.intent.category.LAUNCHER] cmp=com.example.dogglers/.MainActivity }, activity.getIntent()=Intent { cmp=com.example.dogglers/.HorizontalListActivity }, activity=com.example.dogglers.HorizontalListActivity@15072f0
08-04 06:28:08.120 18365 18365 D LifecycleMonitor: Lifecycle status change: com.example.dogglers.HorizontalListActivity@15072f0 in: STARTED
08-04 06:28:08.122 18365 18365 V ActivityScenario: Activity lifecycle changed event received but ignored because the intent does not match. startActivityIntent=Intent { act=android.intent.action.MAIN cat=[android.intent.category.LAUNCHER] cmp=com.example.dogglers/.MainActivity }, activity.getIntent()=Intent { cmp=com.example.dogglers/.HorizontalListActivity }, activity=com.example.dogglers.HorizontalListActivity@15072f0
08-04 06:28:08.124 18365 18365 I ViewRootImpl@f92d677[HorizontalListActivity]: stopped(false) old=false
08-04 06:28:08.125 18365 18365 D LifecycleMonitor: Lifecycle status change: com.example.dogglers.HorizontalListActivity@15072f0 in: RESUMED
08-04 06:28:08.125 18839 18839 D ConnectivityManager: StackLog: [android.net.ConnectivityManager.unregisterNetworkCallback(ConnectivityManager.java:4797)] [ckh.b(PG:2)] [chx.e(PG:2)] [chu.f(PG:2)] [chc.a(PG:14)] [cgj.a(PG:7)] [cfq.a(PG:7)] [cfp.run(PG:4)]
08-04 06:28:08.126 18365 18365 V ActivityScenario: Activity lifecycle changed event received but ignored because the intent does not match. startActivityIntent=Intent { act=android.intent.action.MAIN cat=[android.intent.category.LAUNCHER] cmp=com.example.dogglers/.MainActivity }, activity.getIntent()=Intent { cmp=com.example.dogglers/.HorizontalListActivity }, activity=com.example.dogglers.HorizontalListActivity@15072f0
08-04 06:28:08.130 19836 19894 D AnalyticsContainerHandler: handleMessage : { when=0 what=1 target=com.android.server.knox.KnoxAnalyticsContainer$AnalyticsHandler }
08-04 06:28:08.131 19836 20005 D ConnectivityService:  Removing from current network [105 WIFI], leaving 139 requests.
08-04 06:28:08.132 19836 19854 D EnterpriseDeviceManagerService: isMdmAdminPresentInternal() : MDM Admin Found - com.samsung.android.knox.containercore
08-04 06:28:08.133 19836 21401 I MediaSessionMonitor: Media session stopped : controllerList empty
08-04 06:28:08.134 18365 18575 D OpenGLRenderer: setSurface called with nullptr
08-04 06:28:08.136 19836 20362 V WindowManager: Relayout Window{3bc6358 u0 com.example.dogglers/com.example.dogglers.HorizontalListActivity}: viewVisibility=0 req=1080x2408 d0
08-04 06:28:08.137   752   770 I SurfaceFlinger: id=173898 createSurf (1080x2408),-3 flag=40004, com.example.dogglers/com.example.dogglers.HorizontalListActivity$_18365#0
08-04 06:28:08.144   752   770 I SurfaceFlinger: id=173899 createSurf (0x0),-1 flag=24000, Surface(name=ac392f8 StatusBar)/@0x2bc773f - animation-leash of insets_animation#0
08-04 06:28:08.146   752   770 I SurfaceFlinger: id=173900 createSurf (0x0),-1 flag=24000, Surface(name=e75ea59 NavigationBar0)/@0x799bb6a - animation-leash of insets_animation#1
08-04 06:28:08.151 19836 20362 V WindowManager: Relayout hash=3bc6358, pid=18365: mAttrs={(0,0)(fillxfill) sim={adjust=resize} ty=BASE_APPLICATION wanim=0x1030303
08-04 06:28:08.151 19836 20362 V WindowManager:   fl=81810100
08-04 06:28:08.151 19836 20362 V WindowManager:   pfl=12020040
08-04 06:28:08.151 19836 20362 V WindowManager:   bhv=DEFAULT
08-04 06:28:08.151 19836 20362 V WindowManager:   fitSides= naviIconColor=0}
08-04 06:28:08.156 18365 18365 I ViewRootImpl@f92d677[HorizontalListActivity]: Relayout returned: old=(0,0,1080,2408) new=(0,0,1080,2408) req=(1080,2408)0 dur=18 res=0x7 s={true 3056958464} ch=true fn=-1
08-04 06:28:08.157 18365 18575 D OpenGLRenderer: eglCreateWindowSurface
08-04 06:28:08.157 18365 18365 I ViewRootImpl@f92d677[HorizontalListActivity]: [DP] dp(1) 1 android.view.ViewRootImpl.reportNextDraw:11410 android.view.ViewRootImpl.performTraversals:4185 android.view.ViewRootImpl.doTraversal:2911
08-04 06:28:08.157 18365 18365 D ViewRootImpl@f92d677[HorizontalListActivity]: Creating frameDrawingCallback nextDrawUseBlastSync=false reportNextDraw=true hasBlurUpdates=false
08-04 06:28:08.157 18365 18365 D ViewRootImpl@f92d677[HorizontalListActivity]: Creating frameCompleteCallback
08-04 06:28:08.174 18365 18721 D ViewRootImpl@f92d677[HorizontalListActivity]: Received frameDrawingCallback frameNum=1. Creating transactionCompleteCallback=false
08-04 06:28:08.177 18365 18575 D ViewRootImpl@f92d677[HorizontalListActivity]: Received frameCompleteCallback  lastAcquiredFrameNum=1 lastAttemptedDrawFrameNum=1
08-04 06:28:08.177 18365 18365 I ViewRootImpl@f92d677[HorizontalListActivity]: [DP] pdf(0) 1 android.view.ViewRootImpl.lambda$addFrameCompleteCallbackIfNeeded$3$ViewRootImpl:4987 android.view.ViewRootImpl$$ExternalSyntheticLambda16.run:6 android.os.Handler.handleCallback:938
08-04 06:28:08.177 18365 18365 I ViewRootImpl@f92d677[HorizontalListActivity]: [DP] rdf()
08-04 06:28:08.177 18365 18365 D ViewRootImpl@f92d677[HorizontalListActivity]: reportDrawFinished (fn: -1)
08-04 06:28:08.180 18365 18365 D InsetsSourceConsumer: ensureControlAlpha: for ITYPE_NAVIGATION_BAR on com.example.dogglers/com.example.dogglers.HorizontalListActivity
08-04 06:28:08.181   752   752 I Layer   : id=173895 removeFromCurrentState Surface(name=ac392f8 StatusBar)/@0x2bc773f - animation-leash of insets_animation#1 (116)
08-04 06:28:08.181   752   752 I Layer   : id=173896 removeFromCurrentState Surface(name=e75ea59 NavigationBar0)/@0x799bb6a - animation-leash of insets_animation#0 (116)
08-04 06:28:08.181   752   752 I SurfaceFlinger: id=173895 Removed Surface(name=ac392f8 StatusBar)/@0x2bc773f - animation-leash of insets_animation#1 (116)
08-04 06:28:08.181   752   752 I SurfaceFlinger: id=173896 Removed Surface(name=e75ea59 NavigationBar0)/@0x799bb6a - animation-leash of insets_animation#0 (116)
08-04 06:28:08.182 18365 18365 D InsetsSourceConsumer: ensureControlAlpha: for ITYPE_STATUS_BAR on com.example.dogglers/com.example.dogglers.HorizontalListActivity
08-04 06:28:08.182   752   752 I Layer   : id=173895 Destroyed Surface(name=ac392f8 StatusBar)/@0x2bc773f - animation-leash of insets_animation#1
08-04 06:28:08.182   752   752 I Layer   : id=173896 Destroyed Surface(name=e75ea59 NavigationBar0)/@0x799bb6a - animation-leash of insets_animation#0
08-04 06:28:08.183 19836 19849 D InputDispatcher: Focus request (0): 3bc6358 com.example.dogglers/com.example.dogglers.HorizontalListActivity but waiting because NOT_VISIBLE
08-04 06:28:08.184 18365 18539 I TestRunner: finished: clicking_horizontal_list_button_displays_horizontal_list(com.example.dogglers.ButtonTests)
