08-04 06:28:17.154 18365 18539 I TestRunner: started: vertical_list_button_is_displayed(com.example.dogglers.ButtonTests)
08-04 06:28:17.165 19578 19636 I Finsky  : [1431] rsp.apply(9): SCH: Scheduling 0 system job(s)
08-04 06:28:17.169 18365 18539 W Settings: Setting always_finish_activities has moved from android.provider.Settings.System to android.provider.Settings.Global, returning read-only value.
08-04 06:28:17.183 19836 21257 D PkgPredictorService-IpmAdcpController: create a new DexPreloadTask pkg:com.example.dogglers  path:/data/app/~~vQIvKN_RSJn-oLUn5uy7_Q==/com.example.dogglers-lPO3UNkPc9qmscuVL_QpJA==
08-04 06:28:17.183 19836 20477 I SemDvfsHyPerManager: acquire hyper - AMS_APP_SWITCH/19836@27, type = -999
08-04 06:28:17.183 19652 19680 I HYPER-HAL: [RequestManager.cpp]acquire(): Acquired ID : 197279343  [19836 / 27]    HINT : AMS_APP_SWITCH    list :
08-04 06:28:17.184   752   769 I SurfaceFlinger: id=174083 createSurf (0x0),-1 flag=24004, Task=88#0
08-04 06:28:17.185 21715 21715 I SemDvfsHyPerManager: acquire hyper - APP_START_SHORT/21715@15, type = -999
08-04 06:28:17.186 19652 19680 I HYPER-HAL: [RequestManager.cpp]acquire(): Acquired ID : 236107330  [21715 / 15]    HINT : APP_START    list : [TIMEOUT / 1500]
08-04 06:28:17.187   752   769 I SurfaceFlinger: id=174084 createSurf (0x0),-1 flag=80004, ActivityRecord{c12d97f u0 com.example.dogglers/androidx.test.core.app.InstrumentationActivityInvoker$BootstrapActivity t88}#0
08-04 06:28:17.192 19836 20077 D NetdEventListenerService: DNS Requested by : 105, 10186, 0
08-04 06:28:17.195 19578 19686 I Finsky  : [1436] nlu.o(20): Loaded library for account: [nwKUr-6m_-XJfDPzipHsNuNm648bA5tAdhYgJip0IXI]
08-04 06:28:17.196 19578 19686 I Finsky  : [1436] nlu.o(20): Loaded library for account: [X60UCnLIWLZ2FNWhXqtnGFvQAVAVII3fyimLN6bCmjM]
08-04 06:28:17.196 19836 22306 I SemDvfsHyPerManager: acquire hyper - AMS_APP_LAUNCH/19836@13, type = -999
08-04 06:28:17.197 19652 19680 I HYPER-HAL: [RequestManager.cpp]acquire(): Acquired ID : 197001338  [19836 / 13]    HINT : AMS_APP_LAUNCH    list :
08-04 06:28:17.207 19836 22349 D InputTransport: Input channel constructed: '8858e9b', fd=605
08-04 06:28:17.207 19836 22349 D InputTransport: Input channel constructed: '8858e9b', fd=634
08-04 06:28:17.207 19836 22349 D InputTransport: Input channel constructed: '8858e9b', fd=635
08-04 06:28:17.208 21715 21715 I SemDvfsHyPerManager: acquire hyper - APP_START/21715@16, type = -999
08-04 06:28:17.208 19652 19680 I HYPER-HAL: [RequestManager.cpp]acquire(): Acquired ID : 236129062  [21715 / 16]    HINT : APP_START    list :
08-04 06:28:17.208   752   769 I SurfaceFlinger: id=174085 createSurf (0x0),-1 flag=80004, 8858e9b Splash Screen com.example.dogglers#0
08-04 06:28:17.210 19836 22349 D InputTransport: Input channel destroyed: '8858e9b', fd=635
08-04 06:28:17.211 16175 16175 I IMM_LC  : hsifw() - flags=0, caller=android.view.inputmethod.InputMethodManager.hideSoftInputFromWindow:1858 Sm1.c:174 org.chromium.content.browser.input.ImeAdapterImpl.j:608 org.chromium.content.browser.input.ImeAdapterImpl.n:721 org.chromium.content.browser.input.ImeAdapterImpl.p:689
08-04 06:28:17.211 16175 16175 I IMM_LC  : hideSoftInputFromWindow - mService.hideSoftInput
08-04 06:28:17.211 20135 20264 I ViewRootImpl@a789ff6[dogglers]: setView = android.widget.FrameLayout@ee3e8cd TM=true
08-04 06:28:17.212 19578 19686 I Finsky  : [1436] nlu.o(24): Finished loading 2 libraries.
08-04 06:28:17.227 19836 22349 D InputDispatcher: Focused application set to (0): c12d97f
08-04 06:28:17.241 19836 22306 V WindowManager: Relayout Window{8858e9b u0 Splash Screen com.example.dogglers}: viewVisibility=0 req=1080x2408 d0
08-04 06:28:17.241   752   769 I SurfaceFlinger: id=174086 createSurf (1080x2408),-3 flag=40004, Splash Screen com.example.dogglers$_20135#0
08-04 06:28:17.246 19836 22306 V WindowManager: Relayout hash=8858e9b, pid=20135: mAttrs={(0,0)(fillxfill) sim={adjust=pan} ty=APPLICATION_STARTING fmt=TRANSLUCENT wanim=0x1030001
08-04 06:28:17.246 19836 22306 V WindowManager:   fl=81030118
08-04 06:28:17.246 19836 22306 V WindowManager:   pfl=36000010
08-04 06:28:17.246 19836 22306 V WindowManager:   bhv=DEFAULT
08-04 06:28:17.246 19836 22306 V WindowManager:   fitSides= naviIconColor=0}
08-04 06:28:17.253 20135 20264 I ViewRootImpl@a789ff6[dogglers]: Relayout returned: old=(0,0,1080,2408) new=(0,0,1080,2408) req=(1080,2408)0 dur=30 res=0x7 s={true 3038036992} ch=true fn=-1
08-04 06:28:17.254 20135 20316 D OpenGLRenderer: eglCreateWindowSurface
08-04 06:28:17.257 20135 20264 I ViewRootImpl@a789ff6[dogglers]: [DP] dp(1) 0 android.view.ViewRootImpl.reportNextDraw:11410 android.view.ViewRootImpl.performTraversals:4185 android.view.ViewRootImpl.doTraversal:2911
08-04 06:28:17.257 20135 20264 D ViewRootImpl@a789ff6[dogglers]: Creating frameDrawingCallback nextDrawUseBlastSync=false reportNextDraw=true hasBlurUpdates=false
08-04 06:28:17.257 20135 20264 D ViewRootImpl@a789ff6[dogglers]: Creating frameCompleteCallback
08-04 06:28:17.261 18365 18365 D LifecycleMonitor: Lifecycle status change: androidx.test.core.app.InstrumentationActivityInvoker$BootstrapActivity@99821de in: PRE_ON_CREATE
08-04 06:28:17.261 19836 19854 I SemPersonaManager: SecureFolder personaId = 10
08-04 06:28:17.262 18365 18365 V ActivityScenario: Activity lifecycle changed event received but ignored because the intent does not match. startActivityIntent=Intent { act=android.intent.action.MAIN cat=[android.intent.category.LAUNCHER] cmp=com.example.dogglers/.MainActivity }, activity.getIntent()=Intent { act=android.intent.action.MAIN cat=[android.intent.category.LAUNCHER] flg=0x10008000 cmp=com.example.dogglers/androidx.test.core.app.InstrumentationActivityInvoker$BootstrapActivity (has extras) }, activity=androidx.test.core.app.InstrumentationActivityInvoker$BootstrapActivity@99821de
08-04 06:28:17.269 20135 20795 D ViewRootImpl@a789ff6[dogglers]: Received frameDrawingCallback frameNum=1. Creating transactionCompleteCallback=false
08-04 06:28:17.271 19836 19854 D EnterpriseDeviceManagerService: isMdmAdminPresentInternal() : MDM Admin Found - com.samsung.android.knox.containercore
08-04 06:28:17.272 19836 21294 D InputDispatcher: Focus left window (0): d1e5015 com.android.chrome/org.chromium.chrome.browser.customtabs.CustomTabActivity
08-04 06:28:17.272 19836 21401 I MediaSessionMonitor: Media session stopped : controllerList empty
08-04 06:28:17.274 16175 16175 I ViewRootImpl@6011630[CustomTabActivity]: MSG_WINDOW_FOCUS_CHANGED 0 1
08-04 06:28:17.277 20135 20316 D ViewRootImpl@a789ff6[dogglers]: Received frameCompleteCallback  lastAcquiredFrameNum=1 lastAttemptedDrawFrameNum=1
08-04 06:28:17.278 20135 20264 I ViewRootImpl@a789ff6[dogglers]: [DP] pdf(0) 0 android.view.ViewRootImpl.lambda$addFrameCompleteCallbackIfNeeded$3$ViewRootImpl:4987 android.view.ViewRootImpl$$ExternalSyntheticLambda16.run:6 android.os.Handler.handleCallback:938
08-04 06:28:17.278 20135 20264 I ViewRootImpl@a789ff6[dogglers]: [DP] rdf()
08-04 06:28:17.278 20135 20264 D ViewRootImpl@a789ff6[dogglers]: reportDrawFinished (fn: -1)
08-04 06:28:17.288 20135 20135 D FullscreenTaskListener: Fullscreen Task Appeared: #88, caller=com.android.wm.shell.ShellTaskOrganizer.onTaskAppeared:387 com.android.wm.shell.ShellTaskOrganizer.onTaskAppeared:376 android.window.TaskOrganizer$1.lambda$onTaskAppeared$4$TaskOrganizer$1:297
08-04 06:28:17.293   752  1103 I SurfaceFlinger: id=174087 createSurf (0x0),-1 flag=24000, Surface(name=Task=82)/@0xa615068 - animation-leash of app_transition#0
08-04 06:28:17.294   752  1238 I SurfaceFlinger: id=174088 createSurf (0x0),-1 flag=20004, Dim Layer for - Task=82 - animating-dim#0
08-04 06:28:17.295   752  1103 I SurfaceFlinger: id=174089 createSurf (0x0),-1 flag=24000, Surface(name=Dim Layer for - Task=82 - animating-dim)/@0xb71c6f8 - animation-leash of dimmer#0
08-04 06:28:17.300   752  1238 I SurfaceFlinger: id=174090 createSurf (0x0),-1 flag=24004, Surface(name=Task=88)/@0xa5e542f - animation-leash of app_transition#0
08-04 06:28:17.309   752   752 I Layer   : id=174091 Destroyed Screenshot Parent
08-04 06:28:17.317   752   769 I SurfaceFlinger: id=174092 createSurf (0x0),-1 flag=24000, Surface(name=ac392f8 StatusBar)/@0x2bc773f - animation-leash of insets_animation#1
08-04 06:28:17.318   752  1103 I SurfaceFlinger: id=174093 createSurf (0x0),-1 flag=24000, Surface(name=e75ea59 NavigationBar0)/@0x799bb6a - animation-leash of insets_animation#0
08-04 06:28:17.324 20135 20264 D InsetsSourceConsumer: ensureControlAlpha: for ITYPE_NAVIGATION_BAR on Splash Screen com.example.dogglers
08-04 06:28:17.325 20135 20264 D InsetsSourceConsumer: ensureControlAlpha: for ITYPE_STATUS_BAR on Splash Screen com.example.dogglers
08-04 06:28:17.333   752   752 I Layer   : id=174070 removeFromCurrentState Surface(name=ac392f8 StatusBar)/@0x2bc773f - animation-leash of insets_animation#0 (123)
08-04 06:28:17.333   752   752 I Layer   : id=174071 removeFromCurrentState Surface(name=e75ea59 NavigationBar0)/@0x799bb6a - animation-leash of insets_animation#1 (123)
08-04 06:28:17.333   752   752 I SurfaceFlinger: id=174070 Removed Surface(name=ac392f8 StatusBar)/@0x2bc773f - animation-leash of insets_animation#0 (123)
08-04 06:28:17.333   752   752 I SurfaceFlinger: id=174071 Removed Surface(name=e75ea59 NavigationBar0)/@0x799bb6a - animation-leash of insets_animation#1 (123)
08-04 06:28:17.333   752   752 I Layer   : id=174070 Destroyed Surface(name=ac392f8 StatusBar)/@0x2bc773f - animation-leash of insets_animation#0
08-04 06:28:17.333   752   752 I Layer   : id=174071 Destroyed Surface(name=e75ea59 NavigationBar0)/@0x799bb6a - animation-leash of insets_animation#1
08-04 06:28:17.339 19578 19787 W android.vendin: Long monitor contention with owner WriteThroughInstallerDataStore (19783) at void lde.G()(PG:4) waiters=0 in agln lde.F() for 590ms
08-04 06:28:17.341 19578 19814 W android.vendin: Long monitor contention with owner WriteThroughInstallerDataStore (19783) at void lde.G()(PG:4) waiters=1 in agln lde.F() for 403ms
08-04 06:28:17.343 20522 20560 I RecentModel: onTaskStackChangedBackground
08-04 06:28:17.347 18365 18365 I DecorView: [INFO] isPopOver=false, config=true
08-04 06:28:17.348 18365 18365 I DecorView: updateCaptionType >> DecorView@21d868c[], isFloating=false, isApplication=true, hasWindowControllerCallback=true, hasWindowDecorCaption=false
08-04 06:28:17.348 18365 18365 D DecorView: setCaptionType = 0, this = DecorView@21d868c[]
08-04 06:28:17.357 18365 18365 I DecorView: getCurrentDensityDpi: from real metrics. densityDpi=450 msg=resources_loaded
08-04 06:28:17.357   752   752 D SurfaceFlinger: Display 4633128508267670401 HWC layers:
08-04 06:28:17.357   752   752 D SurfaceFlinger:      DEVICE | 0xe8f20180 | 0002 | RGBA_8888    |    0.0    0.0 1080.0 2300.0 |    0   48 1080 2348 | com.android.chrome/ChromeChildSurface#0
08-04 06:28:17.357   752   752 D SurfaceFlinger:      DEVICE | 0xe8aa7f00 | 0100 | RGBA_8888    |    0.0   18.0 1080.0 2408.0 |    0    0 1080 2390 | com.android.chrome/org.chromium.chro[...]ustomtabs.CustomTabActivity$_16175#0
08-04 06:28:17.357   752   752 D SurfaceFlinger:      CLIENT |              | 0000 |  Unknown  |    0.0    0.0    0.0    0.0 |    0    0 1080 2390 | Dim Layer for - Task=82 - animating-dim#0
08-04 06:28:17.357   752   752 D SurfaceFlinger:      CLIENT | 0xe53e4000 | 0100 | RGBA_8888    |    0.0    0.0 1080.0 2069.0 |    0  339 1080 2408 | Splash Screen com.example.dogglers$_20135#0
08-04 06:28:17.357   752   752 D SurfaceFlinger:      CLIENT | 0xe9a83b00 | 0100 | RGBA_8888    |    0.0    0.0 1080.0   66.0 |    0    0 1080   66 | StatusBar$_20135#0
08-04 06:28:17.357   752   752 D SurfaceFlinger:      CLIENT | 0xe8f21080 | 0100 | RGBA_8888    |    0.0    0.0  388.0   42.0 |  692 2366 1080 2408 | SGestureOverlayWindow$_20522#0
08-04 06:28:17.357   752   752 D SurfaceFlinger:      CLIENT | 0xe9a83500 | 0100 | RGBA_8888    |    0.0    0.0 1080.0  135.0 |    0 2273 1080 2408 | NavigationBar0$_20135#0
08-04 06:28:17.358   752   752 D SurfaceFlinger:
08-04 06:28:17.358   752   752 D SurfaceFlinger:      DEVICE | 0xe943ff80 | 0108 | RGBA_8888    |    0.0    0.0 1080.0 2408.0 |    0    0 1080 2408 | BlueLightFilter$_20135#0
08-04 06:28:17.358   752   752 D SurfaceFlinger:
08-04 06:28:17.360 18365 18365 D LifecycleMonitor: Lifecycle status change: androidx.test.core.app.InstrumentationActivityInvoker$BootstrapActivity@99821de in: CREATED
08-04 06:28:17.361 18365 18365 V ActivityScenario: Activity lifecycle changed event received but ignored because the intent does not match. startActivityIntent=Intent { act=android.intent.action.MAIN cat=[android.intent.category.LAUNCHER] cmp=com.example.dogglers/.MainActivity }, activity.getIntent()=Intent { act=android.intent.action.MAIN cat=[android.intent.category.LAUNCHER] flg=0x10008000 cmp=com.example.dogglers/androidx.test.core.app.InstrumentationActivityInvoker$BootstrapActivity (has extras) }, activity=androidx.test.core.app.InstrumentationActivityInvoker$BootstrapActivity@99821de
08-04 06:28:17.364 18365 18365 D LifecycleMonitor: Lifecycle status change: androidx.test.core.app.InstrumentationActivityInvoker$BootstrapActivity@99821de in: STARTED
08-04 06:28:17.366 18365 18365 V ActivityScenario: Activity lifecycle changed event received but ignored because the intent does not match. startActivityIntent=Intent { act=android.intent.action.MAIN cat=[android.intent.category.LAUNCHER] cmp=com.example.dogglers/.MainActivity }, activity.getIntent()=Intent { act=android.intent.action.MAIN cat=[android.intent.category.LAUNCHER] flg=0x10008000 cmp=com.example.dogglers/androidx.test.core.app.InstrumentationActivityInvoker$BootstrapActivity (has extras) }, activity=androidx.test.core.app.InstrumentationActivityInvoker$BootstrapActivity@99821de
08-04 06:28:17.369 19578 19775 I Finsky  : [1460] ggo.a(14): com.discord: Account determined from installer data - [nwKUr-6m_-XJfDPzipHsNuNm648bA5tAdhYgJip0IXI]
08-04 06:28:17.371 19578 19781 I Finsky  : [1461] ggo.a(14): com.discord: Account determined from installer data - [nwKUr-6m_-XJfDPzipHsNuNm648bA5tAdhYgJip0IXI]
08-04 06:28:17.373 19578 19592 I Finsky  : [1405] ggo.a(14): com.discord: Account determined from installer data - [nwKUr-6m_-XJfDPzipHsNuNm648bA5tAdhYgJip0IXI]
08-04 06:28:17.375 19578 19781 I Finsky  : [1461] ggo.a(63): Billing preferred account via installer for com.discord: [nwKUr-6m_-XJfDPzipHsNuNm648bA5tAdhYgJip0IXI]
08-04 06:28:17.375 19578 19787 I Finsky  : [1464] ggo.a(14): com.discord: Account determined from installer data - [nwKUr-6m_-XJfDPzipHsNuNm648bA5tAdhYgJip0IXI]
08-04 06:28:17.375   752  1238 I SurfaceFlinger: id=174094 createSurf (0x0),-1 flag=80004, ActivityRecord{4ce9b8a u0 com.example.dogglers/.MainActivity t88}#0
08-04 06:28:17.376 19578 19787 I Finsky  : [1464] ggo.a(63): Billing preferred account via installer for com.discord: [nwKUr-6m_-XJfDPzipHsNuNm648bA5tAdhYgJip0IXI]
08-04 06:28:17.376 19578 19775 I Finsky  : [1460] ggo.a(63): Billing preferred account via installer for com.discord: [nwKUr-6m_-XJfDPzipHsNuNm648bA5tAdhYgJip0IXI]
08-04 06:28:17.377 19578 19594 I Finsky  : [1407] ggo.a(14): com.discord: Account determined from installer data - [nwKUr-6m_-XJfDPzipHsNuNm648bA5tAdhYgJip0IXI]
08-04 06:28:17.377 19578 19592 I Finsky  : [1405] ggo.a(63): Billing preferred account via installer for com.discord: [nwKUr-6m_-XJfDPzipHsNuNm648bA5tAdhYgJip0IXI]
08-04 06:28:17.377 19578 19594 I Finsky  : [1407] ggo.a(63): Billing preferred account via installer for com.discord: [nwKUr-6m_-XJfDPzipHsNuNm648bA5tAdhYgJip0IXI]
08-04 06:28:17.383 18365 18365 D LifecycleMonitor: Lifecycle status change: androidx.test.core.app.InstrumentationActivityInvoker$BootstrapActivity@99821de in: RESUMED
08-04 06:28:17.384 18365 18365 V ActivityScenario: Activity lifecycle changed event received but ignored because the intent does not match. startActivityIntent=Intent { act=android.intent.action.MAIN cat=[android.intent.category.LAUNCHER] cmp=com.example.dogglers/.MainActivity }, activity.getIntent()=Intent { act=android.intent.action.MAIN cat=[android.intent.category.LAUNCHER] flg=0x10008000 cmp=com.example.dogglers/androidx.test.core.app.InstrumentationActivityInvoker$BootstrapActivity (has extras) }, activity=androidx.test.core.app.InstrumentationActivityInvoker$BootstrapActivity@99821de
08-04 06:28:17.385 20135 20322 I ViewRootImpl@a789ff6[dogglers]: Resizing android.view.ViewRootImpl@386c582: frame=[0,0][1080,2408] reportDraw=false forceLayout=false backDropFrame=Rect(0, 0 - 1080, 2408)
08-04 06:28:17.386 20135 20264 I ViewRootImpl@a789ff6[dogglers]: handleResized, msg = 4 frames=ClientWindowFrames{frame=[0,0][1080,2408] display=[0,0][1080,2408] backdrop=[0,0][1080,2408]} forceNextWindowRelayout=false displayId=0 frameChanged=false backdropFrameChanged=false configChanged=false displayChanged=false mNextDrawUseBlastSync=false mergedConfiguration={mGlobalConfig={0.9 404mcc40mnc [en_IN] ldltr sw384dp w384dp h817dp 450dpi nrml long port night finger -keyb/v/h -nav/h winConfig={ mBounds=Rect(0, 0 - 1080, 2408) mAppBounds=Rect(0, 65 - 1080, 2366) mMaxBounds=Rect(0, 0 - 1080, 2408) mWindowingMode=fullscreen mDisplayWindowingMode=fullscreen mActivityType=undefined mAlwaysOnTop=undefined mRotation=ROTATION_0 mPopOver=undefined mFreeformTaskPinningState=undefined} s.224 fontWeightAdjustment=0 ff=0 bf=0 bts=0 enb/d themeSeq=0} mOverrideConfig={0.9 404mcc40mnc [en_IN] ldltr sw384dp w384dp h817dp 450dpi nrml long port night finger -keyb/v/h -nav/h winConfig={ mBounds=Rect(0, 0 - 1080, 2408) mAppBounds=Rect(0, 65 - 1080, 2366) mMaxBounds=Rect(0, 0 - 1080, 2408) mWindowingMode=fullscreen mDisplayWindowingMode=fullscreen mActivityType=standard mAlwaysOnTop=undefined mRotation=ROTATION_0 mPopOver=off mFreeformTaskPinningState=unpinned} s.1 fontWeightAdjustment=0 ff=0 bf=0 bts=0 enb/d themeSeq=0}}
08-04 06:28:17.387 19836 19854 D PersonaActivityHelper: Activity not in resumed state, do not run immediate lock
08-04 06:28:17.393 18365 18365 D LifecycleMonitor: Lifecycle status change: androidx.test.core.app.InstrumentationActivityInvoker$BootstrapActivity@99821de in: PAUSED
08-04 06:28:17.394 18365 18365 V ActivityScenario: Activity lifecycle changed event received but ignored because the intent does not match. startActivityIntent=Intent { act=android.intent.action.MAIN cat=[android.intent.category.LAUNCHER] cmp=com.example.dogglers/.MainActivity }, activity.getIntent()=Intent { act=android.intent.action.MAIN cat=[android.intent.category.LAUNCHER] flg=0x10008000 cmp=com.example.dogglers/androidx.test.core.app.InstrumentationActivityInvoker$BootstrapActivity (has extras) }, activity=androidx.test.core.app.InstrumentationActivityInvoker$BootstrapActivity@99821de
08-04 06:28:17.403 19836 22306 D InputDispatcher: Focused application set to (0): 4ce9b8a
08-04 06:28:17.412 19578 19591 I Finsky  : [1404] ggo.a(14): com.supercell.clashofclans: Account determined from installer data - [nwKUr-6m_-XJfDPzipHsNuNm648bA5tAdhYgJip0IXI]
08-04 06:28:17.413 19578 19591 I Finsky  : [1404] ggo.a(63): Billing preferred account via installer for com.supercell.clashofclans: [nwKUr-6m_-XJfDPzipHsNuNm648bA5tAdhYgJip0IXI]
08-04 06:28:17.415 19836 19854 I SemPersonaManager: SecureFolder personaId = 10
08-04 06:28:17.421 19578 19787 I Finsky  : [1464] ndy.bH(6): Will not allow first-party apps signed by test keys
08-04 06:28:17.425 19578 19592 W DynamiteModule: Local module descriptor class for com.google.android.gms.googlecertificates not found.
08-04 06:28:17.428 19836 19854 D EnterpriseDeviceManagerService: isMdmAdminPresentInternal() : MDM Admin Found - com.samsung.android.knox.containercore
08-04 06:28:17.429 19836 21401 I MediaSessionMonitor: Media session stopped : controllerList empty
08-04 06:28:17.429 18365 18365 D LifecycleMonitor: Lifecycle status change: com.example.dogglers.MainActivity@e970651 in: PRE_ON_CREATE
08-04 06:28:17.431 18365 18365 V ActivityScenario: Activity lifecycle changed event received but ignored because the reported transition was not ON_CREATE while the last known transition was PRE_ON_CREATE
08-04 06:28:17.457 19578 19592 I android.vendin: Waiting for a blocking GC ClassLinker
08-04 06:28:17.460 19578 19828 I Finsky  : [1471] hbe.a(1): DL: Creating dataloader logger using a new logging context.
08-04 06:28:17.468 19578 19814 I Finsky  : [1467] kdh.apply(52): Installer: Registering atomic install listeners with package installer
08-04 06:28:17.470 19578 19776 I Finsky  : [1458] kzg.a(69): Installer: Checking for orphaned groups
08-04 06:28:17.480 19578 19814 I Finsky  : [1467] irn.g(1): getDownloads()
08-04 06:28:17.491 18365 18365 I DecorView: [INFO] isPopOver=false, config=true
08-04 06:28:17.491 18365 18365 I DecorView: updateCaptionType >> DecorView@f829f4c[], isFloating=false, isApplication=true, hasWindowControllerCallback=true, hasWindowDecorCaption=false
08-04 06:28:17.491 18365 18365 D DecorView: setCaptionType = 0, this = DecorView@f829f4c[]
08-04 06:28:17.494 18365 18365 I DecorView: getCurrentDensityDpi: from real metrics. densityDpi=450 msg=resources_loaded
08-04 06:28:17.508 20522 20560 I RecentModel: onTaskStackChangedBackground
08-04 06:28:17.519 19640 19640 D Zygote  : Forked child process 19839
08-04 06:28:17.526 19836 20059 D SemNscXgbMsL1: Probability - Cloud gaming: [0.035567798]
08-04 06:28:17.527 19836 20059 D SemNscXgbMsL1: Probability - Real time: [0.19943571]
08-04 06:28:17.527 19836 20059 D SemNscXgbMsL1: Probability - Non real time: [0.9255765]
08-04 06:28:17.527 19836 20059 D SemNscXgbMsL1: 1 sample inference time: 0.603116 msecs
08-04 06:28:17.528 19836 20059 D SemNscXgbL2Rt: L2 RT 1 sample inference time: 1.001115 msecs
08-04 06:28:17.529 19836 20059 D SemNscXgbL2Nrt: L2 NRT 1 sample inference time: 1.054692 msecs
08-04 06:28:17.529 18365 18365 D LifecycleMonitor: Lifecycle status change: com.example.dogglers.MainActivity@e970651 in: CREATED
08-04 06:28:17.531 18365 18365 V ActivityScenario: Update currentActivityStage to CREATED, currentActivity=com.example.dogglers.MainActivity@e970651
08-04 06:28:17.534 18365 18365 D LifecycleMonitor: Lifecycle status change: com.example.dogglers.MainActivity@e970651 in: STARTED
08-04 06:28:17.536 18365 18365 V ActivityScenario: Update currentActivityStage to STARTED, currentActivity=com.example.dogglers.MainActivity@e970651
08-04 06:28:17.538 19578 19592 I android.vendin: WaitForGcToComplete blocked ClassLinker on Background for 81.122ms
08-04 06:28:17.540 18365 18365 D LifecycleMonitor: Lifecycle status change: com.example.dogglers.MainActivity@e970651 in: RESUMED
08-04 06:28:17.540 19578 19592 I DynamiteModule: Considering local module com.google.android.gms.googlecertificates:0 and remote module com.google.android.gms.googlecertificates:7
08-04 06:28:17.540 19578 19592 I DynamiteModule: Selected remote version of com.google.android.gms.googlecertificates, version >= 7
08-04 06:28:17.540 19578 19592 V DynamiteModule: Dynamite loader version >= 2, using loadModule2NoCrashUtils
08-04 06:28:17.542 18365 18365 V ActivityScenario: Update currentActivityStage to RESUMED, currentActivity=com.example.dogglers.MainActivity@e970651
08-04 06:28:17.551 19839 19839 E ding:backgroun: Not starting debugger since process cannot load the jdwp agent.
08-04 06:28:17.551 19578 19592 W System  : ClassLoader referenced unknown path:
08-04 06:28:17.555 19836 22306 D InputTransport: Input channel constructed: '45fd563', fd=701
08-04 06:28:17.557 19836 22306 D InputTransport: Input channel constructed: '45fd563', fd=708
08-04 06:28:17.557 19836 22306 D InputTransport: Input channel constructed: '45fd563', fd=827
08-04 06:28:17.558   752   918 I SurfaceFlinger: id=174095 createSurf (0x0),-1 flag=80004, 45fd563 com.example.dogglers/com.example.dogglers.MainActivity#0
08-04 06:28:17.560 19836 22306 D InputTransport: Input channel destroyed: '45fd563', fd=827
08-04 06:28:17.562 18365 18365 I ViewRootImpl@c92737c[MainActivity]: setView = com.android.internal.policy.DecorView@f829f4c TM=true
08-04 06:28:17.564 19839 19839 E USNET   : USNET: appName: com.android.vending:background
08-04 06:28:17.565 19836 19894 D AnalyticsContainerHandler: handleMessage : { when=0 what=1 target=com.android.server.knox.KnoxAnalyticsContainer$AnalyticsHandler }
08-04 06:28:17.572 19578 19592 W android.vendin: ClassLoaderContext type mismatch. expected=PCL, found=DLC (PCL[] | DLC[];PCL[/data/app/~~CsNt9qy49zopxBxUzPhG0w==/com.android.vending-3Obw5IJyqr60cJ99OqSAog==/base.apk*1597710080:/data/app/~~CsNt9qy49zopxBxUzPhG0w==/com.android.vending-3Obw5IJyqr60cJ99OqSAog==/base.apk!classes2.dex*3668647008:/data/app/~~CsNt9qy49zopxBxUzPhG0w==/com.android.vending-3Obw5IJyqr60cJ99OqSAog==/base.apk!classes3.dex*4288949444:/data/app/~~CsNt9qy49zopxBxUzPhG0w==/com.android.vending-3Obw5IJyqr60cJ99OqSAog==/base.apk!classes4.dex*1403517901:/data/app/~~CsNt9qy49zopxBxUzPhG0w==/com.android.vending-3Obw5IJyqr60cJ99OqSAog==/base.apk!classes5.dex*1729283589]{PCL[/system/framework/org.apache.http.legacy.jar*128607898]})
08-04 06:28:17.574 19839 19839 D ProcessState: Binder ioctl to enable oneway spam detection failed: Invalid argument
08-04 06:28:17.583 19839 19839 D ActivityThread: setConscryptValidator
08-04 06:28:17.583 19839 19839 D ActivityThread: setConscryptValidator - put
08-04 06:28:17.586 19578 19787 W android.vendin: Long monitor contention with owner Binder:19578_2 (19592) at void aaag.f()(PG:6) waiters=1 in void aaag.f() for 159ms
08-04 06:28:17.587 19578 19781 W android.vendin: Long monitor contention with owner Binder:19578_2 (19592) at void aaag.f()(PG:6) waiters=3 in void aaag.f() for 161ms
08-04 06:28:17.597 19836 21294 V WindowManager: Relayout Window{45fd563 u0 com.example.dogglers/com.example.dogglers.MainActivity}: viewVisibility=0 req=1080x2408 d0
08-04 06:28:17.598   752  1238 I SurfaceFlinger: id=174096 createSurf (1x1),-3 flag=40004, com.example.dogglers/com.example.dogglers.MainActivity$_18365#0
08-04 06:28:17.602 19578 19715 I Finsky  : [1438] rtb.accept(46): SCH: Scheduling phonesky job Id: 29-29, CT: 1659574695735, Constraints: [{ L: 30000, D: 60000, C: 1, I: 1, N: 0 }]
08-04 06:28:17.606   752   918 I SurfaceFlinger: id=174097 createSurf (0x0),-1 flag=24000, Surface(name=ac392f8 StatusBar)/@0x2bc773f - animation-leash of insets_animation#0
08-04 06:28:17.609   752   918 I SurfaceFlinger: id=174098 createSurf (0x0),-1 flag=24000, Surface(name=e75ea59 NavigationBar0)/@0x799bb6a - animation-leash of insets_animation#1
08-04 06:28:17.612 19836 21294 V WindowManager: Relayout hash=45fd563, pid=18365: mAttrs={(0,0)(fillxfill) sim={adjust=pan forwardNavigation} ty=BASE_APPLICATION wanim=0x1030303
08-04 06:28:17.612 19836 21294 V WindowManager:   fl=81810100
08-04 06:28:17.612 19836 21294 V WindowManager:   pfl=12020040
08-04 06:28:17.612 19836 21294 V WindowManager:   bhv=DEFAULT
08-04 06:28:17.612 19836 21294 V WindowManager:   fitSides= naviIconColor=0}
08-04 06:28:17.617 19578 19813 I Finsky  : [1468] ggo.a(14): com.discord: Account determined from installer data - [nwKUr-6m_-XJfDPzipHsNuNm648bA5tAdhYgJip0IXI]
08-04 06:28:17.617 18365 18365 I ViewRootImpl@c92737c[MainActivity]: Relayout returned: old=(0,0,1080,2408) new=(0,0,1080,2408) req=(1080,2408)0 dur=20 res=0x7 s={true 3056951296} ch=true fn=-1
08-04 06:28:17.618 19578 19813 I Finsky  : [1468] ggo.a(63): Billing preferred account via installer for com.discord: [nwKUr-6m_-XJfDPzipHsNuNm648bA5tAdhYgJip0IXI]
08-04 06:28:17.620 18365 18575 D OpenGLRenderer: eglCreateWindowSurface
08-04 06:28:17.622 19578 19812 I Finsky  : [1466] ggo.a(14): com.discord: Account determined from installer data - [nwKUr-6m_-XJfDPzipHsNuNm648bA5tAdhYgJip0IXI]
08-04 06:28:17.623 19578 19812 I Finsky  : [1466] ggo.a(63): Billing preferred account via installer for com.discord: [nwKUr-6m_-XJfDPzipHsNuNm648bA5tAdhYgJip0IXI]
08-04 06:28:17.632   752   752 I Layer   : id=174092 removeFromCurrentState Surface(name=ac392f8 StatusBar)/@0x2bc773f - animation-leash of insets_animation#1 (126)
08-04 06:28:17.632   752   752 I Layer   : id=174093 removeFromCurrentState Surface(name=e75ea59 NavigationBar0)/@0x799bb6a - animation-leash of insets_animation#0 (126)
08-04 06:28:17.632   752   752 I SurfaceFlinger: id=174092 Removed Surface(name=ac392f8 StatusBar)/@0x2bc773f - animation-leash of insets_animation#1 (126)
08-04 06:28:17.633   752   752 I SurfaceFlinger: id=174093 Removed Surface(name=e75ea59 NavigationBar0)/@0x799bb6a - animation-leash of insets_animation#0 (126)
08-04 06:28:17.633 18365 18365 I ViewRootImpl@c92737c[MainActivity]: [DP] dp(1) 1 android.view.ViewRootImpl.reportNextDraw:11410 android.view.ViewRootImpl.performTraversals:4185 android.view.ViewRootImpl.doTraversal:2911
08-04 06:28:17.633 19578 19800 I Finsky  : [1465] ggo.a(14): com.discord: Account determined from installer data - [nwKUr-6m_-XJfDPzipHsNuNm648bA5tAdhYgJip0IXI]
08-04 06:28:17.633   752   752 I Layer   : id=174092 Destroyed Surface(name=ac392f8 StatusBar)/@0x2bc773f - animation-leash of insets_animation#1
08-04 06:28:17.633 19578 19775 I Finsky  : [1460] ggo.a(14): com.discord: Account determined from installer data - [nwKUr-6m_-XJfDPzipHsNuNm648bA5tAdhYgJip0IXI]
08-04 06:28:17.633   752   752 I Layer   : id=174093 Destroyed Surface(name=e75ea59 NavigationBar0)/@0x799bb6a - animation-leash of insets_animation#0
08-04 06:28:17.633 18365 18365 D ViewRootImpl@c92737c[MainActivity]: Creating frameDrawingCallback nextDrawUseBlastSync=false reportNextDraw=true hasBlurUpdates=false
08-04 06:28:17.633 18365 18365 D ViewRootImpl@c92737c[MainActivity]: Creating frameCompleteCallback
08-04 06:28:17.634 19578 19800 I Finsky  : [1465] ggo.a(63): Billing preferred account via installer for com.discord: [nwKUr-6m_-XJfDPzipHsNuNm648bA5tAdhYgJip0IXI]
08-04 06:28:17.635 19836 20157 D InputDispatcher: Focus request (0): 45fd563 com.example.dogglers/com.example.dogglers.MainActivity but waiting because NOT_VISIBLE
08-04 06:28:17.637 19578 19594 I Finsky  : [1407] ggo.a(14): com.discord: Account determined from installer data - [nwKUr-6m_-XJfDPzipHsNuNm648bA5tAdhYgJip0IXI]
08-04 06:28:17.638 19578 19594 I Finsky  : [1407] ggo.a(63): Billing preferred account via installer for com.discord: [nwKUr-6m_-XJfDPzipHsNuNm648bA5tAdhYgJip0IXI]
08-04 06:28:17.642 19578 19592 I Finsky  : [1405] ggo.a(14): com.discord: Account determined from installer data - [nwKUr-6m_-XJfDPzipHsNuNm648bA5tAdhYgJip0IXI]
08-04 06:28:17.643 19578 19592 I Finsky  : [1405] ggo.a(63): Billing preferred account via installer for com.discord: [nwKUr-6m_-XJfDPzipHsNuNm648bA5tAdhYgJip0IXI]
08-04 06:28:17.646 19578 19813 I Finsky  : [1468] ggo.a(14): com.discord: Account determined from installer data - [nwKUr-6m_-XJfDPzipHsNuNm648bA5tAdhYgJip0IXI]
08-04 06:28:17.647 19578 19813 I Finsky  : [1468] ggo.a(63): Billing preferred account via installer for com.discord: [nwKUr-6m_-XJfDPzipHsNuNm648bA5tAdhYgJip0IXI]
08-04 06:28:17.648 19578 19781 I Finsky  : [1461] ggo.a(14): com.discord: Account determined from installer data - [nwKUr-6m_-XJfDPzipHsNuNm648bA5tAdhYgJip0IXI]
08-04 06:28:17.649 19578 19591 I Finsky  : [1404] ggo.a(14): com.discord: Account determined from installer data - [nwKUr-6m_-XJfDPzipHsNuNm648bA5tAdhYgJip0IXI]
08-04 06:28:17.650 19578 19591 I Finsky  : [1404] ggo.a(63): Billing preferred account via installer for com.discord: [nwKUr-6m_-XJfDPzipHsNuNm648bA5tAdhYgJip0IXI]
08-04 06:28:17.652 19578 19812 I Finsky  : [1466] ggo.a(14): com.supercell.clashofclans: Account determined from installer data - [nwKUr-6m_-XJfDPzipHsNuNm648bA5tAdhYgJip0IXI]
08-04 06:28:17.653 19578 19812 I Finsky  : [1466] ggo.a(63): Billing preferred account via installer for com.supercell.clashofclans: [nwKUr-6m_-XJfDPzipHsNuNm648bA5tAdhYgJip0IXI]
08-04 06:28:17.657 19578 19781 I Finsky  : [1461] ggo.a(63): Billing preferred account via installer for com.discord: [nwKUr-6m_-XJfDPzipHsNuNm648bA5tAdhYgJip0IXI]
08-04 06:28:17.663 19578 19781 I Finsky  : [1461] ggo.a(14): com.discord: Account determined from installer data - [nwKUr-6m_-XJfDPzipHsNuNm648bA5tAdhYgJip0IXI]
08-04 06:28:17.663 19578 19781 I Finsky  : [1461] ggo.a(63): Billing preferred account via installer for com.discord: [nwKUr-6m_-XJfDPzipHsNuNm648bA5tAdhYgJip0IXI]
08-04 06:28:17.664 19839 19839 D CompatibilityChangeReporter: Compat change id reported: 171979766; UID 10186; state: ENABLED
08-04 06:28:17.665   752   752 I Layer   : id=174089 removeFromCurrentState Surface(name=Dim Layer for - Task=82 - animating-dim)/@0xb71c6f8 - animation-leash of dimmer#0 (124)
08-04 06:28:17.665   752   752 I SurfaceFlinger: id=174089 Removed Surface(name=Dim Layer for - Task=82 - animating-dim)/@0xb71c6f8 - animation-leash of dimmer#0 (124)
08-04 06:28:17.666   752   752 I Layer   : id=174089 Destroyed Surface(name=Dim Layer for - Task=82 - animating-dim)/@0xb71c6f8 - animation-leash of dimmer#0
08-04 06:28:17.666 19578 19775 I Finsky  : [1460] ggo.a(63): Billing preferred account via installer for com.discord: [nwKUr-6m_-XJfDPzipHsNuNm648bA5tAdhYgJip0IXI]
08-04 06:28:17.670 19578 19775 I Finsky  : [1460] ggo.a(14): com.discord: Account determined from installer data - [nwKUr-6m_-XJfDPzipHsNuNm648bA5tAdhYgJip0IXI]
08-04 06:28:17.671 19578 19775 I Finsky  : [1460] ggo.a(63): Billing preferred account via installer for com.discord: [nwKUr-6m_-XJfDPzipHsNuNm648bA5tAdhYgJip0IXI]
08-04 06:28:17.674 18365 18720 D ViewRootImpl@c92737c[MainActivity]: Received frameDrawingCallback frameNum=1. Creating transactionCompleteCallback=false
08-04 06:28:17.675 19724 20053 I bauth_FPBAuthService: pcf : 0x1012, 0 ,2 ,0 ,0 ,0 ,2, 0.0.0.0
08-04 06:28:17.675 19724 20053 I bauth_FPBAuthService: thread id : 2, preenroll_flag : 0, nd cnt : 1, cso : 3, et : 0
08-04 06:28:17.675 19724 20053 I bauth_FPBAuthService: FPBAuthService, 11756
08-04 06:28:17.681 18365 18575 D ViewRootImpl@c92737c[MainActivity]: Received frameCompleteCallback  lastAcquiredFrameNum=1 lastAttemptedDrawFrameNum=1
08-04 06:28:17.683 19578 19781 I Finsky  : [1461] ggo.a(14): com.discord: Account determined from installer data - [nwKUr-6m_-XJfDPzipHsNuNm648bA5tAdhYgJip0IXI]
08-04 06:28:17.683 18365 18365 I ViewRootImpl@c92737c[MainActivity]: [DP] pdf(0) 1 android.view.ViewRootImpl.lambda$addFrameCompleteCallbackIfNeeded$3$ViewRootImpl:4987 android.view.ViewRootImpl$$ExternalSyntheticLambda16.run:6 android.os.Handler.handleCallback:938
08-04 06:28:17.683 18365 18365 I ViewRootImpl@c92737c[MainActivity]: [DP] rdf()
08-04 06:28:17.684 18365 18365 D ViewRootImpl@c92737c[MainActivity]: reportDrawFinished (fn: -1)
08-04 06:28:17.684 19578 19781 I Finsky  : [1461] ggo.a(63): Billing preferred account via installer for com.discord: [nwKUr-6m_-XJfDPzipHsNuNm648bA5tAdhYgJip0IXI]
08-04 06:28:17.689 19578 19787 I Finsky  : [1464] ggo.a(14): com.discord: Account determined from installer data - [nwKUr-6m_-XJfDPzipHsNuNm648bA5tAdhYgJip0IXI]
08-04 06:28:17.690 19578 19787 I Finsky  : [1464] ggo.a(63): Billing preferred account via installer for com.discord: [nwKUr-6m_-XJfDPzipHsNuNm648bA5tAdhYgJip0IXI]
08-04 06:28:17.693 19578 19632 I Finsky  : [1427] rsp.apply(9): SCH: Scheduling 0 system job(s)
08-04 06:28:17.694 19836 19851 E libperflog: [LIBPERFLOG] socket_local_client fail = -1
08-04 06:28:17.694 19836 19851 I PkgPredictorService-SecIpmManagerServiceImpl: reportToNAP uid:10292 com.example.dogglers/com.example.dogglers.MainActivity thisTime:511
08-04 06:28:17.694 19578 19911 I Finsky  : [1479] ggo.a(14): com.discord: Account determined from installer data - [nwKUr-6m_-XJfDPzipHsNuNm648bA5tAdhYgJip0IXI]
08-04 06:28:17.695 19578 19911 I Finsky  : [1479] ggo.a(63): Billing preferred account via installer for com.discord: [nwKUr-6m_-XJfDPzipHsNuNm648bA5tAdhYgJip0IXI]
08-04 06:28:17.696 19836 19851 I ActivityTaskManager: Displayed com.example.dogglers/.MainActivity: +511ms
08-04 06:28:17.697   752  1238 I SurfaceFlinger: id=174099 createSurf (0x0),-1 flag=24000, Surface(name=45fd563 com.example.dogglers/com.example.dogglers.MainActivity)/@0xe58003e - animation-leash of starting_reveal#0
08-04 06:28:17.698  1994  1994 E pageboostd: Received HALT command code 2
08-04 06:28:17.699 19578 19812 I Finsky  : [1466] ggo.a(14): com.discord: Account determined from installer data - [nwKUr-6m_-XJfDPzipHsNuNm648bA5tAdhYgJip0IXI]
08-04 06:28:17.700 19578 19812 I Finsky  : [1466] ggo.a(63): Billing preferred account via installer for com.discord: [nwKUr-6m_-XJfDPzipHsNuNm648bA5tAdhYgJip0IXI]
08-04 06:28:17.700 19836 21294 D InputDispatcher: Focus entered window (0): 45fd563 com.example.dogglers/com.example.dogglers.MainActivity
08-04 06:28:17.703 19578 19781 I Finsky  : [1461] ggo.a(14): com.discord: Account determined from installer data - [nwKUr-6m_-XJfDPzipHsNuNm648bA5tAdhYgJip0IXI]
08-04 06:28:17.704 19578 19781 I Finsky  : [1461] ggo.a(63): Billing preferred account via installer for com.discord: [nwKUr-6m_-XJfDPzipHsNuNm648bA5tAdhYgJip0IXI]
08-04 06:28:17.710 19578 19787 I Finsky  : [1464] ggo.a(14): com.discord: Account determined from installer data - [nwKUr-6m_-XJfDPzipHsNuNm648bA5tAdhYgJip0IXI]
08-04 06:28:17.711 18365 18365 D InsetsSourceConsumer: ensureControlAlpha: for ITYPE_NAVIGATION_BAR on com.example.dogglers/com.example.dogglers.MainActivity
08-04 06:28:17.711 19578 19787 I Finsky  : [1464] ggo.a(63): Billing preferred account via installer for com.discord: [nwKUr-6m_-XJfDPzipHsNuNm648bA5tAdhYgJip0IXI]
08-04 06:28:17.712   752   752 D SurfaceFlinger: Display 4633128508267670401 HWC layers:
08-04 06:28:17.712   752   752 D SurfaceFlinger:      DEVICE | 0xe9a84580 | 0102 | RGBA_8888    |    0.0    0.0 1080.0 2408.0 |    0    0 1080 2408 | com.example.dogglers/com.example.dogglers.MainActivity$_18365#0
08-04 06:28:17.712   752   752 D SurfaceFlinger:      DEVICE | 0xe53e4000 | 0100 | RGBA_8888    |    0.0    0.0 1080.0 2408.0 |    0    0 1080 2408 | Splash Screen com.example.dogglers$_20135#0
08-04 06:28:17.712   752   752 D SurfaceFlinger:      CLIENT | 0xe9a83b00 | 0100 | RGBA_8888    |    0.0    0.0 1080.0   66.0 |    0    0 1080   66 | StatusBar$_20135#0
08-04 06:28:17.712   752   752 D SurfaceFlinger:      CLIENT | 0xe8f21080 | 0100 | RGBA_8888    |    0.0    0.0  388.0   42.0 |  692 2366 1080 2408 | SGestureOverlayWindow$_20522#0
08-04 06:28:17.712   752   752 D SurfaceFlinger:      CLIENT | 0xe9a83500 | 0100 | RGBA_8888    |    0.0    0.0 1080.0  135.0 |    0 2273 1080 2408 | NavigationBar0$_20135#0
08-04 06:28:17.712   752   752 D SurfaceFlinger:      DEVICE | 0xe943ff80 | 0108 | RGBA_8888    |    0.0    0.0 1080.0 2408.0 |    0    0 1080 2408 | BlueLightFilter$_20135#0
08-04 06:28:17.712   752   752 D SurfaceFlinger:
08-04 06:28:17.712 18365 18365 D InsetsSourceConsumer: ensureControlAlpha: for ITYPE_STATUS_BAR on com.example.dogglers/com.example.dogglers.MainActivity
08-04 06:28:17.714 18365 18365 I ViewRootImpl@c92737c[MainActivity]: MSG_WINDOW_FOCUS_CHANGED 1 1
08-04 06:28:17.716 19578 19813 I Finsky  : [1468] ggo.a(14): com.discord: Account determined from installer data - [nwKUr-6m_-XJfDPzipHsNuNm648bA5tAdhYgJip0IXI]
08-04 06:28:17.717 19578 19813 I Finsky  : [1468] ggo.a(63): Billing preferred account via installer for com.discord: [nwKUr-6m_-XJfDPzipHsNuNm648bA5tAdhYgJip0IXI]
08-04 06:28:17.719 16175 16175 I ViewRootImpl@6011630[CustomTabActivity]: handleAppVisibility mAppVisible=true visible=false
08-04 06:28:17.720 19578 19781 I Finsky  : [1461] ggo.a(14): com.discord: Account determined from installer data - [nwKUr-6m_-XJfDPzipHsNuNm648bA5tAdhYgJip0IXI]
08-04 06:28:17.721 19578 19781 I Finsky  : [1461] ggo.a(63): Billing preferred account via installer for com.discord: [nwKUr-6m_-XJfDPzipHsNuNm648bA5tAdhYgJip0IXI]
08-04 06:28:17.722 20135 20794 I ViewRootImpl@a789ff6[dogglers]: mWNT: t = android.view.SurfaceControl$Transaction@9374cd0 fN = 2 android.view.SyncRtSurfaceTransactionApplier.applyTransaction:94 android.view.SyncRtSurfaceTransactionApplier.lambda$scheduleApply$0$SyncRtSurfaceTransactionApplier:71 android.view.SyncRtSurfaceTransactionApplier$$ExternalSyntheticLambda0.onFrameDraw:4
08-04 06:28:17.722 20135 20794 I ViewRootImpl@a789ff6[dogglers]: mWNT: merge t to BBQ
08-04 06:28:17.722 18365 18365 D InputMethodManager: startInputInner - Id : 0
08-04 06:28:17.722 20135 20794 I ViewRootImpl@a789ff6[dogglers]: mWNT: t = android.view.SurfaceControl$Transaction@ed344c9 fN = 2 android.view.SyncRtSurfaceTransactionApplier.applyTransaction:94 android.view.SyncRtSurfaceTransactionApplier.lambda$scheduleApply$0$SyncRtSurfaceTransactionApplier:71 android.view.SyncRtSurfaceTransactionApplier$$ExternalSyntheticLambda0.onFrameDraw:4
08-04 06:28:17.723 20135 20794 I ViewRootImpl@a789ff6[dogglers]: mWNT: merge t to BBQ
08-04 06:28:17.723 18365 18365 I InputMethodManager: startInputInner - mService.startInputOrWindowGainedFocus
08-04 06:28:17.726 18365 18575 D OpenGLRenderer: setSurface called with nullptr
08-04 06:28:17.726 18365 18392 D InputTransport: Input channel destroyed: 'ClientS', fd=99
08-04 06:28:17.727 18365 18575 D OpenGLRenderer: setSurface called with nullptr
08-04 06:28:17.728 18365 18575 D OpenGLRenderer: setSurface called with nullptr
08-04 06:28:17.729 19836 21294 D InputMethodManagerService: mDesktopModeManager null!
08-04 06:28:17.729 19836 21294 V InputMethodManagerService: getDisplayIdOfInputMethodWindowToBeAdded : 0
08-04 06:28:17.730 19836 21294 D InputMethodManagerService: checkDisplayOfStartInputAndUpdateKeyboard display Id 0last 0
08-04 06:28:17.730 19836 21294 D InputTransport: Input channel constructed: 'ClientS', fd=699
08-04 06:28:17.731 19836 21294 D InputTransport: Input channel destroyed: 'ClientS', fd=699
08-04 06:28:17.731 18365 18575 D OpenGLRenderer: setSurface called with nullptr
08-04 06:28:17.731 16175 16175 D InputTransport: Input channel destroyed: 'ClientS', fd=243
08-04 06:28:17.731 18365 18392 D InputTransport: Input channel destroyed: 'ClientS', fd=96
08-04 06:28:17.732   752   752 I Layer   : id=174087 removeFromCurrentState Surface(name=Task=82)/@0xa615068 - animation-leash of app_transition#0 (124)
08-04 06:28:17.732   752   752 I Layer   : id=174090 removeFromCurrentState Surface(name=Task=88)/@0xa5e542f - animation-leash of app_transition#0 (124)
08-04 06:28:17.732   752   752 I Layer   : id=174083 removeFromCurrentState Task=88#0 (124)
08-04 06:28:17.732   752   752 I Layer   : id=174084 removeFromCurrentState ActivityRecord{c12d97f u0 com.example.dogglers/androidx.test.core.app.InstrumentationActivityInvoker$BootstrapActivity t88}#0 (124)
08-04 06:28:17.732   752   752 I Layer   : id=174094 removeFromCurrentState ActivityRecord{4ce9b8a u0 com.example.dogglers/.MainActivity t88}#0 (124)
08-04 06:28:17.732   752   752 I Layer   : id=174099 removeFromCurrentState Surface(name=45fd563 com.example.dogglers/com.example.dogglers.MainActivity)/@0xe58003e - animation-leash of starting_reveal#0 (124)
08-04 06:28:17.732   752   752 I Layer   : id=174095 removeFromCurrentState 45fd563 com.example.dogglers/com.example.dogglers.MainActivity#0 (124)
08-04 06:28:17.732   752   752 I Layer   : id=174096 removeFromCurrentState com.example.dogglers/com.example.dogglers.MainActivity$_18365#0 (124)
08-04 06:28:17.732   752   752 I Layer   : id=174085 removeFromCurrentState 8858e9b Splash Screen com.example.dogglers#0 (124)
08-04 06:28:17.732   752   752 I Layer   : id=174086 removeFromCurrentState Splash Screen com.example.dogglers$_20135#0 (124)
08-04 06:28:17.732 16175 16175 I SurfaceView@3a27ac: onWindowVisibilityChanged(8) false android.view.SurfaceView{3a27ac V.E...... ........ 0,0-1080,2300} of ViewRootImpl@6011630[CustomTabActivity]
08-04 06:28:17.732   752   752 I Layer   : id=174088 removeFromCurrentState Dim Layer for - Task=82 - animating-dim#0 (124)
08-04 06:28:17.732   752   752 I Layer   : id=174083 addToCurrentState Task=88#0 (124)
08-04 06:28:17.732   752   752 I Layer   : id=174084 addToCurrentState ActivityRecord{c12d97f u0 com.example.dogglers/androidx.test.core.app.InstrumentationActivityInvoker$BootstrapActivity t88}#0 (124)
08-04 06:28:17.732 16175 16175 I SurfaceView@3a27ac: pST: mTmpTransaction.apply, mTmpTransaction = android.view.SurfaceControl$Transaction@d968a7c
08-04 06:28:17.732   752   752 I Layer   : id=174094 addToCurrentState ActivityRecord{4ce9b8a u0 com.example.dogglers/.MainActivity t88}#0 (124)
08-04 06:28:17.732   752   752 I Layer   : id=174099 addToCurrentState Surface(name=45fd563 com.example.dogglers/com.example.dogglers.MainActivity)/@0xe58003e - animation-leash of starting_reveal#0 (124)
08-04 06:28:17.732   752   752 I Layer   : id=174095 addToCurrentState 45fd563 com.example.dogglers/com.example.dogglers.MainActivity#0 (124)
08-04 06:28:17.732   752   752 I Layer   : id=174096 addToCurrentState com.example.dogglers/com.example.dogglers.MainActivity$_18365#0 (124)
08-04 06:28:17.732   752   752 I Layer   : id=174085 addToCurrentState 8858e9b Splash Screen com.example.dogglers#0 (124)
08-04 06:28:17.732   752   752 I Layer   : id=174086 addToCurrentState Splash Screen com.example.dogglers$_20135#0 (124)
08-04 06:28:17.733   752   752 I SurfaceFlinger: id=174088 Removed Dim Layer for - Task=82 - animating-dim#0 (124)
08-04 06:28:17.733   752   752 I SurfaceFlinger: id=174090 Removed Surface(name=Task=88)/@0xa5e542f - animation-leash of app_transition#0 (124)
08-04 06:28:17.733   752   752 I SurfaceFlinger: id=174087 Removed Surface(name=Task=82)/@0xa615068 - animation-leash of app_transition#0 (124)
08-04 06:28:17.733 18365 18575 D OpenGLRenderer: setSurface called with nullptr
08-04 06:28:17.733   752   752 I Layer   : id=174088 Destroyed Dim Layer for - Task=82 - animating-dim#0
08-04 06:28:17.733   752   752 I Layer   : id=174087 Destroyed Surface(name=Task=82)/@0xa615068 - animation-leash of app_transition#0
08-04 06:28:17.733   752   752 I Layer   : id=174090 Destroyed Surface(name=Task=88)/@0xa5e542f - animation-leash of app_transition#0
08-04 06:28:17.733 16175 16175 I SurfaceView@3a27ac: surfaceDestroyed callback.size 1 #2 android.view.SurfaceView{3a27ac V.E...... ........ 0,0-1080,2300}
08-04 06:28:17.734 16175 16175 E cr_CompositorSurfaceMgr: surfaceDestroyed format : 4
08-04 06:28:17.734 18365 18392 D InputTransport: Input channel destroyed: 'ClientS', fd=139
08-04 06:28:17.737 18365 18575 D OpenGLRenderer: setSurface called with nullptr
08-04 06:28:17.738 20135 20795 I ViewRootImpl@a789ff6[dogglers]: mWNT: t = android.view.SurfaceControl$Transaction@b5fb7ce fN = 3 android.view.SyncRtSurfaceTransactionApplier.applyTransaction:94 android.view.SyncRtSurfaceTransactionApplier.lambda$scheduleApply$0$SyncRtSurfaceTransactionApplier:71 android.view.SyncRtSurfaceTransactionApplier$$ExternalSyntheticLambda0.onFrameDraw:4
08-04 06:28:17.738 20135 20795 I ViewRootImpl@a789ff6[dogglers]: mWNT: merge t to BBQ
08-04 06:28:17.746 18365 18365 I ViewInteraction: Checking 'MatchesViewAssertion{viewMatcher=(view has effective visibility <VISIBLE> and view.getGlobalVisibleRect() to return non-empty rectangle)}' assertion on view view.getId() is <2131231204/com.example.dogglers:id/vertical_btn>
08-04 06:28:17.746 28133 28133 I HBD     : HoneyBoardService onFinishInput
08-04 06:28:17.746 18365 18575 D OpenGLRenderer: setSurface called with nullptr
08-04 06:28:17.747 28133 28133 I HBD     : a IC have been unbinding,  InputConnectionWrapper{idHash=#9c0da4e mMissingMethods=}
08-04 06:28:17.747 28133 28133 I HBD     : HoneyBoardService [PF_CL][onFinishInput]  793692 ns
08-04 06:28:17.747 28133 28133 I HBD     : HoneyBoardService [IMI] onStartInput - caller pid : 18365 , caller uid : 10292
08-04 06:28:17.747 28133 28133 I HBD     : j updateConfigs
08-04 06:28:17.747 28133 28133 I HBD     : j isEnabledNightMode : true
08-04 06:28:17.748 28133 28133 I HBD     : a IC have been binding, InputConnectionWrapper{idHash=#8a48c7c mMissingMethods=}
08-04 06:28:17.749 28133 28133 I HBD     : h [EditorInputType]setPrivateImeOptionsToTable privateImeOptions ( null )
08-04 06:28:17.749 28133 28133 I HBD     : b incognitoMode : false
08-04 06:28:17.750 28133 28133 I HBD     : a needOff = true , isForceOff = false, isNullInputClass : true
08-04 06:28:17.750 28133 28133 I HBD     : h getDefaultInputRange : UNKNOWN
08-04 06:28:17.750 28133 28133 I HBD     : h getDefaultInputRange : UNKNOWN
08-04 06:28:17.750 28133 28133 I HBD     : h getDefaultInputRange : UNKNOWN
08-04 06:28:17.752 18365 18575 D OpenGLRenderer: setSurface called with nullptr
08-04 06:28:17.753 18365 18575 D OpenGLRenderer: setSurface called with nullptr
08-04 06:28:17.753   752   769 I SurfaceFlinger: id=174076 Removed com.android.chrome/ChromeNativeWindowSurface#0 (121)
08-04 06:28:17.754 18365 18392 D InputTransport: Input channel destroyed: 'ClientS', fd=147
08-04 06:28:17.755   752   770 I SurfaceFlinger: id=174077 Removed com.android.chrome/ChromeChildSurface#0 (121)
08-04 06:28:17.757 18365 18575 D OpenGLRenderer: setSurface called with nullptr
08-04 06:28:17.757 18365 18575 D OpenGLRenderer: setSurface called with nullptr
08-04 06:28:17.759 20135 20794 I ViewRootImpl@a789ff6[dogglers]: mWNT: t = android.view.SurfaceControl$Transaction@91636ef fN = 4 android.view.SyncRtSurfaceTransactionApplier.applyTransaction:94 android.view.SyncRtSurfaceTransactionApplier.lambda$scheduleApply$0$SyncRtSurfaceTransactionApplier:71 android.view.SyncRtSurfaceTransactionApplier$$ExternalSyntheticLambda0.onFrameDraw:4
08-04 06:28:17.759 20135 20794 I ViewRootImpl@a789ff6[dogglers]: mWNT: merge t to BBQ
08-04 06:28:17.760   752   769 I SurfaceFlinger: id=174100 createSurf (0x0),-1 flag=24004, Surface(name=a73f97f InputMethod)/@0x1e1d195 - animation-leash of insets_animation#1
08-04 06:28:17.765 28133 28133 I HBD     : h getDefaultInputRange : UNKNOWN
08-04 06:28:17.766 28133 28133 I HBD     : a currentState : 0
08-04 06:28:17.771 20135 20316 D OpenGLRenderer: setSurface called with nullptr
08-04 06:28:17.771 20135 20316 D OpenGLRenderer: setSurface() destroyed EGLSurface
