08-04 06:28:05.632 18365 18539 I TestRunner: started: clicking_horizontal_list_button_displays_horizontal_list(com.example.dogglers.ButtonTests)
08-04 06:28:05.638 18365 18365 D LifecycleMonitor: Lifecycle status change: androidx.test.core.app.InstrumentationActivityInvoker$EmptyActivity@357456e in: DESTROYED
08-04 06:28:05.642 18365 18575 D OpenGLRenderer: setSurface called with nullptr
08-04 06:28:05.643 18365 18365 I ViewRootImpl@16b06a5[InstrumentationActivityInvoker$EmptyActivity]: dispatchDetachedFromWindow
08-04 06:28:05.644 18709 18791 I Finsky  : [1385] adwk.c(2): registerListener
08-04 06:28:05.645 19836 19978 D InputTransport: Input channel destroyed: '5912402', fd=667
08-04 06:28:05.645 19836 19978 W InputManager-JNI: Input channel object '5912402 com.example.dogglers/androidx.test.core.app.InstrumentationActivityInvoker$EmptyActivity (client)' was disposed without first being removed with the input manager!
08-04 06:28:05.645 19836 19978 D InputTransport: Input channel destroyed: '5912402', fd=684
08-04 06:28:05.652   752   752 I Layer   : id=173837 removeFromCurrentState com.example.dogglers/androidx.test.core.app.InstrumentationActivityInvoker$EmptyActivity$_18365#1 (116)
08-04 06:28:05.652   752   752 I Layer   : id=173836 removeFromCurrentState 5912402 com.example.dogglers/androidx.test.core.app.InstrumentationActivityInvoker$EmptyActivity#0 (116)
08-04 06:28:05.652   752   752 I SurfaceFlinger: id=173837 Removed com.example.dogglers/androidx.test.core.app.InstrumentationActivityInvoker$EmptyActivity$_18365#1 (116)
08-04 06:28:05.652 18365 18365 D InputTransport: Input channel destroyed: '5912402', fd=99
08-04 06:28:05.652   752   752 I Layer   : id=173837 Destroyed com.example.dogglers/androidx.test.core.app.InstrumentationActivityInvoker$EmptyActivity$_18365#1
08-04 06:28:05.653   752  1103 I SurfaceFlinger: id=173836 Removed 5912402 com.example.dogglers/androidx.test.core.app.InstrumentationActivityInvoker$EmptyActivity#0 (115)
08-04 06:28:05.656   752   918 I SurfaceFlinger: id=173854 createSurf (0x0),-1 flag=24004, Task=83#1
08-04 06:28:05.662 20522 20522 I RecentsView: onTaskRemoved() taskId : 83
08-04 06:28:05.669   752   752 I Layer   : id=173835 removeFromCurrentState ActivityRecord{5bf800b u0 com.example.dogglers/androidx.test.core.app.InstrumentationActivityInvoker$EmptyActivity t83}#0 (116)
08-04 06:28:05.669 19724 20053 I bauth_FPBAuthService: pcf : 0x1012, 0 ,2 ,0 ,0 ,0 ,2, 0.0.0.0
08-04 06:28:05.669 19724 20053 I bauth_FPBAuthService: thread id : 2, preenroll_flag : 0, nd cnt : 1, cso : 3, et : 0
08-04 06:28:05.669 19724 20053 I bauth_FPBAuthService: FPBAuthService, 11756
08-04 06:28:05.669   752   752 I Layer   : id=173809 removeFromCurrentState Task=83#0 (116)
08-04 06:28:05.669   752   752 I Layer   : id=173854 removeFromCurrentState Task=83#1 (116)
08-04 06:28:05.669   752   752 I SurfaceFlinger: id=173835 Removed ActivityRecord{5bf800b u0 com.example.dogglers/androidx.test.core.app.InstrumentationActivityInvoker$EmptyActivity t83}#0 (116)
08-04 06:28:05.669   752   752 I SurfaceFlinger: id=173854 Removed Task=83#1 (116)
08-04 06:28:05.670   752   752 I Layer   : id=173854 Destroyed Task=83#1
08-04 06:28:05.670   752   752 I Layer   : id=173836 Destroyed 5912402 com.example.dogglers/androidx.test.core.app.InstrumentationActivityInvoker$EmptyActivity#0
08-04 06:28:05.670   752   752 I Layer   : id=173835 Destroyed ActivityRecord{5bf800b u0 com.example.dogglers/androidx.test.core.app.InstrumentationActivityInvoker$EmptyActivity t83}#0
08-04 06:28:05.674 20522 20522 I RecentsView: onTaskRemoved() taskId : 83
08-04 06:28:05.675 18839 18965 D ConnectivityManager: StackLog: [android.net.ConnectivityManager.sendRequestForNetwork(ConnectivityManager.java:4124)] [android.net.ConnectivityManager.registerDefaultNetworkCallbackForUid(ConnectivityManager.java:4688)] [android.net.ConnectivityManager.registerDefaultNetworkCallback(ConnectivityManager.java:4655)] [org.chromium.net.NetworkChangeNotifierAutoDetect.register(PG:3)] [org.chromium.net.NetworkChangeNotifierAutoDetect$RegistrationPolicy.register(PG:1)] [org.chromium.net.RegistrationPolicyAlwaysRegister.init(PG:2)] [org.chromium.net.NetworkChangeNotifierAutoDetect.<init>(PG:15)] [org.chromium.net.NetworkChangeNotifier.setAutoDetectConnectivityStateInternal(PG:1)] [org.chromium.net.NetworkChangeNotifier.registerToReceiveNotificationsAlways(PG:1)] [org.chromium.net.impl.CronetLibraryLoader.b(PG:2)] [arpm.run(PG:9)]
08-04 06:28:05.679 19836 19978 D ConnectivityService: requestNetwork for uid/pid:10203/18839 activeRequest: null callbackRequest: 1029 [NetworkRequest [ REQUEST id=1030, [ Capabilities: INTERNET&NOT_RESTRICTED&TRUSTED&NOT_VCN_MANAGED Uid: 10203 RequestorUid: 10203 RequestorPkg: com.google.android.youtube UnderlyingNetworks: Null] ]] callback flags: 0 order: 2147483647
08-04 06:28:05.679 18709 18791 I Finsky  : [1385] adwk.c(2): registerListener
08-04 06:28:05.680 19836 20005 D ConnectivityService: NetworkReassignment :
08-04 06:28:05.680 19836 20005 D ConnectivityService:   1030 : null → 105
08-04 06:28:05.680 19836 20005 D ConnectivityService:    accepting network in place of null
08-04 06:28:05.685 18365 18539 W Settings: Setting always_finish_activities has moved from android.provider.Settings.System to android.provider.Settings.Global, returning read-only value.
08-04 06:28:05.686   334   334 I lmkd    : cached 0, sandbox(not0) 0
08-04 06:28:05.687 19836 19989 D WifiNetworkFactory: got request NetworkRequest [ REQUEST id=1030, [ Capabilities: INTERNET&NOT_RESTRICTED&TRUSTED&NOT_VCN_MANAGED Uid: 10203 RequestorUid: 10203 RequestorPkg: com.google.android.youtube UnderlyingNetworks: Null] ]
08-04 06:28:05.690   334   334 I lmkd    : Reclaim 'com.android.vending:background' (18822), uid 1010186, oom_score_adj 915, state 19 to free 59324kB rss, 20216kB swap; reason: low watermark is breached and swap is low (2938472kB < 4110412kB)
08-04 06:28:05.693 19836 19989 D UntrustedWifiNetworkFactory: got request NetworkRequest [ REQUEST id=1030, [ Capabilities: INTERNET&NOT_RESTRICTED&TRUSTED&NOT_VCN_MANAGED Uid: 10203 RequestorUid: 10203 RequestorPkg: com.google.android.youtube UnderlyingNetworks: Null] ]
08-04 06:28:05.693 19836 19989 D OemPaidWifiNetworkFactory: got request NetworkRequest [ REQUEST id=1030, [ Capabilities: INTERNET&NOT_RESTRICTED&TRUSTED&NOT_VCN_MANAGED Uid: 10203 RequestorUid: 10203 RequestorPkg: com.google.android.youtube UnderlyingNetworks: Null] ]
08-04 06:28:05.701 18839 18965 D ConnectivityManager: StackLog: [android.net.ConnectivityManager.sendRequestForNetwork(ConnectivityManager.java:4124)] [android.net.ConnectivityManager.sendRequestForNetwork(ConnectivityManager.java:4166)] [android.net.ConnectivityManager.registerNetworkCallback(ConnectivityManager.java:4548)] [org.chromium.net.NetworkChangeNotifierAutoDetect.register(PG:10)] [org.chromium.net.NetworkChangeNotifierAutoDetect$RegistrationPolicy.register(PG:1)] [org.chromium.net.RegistrationPolicyAlwaysRegister.init(PG:2)] [org.chromium.net.NetworkChangeNotifierAutoDetect.<init>(PG:15)] [org.chromium.net.NetworkChangeNotifier.setAutoDetectConnectivityStateInternal(PG:1)] [org.chromium.net.NetworkChangeNotifier.registerToReceiveNotificationsAlways(PG:1)] [org.chromium.net.impl.CronetLibraryLoader.b(PG:2)] [arpm.run(PG:9)]
08-04 06:28:05.712 19836 20737 D ConnectivityService: ConnectivityService NetworkRequestInfo binderDied(uid/pid:1010186/18822, [NetworkRequest [ REQUEST id=1028, [ Capabilities: INTERNET&NOT_RESTRICTED&TRUSTED&NOT_VCN_MANAGED Uid: 1010186 RequestorUid: 1010186 RequestorPkg: com.android.vending UnderlyingNetworks: Null] ]], android.os.BinderProxy@7f7123a)
08-04 06:28:05.713   334   334 I lmkd    : 1(delay),0(swap), 0(freelimit) memory pressure events were skipped after a kill!
08-04 06:28:05.714 19836 20005 D ConnectivityService: releasing NetworkRequest [ REQUEST id=1028, [ Capabilities: INTERNET&NOT_RESTRICTED&TRUSTED&NOT_VCN_MANAGED Uid: 1010186 RequestorUid: 1010186 RequestorPkg: com.android.vending UnderlyingNetworks: Null] ] (release request)
08-04 06:28:05.714 19836 20005 D ConnectivityService:  Removing from current network [105 WIFI], leaving 140 requests.
08-04 06:28:05.714 19640 19640 I Zygote  : Process 18822 exited due to signal 9 (Killed)
08-04 06:28:05.714 19836 20477 I SemDvfsHyPerManager: acquire hyper - AMS_APP_SWITCH/19836@27, type = -999
08-04 06:28:05.714 19836 21257 D PkgPredictorService-IpmAdcpController: create a new DexPreloadTask pkg:com.example.dogglers  path:/data/app/~~vQIvKN_RSJn-oLUn5uy7_Q==/com.example.dogglers-lPO3UNkPc9qmscuVL_QpJA==
08-04 06:28:05.714 19652 19680 I HYPER-HAL: [RequestManager.cpp]acquire(): Acquired ID : 197279343  [19836 / 27]    HINT : AMS_APP_SWITCH    list :
08-04 06:28:05.716   752   918 I SurfaceFlinger: id=173855 createSurf (0x0),-1 flag=24004, Task=84#0
08-04 06:28:05.719   752  1238 I SurfaceFlinger: id=173856 createSurf (0x0),-1 flag=80004, ActivityRecord{5dd7448 u0 com.example.dogglers/androidx.test.core.app.InstrumentationActivityInvoker$BootstrapActivity t84}#0
08-04 06:28:05.721 21715 21715 I SemDvfsHyPerManager: acquire hyper - APP_START_SHORT/21715@15, type = -999
08-04 06:28:05.722 19652 19680 I HYPER-HAL: [RequestManager.cpp]acquire(): Acquired ID : 236107330  [21715 / 15]    HINT : APP_START    list : [TIMEOUT / 1500]
08-04 06:28:05.725 19836 19866 I libprocessgroup: Successfully killed process cgroup uid 1010186 pid 18822 in 0ms
08-04 06:28:05.726 19836 20005 D ConnectivityService: NetworkReassignment : no changes
08-04 06:28:05.741 19836 22300 I SemDvfsHyPerManager: acquire hyper - AMS_APP_LAUNCH/19836@13, type = -999
08-04 06:28:05.741 19652 19680 I HYPER-HAL: [RequestManager.cpp]acquire(): Acquired ID : 197001338  [19836 / 13]    HINT : AMS_APP_LAUNCH    list :
08-04 06:28:05.744 21715 21715 I SemDvfsHyPerManager: acquire hyper - APP_START/21715@16, type = -999
08-04 06:28:05.744 19652 19680 I HYPER-HAL: [RequestManager.cpp]acquire(): Acquired ID : 236129062  [21715 / 16]    HINT : APP_START    list :
08-04 06:28:05.747 19836 22347 D InputTransport: Input channel constructed: '56b8c1d', fd=684
08-04 06:28:05.748 19836 22347 D InputTransport: Input channel constructed: '56b8c1d', fd=699
08-04 06:28:05.748 19836 22347 D InputTransport: Input channel constructed: '56b8c1d', fd=722
08-04 06:28:05.749   752  1238 I SurfaceFlinger: id=173857 createSurf (0x0),-1 flag=80004, 56b8c1d Splash Screen com.example.dogglers#0
08-04 06:28:05.750 19836 22347 D InputTransport: Input channel destroyed: '56b8c1d', fd=722
08-04 06:28:05.752 20135 20264 I ViewRootImpl@852432f[dogglers]: setView = android.widget.FrameLayout@772c1a TM=true
08-04 06:28:05.763 19836 19978 V WindowManager: Relayout Window{56b8c1d u0 Splash Screen com.example.dogglers}: viewVisibility=0 req=1080x2408 d0
08-04 06:28:05.763   752  1238 I SurfaceFlinger: id=173858 createSurf (1x1),-3 flag=40004, Splash Screen com.example.dogglers$_20135#0
08-04 06:28:05.769 19836 19978 V WindowManager: Relayout hash=56b8c1d, pid=20135: mAttrs={(0,0)(fillxfill) sim={adjust=pan} ty=APPLICATION_STARTING fmt=TRANSLUCENT wanim=0x1030001
08-04 06:28:05.769 19836 19978 V WindowManager:   fl=81030118
08-04 06:28:05.769 19836 19978 V WindowManager:   pfl=36000010
08-04 06:28:05.769 19836 19978 V WindowManager:   bhv=DEFAULT
08-04 06:28:05.769 19836 19978 V WindowManager:   fitSides= naviIconColor=0}
08-04 06:28:05.771 18839 18885 D ConnectivityManager: StackLog: [android.net.ConnectivityManager.sendRequestForNetwork(ConnectivityManager.java:4124)] [android.net.ConnectivityManager.registerDefaultNetworkCallbackForUid(ConnectivityManager.java:4688)] [android.net.ConnectivityManager.registerDefaultNetworkCallback(ConnectivityManager.java:4655)] [android.net.ConnectivityManager.registerDefaultNetworkCallback(ConnectivityManager.java:4629)] [sqa.<init>(PG:7)] [oti.e(PG:1)] [ehq.b(PG:122)] [ehq.a(PG:111)] [apuo.a(PG:1)] [ehq.b(PG:154)] [ehq.a(PG:111)] [apuo.a(PG:1)] [vyx.a(PG:2)] [eiy.run(PG:126)] [svp.run(PG:7)] [nqd.run(PG:23)] [mzg.run(PG:6)] [sjp.run(PG:75)] [java.lang.Thread.run(Thread.java:920)]
08-04 06:28:05.774 19836 22300 D ConnectivityService: requestNetwork for uid/pid:10203/18839 activeRequest: null callbackRequest: 1032 [NetworkRequest [ REQUEST id=1033, [ Capabilities: INTERNET&NOT_RESTRICTED&TRUSTED&NOT_VCN_MANAGED Uid: 10203 RequestorUid: 10203 RequestorPkg: com.google.android.youtube UnderlyingNetworks: Null] ]] callback flags: 0 order: 2147483647
08-04 06:28:05.775 19836 20005 D ConnectivityService: NetworkReassignment :
08-04 06:28:05.775 19836 20005 D ConnectivityService:   1033 : null → 105
08-04 06:28:05.775 19836 20005 D ConnectivityService:    accepting network in place of null
08-04 06:28:05.777 19836 19989 D WifiNetworkFactory: got request NetworkRequest [ REQUEST id=1033, [ Capabilities: INTERNET&NOT_RESTRICTED&TRUSTED&NOT_VCN_MANAGED Uid: 10203 RequestorUid: 10203 RequestorPkg: com.google.android.youtube UnderlyingNetworks: Null] ]
08-04 06:28:05.777 19836 19989 D UntrustedWifiNetworkFactory: got request NetworkRequest [ REQUEST id=1033, [ Capabilities: INTERNET&NOT_RESTRICTED&TRUSTED&NOT_VCN_MANAGED Uid: 10203 RequestorUid: 10203 RequestorPkg: com.google.android.youtube UnderlyingNetworks: Null] ]
08-04 06:28:05.777 19836 19989 D OemPaidWifiNetworkFactory: got request NetworkRequest [ REQUEST id=1033, [ Capabilities: INTERNET&NOT_RESTRICTED&TRUSTED&NOT_VCN_MANAGED Uid: 10203 RequestorUid: 10203 RequestorPkg: com.google.android.youtube UnderlyingNetworks: Null] ]
08-04 06:28:05.778 20135 20264 I ViewRootImpl@852432f[dogglers]: Relayout returned: old=(0,0,1080,2408) new=(0,0,1080,2408) req=(1080,2408)0 dur=8 res=0x7 s={true 3038036992} ch=true fn=-1
08-04 06:28:05.780 20135 20316 D OpenGLRenderer: eglCreateWindowSurface
08-04 06:28:05.780 20135 20264 I ViewRootImpl@852432f[dogglers]: [DP] dp(1) 0 android.view.ViewRootImpl.reportNextDraw:11410 android.view.ViewRootImpl.performTraversals:4185 android.view.ViewRootImpl.doTraversal:2911
08-04 06:28:05.780 20135 20264 D ViewRootImpl@852432f[dogglers]: Creating frameDrawingCallback nextDrawUseBlastSync=false reportNextDraw=true hasBlurUpdates=false
08-04 06:28:05.780 20135 20264 D ViewRootImpl@852432f[dogglers]: Creating frameCompleteCallback
08-04 06:28:05.782 16175 16175 I IMM_LC  : hsifw() - flags=0, caller=android.view.inputmethod.InputMethodManager.hideSoftInputFromWindow:1858 Sm1.c:174 org.chromium.content.browser.input.ImeAdapterImpl.j:608 org.chromium.content.browser.input.ImeAdapterImpl.n:721 org.chromium.content.browser.input.ImeAdapterImpl.p:689
08-04 06:28:05.783 16175 16175 I IMM_LC  : hideSoftInputFromWindow - mService.hideSoftInput
08-04 06:28:05.783 20135 20795 D ViewRootImpl@852432f[dogglers]: Received frameDrawingCallback frameNum=1. Creating transactionCompleteCallback=false
08-04 06:28:05.796 20135 20316 D ViewRootImpl@852432f[dogglers]: Received frameCompleteCallback  lastAcquiredFrameNum=1 lastAttemptedDrawFrameNum=1
08-04 06:28:05.799 20135 20264 I ViewRootImpl@852432f[dogglers]: [DP] pdf(0) 0 android.view.ViewRootImpl.lambda$addFrameCompleteCallbackIfNeeded$3$ViewRootImpl:4987 android.view.ViewRootImpl$$ExternalSyntheticLambda16.run:6 android.os.Handler.handleCallback:938
08-04 06:28:05.799 20135 20264 I ViewRootImpl@852432f[dogglers]: [DP] rdf()
08-04 06:28:05.799 20135 20264 D ViewRootImpl@852432f[dogglers]: reportDrawFinished (fn: -1)
08-04 06:28:05.816 19836 22763 D InputDispatcher: Focused application set to (0): 5dd7448
08-04 06:28:05.824 18839 18839 W android.youtub: Long monitor contention with owner yt-critical3-1 (18885) at java.lang.Object apuo.a()(PG:2) waiters=0 in java.lang.Object apuo.a() for 320ms
08-04 06:28:05.830 18839 18926 D StrictMode: StrictMode policy violation: android.os.strictmode.NetworkViolation
08-04 06:28:05.830 18839 18926 D StrictMode: 	at android.os.StrictMode$AndroidBlockGuardPolicy.onNetwork(StrictMode.java:1673)
08-04 06:28:05.830 18839 18926 D StrictMode: 	at java.net.Inet6AddressImpl.lookupHostByName(Inet6AddressImpl.java:115)
08-04 06:28:05.830 18839 18926 D StrictMode: 	at java.net.Inet6AddressImpl.lookupAllHostAddr(Inet6AddressImpl.java:103)
08-04 06:28:05.830 18839 18926 D StrictMode: 	at java.net.InetAddress.getByName(InetAddress.java:1106)
08-04 06:28:05.830 18839 18926 D StrictMode: 	at lmz.v(PG:4)
08-04 06:28:05.830 18839 18926 D StrictMode: 	at eip.run(PG:14)
08-04 06:28:05.830 18839 18926 D StrictMode: 	at svp.run(PG:7)
08-04 06:28:05.830 18839 18926 D StrictMode: 	at npz.run(PG:5)
08-04 06:28:05.830 18839 18926 D StrictMode: 	at nqd.run(PG:23)
08-04 06:28:05.830 18839 18926 D StrictMode: 	at mzg.run(PG:6)
08-04 06:28:05.830 18839 18926 D StrictMode: 	at mzg.run(PG:33)
08-04 06:28:05.830 18839 18926 D StrictMode: 	at com.google.android.apps.youtube.embeddedplayer.service.jar.client.r.run(PG:5)
08-04 06:28:05.830 18839 18926 D StrictMode: 	at java.lang.Thread.run(Thread.java:920)
08-04 06:28:05.833 18839 18926 D StrictMode: StrictMode policy violation: android.os.strictmode.NetworkViolation
08-04 06:28:05.833 18839 18926 D StrictMode: 	at android.os.StrictMode$AndroidBlockGuardPolicy.onNetwork(StrictMode.java:1673)
08-04 06:28:05.833 18839 18926 D StrictMode: 	at libcore.io.BlockGuardOs.android_getaddrinfo(BlockGuardOs.java:219)
08-04 06:28:05.833 18839 18926 D StrictMode: 	at libcore.io.ForwardingOs.android_getaddrinfo(ForwardingOs.java:136)
08-04 06:28:05.833 18839 18926 D StrictMode: 	at java.net.Inet6AddressImpl.lookupHostByName(Inet6AddressImpl.java:135)
08-04 06:28:05.833 18839 18926 D StrictMode: 	at java.net.Inet6AddressImpl.lookupAllHostAddr(Inet6AddressImpl.java:103)
08-04 06:28:05.833 18839 18926 D StrictMode: 	at java.net.InetAddress.getByName(InetAddress.java:1106)
08-04 06:28:05.833 18839 18926 D StrictMode: 	at lmz.v(PG:4)
08-04 06:28:05.833 18839 18926 D StrictMode: 	at eip.run(PG:14)
08-04 06:28:05.833 18839 18926 D StrictMode: 	at svp.run(PG:7)
08-04 06:28:05.833 18839 18926 D StrictMode: 	at npz.run(PG:5)
08-04 06:28:05.833 18839 18926 D StrictMode: 	at nqd.run(PG:23)
08-04 06:28:05.833 18839 18926 D StrictMode: 	at mzg.run(PG:6)
08-04 06:28:05.833 18839 18926 D StrictMode: 	at mzg.run(PG:33)
08-04 06:28:05.833 18839 18926 D StrictMode: 	at com.google.android.apps.youtube.embeddedplayer.service.jar.client.r.run(PG:5)
08-04 06:28:05.833 18839 18926 D StrictMode: 	at java.lang.Thread.run(Thread.java:920)
08-04 06:28:05.841 19836 20077 D NetdEventListenerService: DNS Requested by : 105, 10203, 0
08-04 06:28:05.845 20135 20135 D FullscreenTaskListener: Fullscreen Task Appeared: #84, caller=com.android.wm.shell.ShellTaskOrganizer.onTaskAppeared:387 com.android.wm.shell.ShellTaskOrganizer.onTaskAppeared:376 android.window.TaskOrganizer$1.lambda$onTaskAppeared$4$TaskOrganizer$1:297
08-04 06:28:05.845 18839 18959 W android.youtub: Long monitor contention with owner main (18839) at java.lang.Object apuo.a()(PG:2) waiters=0 in java.lang.Object apuo.a() for 332ms
08-04 06:28:05.846 19836 20077 D NetdEventListenerService: DNS Requested by : 105, 1000, 0
08-04 06:28:05.847 18709 18957 W android.vendin: Accessing hidden method Ljava/util/Collections$SynchronizedSet;-><init>(Ljava/util/Set;Ljava/lang/Object;)V (max-target-o, reflection, denied)
08-04 06:28:05.847 18709 18957 W android.vendin: Accessing hidden method Ljava/util/Collections$SynchronizedCollection;-><init>(Ljava/util/Collection;Ljava/lang/Object;)V (max-target-o, reflection, denied)
08-04 06:28:05.848   752  1238 I SurfaceFlinger: id=173859 createSurf (0x0),-1 flag=24000, Surface(name=Task=82)/@0xa615068 - animation-leash of app_transition#0
08-04 06:28:05.849 18839 18927 W android.youtub: Long monitor contention with owner main (18839) at java.lang.Object apuo.a()(PG:2) waiters=1 in java.lang.Object apuo.a() for 270ms
08-04 06:28:05.850   752   918 I SurfaceFlinger: id=173860 createSurf (0x0),-1 flag=20004, Dim Layer for - Task=82 - animating-dim#0
08-04 06:28:05.852   752   769 I SurfaceFlinger: id=173861 createSurf (0x0),-1 flag=24000, Surface(name=Dim Layer for - Task=82 - animating-dim)/@0xc388eb6 - animation-leash of dimmer#0
08-04 06:28:05.856   752   769 I SurfaceFlinger: id=173862 createSurf (0x0),-1 flag=24004, Surface(name=Task=84)/@0x65296af - animation-leash of app_transition#0
08-04 06:28:05.858 19836 22347 D InputDispatcher: Focus left window (0): d1e5015 com.android.chrome/org.chromium.chrome.browser.customtabs.CustomTabActivity
08-04 06:28:05.859 16175 16175 I ViewRootImpl@6011630[CustomTabActivity]: MSG_WINDOW_FOCUS_CHANGED 0 1
08-04 06:28:05.869   752   752 I Layer   : id=173863 Destroyed Screenshot Parent
08-04 06:28:05.878   752   769 I SurfaceFlinger: id=173864 createSurf (0x0),-1 flag=24000, Surface(name=ac392f8 StatusBar)/@0x2bc773f - animation-leash of insets_animation#1
08-04 06:28:05.879   752   918 I SurfaceFlinger: id=173865 createSurf (0x0),-1 flag=24000, Surface(name=e75ea59 NavigationBar0)/@0x799bb6a - animation-leash of insets_animation#0
08-04 06:28:05.881 19836 20059 D SemNscXgbMsL1: Probability - Cloud gaming: [0.036992196]
08-04 06:28:05.881 19836 20059 D SemNscXgbMsL1: Probability - Real time: [0.56074315]
08-04 06:28:05.881 19836 20059 D SemNscXgbMsL1: Probability - Non real time: [0.80321693]
08-04 06:28:05.881 19836 20059 D SemNscXgbMsL1: 1 sample inference time: 0.582308 msecs
08-04 06:28:05.883 19836 20059 D SemNscXgbL2Rt: L2 RT 1 sample inference time: 0.991116 msecs
08-04 06:28:05.883 19836 20059 D SemNscXgbL2Nrt: L2 NRT 1 sample inference time: 0.796385 msecs
08-04 06:28:05.885   752   752 I Layer   : id=173842 removeFromCurrentState Surface(name=ac392f8 StatusBar)/@0x2bc773f - animation-leash of insets_animation#0 (123)
08-04 06:28:05.885   752   752 I Layer   : id=173843 removeFromCurrentState Surface(name=e75ea59 NavigationBar0)/@0x799bb6a - animation-leash of insets_animation#1 (123)
08-04 06:28:05.885   752   752 I SurfaceFlinger: id=173842 Removed Surface(name=ac392f8 StatusBar)/@0x2bc773f - animation-leash of insets_animation#0 (123)
08-04 06:28:05.886   752   752 I SurfaceFlinger: id=173843 Removed Surface(name=e75ea59 NavigationBar0)/@0x799bb6a - animation-leash of insets_animation#1 (123)
08-04 06:28:05.886   752   752 I Layer   : id=173842 Destroyed Surface(name=ac392f8 StatusBar)/@0x2bc773f - animation-leash of insets_animation#0
08-04 06:28:05.886   752   752 I Layer   : id=173843 Destroyed Surface(name=e75ea59 NavigationBar0)/@0x799bb6a - animation-leash of insets_animation#1
08-04 06:28:05.887 20135 20264 D InsetsSourceConsumer: ensureControlAlpha: for ITYPE_NAVIGATION_BAR on Splash Screen com.example.dogglers
08-04 06:28:05.889 20135 20264 D InsetsSourceConsumer: ensureControlAlpha: for ITYPE_STATUS_BAR on Splash Screen com.example.dogglers
08-04 06:28:05.901 18365 18365 D LifecycleMonitor: Lifecycle status change: androidx.test.core.app.InstrumentationActivityInvoker$BootstrapActivity@2ce9446 in: PRE_ON_CREATE
08-04 06:28:05.902 19836 19854 I SemPersonaManager: SecureFolder personaId = 10
08-04 06:28:05.903 18365 18365 V ActivityScenario: Activity lifecycle changed event received but ignored because the intent does not match. startActivityIntent=Intent { act=android.intent.action.MAIN cat=[android.intent.category.LAUNCHER] cmp=com.example.dogglers/.MainActivity }, activity.getIntent()=Intent { act=android.intent.action.MAIN cat=[android.intent.category.LAUNCHER] flg=0x10008000 cmp=com.example.dogglers/androidx.test.core.app.InstrumentationActivityInvoker$BootstrapActivity (has extras) }, activity=androidx.test.core.app.InstrumentationActivityInvoker$BootstrapActivity@2ce9446
08-04 06:28:05.912   752   752 D SurfaceFlinger: Display 4633128508267670401 HWC layers:
08-04 06:28:05.912   752   752 D SurfaceFlinger:      DEVICE | 0xe8aa8080 | 0002 | RGBA_8888    |    0.0    0.0 1080.0 2300.0 |    0   48 1080 2348 | com.android.chrome/ChromeChildSurface#0
08-04 06:28:05.912   752   752 D SurfaceFlinger:      DEVICE | 0xe8f21c80 | 0100 | RGBA_8888    |    0.0   18.0 1080.0 2408.0 |    0    0 1080 2390 | com.android.chrome/org.chromium.chro[...]ustomtabs.CustomTabActivity$_16175#0
08-04 06:28:05.912   752   752 D SurfaceFlinger:      CLIENT |              | 0000 |  Unknown  |    0.0    0.0    0.0    0.0 |    0    0 1080 2390 | Dim Layer for - Task=82 - animating-dim#0
08-04 06:28:05.912   752   752 D SurfaceFlinger:      CLIENT | 0xe53e4c00 | 0100 | RGBA_8888    |    0.0    0.0 1080.0 2069.0 |    0  339 1080 2408 | Splash Screen com.example.dogglers$_20135#0
08-04 06:28:05.912   752   752 D SurfaceFlinger:      CLIENT | 0xe8f21680 | 0100 | RGBA_8888    |    0.0    0.0 1080.0   66.0 |    0    0 1080   66 | StatusBar$_20135#0
08-04 06:28:05.912   752   752 D SurfaceFlinger:      CLIENT | 0xe8f21080 | 0100 | RGBA_8888    |    0.0    0.0  388.0   42.0 |  692 2366 1080 2408 | SGestureOverlayWindow$_20522#0
08-04 06:28:05.912   752   752 D SurfaceFlinger:      CLIENT | 0xe8f22100 | 0100 | RGBA_8888    |    0.0    0.0 1080.0  135.0 |    0 2273 1080 2408 | NavigationBar0$_20135#0
08-04 06:28:05.912   752   752 D SurfaceFlinger:
08-04 06:28:05.912   752   752 D SurfaceFlinger:      DEVICE | 0xe943ff80 | 0108 | RGBA_8888    |    0.0    0.0 1080.0 2408.0 |    0    0 1080 2408 | BlueLightFilter$_20135#0
08-04 06:28:05.912   752   752 D SurfaceFlinger:
08-04 06:28:05.918 19836 19854 D EnterpriseDeviceManagerService: isMdmAdminPresentInternal() : MDM Admin Found - com.samsung.android.knox.containercore
08-04 06:28:05.919 19836 21401 I MediaSessionMonitor: Media session stopped : controllerList empty
08-04 06:28:05.921 18365 18365 I DecorView: [INFO] isPopOver=false, config=true
08-04 06:28:05.921 18365 18365 I DecorView: updateCaptionType >> DecorView@49d9ba3[], isFloating=false, isApplication=true, hasWindowControllerCallback=true, hasWindowDecorCaption=false
08-04 06:28:05.922 18365 18365 D DecorView: setCaptionType = 0, this = DecorView@49d9ba3[]
08-04 06:28:05.929 18709 18791 I Finsky  : [1385] ytm.<init>(3): VerifyApps: Setup app restrictions monitor
08-04 06:28:05.935 18365 18365 I DecorView: getCurrentDensityDpi: from real metrics. densityDpi=450 msg=resources_loaded
08-04 06:28:05.938 18365 18365 D LifecycleMonitor: Lifecycle status change: androidx.test.core.app.InstrumentationActivityInvoker$BootstrapActivity@2ce9446 in: CREATED
08-04 06:28:05.940 18365 18365 V ActivityScenario: Activity lifecycle changed event received but ignored because the intent does not match. startActivityIntent=Intent { act=android.intent.action.MAIN cat=[android.intent.category.LAUNCHER] cmp=com.example.dogglers/.MainActivity }, activity.getIntent()=Intent { act=android.intent.action.MAIN cat=[android.intent.category.LAUNCHER] flg=0x10008000 cmp=com.example.dogglers/androidx.test.core.app.InstrumentationActivityInvoker$BootstrapActivity (has extras) }, activity=androidx.test.core.app.InstrumentationActivityInvoker$BootstrapActivity@2ce9446
08-04 06:28:05.945 18365 18365 D LifecycleMonitor: Lifecycle status change: androidx.test.core.app.InstrumentationActivityInvoker$BootstrapActivity@2ce9446 in: STARTED
08-04 06:28:05.947 18365 18365 V ActivityScenario: Activity lifecycle changed event received but ignored because the intent does not match. startActivityIntent=Intent { act=android.intent.action.MAIN cat=[android.intent.category.LAUNCHER] cmp=com.example.dogglers/.MainActivity }, activity.getIntent()=Intent { act=android.intent.action.MAIN cat=[android.intent.category.LAUNCHER] flg=0x10008000 cmp=com.example.dogglers/androidx.test.core.app.InstrumentationActivityInvoker$BootstrapActivity (has extras) }, activity=androidx.test.core.app.InstrumentationActivityInvoker$BootstrapActivity@2ce9446
08-04 06:28:05.951 20522 17031 I RecentModel: onTaskStackChangedBackground
08-04 06:28:05.955   752  1238 I SurfaceFlinger: id=173866 createSurf (0x0),-1 flag=80004, ActivityRecord{ebad9 u0 com.example.dogglers/.MainActivity t84}#0
08-04 06:28:05.964 16437 16437 D Zygote  : Forked child process 18999
08-04 06:28:05.965 20135 21292 I ViewRootImpl@852432f[dogglers]: Resizing android.view.ViewRootImpl@849e34b: frame=[0,0][1080,2408] reportDraw=false forceLayout=false backDropFrame=Rect(0, 0 - 1080, 2408)
08-04 06:28:05.966 18365 18365 D LifecycleMonitor: Lifecycle status change: androidx.test.core.app.InstrumentationActivityInvoker$BootstrapActivity@2ce9446 in: RESUMED
08-04 06:28:05.967 18709 18791 I Finsky  : [1385] yzc.a(3): VerifyApps: Device wide unknown source restriction updated
08-04 06:28:05.969 18365 18365 V ActivityScenario: Activity lifecycle changed event received but ignored because the intent does not match. startActivityIntent=Intent { act=android.intent.action.MAIN cat=[android.intent.category.LAUNCHER] cmp=com.example.dogglers/.MainActivity }, activity.getIntent()=Intent { act=android.intent.action.MAIN cat=[android.intent.category.LAUNCHER] flg=0x10008000 cmp=com.example.dogglers/androidx.test.core.app.InstrumentationActivityInvoker$BootstrapActivity (has extras) }, activity=androidx.test.core.app.InstrumentationActivityInvoker$BootstrapActivity@2ce9446
08-04 06:28:05.970 20135 20264 I ViewRootImpl@852432f[dogglers]: handleResized, msg = 4 frames=ClientWindowFrames{frame=[0,0][1080,2408] display=[0,0][1080,2408] backdrop=[0,0][1080,2408]} forceNextWindowRelayout=false displayId=0 frameChanged=false backdropFrameChanged=false configChanged=false displayChanged=false mNextDrawUseBlastSync=false mergedConfiguration={mGlobalConfig={0.9 404mcc40mnc [en_IN] ldltr sw384dp w384dp h817dp 450dpi nrml long port night finger -keyb/v/h -nav/h winConfig={ mBounds=Rect(0, 0 - 1080, 2408) mAppBounds=Rect(0, 65 - 1080, 2366) mMaxBounds=Rect(0, 0 - 1080, 2408) mWindowingMode=fullscreen mDisplayWindowingMode=fullscreen mActivityType=undefined mAlwaysOnTop=undefined mRotation=ROTATION_0 mPopOver=undefined mFreeformTaskPinningState=undefined} s.224 fontWeightAdjustment=0 ff=0 bf=0 bts=0 enb/d themeSeq=0} mOverrideConfig={0.9 404mcc40mnc [en_IN] ldltr sw384dp w384dp h817dp 450dpi nrml long port night finger -keyb/v/h -nav/h winConfig={ mBounds=Rect(0, 0 - 1080, 2408) mAppBounds=Rect(0, 65 - 1080, 2366) mMaxBounds=Rect(0, 0 - 1080, 2408) mWindowingMode=fullscreen mDisplayWindowingMode=fullscreen mActivityType=standard mAlwaysOnTop=undefined mRotation=ROTATION_0 mPopOver=off mFreeformTaskPinningState=unpinned} s.1 fontWeightAdjustment=0 ff=0 bf=0 bts=0 enb/d themeSeq=0}}
08-04 06:28:05.973 19836 19854 D PersonaActivityHelper: Activity not in resumed state, do not run immediate lock
08-04 06:28:05.974 19640 19640 W Zygote  : forkRepeatedly terminated due to non-simple command
08-04 06:28:05.974 19640 19640 D Zygote  : mbuffer starts with 17, nice name is , mEnd = 912, mNext = 35, mLinesLeft = 15, mFd = 57
08-04 06:28:05.978 18365 18365 D LifecycleMonitor: Lifecycle status change: androidx.test.core.app.InstrumentationActivityInvoker$BootstrapActivity@2ce9446 in: PAUSED
08-04 06:28:05.980 18365 18365 V ActivityScenario: Activity lifecycle changed event received but ignored because the intent does not match. startActivityIntent=Intent { act=android.intent.action.MAIN cat=[android.intent.category.LAUNCHER] cmp=com.example.dogglers/.MainActivity }, activity.getIntent()=Intent { act=android.intent.action.MAIN cat=[android.intent.category.LAUNCHER] flg=0x10008000 cmp=com.example.dogglers/androidx.test.core.app.InstrumentationActivityInvoker$BootstrapActivity (has extras) }, activity=androidx.test.core.app.InstrumentationActivityInvoker$BootstrapActivity@2ce9446
08-04 06:28:05.994 19836 22300 D InputDispatcher: Focused application set to (0): ebad9 u
08-04 06:28:05.997 19640 19640 D Zygote  : Forked child process 19012
08-04 06:28:06.003 18999 18999 E ocessService0:: Not starting debugger since process cannot load the jdwp agent.
08-04 06:28:06.011 19836 19854 I SemPersonaManager: SecureFolder personaId = 10
08-04 06:28:06.012 18999 18999 E USNET   : USNET: appName: com.android.chrome:sandboxed_process0:org.chromium.content.app.SandboxedProcessService0:1
08-04 06:28:06.014 18999 18999 D ProcessState: Binder ioctl to enable oneway spam detection failed: Invalid argument
08-04 06:28:06.021 18999 18999 D ActivityThread: setConscryptValidator
08-04 06:28:06.021 18999 18999 D ActivityThread: setConscryptValidator - put
08-04 06:28:06.027 19836 19854 D EnterpriseDeviceManagerService: isMdmAdminPresentInternal() : MDM Admin Found - com.samsung.android.knox.containercore
08-04 06:28:06.029 19836 21401 I MediaSessionMonitor: Media session stopped : controllerList empty
08-04 06:28:06.034 18365 18365 D LifecycleMonitor: Lifecycle status change: com.example.dogglers.MainActivity@d8184cc in: PRE_ON_CREATE
08-04 06:28:06.036 18365 18365 V ActivityScenario: Activity lifecycle changed event received but ignored because the reported transition was not ON_CREATE while the last known transition was PRE_ON_CREATE
08-04 06:28:06.046 19836 20063 W SemWifiTransportLayerUtils: getApplicationCategory - IOException com.example.dogglers
08-04 06:28:06.046 19836 20063 W System.err: java.io.FileNotFoundException: https://play.google.com/store/apps/details?id=com.example.dogglers&hl=en
08-04 06:28:06.046 19836 20063 W System.err: 	at com.android.okhttp.internal.huc.HttpURLConnectionImpl.getInputStream(HttpURLConnectionImpl.java:255)
08-04 06:28:06.046 19836 20063 W System.err: 	at com.android.okhttp.internal.huc.DelegatingHttpsURLConnection.getInputStream(DelegatingHttpsURLConnection.java:211)
08-04 06:28:06.046 19836 20063 W System.err: 	at com.android.okhttp.internal.huc.HttpsURLConnectionImpl.getInputStream(HttpsURLConnectionImpl.java:30)
08-04 06:28:06.046 19836 20063 W System.err: 	at com.samsung.android.server.wifi.tcp.SemWifiTransportLayerUtils.getApplicationCategory(SemWifiTransportLayerUtils.java:104)
08-04 06:28:06.046 19836 20063 W System.err: 	at com.samsung.android.server.wifi.tcp.SemWifiTransportLayerMonitor$TcpMonitorHandler.handleMessage(SemWifiTransportLayerMonitor.java:244)
08-04 06:28:06.046 19836 20063 W System.err: 	at android.os.Handler.dispatchMessage(Handler.java:106)
08-04 06:28:06.046 19836 20063 W System.err: 	at android.os.Looper.loopOnce(Looper.java:226)
08-04 06:28:06.046 19836 20063 W System.err: 	at android.os.Looper.loop(Looper.java:313)
08-04 06:28:06.046 19836 20063 W System.err: 	at android.os.HandlerThread.run(HandlerThread.java:67)
08-04 06:28:06.052 19012 19012 E gle.android.gm: Not starting debugger since process cannot load the jdwp agent.
08-04 06:28:06.057 19836 20063 D SemWifiTransportLayerMonitor.TcpMonitorHandler: MSG_SAVE_PACKAGE_INFO
08-04 06:28:06.058 19836 20063 D SemWifiTransportLayerFileManager: saveWifiPackageInfoToFile
08-04 06:28:06.058 19836 20063 D SemWifiTransportLayerFileManager: writeWifiPackageInfoList
08-04 06:28:06.067 19012 19012 E USNET   : USNET: appName: com.google.android.gms
08-04 06:28:06.069 19012 19012 D ProcessState: Binder ioctl to enable oneway spam detection failed: Invalid argument
08-04 06:28:06.081 18999 18999 D CompatibilityChangeReporter: Compat change id reported: 171979766; UID 90001; state: ENABLED
08-04 06:28:06.093   335   343 I servicemanager: network_management is isloated, getService has failed.
08-04 06:28:06.096 18709 18797 W android.vendin: Long monitor contention with owner LightweightExecutor #2 (18792) at fbg vpb.O(android.accounts.Account)(PG:7) waiters=0 in fbg vpb.O(android.accounts.Account) for 602ms
08-04 06:28:06.101 19012 19012 D ActivityThread: setConscryptValidator
08-04 06:28:06.101 19012 19012 D ActivityThread: setConscryptValidator - put
08-04 06:28:06.104 20522 20560 I RecentModel: onTaskStackChangedBackground
08-04 06:28:06.129   335   343 I servicemanager: connectivity is isloated, getService has failed.
08-04 06:28:06.133 18999 18999 D NetworkSecurityConfig: Using Network Security Config from resource 0_resource_name_obfuscated debugBuild: false
08-04 06:28:06.135 18365 18365 I DecorView: [INFO] isPopOver=false, config=true
08-04 06:28:06.135 18365 18365 I DecorView: updateCaptionType >> DecorView@65e6b60[], isFloating=false, isApplication=true, hasWindowControllerCallback=true, hasWindowDecorCaption=false
08-04 06:28:06.136 18365 18365 D DecorView: setCaptionType = 0, this = DecorView@65e6b60[]
08-04 06:28:06.143 18365 18365 I DecorView: getCurrentDensityDpi: from real metrics. densityDpi=450 msg=resources_loaded
08-04 06:28:06.148 18999 18999 D NetworkSecurityConfig: Using Network Security Config from resource 0_resource_name_obfuscated debugBuild: false
08-04 06:28:06.165 18999 18999 I cr_SplitCompatApp: Launched version=103.0.5060.129 minSdkVersion=29 isBundle=true processName=com.android.chrome:sandboxed_process0:org.chromium.content.app.SandboxedProcessService0:1 isIsolated=true
08-04 06:28:06.165 19012 19012 D CompatibilityChangeReporter: Compat change id reported: 171979766; UID 1010187; state: ENABLED
08-04 06:28:06.188   335   343 I servicemanager: edm_proxy is isloated, getService has failed.
08-04 06:28:06.190 18709 18734 W android.vendin: Suspending all threads took: 20.391ms
08-04 06:28:06.193 18365 18365 D LifecycleMonitor: Lifecycle status change: com.example.dogglers.MainActivity@d8184cc in: CREATED
08-04 06:28:06.196 18365 18365 V ActivityScenario: Update currentActivityStage to CREATED, currentActivity=com.example.dogglers.MainActivity@d8184cc
08-04 06:28:06.200   335   343 I servicemanager: uimode is isloated, getService has failed.
08-04 06:28:06.200 18365 18365 D LifecycleMonitor: Lifecycle status change: com.example.dogglers.MainActivity@d8184cc in: STARTED
08-04 06:28:06.201   752   752 I Layer   : id=173861 removeFromCurrentState Surface(name=Dim Layer for - Task=82 - animating-dim)/@0xc388eb6 - animation-leash of dimmer#0 (122)
08-04 06:28:06.201   752   752 I SurfaceFlinger: id=173861 Removed Surface(name=Dim Layer for - Task=82 - animating-dim)/@0xc388eb6 - animation-leash of dimmer#0 (122)
08-04 06:28:06.201   752   752 I Layer   : id=173861 Destroyed Surface(name=Dim Layer for - Task=82 - animating-dim)/@0xc388eb6 - animation-leash of dimmer#0
08-04 06:28:06.202 18999 18999 W SystemServiceRegistry: No service published for: uimode
08-04 06:28:06.202 18365 18365 V ActivityScenario: Update currentActivityStage to STARTED, currentActivity=com.example.dogglers.MainActivity@d8184cc
08-04 06:28:06.207 18365 18365 D LifecycleMonitor: Lifecycle status change: com.example.dogglers.MainActivity@d8184cc in: RESUMED
08-04 06:28:06.211 18365 18365 V ActivityScenario: Update currentActivityStage to RESUMED, currentActivity=com.example.dogglers.MainActivity@d8184cc
08-04 06:28:06.220 18365 18539 W xample.doggler: Accessing hidden method Landroid/view/ViewConfiguration;->getDoubleTapMinTime()I (unsupported, reflection, allowed)
08-04 06:28:06.228 19836 20321 D InputTransport: Input channel constructed: '4bbb614', fd=722
08-04 06:28:06.229 19836 20321 D InputTransport: Input channel constructed: '4bbb614', fd=837
08-04 06:28:06.229 19836 20321 D InputTransport: Input channel constructed: '4bbb614', fd=842
08-04 06:28:06.230   752   770 I SurfaceFlinger: id=173867 createSurf (0x0),-1 flag=80004, 4bbb614 com.example.dogglers/com.example.dogglers.MainActivity#0
08-04 06:28:06.232 19836 20321 D InputTransport: Input channel destroyed: '4bbb614', fd=842
08-04 06:28:06.236 18365 18365 I ViewRootImpl@3b94989[MainActivity]: setView = com.android.internal.policy.DecorView@65e6b60 TM=true
08-04 06:28:06.238 18999 18999 I cr_ChildProcessService: Creating new ChildProcessService pid=18999
08-04 06:28:06.238 19836 19894 D AnalyticsContainerHandler: handleMessage : { when=0 what=1 target=com.android.server.knox.KnoxAnalyticsContainer$AnalyticsHandler }
08-04 06:28:06.257   335   343 E audit   : avc:  denied  { find } for pid=18999 uid=90001 name=content_capture scontext=u:r:isolated_app:s0:c512,c768 tcontext=u:object_r:content_capture_service:s0 tclass=service_manager permissive=0
08-04 06:28:06.257   335   343 I servicemanager: content_capture : getService has failed, permission denied.
08-04 06:28:06.261 18709 18859 I Finsky  : [1398] vpb.<init>(4): Item store provider started.
08-04 06:28:06.272 16175 16175 I ViewRootImpl@6011630[CustomTabActivity]: handleAppVisibility mAppVisible=true visible=false
08-04 06:28:06.282 18999 19045 I cr_LibraryLoader: Successfully loaded native library
08-04 06:28:06.284   752   752 I Layer   : id=173859 removeFromCurrentState Surface(name=Task=82)/@0xa615068 - animation-leash of app_transition#0 (122)
08-04 06:28:06.284   752   752 I Layer   : id=173862 removeFromCurrentState Surface(name=Task=84)/@0x65296af - animation-leash of app_transition#0 (122)
08-04 06:28:06.284   752   752 I Layer   : id=173855 removeFromCurrentState Task=84#0 (122)
08-04 06:28:06.284   752   752 I Layer   : id=173856 removeFromCurrentState ActivityRecord{5dd7448 u0 com.example.dogglers/androidx.test.core.app.InstrumentationActivityInvoker$BootstrapActivity t84}#0 (122)
08-04 06:28:06.284   752   752 I Layer   : id=173866 removeFromCurrentState ActivityRecord{ebad9 u0 com.example.dogglers/.MainActivity t84}#0 (122)
08-04 06:28:06.284   752   752 I Layer   : id=173867 removeFromCurrentState 4bbb614 com.example.dogglers/com.example.dogglers.MainActivity#0 (122)
08-04 06:28:06.284   752   752 I Layer   : id=173857 removeFromCurrentState 56b8c1d Splash Screen com.example.dogglers#0 (122)
08-04 06:28:06.284   752   752 I Layer   : id=173858 removeFromCurrentState Splash Screen com.example.dogglers$_20135#0 (122)
08-04 06:28:06.285   752   752 I Layer   : id=173860 removeFromCurrentState Dim Layer for - Task=82 - animating-dim#0 (122)
08-04 06:28:06.285 18999 19045 I cr_CachingUmaRecorder: Flushed 11 samples from 11 histograms.
08-04 06:28:06.285   752   752 I Layer   : id=173855 addToCurrentState Task=84#0 (122)
08-04 06:28:06.285   752   752 I Layer   : id=173856 addToCurrentState ActivityRecord{5dd7448 u0 com.example.dogglers/androidx.test.core.app.InstrumentationActivityInvoker$BootstrapActivity t84}#0 (122)
08-04 06:28:06.285   752   752 I Layer   : id=173866 addToCurrentState ActivityRecord{ebad9 u0 com.example.dogglers/.MainActivity t84}#0 (122)
08-04 06:28:06.285   752   752 I Layer   : id=173867 addToCurrentState 4bbb614 com.example.dogglers/com.example.dogglers.MainActivity#0 (122)
08-04 06:28:06.285   752   752 I Layer   : id=173857 addToCurrentState 56b8c1d Splash Screen com.example.dogglers#0 (122)
08-04 06:28:06.285   752   752 I Layer   : id=173858 addToCurrentState Splash Screen com.example.dogglers$_20135#0 (122)
08-04 06:28:06.285   752   752 I SurfaceFlinger: id=173860 Removed Dim Layer for - Task=82 - animating-dim#0 (122)
08-04 06:28:06.285   752   752 I SurfaceFlinger: id=173862 Removed Surface(name=Task=84)/@0x65296af - animation-leash of app_transition#0 (122)
08-04 06:28:06.285   752   752 I SurfaceFlinger: id=173859 Removed Surface(name=Task=82)/@0xa615068 - animation-leash of app_transition#0 (122)
08-04 06:28:06.285 16175 16175 I SurfaceView@3a27ac: onWindowVisibilityChanged(8) false android.view.SurfaceView{3a27ac V.E...... ........ 0,0-1080,2300} of ViewRootImpl@6011630[CustomTabActivity]
08-04 06:28:06.285   752   752 I Layer   : id=173859 Destroyed Surface(name=Task=82)/@0xa615068 - animation-leash of app_transition#0
08-04 06:28:06.285   752   752 I Layer   : id=173862 Destroyed Surface(name=Task=84)/@0x65296af - animation-leash of app_transition#0
08-04 06:28:06.285 16175 16175 I SurfaceView@3a27ac: pST: mTmpTransaction.apply, mTmpTransaction = android.view.SurfaceControl$Transaction@d968a7c
08-04 06:28:06.287   752   752 I Layer   : id=173860 Destroyed Dim Layer for - Task=82 - animating-dim#0
08-04 06:28:06.288 16175 16175 I SurfaceView@3a27ac: surfaceDestroyed callback.size 1 #2 android.view.SurfaceView{3a27ac V.E...... ........ 0,0-1080,2300}
08-04 06:28:06.288 16175 16175 E cr_CompositorSurfaceMgr: surfaceDestroyed format : 4
08-04 06:28:06.295   752   752 D SurfaceFlinger: Display 4633128508267670401 HWC layers:
08-04 06:28:06.295   752   752 D SurfaceFlinger:      DEVICE | 0xe53e4c00 | 0100 | RGBA_8888    |    0.0    0.0 1080.0 2408.0 |    0    0 1080 2408 | Splash Screen com.example.dogglers$_20135#0
08-04 06:28:06.295   752   752 D SurfaceFlinger:      DEVICE | 0xe8f21680 | 0100 | RGBA_8888    |    0.0    0.0 1080.0   66.0 |    0    0 1080   66 | StatusBar$_20135#0
08-04 06:28:06.295   752   752 D SurfaceFlinger:      CLIENT | 0xe8f21080 | 0100 | RGBA_8888    |    0.0    0.0  388.0   42.0 |  692 2366 1080 2408 | SGestureOverlayWindow$_20522#0
08-04 06:28:06.295   752   752 D SurfaceFlinger:      CLIENT | 0xe8f22100 | 0100 | RGBA_8888    |    0.0    0.0 1080.0  135.0 |    0 2273 1080 2408 | NavigationBar0$_20135#0
08-04 06:28:06.295   752   752 D SurfaceFlinger:      DEVICE | 0xe943ff80 | 0108 | RGBA_8888    |    0.0    0.0 1080.0 2408.0 |    0    0 1080 2408 | BlueLightFilter$_20135#0
08-04 06:28:06.295   752   752 D SurfaceFlinger:
08-04 06:28:06.296   752  1103 I SurfaceFlinger: id=173848 Removed com.android.chrome/ChromeNativeWindowSurface#0 (119)
08-04 06:28:06.297   752  1103 I SurfaceFlinger: id=173849 Removed com.android.chrome/ChromeChildSurface#0 (119)
08-04 06:28:06.306 19836 22300 V WindowManager: Relayout Window{4bbb614 u0 com.example.dogglers/com.example.dogglers.MainActivity}: viewVisibility=0 req=1080x2408 d0
08-04 06:28:06.307   752   918 I SurfaceFlinger: id=173868 createSurf (1080x2408),-3 flag=40004, com.example.dogglers/com.example.dogglers.MainActivity$_18365#0
08-04 06:28:06.313   752  1238 I SurfaceFlinger: id=173869 createSurf (0x0),-1 flag=24000, Surface(name=ac392f8 StatusBar)/@0x2bc773f - animation-leash of insets_animation#0
08-04 06:28:06.313 16516 16560 W cr_MediaCodecBridge: Releasing: OMX.Exynos.avc.dec
08-04 06:28:06.313 16516 18902 D SurfaceUtils: connecting to surface 0xcccfcc08, reason connectToSurface
08-04 06:28:06.313 16516 18902 I MediaCodec: [OMX.Exynos.avc.dec] setting surface generation to 16912388
08-04 06:28:06.313 16516 18902 D SurfaceUtils: disconnecting from surface 0xcccfcc08, reason connectToSurface(reconnect)
08-04 06:28:06.313 16516 18902 D SurfaceUtils: connecting to surface 0xcccfcc08, reason connectToSurface(reconnect)
08-04 06:28:06.314   752   918 I SurfaceFlinger: id=173870 createSurf (0x0),-1 flag=24000, Surface(name=e75ea59 NavigationBar0)/@0x799bb6a - animation-leash of insets_animation#1
08-04 06:28:06.315 16516 18903 D SurfaceUtils: set up nativeWindow 0xcccfcc08 for 800x480, color 0x105, rotation 0, usage 0x402900
08-04 06:28:06.317 19836 22300 V WindowManager: Relayout hash=4bbb614, pid=18365: mAttrs={(0,0)(fillxfill) sim={adjust=pan forwardNavigation} ty=BASE_APPLICATION wanim=0x1030303
08-04 06:28:06.317 19836 22300 V WindowManager:   fl=81810100
08-04 06:28:06.317 19836 22300 V WindowManager:   pfl=12020040
08-04 06:28:06.317 19836 22300 V WindowManager:   bhv=DEFAULT
08-04 06:28:06.317 19836 22300 V WindowManager:   fitSides= naviIconColor=0}
08-04 06:28:06.318 16516 18902 D SurfaceUtils: disconnecting from surface 0xcccfe808, reason disconnectFromSurface
08-04 06:28:06.319 16516 18902 E Surface : freeAllBuffers: 11 buffers were freed while being dequeued!
08-04 06:28:06.319 16516 16560 W cr_MediaCodecBridge: Codec released
08-04 06:28:06.320   830 18916 I EXYNOS_BASE_COMP: [0xec7a2200][Exynos_OMX_ComponentStateSet] current:(OMX_StateExecuting) dest:(OMX_StateIdle)
08-04 06:28:06.321   830 18922 W libexynosv4l2: failed to ioctl: VIDIOC_DQBUF (22 - Invalid argument)
08-04 06:28:06.321 16516 18903 I ACodec  : [OMX.Exynos.avc.dec] Now Executing->Idle
08-04 06:28:06.322   830 18920 W libexynosv4l2: failed to ioctl: VIDIOC_DQBUF (22 - Invalid argument)
08-04 06:28:06.322   830 18916 I EXYNOS_BASE_COMP: [0xec7a2200][Exynos_OMX_ComponentStateSet] OMX_EventCmdComplete(OMX_StateIdle)
08-04 06:28:06.323 18365 18365 I ViewRootImpl@3b94989[MainActivity]: Relayout returned: old=(0,0,1080,2408) new=(0,0,1080,2408) req=(1080,2408)0 dur=29 res=0x7 s={true 3056958464} ch=true fn=-1
08-04 06:28:06.325 18365 18575 D OpenGLRenderer: eglCreateWindowSurface
08-04 06:28:06.332   830 18916 I EXYNOS_BASE_COMP: [0xec7a2200][Exynos_OMX_ComponentStateSet] current:(OMX_StateIdle) dest:(OMX_StateLoaded)
08-04 06:28:06.334   830 18922 W libexynosv4l2: failed to ioctl: VIDIOC_DQBUF (22 - Invalid argument)
08-04 06:28:06.334   752   752 I Layer   : id=173864 removeFromCurrentState Surface(name=ac392f8 StatusBar)/@0x2bc773f - animation-leash of insets_animation#1 (122)
08-04 06:28:06.334   752   752 I Layer   : id=173865 removeFromCurrentState Surface(name=e75ea59 NavigationBar0)/@0x799bb6a - animation-leash of insets_animation#0 (122)
08-04 06:28:06.334   752   752 I SurfaceFlinger: id=173864 Removed Surface(name=ac392f8 StatusBar)/@0x2bc773f - animation-leash of insets_animation#1 (122)
08-04 06:28:06.334   752   752 I SurfaceFlinger: id=173865 Removed Surface(name=e75ea59 NavigationBar0)/@0x799bb6a - animation-leash of insets_animation#0 (122)
08-04 06:28:06.335   752   752 I Layer   : id=173864 Destroyed Surface(name=ac392f8 StatusBar)/@0x2bc773f - animation-leash of insets_animation#1
08-04 06:28:06.335   752   752 I Layer   : id=173865 Destroyed Surface(name=e75ea59 NavigationBar0)/@0x799bb6a - animation-leash of insets_animation#0
08-04 06:28:06.340 18365 18365 I ViewRootImpl@3b94989[MainActivity]: [DP] dp(1) 1 android.view.ViewRootImpl.reportNextDraw:11410 android.view.ViewRootImpl.performTraversals:4185 android.view.ViewRootImpl.doTraversal:2911
08-04 06:28:06.341 18365 18365 D ViewRootImpl@3b94989[MainActivity]: Creating frameDrawingCallback nextDrawUseBlastSync=false reportNextDraw=true hasBlurUpdates=false
08-04 06:28:06.341 18365 18365 D ViewRootImpl@3b94989[MainActivity]: Creating frameCompleteCallback
08-04 06:28:06.343 19836 20321 D InputDispatcher: Focus request (0): 4bbb614 com.example.dogglers/com.example.dogglers.MainActivity but waiting because NOT_VISIBLE
08-04 06:28:06.348   830 18916 I EXYNOS_BASE_COMP: [0xec7a2200][Exynos_OMX_EventHandler] OMX_EventCmdComplete(OMX_StateLoaded)
08-04 06:28:06.348 16516 18903 I ACodec  : [OMX.Exynos.avc.dec] Now Idle->Loaded
