08-04 06:28:00.618 18365 18539 I TestRunner: started: grid_list_button_is_displayed(com.example.dogglers.ButtonTests)
08-04 06:28:00.630   334   334 I lmkd    : 1(delay),0(swap), 0(freelimit) memory pressure events were skipped after a kill!
08-04 06:28:00.630   334   334 I lmkd    : cached 0, sandbox(not0) 0
08-04 06:28:00.657 18365 18539 W Settings: Setting always_finish_activities has moved from android.provider.Settings.System to android.provider.Settings.Global, returning read-only value.
08-04 06:28:00.667 19724 20053 I bauth_FPBAuthService: pcf : 0x1012, 0 ,2 ,0 ,0 ,0 ,2, 0.0.0.0
08-04 06:28:00.667 19724 20053 I bauth_FPBAuthService: thread id : 2, preenroll_flag : 0, nd cnt : 1, cso : 3, et : 0
08-04 06:28:00.667 19724 20053 I bauth_FPBAuthService: FPBAuthService, 11756
08-04 06:28:00.695 18365 18539 D CompatibilityChangeReporter: Compat change id reported: 160794467; UID 10292; state: ENABLED
08-04 06:28:00.715 18309 18430 W android.youtub: Long monitor contention with owner yt-critical3-4 (18397) at java.lang.Object apuo.a()(PG:2) waiters=0 in java.lang.Object apuo.a() for 1.729s
08-04 06:28:00.733 18309 18399 W android.youtub: Long monitor contention with owner yt-critical3-4 (18397) at java.lang.Object apuo.a()(PG:2) waiters=1 in java.lang.Object apuo.a() for 1.416s
08-04 06:28:00.740   334   334 I lmkd    : 1(delay),0(swap), 0(freelimit) memory pressure events were skipped after a kill!
08-04 06:28:00.741   334   334 I lmkd    : cached 0, sandbox(not0) 0
08-04 06:28:00.758 18309 18419 D ConnectivityManager: StackLog: [android.net.ConnectivityManager.sendRequestForNetwork(ConnectivityManager.java:4124)] [android.net.ConnectivityManager.registerDefaultNetworkCallbackForUid(ConnectivityManager.java:4688)] [android.net.ConnectivityManager.registerDefaultNetworkCallback(ConnectivityManager.java:4655)] [android.net.ConnectivityManager.registerDefaultNetworkCallback(ConnectivityManager.java:4629)] [dew.b(PG:2)] [dez.b(PG:3)] [deb.l(PG:1)] [ddy.a(PG:1)] [cuj.<init>(PG:9)] [abho.<init>(PG:1)] [dem.a(PG:2)] [deo.a(PG:23)] [ctn.c(PG:3)] [abgg.a(PG:1)] [skl.b(PG:3)] [eix.run(PG:18)] [svp.run(PG:7)] [npz.run(PG:5)] [nqd.run(PG:23)] [mzg.run(PG:6)] [mzg.run(PG:33)] [com.google.android.apps.youtube.embeddedplayer.service.jar.client.r.run(PG:5)] [java.lang.Thread.run(Thread.java:920)]
08-04 06:28:00.760 19836 20356 D ConnectivityService: requestNetwork for uid/pid:10203/18309 activeRequest: null callbackRequest: 1014 [NetworkRequest [ REQUEST id=1015, [ Capabilities: INTERNET&NOT_RESTRICTED&TRUSTED&NOT_VCN_MANAGED Uid: 10203 RequestorUid: 10203 RequestorPkg: com.google.android.youtube UnderlyingNetworks: Null] ]] callback flags: 0 order: 2147483647
08-04 06:28:00.761 19836 20005 D ConnectivityService: NetworkReassignment :
08-04 06:28:00.761 19836 20005 D ConnectivityService:   1015 : null → 105
08-04 06:28:00.761 19836 20005 D ConnectivityService:    accepting network in place of null
08-04 06:28:00.768 19836 19989 D WifiNetworkFactory: got request NetworkRequest [ REQUEST id=1015, [ Capabilities: INTERNET&NOT_RESTRICTED&TRUSTED&NOT_VCN_MANAGED Uid: 10203 RequestorUid: 10203 RequestorPkg: com.google.android.youtube UnderlyingNetworks: Null] ]
08-04 06:28:00.768 19836 19989 D UntrustedWifiNetworkFactory: got request NetworkRequest [ REQUEST id=1015, [ Capabilities: INTERNET&NOT_RESTRICTED&TRUSTED&NOT_VCN_MANAGED Uid: 10203 RequestorUid: 10203 RequestorPkg: com.google.android.youtube UnderlyingNetworks: Null] ]
08-04 06:28:00.769 19836 19989 D OemPaidWifiNetworkFactory: got request NetworkRequest [ REQUEST id=1015, [ Capabilities: INTERNET&NOT_RESTRICTED&TRUSTED&NOT_VCN_MANAGED Uid: 10203 RequestorUid: 10203 RequestorPkg: com.google.android.youtube UnderlyingNetworks: Null] ]
08-04 06:28:00.770 19836 21257 D PkgPredictorService-IpmAdcpController: create a new DexPreloadTask pkg:com.example.dogglers  path:/data/app/~~vQIvKN_RSJn-oLUn5uy7_Q==/com.example.dogglers-lPO3UNkPc9qmscuVL_QpJA==
08-04 06:28:00.776 19836 20477 I SemDvfsHyPerManager: acquire hyper - AMS_APP_SWITCH/19836@27, type = -999
08-04 06:28:00.777 19652 19680 I HYPER-HAL: [RequestManager.cpp]acquire(): Acquired ID : 197279343  [19836 / 27]    HINT : AMS_APP_SWITCH    list :
08-04 06:28:00.783 19836 20059 D SemNscXgbMsL1: Probability - Cloud gaming: [0.016256172]
08-04 06:28:00.783 19836 20059 D SemNscXgbMsL1: Probability - Real time: [0.93443185]
08-04 06:28:00.783 19836 20059 D SemNscXgbMsL1: Probability - Non real time: [0.57579756]
08-04 06:28:00.783 19836 20059 D SemNscXgbMsL1: 1 sample inference time: 0.549923 msecs
08-04 06:28:00.784 21715 21715 I SemDvfsHyPerManager: acquire hyper - APP_START_SHORT/21715@15, type = -999
08-04 06:28:00.785 19652 19680 I HYPER-HAL: [RequestManager.cpp]acquire(): Acquired ID : 236107330  [21715 / 15]    HINT : APP_START    list : [TIMEOUT / 1500]
08-04 06:28:00.785 19836 20059 D SemNscXgbL2Rt: L2 RT 1 sample inference time: 1.593846 msecs
08-04 06:28:00.786 19836 20059 D SemNscXgbL2Nrt: L2 NRT 1 sample inference time: 0.916461 msecs
08-04 06:28:00.804 21715 21715 E libperflog: [LIBPERFLOG] socket_local_client fail = -1
08-04 06:28:00.804   752  1103 I SurfaceFlinger: id=173809 createSurf (0x0),-1 flag=24004, Task=83#0
08-04 06:28:00.820   752  1103 I SurfaceFlinger: id=173810 createSurf (0x0),-1 flag=80004, ActivityRecord{2ff62c u0 com.example.dogglers/androidx.test.core.app.InstrumentationActivityInvoker$BootstrapActivity t83}#0
08-04 06:28:00.824 18309 18418 D JavaScriptCore.Version: 250230.2.1
08-04 06:28:00.853   334   334 I lmkd    : 1(delay),0(swap), 0(freelimit) memory pressure events were skipped after a kill!
08-04 06:28:00.877 19836 21295 I SemDvfsHyPerManager: acquire hyper - AMS_APP_LAUNCH/19836@13, type = -999
08-04 06:28:00.877 19652 19680 I HYPER-HAL: [RequestManager.cpp]acquire(): Acquired ID : 197001338  [19836 / 13]    HINT : AMS_APP_LAUNCH    list :
08-04 06:28:00.878 21715 21715 I SemDvfsHyPerManager: acquire hyper - APP_START/21715@16, type = -999
08-04 06:28:00.879 19652 19680 I HYPER-HAL: [RequestManager.cpp]acquire(): Acquired ID : 236129062  [21715 / 16]    HINT : APP_START    list :
08-04 06:28:00.896 19836 19836 E libperflog: [LIBPERFLOG] socket_local_client fail = -1
08-04 06:28:00.897 19640 19640 W Zygote  : forkRepeatedly terminated due to non-simple command
08-04 06:28:00.897 19640 19640 D Zygote  : mbuffer starts with 18, nice name is , mEnd = 935, mNext = 35, mLinesLeft = 16, mFd = 57
08-04 06:28:00.922 19640 19640 D Zygote  : Forked child process 18557
08-04 06:28:00.929 19836 22349 D InputTransport: Input channel constructed: '2e9a2eb', fd=957
08-04 06:28:00.929 19836 22349 D InputTransport: Input channel constructed: '2e9a2eb', fd=958
08-04 06:28:00.929 19836 22349 D InputTransport: Input channel constructed: '2e9a2eb', fd=959
08-04 06:28:00.932   752   918 I SurfaceFlinger: id=173811 createSurf (0x0),-1 flag=80004, 2e9a2eb Splash Screen com.example.dogglers#0
08-04 06:28:00.936 19836 22349 D InputTransport: Input channel destroyed: '2e9a2eb', fd=959
08-04 06:28:00.946 20135 20264 I ViewRootImpl@6ccc8ba[dogglers]: setView = android.widget.FrameLayout@1eeb686 TM=true
08-04 06:28:00.958 19836 20356 V WindowManager: Relayout Window{2e9a2eb u0 Splash Screen com.example.dogglers}: viewVisibility=0 req=1080x2408 d0
08-04 06:28:00.963   752  1103 I SurfaceFlinger: id=173812 createSurf (1x1),-3 flag=40004, Splash Screen com.example.dogglers$_20135#0
08-04 06:28:00.967 19641 20636 V APM_AudioPolicyManager: listAudioPorts() role 0 type 0 num_ports 0 ports 0xf78f1360
08-04 06:28:00.967 19641 20636 V APM_AudioPolicyManager: listAudioPorts() got 0 ports needed 10
08-04 06:28:00.968 18557 18557 E android.vendin: Not starting debugger since process cannot load the jdwp agent.
08-04 06:28:00.975 19641 20636 V APM_AudioPolicyManager: listAudioPorts() role 0 type 0 num_ports 10 ports 0xf5dedc40
08-04 06:28:00.976 19641 20636 V APM_AudioPolicyManager: listAudioPorts() got 10 ports needed 10
08-04 06:28:00.977 16175 16175 I IMM_LC  : hsifw() - flags=0, caller=android.view.inputmethod.InputMethodManager.hideSoftInputFromWindow:1858 Sm1.c:174 org.chromium.content.browser.input.ImeAdapterImpl.j:608 org.chromium.content.browser.input.ImeAdapterImpl.n:721 org.chromium.content.browser.input.ImeAdapterImpl.p:689
08-04 06:28:00.977 16175 16175 I IMM_LC  : hideSoftInputFromWindow - mService.hideSoftInput
08-04 06:28:00.984 19836 20356 V WindowManager: Relayout hash=2e9a2eb, pid=20135: mAttrs={(0,0)(fillxfill) sim={adjust=pan} ty=APPLICATION_STARTING fmt=TRANSLUCENT wanim=0x1030001
08-04 06:28:00.984 19836 20356 V WindowManager:   fl=81030118
08-04 06:28:00.984 19836 20356 V WindowManager:   pfl=36000010
08-04 06:28:00.984 19836 20356 V WindowManager:   bhv=DEFAULT
08-04 06:28:00.984 19836 20356 V WindowManager:   fitSides= naviIconColor=0}
08-04 06:28:00.989 18557 18557 E USNET   : USNET: appName: com.android.vending
08-04 06:28:00.990 20135 20264 I ViewRootImpl@6ccc8ba[dogglers]: Relayout returned: old=(0,0,1080,2408) new=(0,0,1080,2408) req=(1080,2408)0 dur=38 res=0x7 s={true 3038036992} ch=true fn=-1
08-04 06:28:00.992 20135 20264 I ViewRootImpl@6ccc8ba[dogglers]: [DP] dp(1) 0 android.view.ViewRootImpl.reportNextDraw:11410 android.view.ViewRootImpl.performTraversals:4185 android.view.ViewRootImpl.doTraversal:2911
08-04 06:28:00.992 20135 20264 D ViewRootImpl@6ccc8ba[dogglers]: Creating frameDrawingCallback nextDrawUseBlastSync=false reportNextDraw=true hasBlurUpdates=false
08-04 06:28:00.992 20135 20264 D ViewRootImpl@6ccc8ba[dogglers]: Creating frameCompleteCallback
08-04 06:28:00.996 20135 20316 D OpenGLRenderer: eglCreateWindowSurface
08-04 06:28:00.999 18557 18557 D ProcessState: Binder ioctl to enable oneway spam detection failed: Invalid argument
08-04 06:28:00.999 20135 20795 D ViewRootImpl@6ccc8ba[dogglers]: Received frameDrawingCallback frameNum=1. Creating transactionCompleteCallback=false
08-04 06:28:01.019 20135 20316 D ViewRootImpl@6ccc8ba[dogglers]: Received frameCompleteCallback  lastAcquiredFrameNum=1 lastAttemptedDrawFrameNum=1
08-04 06:28:01.021 20135 20264 I ViewRootImpl@6ccc8ba[dogglers]: [DP] pdf(0) 0 android.view.ViewRootImpl.lambda$addFrameCompleteCallbackIfNeeded$3$ViewRootImpl:4987 android.view.ViewRootImpl$$ExternalSyntheticLambda16.run:6 android.os.Handler.handleCallback:938
08-04 06:28:01.021 20135 20264 I ViewRootImpl@6ccc8ba[dogglers]: [DP] rdf()
08-04 06:28:01.021 20135 20264 D ViewRootImpl@6ccc8ba[dogglers]: reportDrawFinished (fn: -1)
08-04 06:28:01.023 18557 18557 D ActivityThread: setConscryptValidator
08-04 06:28:01.024 18557 18557 D ActivityThread: setConscryptValidator - put
08-04 06:28:01.040 20135 20135 D FullscreenTaskListener: Fullscreen Task Appeared: #83, caller=com.android.wm.shell.ShellTaskOrganizer.onTaskAppeared:387 com.android.wm.shell.ShellTaskOrganizer.onTaskAppeared:376 android.window.TaskOrganizer$1.lambda$onTaskAppeared$4$TaskOrganizer$1:297
08-04 06:28:01.093 19836 22764 D InputDispatcher: Focused application set to (0): 2ff62c
08-04 06:28:01.100 16217 18342 W Finsky  : [1409] pmy.p(70): Package com.android.appsearch not installed
08-04 06:28:01.105 16217 18342 W Finsky  : [1409] pmy.p(70): Package com.android.apex.cts.shim not installed
08-04 06:28:01.119 18365 18575 D OpenGLRenderer: RenderThread::requireGlContext()
08-04 06:28:01.140 16217 18342 W Finsky  : [1409] pmy.p(70): Package com.android.i18n not installed
08-04 06:28:01.153 18365 18575 D hw-ProcessState: Binder ioctl to enable oneway spam detection failed: Invalid argument
08-04 06:28:01.156   752  1103 I SurfaceFlinger: id=173813 createSurf (0x0),-1 flag=24000, Surface(name=Task=82)/@0xa615068 - animation-leash of app_transition#0
08-04 06:28:01.164   336   336 I hwservicemanager: getTransport: Cannot find entry android.hardware.configstore@1.0::ISurfaceFlingerConfigs/default in either framework or device VINTF manifest.
08-04 06:28:01.165 16217 18342 W Finsky  : [1409] pmy.p(70): Package com.android.runtime not installed
08-04 06:28:01.166   752  1103 I SurfaceFlinger: id=173814 createSurf (0x0),-1 flag=20004, Dim Layer for - Task=82 - animating-dim#0
08-04 06:28:01.167 18309 18419 W android.youtub: Long monitor contention with owner BG Thread #2 (18418) at void android.os.ConditionVariable.open()(ConditionVariable.java:70) waiters=0 in void android.os.ConditionVariable.block() for 380ms
08-04 06:28:01.174 16217 18342 W Finsky  : [1409] pmy.p(70): Package com.android.vndk.v31 not installed
08-04 06:28:01.179 16217 18342 W Finsky  : [1409] pmy.p(70): Package com.android.wifi not installed
08-04 06:28:01.183 16217 18342 W Finsky  : [1409] pmy.p(70): Package com.samsung.android.ipm not installed
08-04 06:28:01.185 16217 18342 W Finsky  : [1409] pmy.p(70): Package com.samsung.android.shell not installed
08-04 06:28:01.188 18365 18575 D OpenGLRenderer: RenderThread::setGrContext()
08-04 06:28:01.208   752  1103 I SurfaceFlinger: id=173815 createSurf (0x0),-1 flag=24000, Surface(name=Dim Layer for - Task=82 - animating-dim)/@0x2fa3b3e - animation-leash of dimmer#0
08-04 06:28:01.215   752  1103 I SurfaceFlinger: id=173816 createSurf (0x0),-1 flag=24004, Surface(name=Task=83)/@0xc145197 - animation-leash of app_transition#0
08-04 06:28:01.237   752   752 I Layer   : id=173817 Destroyed Screenshot Parent
08-04 06:28:01.248   752  1103 I SurfaceFlinger: id=173818 createSurf (0x0),-1 flag=24000, Surface(name=ac392f8 StatusBar)/@0x2bc773f - animation-leash of insets_animation#0
08-04 06:28:01.248 19836 29801 D OpenGLRenderer: RenderThread::requireGlContext()
08-04 06:28:01.250   752  1103 I SurfaceFlinger: id=173819 createSurf (0x0),-1 flag=24000, Surface(name=e75ea59 NavigationBar0)/@0x799bb6a - animation-leash of insets_animation#1
08-04 06:28:01.256 20135 20264 D InsetsSourceConsumer: ensureControlAlpha: for ITYPE_NAVIGATION_BAR on Splash Screen com.example.dogglers
08-04 06:28:01.257 20135 20264 D InsetsSourceConsumer: ensureControlAlpha: for ITYPE_STATUS_BAR on Splash Screen com.example.dogglers
08-04 06:28:01.260   752   752 I Layer   : id=173798 removeFromCurrentState Surface(name=ac392f8 StatusBar)/@0x2bc773f - animation-leash of insets_animation#1 (122)
08-04 06:28:01.261   752   752 I Layer   : id=173799 removeFromCurrentState Surface(name=e75ea59 NavigationBar0)/@0x799bb6a - animation-leash of insets_animation#0 (122)
08-04 06:28:01.261   334   334 I lmkd    : cached 0, sandbox(not0) 0
08-04 06:28:01.263 19836 29801 D OpenGLRenderer: RenderThread::setGrContext()
08-04 06:28:01.267   334   334 I lmkd    : Reclaim 'com.samsung.android.game.gos' (18489), uid 10053, oom_score_adj 905, state 19 to free 45916kB rss, 20220kB swap; reason: low watermark is breached and swap is low (2914824kB < 4110412kB)
08-04 06:28:01.267   752   769 I SurfaceFlinger: id=173799 Removed Surface(name=e75ea59 NavigationBar0)/@0x799bb6a - animation-leash of insets_animation#0 (122)
08-04 06:28:01.267   752   769 I SurfaceFlinger: id=173798 Removed Surface(name=ac392f8 StatusBar)/@0x2bc773f - animation-leash of insets_animation#1 (122)
08-04 06:28:01.276   752   752 I Layer   : id=173799 Destroyed Surface(name=e75ea59 NavigationBar0)/@0x799bb6a - animation-leash of insets_animation#0
08-04 06:28:01.276   752   752 I Layer   : id=173798 Destroyed Surface(name=ac392f8 StatusBar)/@0x2bc773f - animation-leash of insets_animation#1
08-04 06:28:01.291   752   752 D SurfaceFlinger: Display 4633128508267670401 HWC layers:
08-04 06:28:01.291   752   752 D SurfaceFlinger:      DEVICE | 0xe53e4d80 | 0002 | RGBA_8888    |    0.0    0.0 1080.0 2300.0 |    0   35 1080 2335 | com.android.chrome/ChromeChildSurface#0
08-04 06:28:01.291   752   752 D SurfaceFlinger:      DEVICE | 0xe8f21b00 | 0100 | RGBA_8888    |    0.0   31.0 1080.0 2408.0 |    0    0 1080 2377 | com.android.chrome/org.chromium.chro[...]ustomtabs.CustomTabActivity$_16175#0
08-04 06:28:01.291   752   752 D SurfaceFlinger:      CLIENT |              | 0000 |  Unknown  |    0.0    0.0    0.0    0.0 |    0    0 1080 2377 | Dim Layer for - Task=82 - animating-dim#0
08-04 06:28:01.291   752   752 D SurfaceFlinger:      CLIENT | 0xe9a84100 | 0100 | RGBA_8888    |    0.0    0.0 1080.0 2150.0 |    0  258 1080 2408 | Splash Screen com.example.dogglers$_20135#0
08-04 06:28:01.291   752   752 D SurfaceFlinger:      CLIENT | 0xe53e4600 | 0100 | RGBA_8888    |    0.0    0.0 1080.0   66.0 |    0    0 1080   66 | StatusBar$_20135#0
08-04 06:28:01.291   752   752 D SurfaceFlinger:      CLIENT | 0xe8f21080 | 0100 | RGBA_8888    |    0.0    0.0  388.0   42.0 |  692 2366 1080 2408 | SGestureOverlayWindow$_20522#0
08-04 06:28:01.291   752   752 D SurfaceFlinger:      CLIENT | 0xe8f22100 | 0100 | RGBA_8888    |    0.0    0.0 1080.0  135.0 |    0 2273 1080 2408 | NavigationBar0$_20135#0
08-04 06:28:01.291   752   752 D SurfaceFlinger:
08-04 06:28:01.291   752   752 D SurfaceFlinger:      DEVICE | 0xe943ff80 | 0108 | RGBA_8888    |    0.0    0.0 1080.0 2408.0 |    0    0 1080 2408 | BlueLightFilter$_20135#0
08-04 06:28:01.291   752   752 D SurfaceFlinger:
08-04 06:28:01.293 19836 20356 E libperflog: [LIBPERFLOG] socket_local_client fail = -1
08-04 06:28:01.295 19836 20356 E libperflog: [LIBPERFLOG] socket_local_client fail = -1
08-04 06:28:01.295 19836 20356 E libperflog: [LIBPERFLOG] socket_local_client fail = -1
08-04 06:28:01.305 19836 20059 D SemNscXgbMsL1: Probability - Cloud gaming: [0.029225726]
08-04 06:28:01.305 19836 20059 D SemNscXgbMsL1: Probability - Real time: [0.85448813]
08-04 06:28:01.305 19836 20059 D SemNscXgbMsL1: Probability - Non real time: [0.7415688]
08-04 06:28:01.306 19836 20059 D SemNscXgbMsL1: 1 sample inference time: 0.617308 msecs
08-04 06:28:01.307 19836 20059 D SemNscXgbL2Rt: L2 RT 1 sample inference time: 0.958231 msecs
08-04 06:28:01.308 19836 20059 D SemNscXgbL2Nrt: L2 NRT 1 sample inference time: 0.807577 msecs
08-04 06:28:01.310 19640 19640 I Zygote  : Process 18489 exited due to signal 9 (Killed)
08-04 06:28:01.311 19836 22347 D InputDispatcher: Focus left window (0): d1e5015 com.android.chrome/org.chromium.chrome.browser.customtabs.CustomTabActivity
08-04 06:28:01.313 16175 16175 I ViewRootImpl@6011630[CustomTabActivity]: MSG_WINDOW_FOCUS_CHANGED 0 1
08-04 06:28:01.337 19836 20356 E libperflog: [LIBPERFLOG] socket_local_client fail = -1
08-04 06:28:01.340 19836 19854 W system_server: Long monitor contention with owner Binder:19836_9 (20356) at void com.android.server.am.ActivityManagerService.attachApplication(android.app.IApplicationThread, long)(ActivityManagerService.java:5633) waiters=0 in void com.android.server.am.ActivityManagerService$LocalService.updateActivityUsageStatsWithIntent(android.content.ComponentName, int, int, android.os.IBinder, android.content.ComponentName, android.content.Intent) for 299ms
08-04 06:28:01.346 18365 18365 D LifecycleMonitor: Lifecycle status change: androidx.test.core.app.InstrumentationActivityInvoker$BootstrapActivity@daf46e1 in: PRE_ON_CREATE
08-04 06:28:01.350 18365 18365 V ActivityScenario: Activity lifecycle changed event received but ignored because the intent does not match. startActivityIntent=Intent { act=android.intent.action.MAIN cat=[android.intent.category.LAUNCHER] cmp=com.example.dogglers/.MainActivity }, activity.getIntent()=Intent { act=android.intent.action.MAIN cat=[android.intent.category.LAUNCHER] flg=0x10008000 cmp=com.example.dogglers/androidx.test.core.app.InstrumentationActivityInvoker$BootstrapActivity (has extras) }, activity=androidx.test.core.app.InstrumentationActivityInvoker$BootstrapActivity@daf46e1
08-04 06:28:01.359 18557 18557 D CompatibilityChangeReporter: Compat change id reported: 171979766; UID 1010186; state: ENABLED
08-04 06:28:01.363 19836 20077 D NetdEventListenerService: DNS Requested by : 105, 1000, 0
08-04 06:28:01.389 19836 19854 I SemPersonaManager: SecureFolder personaId = 10
08-04 06:28:01.438  9000  9000 I [+5]oneconnect[1.7.86.21_01][CORE]: QcApplication.onTrimMemory - ************** lvl=15 elapsed=0ms
08-04 06:28:01.439 16217 16217 I Finsky  : [2] nwh.onTrimMemory(1): Memory trim requested to level 15
08-04 06:28:01.447  5129  5200 D OpenGLRenderer: setSurface called with nullptr
08-04 06:28:01.448 16175 16431 I cr_BindingManager: onTrimMemory: level=15, size=0
08-04 06:28:01.450 21303 21303 W DeviceManager_FLP: onTrimMemory : 15
08-04 06:28:01.452 21303 21365 I GpsSessionManager_FLP: arrangeInvalidSessions
08-04 06:28:01.454 19836 19866 I libprocessgroup: Successfully killed process cgroup uid 10053 pid 18489 in 35ms
08-04 06:28:01.458 20135 20135 D SystemUIService: SYSUI_RAM_OPTIMIZATION onTrimMemory=15
08-04 06:28:01.458 20135 20135 D StatusBar: SYSUI_RAM_OPTIMIZATION onTrimMemory=15
08-04 06:28:01.477 19836 19854 D EnterpriseDeviceManagerService: isMdmAdminPresentInternal() : MDM Admin Found - com.samsung.android.knox.containercore
08-04 06:28:01.499 19836 21401 I MediaSessionMonitor: Media session stopped : controllerList empty
08-04 06:28:01.574   752   752 I Layer   : id=173815 removeFromCurrentState Surface(name=Dim Layer for - Task=82 - animating-dim)/@0x2fa3b3e - animation-leash of dimmer#0 (120)
08-04 06:28:01.574   752   752 I SurfaceFlinger: id=173815 Removed Surface(name=Dim Layer for - Task=82 - animating-dim)/@0x2fa3b3e - animation-leash of dimmer#0 (120)
08-04 06:28:01.575   752   752 I Layer   : id=173815 Destroyed Surface(name=Dim Layer for - Task=82 - animating-dim)/@0x2fa3b3e - animation-leash of dimmer#0
08-04 06:28:01.597 18365 18365 I DecorView: [INFO] isPopOver=false, config=true
08-04 06:28:01.598 18365 18365 I DecorView: updateCaptionType >> DecorView@a78701d[], isFloating=false, isApplication=true, hasWindowControllerCallback=true, hasWindowDecorCaption=false
08-04 06:28:01.598 18365 18365 D DecorView: setCaptionType = 0, this = DecorView@a78701d[]
08-04 06:28:01.611 20522 20569 I RecentModel: onTaskStackChangedBackground
08-04 06:28:01.638 18309 18436 W android.youtub: Suspending all threads took: 65.277ms
08-04 06:28:01.668 19724 20053 I bauth_FPBAuthService: pcf : 0x1012, 0 ,2 ,0 ,0 ,0 ,2, 0.0.0.0
08-04 06:28:01.668 19724 20053 I bauth_FPBAuthService: thread id : 2, preenroll_flag : 0, nd cnt : 1, cso : 3, et : 0
08-04 06:28:01.668 19724 20053 I bauth_FPBAuthService: FPBAuthService, 11756
08-04 06:28:01.668 19836 20358 W system_server: Long monitor contention with owner Binder:19836_1 (19849) at long com.android.server.job.JobSchedulerService.getMinJobExecutionGuaranteeMs(com.android.server.job.controllers.JobStatus)(JobSchedulerService.java:2457) waiters=0 in int com.android.server.job.JobSchedulerService.scheduleAsPackage(android.app.job.JobInfo, android.app.job.JobWorkItem, int, java.lang.String, int, java.lang.String) for 495ms
08-04 06:28:01.680 19836 19836 W system_server: Long monitor contention with owner Binder:19836_1 (19849) at long com.android.server.job.JobSchedulerService.getMinJobExecutionGuaranteeMs(com.android.server.job.controllers.JobStatus)(JobSchedulerService.java:2457) waiters=1 in void com.android.server.job.JobSchedulerService$JobHandler.handleMessage(android.os.Message) for 374ms
08-04 06:28:01.691 19836 19836 E libperflog: [LIBPERFLOG] socket_local_client fail = -1
08-04 06:28:01.692 19836 19836 E libperflog: [LIBPERFLOG] socket_local_client fail = -1
08-04 06:28:01.719 16175 16175 I ViewRootImpl@6011630[CustomTabActivity]: handleAppVisibility mAppVisible=true visible=false
08-04 06:28:01.724   752   752 I Layer   : id=173813 removeFromCurrentState Surface(name=Task=82)/@0xa615068 - animation-leash of app_transition#0 (119)
08-04 06:28:01.725   752   752 I Layer   : id=173814 removeFromCurrentState Dim Layer for - Task=82 - animating-dim#0 (119)
08-04 06:28:01.725   752   752 I Layer   : id=173816 removeFromCurrentState Surface(name=Task=83)/@0xc145197 - animation-leash of app_transition#0 (119)
08-04 06:28:01.725   752   752 I SurfaceFlinger: id=173813 Removed Surface(name=Task=82)/@0xa615068 - animation-leash of app_transition#0 (119)
08-04 06:28:01.725   752   752 I SurfaceFlinger: id=173816 Removed Surface(name=Task=83)/@0xc145197 - animation-leash of app_transition#0 (119)
08-04 06:28:01.725   752   752 I SurfaceFlinger: id=173814 Removed Dim Layer for - Task=82 - animating-dim#0 (119)
08-04 06:28:01.725   752   752 I Layer   : id=173813 Destroyed Surface(name=Task=82)/@0xa615068 - animation-leash of app_transition#0
08-04 06:28:01.725   752   752 I Layer   : id=173816 Destroyed Surface(name=Task=83)/@0xc145197 - animation-leash of app_transition#0
08-04 06:28:01.731   752   752 I Layer   : id=173814 Destroyed Dim Layer for - Task=82 - animating-dim#0
08-04 06:28:01.736 18365 18365 I DecorView: getCurrentDensityDpi: from real metrics. densityDpi=450 msg=resources_loaded
08-04 06:28:01.739 16175 16175 I SurfaceView@3a27ac: onWindowVisibilityChanged(8) false android.view.SurfaceView{3a27ac V.E...... ........ 0,0-1080,2300} of ViewRootImpl@6011630[CustomTabActivity]
08-04 06:28:01.739 16175 16175 I SurfaceView@3a27ac: pST: mTmpTransaction.apply, mTmpTransaction = android.view.SurfaceControl$Transaction@d968a7c
08-04 06:28:01.741   752   752 D SurfaceFlinger: Display 4633128508267670401 HWC layers:
08-04 06:28:01.741   752   752 D SurfaceFlinger:      DEVICE | 0xe9a84100 | 0100 | RGBA_8888    |    0.0    0.0 1080.0 2408.0 |    0    0 1080 2408 | Splash Screen com.example.dogglers$_20135#0
08-04 06:28:01.741   752   752 D SurfaceFlinger:      DEVICE | 0xe53e4600 | 0100 | RGBA_8888    |    0.0    0.0 1080.0   66.0 |    0    0 1080   66 | StatusBar$_20135#0
08-04 06:28:01.741   752   752 D SurfaceFlinger:      CLIENT | 0xe8f21080 | 0100 | RGBA_8888    |    0.0    0.0  388.0   42.0 |  692 2366 1080 2408 | SGestureOverlayWindow$_20522#0
08-04 06:28:01.741   752   752 D SurfaceFlinger:      CLIENT | 0xe8f22100 | 0100 | RGBA_8888    |    0.0    0.0 1080.0  135.0 |    0 2273 1080 2408 | NavigationBar0$_20135#0
08-04 06:28:01.741   752   752 D SurfaceFlinger:      DEVICE | 0xe943ff80 | 0108 | RGBA_8888    |    0.0    0.0 1080.0 2408.0 |    0    0 1080 2408 | BlueLightFilter$_20135#0
08-04 06:28:01.741   752   752 D SurfaceFlinger:
08-04 06:28:01.741 16175 16175 I SurfaceView@3a27ac: surfaceDestroyed callback.size 1 #2 android.view.SurfaceView{3a27ac V.E...... ........ 0,0-1080,2300}
08-04 06:28:01.746 18365 18365 D LifecycleMonitor: Lifecycle status change: androidx.test.core.app.InstrumentationActivityInvoker$BootstrapActivity@daf46e1 in: CREATED
08-04 06:28:01.750 18365 18365 V ActivityScenario: Activity lifecycle changed event received but ignored because the intent does not match. startActivityIntent=Intent { act=android.intent.action.MAIN cat=[android.intent.category.LAUNCHER] cmp=com.example.dogglers/.MainActivity }, activity.getIntent()=Intent { act=android.intent.action.MAIN cat=[android.intent.category.LAUNCHER] flg=0x10008000 cmp=com.example.dogglers/androidx.test.core.app.InstrumentationActivityInvoker$BootstrapActivity (has extras) }, activity=androidx.test.core.app.InstrumentationActivityInvoker$BootstrapActivity@daf46e1
08-04 06:28:01.750 19836 20063 W SemWifiTransportLayerUtils: getApplicationCategory - IOException com.example.dogglers
08-04 06:28:01.750 19836 20063 W System.err: java.io.FileNotFoundException: https://play.google.com/store/apps/details?id=com.example.dogglers&hl=en
08-04 06:28:01.752 16175 16175 E cr_CompositorSurfaceMgr: surfaceDestroyed format : 4
08-04 06:28:01.754 19836 20063 W System.err: 	at com.android.okhttp.internal.huc.HttpURLConnectionImpl.getInputStream(HttpURLConnectionImpl.java:255)
08-04 06:28:01.754 19836 20063 W System.err: 	at com.android.okhttp.internal.huc.DelegatingHttpsURLConnection.getInputStream(DelegatingHttpsURLConnection.java:211)
08-04 06:28:01.754 19836 20063 W System.err: 	at com.android.okhttp.internal.huc.HttpsURLConnectionImpl.getInputStream(HttpsURLConnectionImpl.java:30)
08-04 06:28:01.754 19836 20063 W System.err: 	at com.samsung.android.server.wifi.tcp.SemWifiTransportLayerUtils.getApplicationCategory(SemWifiTransportLayerUtils.java:104)
08-04 06:28:01.754 19836 20063 W System.err: 	at com.samsung.android.server.wifi.tcp.SemWifiTransportLayerMonitor$TcpMonitorHandler.handleMessage(SemWifiTransportLayerMonitor.java:244)
08-04 06:28:01.754 19836 20063 W System.err: 	at android.os.Handler.dispatchMessage(Handler.java:106)
08-04 06:28:01.754 19836 20063 W System.err: 	at android.os.Looper.loopOnce(Looper.java:226)
08-04 06:28:01.754 19836 20063 W System.err: 	at android.os.Looper.loop(Looper.java:313)
08-04 06:28:01.754 19836 20063 W System.err: 	at android.os.HandlerThread.run(HandlerThread.java:67)
08-04 06:28:01.755 19836 20063 D SemWifiTransportLayerMonitor.TcpMonitorHandler: MSG_SAVE_PACKAGE_INFO
08-04 06:28:01.755 19836 20063 D SemWifiTransportLayerFileManager: saveWifiPackageInfoToFile
08-04 06:28:01.755 19836 20063 D SemWifiTransportLayerFileManager: writeWifiPackageInfoList
08-04 06:28:01.758 18365 18365 D LifecycleMonitor: Lifecycle status change: androidx.test.core.app.InstrumentationActivityInvoker$BootstrapActivity@daf46e1 in: STARTED
08-04 06:28:01.761 18365 18365 V ActivityScenario: Activity lifecycle changed event received but ignored because the intent does not match. startActivityIntent=Intent { act=android.intent.action.MAIN cat=[android.intent.category.LAUNCHER] cmp=com.example.dogglers/.MainActivity }, activity.getIntent()=Intent { act=android.intent.action.MAIN cat=[android.intent.category.LAUNCHER] flg=0x10008000 cmp=com.example.dogglers/androidx.test.core.app.InstrumentationActivityInvoker$BootstrapActivity (has extras) }, activity=androidx.test.core.app.InstrumentationActivityInvoker$BootstrapActivity@daf46e1
08-04 06:28:01.783   752   918 I SurfaceFlinger: id=173806 Removed com.android.chrome/ChromeNativeWindowSurface#0 (116)
08-04 06:28:01.785   752   769 I SurfaceFlinger: id=173807 Removed com.android.chrome/ChromeChildSurface#0 (116)
08-04 06:28:01.799   752   918 I SurfaceFlinger: id=173820 createSurf (0x0),-1 flag=80004, ActivityRecord{27c55fe u0 com.example.dogglers/.MainActivity t83}#0
08-04 06:28:01.812 19836 20059 D SemNscXgbMsL1: Probability - Cloud gaming: [0.037024237]
08-04 06:28:01.813 19836 20059 D SemNscXgbMsL1: Probability - Real time: [0.45742455]
08-04 06:28:01.813 19836 20059 D SemNscXgbMsL1: Probability - Non real time: [0.89683443]
08-04 06:28:01.813 19836 20059 D SemNscXgbMsL1: 1 sample inference time: 0.568885 msecs
08-04 06:28:01.814 19836 20059 D SemNscXgbL2Rt: L2 RT 1 sample inference time: 0.913269 msecs
08-04 06:28:01.814 16516 16560 W cr_MediaCodecBridge: Releasing: OMX.Exynos.avc.dec
08-04 06:28:01.815 19836 20059 D SemNscXgbL2Nrt: L2 NRT 1 sample inference time: 0.785807 msecs
08-04 06:28:01.815 16516 17974 D SurfaceUtils: connecting to surface 0xdbaaf008, reason connectToSurface
08-04 06:28:01.815 16516 17974 I MediaCodec: [OMX.Exynos.avc.dec] setting surface generation to 16912386
08-04 06:28:01.815 16516 17974 D SurfaceUtils: disconnecting from surface 0xdbaaf008, reason connectToSurface(reconnect)
08-04 06:28:01.815 16516 17974 D SurfaceUtils: connecting to surface 0xdbaaf008, reason connectToSurface(reconnect)
08-04 06:28:01.817 18557 18557 W android.vendin: Entry not found
08-04 06:28:01.818 16175 16175 I SurfaceView@3a27ac: updateSurface: mVisible = false mSurface.isValid() = true
08-04 06:28:01.818 16175 16175 I SurfaceView@3a27ac: tryReleaseSurfaces: set mRtReleaseSurfaces = true
08-04 06:28:01.820 18557 18557 W android.vendin: Entry not found
08-04 06:28:01.820 16175 16384 I SurfaceView@3a27ac: 179993948 wPL, frameNr = 0
08-04 06:28:01.820 16175 16384 I SurfaceView@3a27ac: remove() from RT android.view.SurfaceView$SurfaceViewPositionUpdateListener@aba7d5c Surface(name=SurfaceView - com.android.chrome/org.chromium.chrome.browser.customtabs.CustomTabActivity@3a27ac@0)/@0x4c19865
08-04 06:28:01.820 16175 16384 I SurfaceView@3a27ac: remove() android.view.SurfaceView{3a27ac V.E...... ........ 0,0-1080,2300} Surface(name=SurfaceView - com.android.chrome/org.chromium.chrome.browser.customtabs.CustomTabActivity@3a27ac@0)/@0x4c19865
08-04 06:28:01.820 16516 17976 D SurfaceUtils: set up nativeWindow 0xdbaaf008 for 800x480, color 0x105, rotation 0, usage 0x402900
08-04 06:28:01.820 16516 17974 D SurfaceUtils: disconnecting from surface 0xcccfcc08, reason disconnectFromSurface
08-04 06:28:01.820 16516 17974 E Surface : freeAllBuffers: 11 buffers were freed while being dequeued!
08-04 06:28:01.821   830 17978 I EXYNOS_BASE_COMP: [0xec7a2200][Exynos_OMX_ComponentStateSet] current:(OMX_StateExecuting) dest:(OMX_StateIdle)
08-04 06:28:01.821 16516 17976 I ACodec  : [OMX.Exynos.avc.dec] Now Executing->Idle
08-04 06:28:01.821 18557 18557 W android.vendin: Entry not found
08-04 06:28:01.822   830 17981 W libexynosv4l2: failed to ioctl: VIDIOC_DQBUF (22 - Invalid argument)
08-04 06:28:01.822   830 17980 W libexynosv4l2: failed to ioctl: VIDIOC_DQBUF (22 - Invalid argument)
08-04 06:28:01.823 16516 16560 W cr_MediaCodecBridge: Codec released
08-04 06:28:01.825   830 17978 I EXYNOS_BASE_COMP: [0xec7a2200][Exynos_OMX_ComponentStateSet] OMX_EventCmdComplete(OMX_StateIdle)
08-04 06:28:01.826 18557 18557 W android.vendin: Entry not found
08-04 06:28:01.827   830 17978 I EXYNOS_BASE_COMP: [0xec7a2200][Exynos_OMX_ComponentStateSet] current:(OMX_StateIdle) dest:(OMX_StateLoaded)
08-04 06:28:01.828   830 17981 W libexynosv4l2: failed to ioctl: VIDIOC_DQBUF (22 - Invalid argument)
08-04 06:28:01.834 18365 18365 D LifecycleMonitor: Lifecycle status change: androidx.test.core.app.InstrumentationActivityInvoker$BootstrapActivity@daf46e1 in: RESUMED
08-04 06:28:01.836 18557 18557 W android.vendin: JIT profile information will not be recorded: profile file does not exist.
08-04 06:28:01.836 18557 18557 W android.vendin: JIT profile information will not be recorded: profile file does not exist.
08-04 06:28:01.836 18557 18557 W android.vendin: JIT profile information will not be recorded: profile file does not exist.
08-04 06:28:01.837 18557 18557 W android.vendin: JIT profile information will not be recorded: profile file does not exist.
08-04 06:28:01.837 19836 19854 D PersonaActivityHelper: Activity not in resumed state, do not run immediate lock
08-04 06:28:01.839 18365 18365 V ActivityScenario: Activity lifecycle changed event received but ignored because the intent does not match. startActivityIntent=Intent { act=android.intent.action.MAIN cat=[android.intent.category.LAUNCHER] cmp=com.example.dogglers/.MainActivity }, activity.getIntent()=Intent { act=android.intent.action.MAIN cat=[android.intent.category.LAUNCHER] flg=0x10008000 cmp=com.example.dogglers/androidx.test.core.app.InstrumentationActivityInvoker$BootstrapActivity (has extras) }, activity=androidx.test.core.app.InstrumentationActivityInvoker$BootstrapActivity@daf46e1
08-04 06:28:01.833 20135 13481 I ViewRootImpl@6ccc8ba[dogglers]: Resizing android.view.ViewRootImpl@55d8f74: frame=[0,0][1080,2408] reportDraw=false forceLayout=false backDropFrame=Rect(0, 0 - 1080, 2408)
08-04 06:28:01.843 20135 20264 I ViewRootImpl@6ccc8ba[dogglers]: handleResized, msg = 4 frames=ClientWindowFrames{frame=[0,0][1080,2408] display=[0,0][1080,2408] backdrop=[0,0][1080,2408]} forceNextWindowRelayout=false displayId=0 frameChanged=false backdropFrameChanged=false configChanged=false displayChanged=false mNextDrawUseBlastSync=false mergedConfiguration={mGlobalConfig={0.9 404mcc40mnc [en_IN] ldltr sw384dp w384dp h817dp 450dpi nrml long port night finger -keyb/v/h -nav/h winConfig={ mBounds=Rect(0, 0 - 1080, 2408) mAppBounds=Rect(0, 65 - 1080, 2366) mMaxBounds=Rect(0, 0 - 1080, 2408) mWindowingMode=fullscreen mDisplayWindowingMode=fullscreen mActivityType=undefined mAlwaysOnTop=undefined mRotation=ROTATION_0 mPopOver=undefined mFreeformTaskPinningState=undefined} s.224 fontWeightAdjustment=0 ff=0 bf=0 bts=0 enb/d themeSeq=0} mOverrideConfig={0.9 404mcc40mnc [en_IN] ldltr sw384dp w384dp h817dp 450dpi nrml long port night finger -keyb/v/h -nav/h winConfig={ mBounds=Rect(0, 0 - 1080, 2408) mAppBounds=Rect(0, 65 - 1080, 2366) mMaxBounds=Rect(0, 0 - 1080, 2408) mWindowingMode=fullscreen mDisplayWindowingMode=fullscreen mActivityType=standard mAlwaysOnTop=undefined mRotation=ROTATION_0 mPopOver=off mFreeformTaskPinningState=unpinned} s.1 fontWeightAdjustment=0 ff=0 bf=0 bts=0 enb/d themeSeq=0}}
08-04 06:28:01.846   830 17978 I EXYNOS_BASE_COMP: [0xec7a2200][Exynos_OMX_EventHandler] OMX_EventCmdComplete(OMX_StateLoaded)
08-04 06:28:01.846 16516 17976 I ACodec  : [OMX.Exynos.avc.dec] Now Idle->Loaded
08-04 06:28:01.846 16516 17976 I ACodec  : [OMX.Exynos.avc.dec] Now Loaded
08-04 06:28:01.848 16516 17976 I ACodec  :  [OMX.Exynos.avc.dec] Now uninitialized
08-04 06:28:01.848 16175 16384 I SurfaceView@3a27ac: aOrMT: uB = true t = android.view.SurfaceControl$Transaction@9201348 fN = 0 android.view.SurfaceView.access$500:124 android.view.SurfaceView$SurfaceViewPositionUpdateListener.positionLost:1785 android.graphics.RenderNode$CompositePositionUpdateListener.positionLost:326
08-04 06:28:01.848 16175 16384 I SurfaceView@3a27ac: aOrMT: vR.mWNT, vR = ViewRootImpl@6011630[CustomTabActivity]
08-04 06:28:01.848 16516 17976 I ACodec  :  [] Now kWhatShutdownCompleted event : 7985
08-04 06:28:01.848 16175 16384 I ViewRootImpl@6011630[CustomTabActivity]: mWNT: t = android.view.SurfaceControl$Transaction@9201348 fN = 0 android.view.SurfaceView.applyOrMergeTransaction:1628 android.view.SurfaceView.access$500:124 android.view.SurfaceView$SurfaceViewPositionUpdateListener.positionLost:1785
08-04 06:28:01.848 16175 16384 I ViewRootImpl@6011630[CustomTabActivity]: mWNT: merge t to BBQ
08-04 06:28:01.849 16516 17974 D SurfaceUtils: disconnecting from surface 0xdbaaf008, reason disconnectFromSurface
08-04 06:28:01.849 18365 18365 D LifecycleMonitor: Lifecycle status change: androidx.test.core.app.InstrumentationActivityInvoker$BootstrapActivity@daf46e1 in: PAUSED
08-04 06:28:01.850 16516 17974 I MediaCodec: Codec shutdown complete
08-04 06:28:01.851 19643 19178 I ResourceManagerService: removeResourceInfo pid 16516, removed 384000 (width 800 height 480), isLowPriority 0, remained hw codec count 0
08-04 06:28:01.851 19836 22764 V ResourceManagerHelper-JNI: JNIMediaResourceHelper::notify eventType : 2, ext1 : 0, ext2 : 0
08-04 06:28:01.851 19836 22764 V ResourceManagerHelper-JNI: notify eventType : 2, ext1 : 0, ext2 : 0
08-04 06:28:01.852 18365 18365 V ActivityScenario: Activity lifecycle changed event received but ignored because the intent does not match. startActivityIntent=Intent { act=android.intent.action.MAIN cat=[android.intent.category.LAUNCHER] cmp=com.example.dogglers/.MainActivity }, activity.getIntent()=Intent { act=android.intent.action.MAIN cat=[android.intent.category.LAUNCHER] flg=0x10008000 cmp=com.example.dogglers/androidx.test.core.app.InstrumentationActivityInvoker$BootstrapActivity (has extras) }, activity=androidx.test.core.app.InstrumentationActivityInvoker$BootstrapActivity@daf46e1
08-04 06:28:01.852 21715 21715 I SemMediaResourceHelper: onRemove
08-04 06:28:01.852 19836 19959 I SemMediaResourceHelper: onRemove
08-04 06:28:01.853 16175 16384 D OpenGLRenderer: setSurface called with nullptr
08-04 06:28:01.853 16175 16384 D OpenGLRenderer: setSurface() destroyed EGLSurface
08-04 06:28:01.853 16175 16384 D OpenGLRenderer: destroyEglSurface
08-04 06:28:01.854 19836 19836 E libperflog: [LIBPERFLOG] socket_local_client fail = -1
08-04 06:28:01.858   752   752 I Layer   : id=173804 removeFromCurrentState SurfaceView - com.android.chrome/org.chromium.chrome.browser.customtabs.CustomTabActivity@3a27ac@0(BLAST)#0 (117)
08-04 06:28:01.858   752   752 I Layer   : id=173806 removeFromCurrentState com.android.chrome/ChromeNativeWindowSurface#0 (117)
08-04 06:28:01.858   752   752 I Layer   : id=173807 removeFromCurrentState com.android.chrome/ChromeChildSurface#0 (117)
08-04 06:28:01.857 15062 15080 V ResourceManagerHelper-JNI: JNIMediaResourceHelper::notify eventType : 2, ext1 : 0, ext2 : 0
08-04 06:28:01.858 15062 15080 V ResourceManagerHelper-JNI: notify eventType : 2, ext1 : 0, ext2 : 0
08-04 06:28:01.858   752   752 I Layer   : id=173805 removeFromCurrentState Background for SurfaceView - com.android.chrome/org.chromium.chrome.browser.customtabs.CustomTabActivity@3a27ac@0#0 (117)
08-04 06:28:01.858   752   752 I Layer   : id=173803 removeFromCurrentState SurfaceView - com.android.chrome/org.chromium.chrome.browser.customtabs.CustomTabActivity@3a27ac@0#0 (117)
08-04 06:28:01.858 15062 15095 I SemMediaResourceHelper: onRemove
08-04 06:28:01.858   752   752 I SurfaceFlinger: id=173804 Removed SurfaceView - com.android.chrome/org.chromium.chrome.browser.customtabs.CustomTabActivity@3a27ac@0(BLAST)#0 (117)
08-04 06:28:01.858   752   752 I SurfaceFlinger: id=173805 Removed Background for SurfaceView - com.android.chrome/org.chromium.chrome.browser.customtabs.CustomTabActivity@3a27ac@0#0 (117)
08-04 06:28:01.858   752   752 I SurfaceFlinger: id=173803 Removed SurfaceView - com.android.chrome/org.chromium.chrome.browser.customtabs.CustomTabActivity@3a27ac@0#0 (117)
08-04 06:28:01.859   752   752 I Layer   : id=173803 Destroyed SurfaceView - com.android.chrome/org.chromium.chrome.browser.customtabs.CustomTabActivity@3a27ac@0#0
08-04 06:28:01.859   752   752 I Layer   : id=173805 Destroyed Background for SurfaceView - com.android.chrome/org.chromium.chrome.browser.customtabs.CustomTabActivity@3a27ac@0#0
08-04 06:28:01.859   752   752 I Layer   : id=173804 Destroyed SurfaceView - com.android.chrome/org.chromium.chrome.browser.customtabs.CustomTabActivity@3a27ac@0(BLAST)#0
08-04 06:28:01.859   752   752 I Layer   : id=173806 Destroyed com.android.chrome/ChromeNativeWindowSurface#0
08-04 06:28:01.859   752   752 I Layer   : id=173807 Destroyed com.android.chrome/ChromeChildSurface#0
08-04 06:28:01.859 19836 29801 D OpenGLRenderer: trimMemory(TRIM_MEMORY_COMPLETE)::destroyRenderingContext
08-04 06:28:01.859 19836 29801 D OpenGLRenderer: RenderThread::destroyRenderingContext()
08-04 06:28:01.859 19836 29801 D OpenGLRenderer: RenderThread::setGrContext()
08-04 06:28:01.866 19836 21295 D InputDispatcher: Focused application set to (0): 27c55fe
08-04 06:28:01.896 19836 20358 V WindowManager: Relayout Window{d1e5015 u0 com.android.chrome/org.chromium.chrome.browser.customtabs.CustomTabActivity}: viewVisibility=8 req=1080x2408 d0
08-04 06:28:01.907 19836 20358 V WindowManager: Relayout hash=d1e5015, pid=16175: mAttrs={(0,0)(fillxfill) sim={adjust=resize forwardNavigation} ty=BASE_APPLICATION fmt=TRANSLUCENT wanim=0x1030303 sysuil=true
08-04 06:28:01.907 19836 20358 V WindowManager:   fl=81810100
08-04 06:28:01.907 19836 20358 V WindowManager:   pfl=12020040
08-04 06:28:01.907 19836 20358 V WindowManager:   bhv=DEFAULT
08-04 06:28:01.907 19836 20358 V WindowManager:   fitSides= naviIconColor=0}
08-04 06:28:01.909   752  1103 I SurfaceFlinger: id=173802 Removed Bounds for - com.android.chrome/org.chromium.chrome.browser.customtabs.CustomTabActivity@0#0 (112)
08-04 06:28:01.910 16175 16175 I ViewRootImpl@6011630[CustomTabActivity]: Relayout returned: old=(0,0,1080,2408) new=(0,0,1080,2408) req=(1080,2408)8 dur=27 res=0x5 s={false 0} ch=true fn=39
08-04 06:28:01.910 16175 16175 I SurfaceView@3a27ac: windowStopped(true) false android.view.SurfaceView{3a27ac V.E...... ........ 0,0-1080,2300} of ViewRootImpl@6011630[CustomTabActivity]
08-04 06:28:01.910 16175 16175 D SurfaceView@3a27ac: updateSurface: surface is not valid
08-04 06:28:01.911 16175 16175 D SurfaceView@3a27ac: updateSurface: surface is not valid
08-04 06:28:01.911 19836 19854 I SemPersonaManager: SecureFolder personaId = 10
08-04 06:28:01.920 16175 16175 I ViewRootImpl@6011630[CustomTabActivity]: stopped(true) old=false
08-04 06:28:01.921 19836 19854 D EnterpriseDeviceManagerService: isMdmAdminPresentInternal() : MDM Admin Found - com.samsung.android.knox.containercore
08-04 06:28:01.922 19836 21401 I MediaSessionMonitor: Media session stopped : controllerList empty
08-04 06:28:01.967 18309 18470 D ConnectivityManager: StackLog: [android.net.ConnectivityManager.sendRequestForNetwork(ConnectivityManager.java:4124)] [android.net.ConnectivityManager.registerDefaultNetworkCallbackForUid(ConnectivityManager.java:4688)] [android.net.ConnectivityManager.registerDefaultNetworkCallback(ConnectivityManager.java:4655)] [android.net.ConnectivityManager.registerDefaultNetworkCallback(ConnectivityManager.java:4629)] [ckj.a(PG:2)] [chx.d(PG:2)] [chc.a(PG:20)] [cgj.c(PG:33)] [cft.b(PG:102)] [ckf.run(PG:60)] [ckx.run(PG:1)] [npz.run(PG:5)] [nqd.run(PG:23)] [mzg.run(PG:6)] [mzg.run(PG:33)] [com.google.android.apps.youtube.embeddedplayer.service.jar.client.r.run(PG:5)] [java.lang.Thread.run(Thread.java:920)]
08-04 06:28:01.981 20522 20560 I RecentModel: onTaskStackChangedBackground
08-04 06:28:01.983 19836 22762 D ConnectivityService: requestNetwork for uid/pid:10203/18309 activeRequest: null callbackRequest: 1016 [NetworkRequest [ REQUEST id=1017, [ Capabilities: INTERNET&NOT_RESTRICTED&TRUSTED&NOT_VCN_MANAGED Uid: 10203 RequestorUid: 10203 RequestorPkg: com.google.android.youtube UnderlyingNetworks: Null] ]] callback flags: 0 order: 2147483647
08-04 06:28:01.985 19836 20005 D ConnectivityService: NetworkReassignment :
08-04 06:28:01.985 19836 20005 D ConnectivityService:   1017 : null → 105
08-04 06:28:01.985 19836 20005 D ConnectivityService:    accepting network in place of null
08-04 06:28:01.989 19836 19989 D WifiNetworkFactory: got request NetworkRequest [ REQUEST id=1017, [ Capabilities: INTERNET&NOT_RESTRICTED&TRUSTED&NOT_VCN_MANAGED Uid: 10203 RequestorUid: 10203 RequestorPkg: com.google.android.youtube UnderlyingNetworks: Null] ]
08-04 06:28:01.990 19836 19989 D UntrustedWifiNetworkFactory: got request NetworkRequest [ REQUEST id=1017, [ Capabilities: INTERNET&NOT_RESTRICTED&TRUSTED&NOT_VCN_MANAGED Uid: 10203 RequestorUid: 10203 RequestorPkg: com.google.android.youtube UnderlyingNetworks: Null] ]
08-04 06:28:01.990 19836 19989 D OemPaidWifiNetworkFactory: got request NetworkRequest [ REQUEST id=1017, [ Capabilities: INTERNET&NOT_RESTRICTED&TRUSTED&NOT_VCN_MANAGED Uid: 10203 RequestorUid: 10203 RequestorPkg: com.google.android.youtube UnderlyingNetworks: Null] ]
08-04 06:28:01.993 18557 18557 V GraphicsEnvironment: ANGLE Developer option for 'com.android.vending' set to: 'default'
08-04 06:28:01.994 18557 18557 V GraphicsEnvironment: Neither updatable production driver nor prerelease driver is supported.
08-04 06:28:01.997 18557 18557 D NetworkSecurityConfig: No Network Security Config specified, using platform default
08-04 06:28:01.999 16175 16175 D ConnectivityManager: StackLog: [android.net.ConnectivityManager.unregisterNetworkCallback(ConnectivityManager.java:4797)] [org.chromium.net.a.f(chromium-TrichromeChromeGoogle.aab-stable-506012930:437)] [rH2.p(chromium-TrichromeChromeGoogle.aab-stable-506012930:860)] [org.chromium.base.ApplicationStatus.a(chromium-TrichromeChromeGoogle.aab-stable-506012930:410)] [ch.onActivityStopped(chromium-TrichromeChromeGoogle.aab-stable-506012930:295)] [android.app.Application.dispatchActivityStopped(Application.java:495)] [android.app.Activity.dispatchActivityStopped(Activity.java:1503)] [android.app.Activity.onStop(Activity.java:2686)] [AV0.onStop(chromium-TrichromeChromeGoogle.aab-stable-506012930:369)] [androidx.appcompat.app.a.onStop(chromium-TrichromeChromeGoogle.aab-stable-506012930:252)] [Un.onStop(chromium-TrichromeChromeGoogle.aab-stable-506012930:529)] [org.chromium.chrome.browser.app.ChromeActivity.onStop(chromium-TrichromeChromeGoogle.aab-stable-506012930:1432)] [android.app.Instrumentation.callActivityOnStop(Instrumentation.java:1496)] [android.app.Activity.performStop(Activity.java:8536)] [android.app.ActivityThread.callActivityOnStop(ActivityThread.java:5705)] [android.app.ActivityThread.performStopActivityInner(ActivityThread.java:5649)] [android.app.ActivityThread.handleStopActivity(ActivityThread.java:5750)] [android.app.servertransaction.StopActivityItem.execute(StopActivityItem.java:43)] [android.app.servertransaction.ActivityTransactionItem.execute(ActivityTransactionItem.java:45)] [android.app.servertransaction.TransactionExecutor.executeLifecycleState(TransactionExecutor.java:176)] [android.app.servertransaction.TransactionExecutor.execute(TransactionExecutor.java:97)] [android.app.ActivityThread$H.handleMessage(ActivityThread.java:2438)]
