08-04 06:28:04.453   752   770 I SurfaceFlinger: id=173839 createSurf (0x0),-1 flag=24000, Surface(name=e75ea59 NavigationBar0)/@0x799bb6a - animation-leash of insets_animation#0
08-04 06:28:04.457 19836 22762 V WindowManager: Relayout hash=5912402, pid=18365: mAttrs={(0,0)(fillxfill) sim={adjust=pan forwardNavigation} ty=BASE_APPLICATION wanim=0x1030001
08-04 06:28:04.457 19836 22762 V WindowManager:   fl=1810100
08-04 06:28:04.457 19836 22762 V WindowManager:   pfl=12020040
08-04 06:28:04.457 19836 22762 V WindowManager:   bhv=DEFAULT
08-04 06:28:04.457 19836 22762 V WindowManager:   fitSides= naviIconColor=0}
08-04 06:28:04.463 18365 18365 I ViewRootImpl@16b06a5[InstrumentationActivityInvoker$EmptyActivity]: Relayout returned: old=(0,0,1080,2408) new=(0,0,1080,2408) req=(1080,2408)0 dur=18 res=0x7 s={true 3056958464} ch=true fn=-1
08-04 06:28:04.468 18365 18575 D OpenGLRenderer: eglCreateWindowSurface
08-04 06:28:04.471 18365 18365 I ViewRootImpl@16b06a5[InstrumentationActivityInvoker$EmptyActivity]: [DP] dp(1) 1 android.view.ViewRootImpl.reportNextDraw:11410 android.view.ViewRootImpl.performTraversals:4185 android.view.ViewRootImpl.doTraversal:2911
08-04 06:28:04.471 18365 18365 D ViewRootImpl@16b06a5[InstrumentationActivityInvoker$EmptyActivity]: Creating frameDrawingCallback nextDrawUseBlastSync=false reportNextDraw=true hasBlurUpdates=false
08-04 06:28:04.471 18365 18365 D ViewRootImpl@16b06a5[InstrumentationActivityInvoker$EmptyActivity]: Creating frameCompleteCallback
08-04 06:28:04.479 18365 18721 D ViewRootImpl@16b06a5[InstrumentationActivityInvoker$EmptyActivity]: Received frameDrawingCallback frameNum=1. Creating transactionCompleteCallback=false
08-04 06:28:04.484 18365 18575 D ViewRootImpl@16b06a5[InstrumentationActivityInvoker$EmptyActivity]: Received frameCompleteCallback  lastAcquiredFrameNum=1 lastAttemptedDrawFrameNum=1
08-04 06:28:04.486 18365 18365 I ViewRootImpl@16b06a5[InstrumentationActivityInvoker$EmptyActivity]: [DP] pdf(0) 1 android.view.ViewRootImpl.lambda$addFrameCompleteCallbackIfNeeded$3$ViewRootImpl:4987 android.view.ViewRootImpl$$ExternalSyntheticLambda16.run:6 android.os.Handler.handleCallback:938
08-04 06:28:04.486 18365 18365 I ViewRootImpl@16b06a5[InstrumentationActivityInvoker$EmptyActivity]: [DP] rdf()
08-04 06:28:04.486 18365 18365 D ViewRootImpl@16b06a5[InstrumentationActivityInvoker$EmptyActivity]: reportDrawFinished (fn: -1)
08-04 06:28:04.486 18365 18365 I ViewRootImpl@a1e9996[InstrumentationActivityInvoker$EmptyActivity]: MSG_WINDOW_FOCUS_CHANGED 0 1
08-04 06:28:04.487   752   752 I Layer   : id=173831 removeFromCurrentState Surface(name=ac392f8 StatusBar)/@0x2bc773f - animation-leash of insets_animation#0 (116)
08-04 06:28:04.487   752   752 I Layer   : id=173832 removeFromCurrentState Surface(name=e75ea59 NavigationBar0)/@0x799bb6a - animation-leash of insets_animation#1 (116)
08-04 06:28:04.489 19836 22349 D InputDispatcher: Focus request (0): 5912402 com.example.dogglers/androidx.test.core.app.InstrumentationActivityInvoker$EmptyActivity but waiting because NOT_VISIBLE
08-04 06:28:04.493 19836 19851 I ActivityTaskManager: Displayed com.example.dogglers/androidx.test.core.app.InstrumentationActivityInvoker$EmptyActivity: +262ms
08-04 06:28:04.493 19836 19855 I SemDvfsHyPerManager: acquire hyper - AMS_RESUME_TAIL/19836@14, type = -999
08-04 06:28:04.493 19836 19855 I SemDvfsHyPerManager: acquire hyper - AMS_ACT_LAZY/19836@15, type = -999
08-04 06:28:04.493 19652 19680 I HYPER-HAL: [RequestManager.cpp]acquire(): Acquired ID : 197021189  [19836 / 14]    HINT : AMS_RESUME_TAIL    list :
08-04 06:28:04.495 19652 19680 I HYPER-HAL: [RequestManager.cpp]releaseLocked(): Released ID : 196981488
08-04 06:28:04.500  1994  1994 E pageboostd: Received HALT command code 2
08-04 06:28:04.517   752  1103 I SurfaceFlinger: id=173832 Removed Surface(name=e75ea59 NavigationBar0)/@0x799bb6a - animation-leash of insets_animation#1 (116)
08-04 06:28:04.517   752  1103 I SurfaceFlinger: id=173831 Removed Surface(name=ac392f8 StatusBar)/@0x2bc773f - animation-leash of insets_animation#0 (116)
08-04 06:28:04.519 18365 18365 D InsetsSourceConsumer: ensureControlAlpha: for ITYPE_NAVIGATION_BAR on com.example.dogglers/androidx.test.core.app.InstrumentationActivityInvoker$EmptyActivity
08-04 06:28:04.520   752   752 I Layer   : id=173832 Destroyed Surface(name=e75ea59 NavigationBar0)/@0x799bb6a - animation-leash of insets_animation#1
08-04 06:28:04.520 18365 18365 D InsetsSourceConsumer: ensureControlAlpha: for ITYPE_STATUS_BAR on com.example.dogglers/androidx.test.core.app.InstrumentationActivityInvoker$EmptyActivity
08-04 06:28:04.521   752   752 I Layer   : id=173831 Destroyed Surface(name=ac392f8 StatusBar)/@0x2bc773f - animation-leash of insets_animation#0
08-04 06:28:04.522 19836 22301 D InputDispatcher: Focus entered window (0): 5912402 com.example.dogglers/androidx.test.core.app.InstrumentationActivityInvoker$EmptyActivity
08-04 06:28:04.523 18365 18365 I ViewRootImpl@a1e9996[InstrumentationActivityInvoker$EmptyActivity]: handleAppVisibility mAppVisible=true visible=false
08-04 06:28:04.525 18365 18365 I ViewRootImpl@a1e9996[InstrumentationActivityInvoker$EmptyActivity]: stopped(true) old=false
08-04 06:28:04.527 18365 18365 D LifecycleMonitor: Lifecycle status change: androidx.test.core.app.InstrumentationActivityInvoker$EmptyActivity@5cca43b in: STOPPED
08-04 06:28:04.528   752   752 D SurfaceFlinger: Display 4633128508267670401 HWC layers:
08-04 06:28:04.528   752   752 D SurfaceFlinger:      DEVICE | 0xe9a83680 | 0102 | RGBA_8888    |    0.0    0.0 1080.0 2408.0 |    0    0 1080 2408 | com.example.dogglers/androidx.test.c[...]tivityInvoker$EmptyActivity$_18365#1
08-04 06:28:04.528   752   752 D SurfaceFlinger:      DEVICE | 0xe53e4600 | 0100 | RGBA_8888    |    0.0    0.0 1080.0   66.0 |    0    0 1080   66 | StatusBar$_20135#0
08-04 06:28:04.528   752   752 D SurfaceFlinger:      DEVICE | 0xe8f21080 | 0100 | RGBA_8888    |    0.0    0.0  388.0   42.0 |  692 2366 1080 2408 | SGestureOverlayWindow$_20522#0
08-04 06:28:04.528   752   752 D SurfaceFlinger:      DEVICE | 0xe8f22100 | 0100 | RGBA_8888    |    0.0    0.0 1080.0  135.0 |    0 2273 1080 2408 | NavigationBar0$_20135#0
08-04 06:28:04.528   752   752 D SurfaceFlinger:      DEVICE | 0xe943ff80 | 0108 | RGBA_8888    |    0.0    0.0 1080.0 2408.0 |    0    0 1080 2408 | BlueLightFilter$_20135#0
08-04 06:28:04.528   752   752 D SurfaceFlinger:
08-04 06:28:04.529 18365 18365 V ActivityScenario: Activity lifecycle changed event received but ignored because the intent does not match. startActivityIntent=Intent { act=android.intent.action.MAIN cat=[android.intent.category.LAUNCHER] cmp=com.example.dogglers/.MainActivity }, activity.getIntent()=Intent { act=android.intent.action.MAIN cat=[android.intent.category.LAUNCHER] flg=0x10000000 cmp=com.example.dogglers/androidx.test.core.app.InstrumentationActivityInvoker$EmptyActivity }, activity=androidx.test.core.app.InstrumentationActivityInvoker$EmptyActivity@5cca43b
08-04 06:28:04.539 18365 18575 D OpenGLRenderer: setSurface called with nullptr
08-04 06:28:04.539 18365 18575 D OpenGLRenderer: setSurface() destroyed EGLSurface
08-04 06:28:04.539 18365 18575 D OpenGLRenderer: destroyEglSurface
08-04 06:28:04.543 19836 22349 V WindowManager: Relayout Window{b2f727d u0 com.example.dogglers/androidx.test.core.app.InstrumentationActivityInvoker$EmptyActivity}: viewVisibility=8 req=1080x2408 d0
08-04 06:28:04.549 19836 22349 V WindowManager: Relayout hash=b2f727d, pid=18365: mAttrs={(0,0)(fillxfill) sim={adjust=pan forwardNavigation} ty=BASE_APPLICATION wanim=0x1030001
08-04 06:28:04.549 19836 22349 V WindowManager:   fl=1810100
08-04 06:28:04.549 19836 22349 V WindowManager:   pfl=12020040
08-04 06:28:04.549 19836 22349 V WindowManager:   bhv=DEFAULT
08-04 06:28:04.549 19836 22349 V WindowManager:   fitSides= naviIconColor=0}
08-04 06:28:04.554 18365 18365 I ViewRootImpl@a1e9996[InstrumentationActivityInvoker$EmptyActivity]: Relayout returned: old=(0,0,1080,2408) new=(0,0,1080,2408) req=(1080,2408)8 dur=9 res=0x5 s={false 0} ch=false fn=-1
08-04 06:28:04.554 18365 18365 I ViewRootImpl@16b06a5[InstrumentationActivityInvoker$EmptyActivity]: MSG_WINDOW_FOCUS_CHANGED 1 1
08-04 06:28:04.556 18365 18365 D InputMethodManager: startInputInner - Id : 0
08-04 06:28:04.557 18365 18365 I InputMethodManager: startInputInner - mService.startInputOrWindowGainedFocus
08-04 06:28:04.558 19836 22349 D InputMethodManagerService: mDesktopModeManager null!
08-04 06:28:04.558 19836 22349 V InputMethodManagerService: getDisplayIdOfInputMethodWindowToBeAdded : 0
08-04 06:28:04.559 19836 22349 D InputMethodManagerService: checkDisplayOfStartInputAndUpdateKeyboard display Id 0last 0
08-04 06:28:04.559 19836 22349 D InputTransport: Input channel constructed: 'ClientS', fd=699
08-04 06:28:04.559 19836 22349 D InputTransport: Input channel destroyed: 'ClientS', fd=699
08-04 06:28:04.561 28133 28133 I HBD     : HoneyBoardService onFinishInput
08-04 06:28:04.562 28133 28133 I HBD     : a IC have been unbinding,  InputConnectionWrapper{idHash=#c7ed208 mMissingMethods=}
08-04 06:28:04.562 28133 28133 I HBD     : HoneyBoardService [PF_CL][onFinishInput]  475846 ns
08-04 06:28:04.562 28133 28133 I HBD     : HoneyBoardService [IMI] onStartInput - caller pid : 18365 , caller uid : 10292
08-04 06:28:04.562 28133 28133 I HBD     : j updateConfigs
08-04 06:28:04.562 28133 28133 I HBD     : j isEnabledNightMode : true
08-04 06:28:04.562 28133 28133 I HBD     : a IC have been binding, InputConnectionWrapper{idHash=#c7ed208 mMissingMethods=}
08-04 06:28:04.562 28133 28133 I HBD     : h [EditorInputType]setPrivateImeOptionsToTable privateImeOptions ( null )
08-04 06:28:04.563   752   770 I SurfaceFlinger: id=173840 createSurf (0x0),-1 flag=24004, Surface(name=a73f97f InputMethod)/@0x1e1d195 - animation-leash of insets_animation#1
08-04 06:28:04.563 28133 28133 I HBD     : b incognitoMode : false
08-04 06:28:04.563 28133 28133 I HBD     : a needOff = true , isForceOff = false, isNullInputClass : true
08-04 06:28:04.563 28133 28133 I HBD     : h getDefaultInputRange : UNKNOWN
08-04 06:28:04.563 28133 28133 I HBD     : h getDefaultInputRange : UNKNOWN
08-04 06:28:04.563 28133 28133 I HBD     : h getDefaultInputRange : UNKNOWN
08-04 06:28:04.576 28133 28133 I HBD     : h getDefaultInputRange : UNKNOWN
08-04 06:28:04.576 28133 28133 I HBD     : a currentState : 0
08-04 06:28:04.578 28133 28133 I HBD     : h load selected json path : /data/user/0/com.samsung.android.honeyboard/files/selected.json
08-04 06:28:04.578 28133 28133 I HBD     : h load selected json info : {"version":"4.1","currentLanguageOrder":0,"selected":[{"activeOptionList":["auto_spacing"],"engName":"English(India)","id":65555,"inputType":"qwerty","isUsed":true}]}
08-04 06:28:04.580 28133 28133 I HBD     : a [UpdatePolicy] [post] a: 0 cl: 65555 kit: [0/0] vt: 0 ir: 1
08-04 06:28:04.582 28133 28133 I HBD     : HoneyBoardService [PF_OP][onStartInput]  19549193 ns
08-04 06:28:04.603   752   752 I Layer   : id=173834 removeFromCurrentState Surface(name=a73f97f InputMethod)/@0x1e1d195 - animation-leash of insets_animation#0 (115)
08-04 06:28:04.616   334   334 I lmkd    : 1(delay),0(swap), 0(freelimit) memory pressure events were skipped after a kill!
08-04 06:28:04.617   334   334 I lmkd    : cached 0, sandbox(not0) 0
08-04 06:28:04.621   334   334 I lmkd    : Reclaim 'com.google.process.gapps' (18708), uid 1010187, oom_score_adj 925, state 19 to free 20208kB rss, 43000kB swap; reason: low watermark is breached and swap is low (2913212kB < 4110412kB)
08-04 06:28:04.621 19836 22349 D InputDispatcher: Focus left window (0): 5912402 com.example.dogglers/androidx.test.core.app.InstrumentationActivityInvoker$EmptyActivity
08-04 06:28:04.630 18709 18797 I Finsky  : [1389] ppv.c(20): Finished reading experiment flags from file [cpXnlkjZIS7Le4du7JD3TtXjlC8ewukCqcyucZ_8tmI].
08-04 06:28:04.647 18365 18392 D InputTransport: Input channel destroyed: 'ClientS', fd=96
08-04 06:28:04.649 18365 18575 D OpenGLRenderer: setSurface called with nullptr
08-04 06:28:04.650   334   334 I lmkd    : cached 0, sandbox(not0) 0
08-04 06:28:04.650 19640 19640 I Zygote  : Process 18708 exited due to signal 9 (Killed)
08-04 06:28:04.653 19836 19866 I libprocessgroup: Successfully killed process cgroup uid 1010187 pid 18708 in 0ms
08-04 06:28:04.654 18365 18392 D InputTransport: Input channel destroyed: 'ClientS', fd=108
08-04 06:28:04.662 18365 18365 D LifecycleMonitor: Lifecycle status change: androidx.test.core.app.InstrumentationActivityInvoker$EmptyActivity@5cca43b in: DESTROYED
08-04 06:28:04.664 18365 18365 V ActivityScenario: Activity lifecycle changed event received but ignored because the intent does not match. startActivityIntent=Intent { act=android.intent.action.MAIN cat=[android.intent.category.LAUNCHER] cmp=com.example.dogglers/.MainActivity }, activity.getIntent()=Intent { act=android.intent.action.MAIN cat=[android.intent.category.LAUNCHER] flg=0x10000000 cmp=com.example.dogglers/androidx.test.core.app.InstrumentationActivityInvoker$EmptyActivity }, activity=androidx.test.core.app.InstrumentationActivityInvoker$EmptyActivity@5cca43b
08-04 06:28:04.667 18365 18575 D OpenGLRenderer: setSurface called with nullptr
08-04 06:28:04.668 18365 18365 I ViewRootImpl@a1e9996[InstrumentationActivityInvoker$EmptyActivity]: dispatchDetachedFromWindow
08-04 06:28:04.668 19724 20053 I bauth_FPBAuthService: pcf : 0x1012, 0 ,2 ,0 ,0 ,0 ,2, 0.0.0.0
08-04 06:28:04.668 19836 22349 D InputTransport: Input channel destroyed: 'b2f727d', fd=983
08-04 06:28:04.668 19724 20053 I bauth_FPBAuthService: thread id : 2, preenroll_flag : 0, nd cnt : 1, cso : 3, et : 0
08-04 06:28:04.668 19724 20053 I bauth_FPBAuthService: FPBAuthService, 11756
08-04 06:28:04.669 19836 22349 W InputManager-JNI: Input channel object 'b2f727d com.example.dogglers/androidx.test.core.app.InstrumentationActivityInvoker$EmptyActivity (client)' was disposed without first being removed with the input manager!
08-04 06:28:04.669 19836 22349 D InputTransport: Input channel destroyed: 'b2f727d', fd=984
08-04 06:28:04.672  9000  9000 I [+5]oneconnect[1.7.86.21_01][CORE]: QcApplication.onTrimMemory - ************** lvl=5 elapsed=1ms
08-04 06:28:04.680 18365 18365 D InputTransport: Input channel destroyed: 'b2f727d', fd=119
08-04 06:28:04.682   752   770 I SurfaceFlinger: id=173834 Removed Surface(name=a73f97f InputMethod)/@0x1e1d195 - animation-leash of insets_animation#0 (115)
08-04 06:28:04.683 21303 21303 W DeviceManager_FLP: onTrimMemory : 5
08-04 06:28:04.684 21303 21365 I GpsSessionManager_FLP: arrangeInvalidSessions
08-04 06:28:04.687   752   752 I Layer   : id=173830 removeFromCurrentState com.example.dogglers/androidx.test.core.app.InstrumentationActivityInvoker$EmptyActivity$_18365#0 (115)
08-04 06:28:04.687   752   752 I Layer   : id=173829 removeFromCurrentState b2f727d com.example.dogglers/androidx.test.core.app.InstrumentationActivityInvoker$EmptyActivity#0 (115)
08-04 06:28:04.687   752   752 I SurfaceFlinger: id=173829 Removed b2f727d com.example.dogglers/androidx.test.core.app.InstrumentationActivityInvoker$EmptyActivity#0 (115)
08-04 06:28:04.687   752   752 I SurfaceFlinger: id=173830 Removed com.example.dogglers/androidx.test.core.app.InstrumentationActivityInvoker$EmptyActivity$_18365#0 (115)
08-04 06:28:04.687   752   752 I Layer   : id=173834 Destroyed Surface(name=a73f97f InputMethod)/@0x1e1d195 - animation-leash of insets_animation#0
08-04 06:28:04.687   752   752 I Layer   : id=173829 Destroyed b2f727d com.example.dogglers/androidx.test.core.app.InstrumentationActivityInvoker$EmptyActivity#0
08-04 06:28:04.687   752   752 I Layer   : id=173830 Destroyed com.example.dogglers/androidx.test.core.app.InstrumentationActivityInvoker$EmptyActivity$_18365#0
08-04 06:28:04.690 20135 20135 D SystemUIService: SYSUI_RAM_OPTIMIZATION onTrimMemory=5
08-04 06:28:04.690 18365 18365 D LifecycleMonitor: Lifecycle status change: androidx.test.core.app.InstrumentationActivityInvoker$EmptyActivity@357456e in: PAUSED
08-04 06:28:04.690 20135 20135 D StatusBar: SYSUI_RAM_OPTIMIZATION onTrimMemory=5
08-04 06:28:04.690   334   334 I lmkd    : Reclaim 'com.android.vending' (18557), uid 1010186, oom_score_adj 905, state 19 to free 78840kB rss, 16660kB swap; reason: low watermark is breached and swap is low (2918260kB < 4110412kB)
08-04 06:28:04.692 18365 18365 V ActivityScenario: Activity lifecycle changed event received but ignored because the intent does not match. startActivityIntent=Intent { act=android.intent.action.MAIN cat=[android.intent.category.LAUNCHER] cmp=com.example.dogglers/.MainActivity }, activity.getIntent()=Intent { act=android.intent.action.MAIN cat=[android.intent.category.LAUNCHER] flg=0x10000000 cmp=com.example.dogglers/androidx.test.core.app.InstrumentationActivityInvoker$EmptyActivity }, activity=androidx.test.core.app.InstrumentationActivityInvoker$EmptyActivity@357456e
08-04 06:28:04.692 16175 16431 I cr_BindingManager: onTrimMemory: level=5, size=0
08-04 06:28:04.698 18839 18839 W android.youtub: Entry not found
08-04 06:28:04.699 18839 18839 W android.youtub: Entry not found
08-04 06:28:04.700 18839 18839 W android.youtub: Entry not found
08-04 06:28:04.701 19836 22349 I SemDvfsHyPerManager: acquire hyper - AMS_ACT_RESUME/19836@16, type = -999
08-04 06:28:04.702 19652 19680 I HYPER-HAL: [RequestManager.cpp]acquire(): Acquired ID : 197060894  [19836 / 16]    HINT : AMS_ACT_RESUME    list :
08-04 06:28:04.703   752   752 I Layer   : id=173828 removeFromCurrentState ActivityRecord{c55bf21 u0 com.example.dogglers/androidx.test.core.app.InstrumentationActivityInvoker$EmptyActivity t83}#0 (112)
08-04 06:28:04.703   752   752 I SurfaceFlinger: id=173828 Removed ActivityRecord{c55bf21 u0 com.example.dogglers/androidx.test.core.app.InstrumentationActivityInvoker$EmptyActivity t83}#0 (112)
08-04 06:28:04.704   752   752 I Layer   : id=173828 Destroyed ActivityRecord{c55bf21 u0 com.example.dogglers/androidx.test.core.app.InstrumentationActivityInvoker$EmptyActivity t83}#0
08-04 06:28:04.705 18839 18839 W android.youtub: JIT profile information will not be recorded: profile file does not exist.
08-04 06:28:04.705 18839 18839 W android.youtub: JIT profile information will not be recorded: profile file does not exist.
08-04 06:28:04.706 18839 18839 W android.youtub: JIT profile information will not be recorded: profile file does not exist.
08-04 06:28:04.707 16175 16175 I ViewRootImpl@6011630[CustomTabActivity]: handleAppVisibility mAppVisible=false visible=true
08-04 06:28:04.709 19836 22349 D InputDispatcher: Focused application set to (0): 30b2669
08-04 06:28:04.719 18709 18790 I Finsky  : [1384] hdt.m(2): Subscription detail: DataSubscriptionInfo{groupIdLevel1=FFFFFFFF, serviceProviderName=[hwNCO29L08SXpBqVtNdP6xmLtzD0IBvlOrAQYFrxU5M], simCarrierId=1961}
08-04 06:28:04.720 16175 16175 I SurfaceView@3a27ac: onWindowVisibilityChanged(4) false android.view.SurfaceView{3a27ac V.E...... ........ 0,0-1080,2300} of ViewRootImpl@6011630[CustomTabActivity]
08-04 06:28:04.720 16175 16175 D SurfaceView@3a27ac: updateSurface: surface is not valid
08-04 06:28:04.721 16175 16384 D OpenGLRenderer: setSurface called with nullptr
08-04 06:28:04.724 18839 18839 V GraphicsEnvironment: ANGLE Developer option for 'com.google.android.youtube' set to: 'default'
08-04 06:28:04.724 18839 18839 V GraphicsEnvironment: Neither updatable production driver nor prerelease driver is supported.
08-04 06:28:04.727 18839 18839 D NetworkSecurityConfig: Using Network Security Config from resource network_security_config debugBuild: false
08-04 06:28:04.727 19836 22762 D ConnectivityService: ConnectivityService NetworkRequestInfo binderDied(uid/pid:1010186/18557, [NetworkRequest [ REQUEST id=1019, [ Capabilities: INTERNET&NOT_RESTRICTED&TRUSTED&NOT_VCN_MANAGED Uid: 1010186 RequestorUid: 1010186 RequestorPkg: com.android.vending UnderlyingNetworks: Null] ]], android.os.BinderProxy@e6eda2d)
08-04 06:28:04.727 19836 21294 D ConnectivityService: ConnectivityService NetworkRequestInfo binderDied(uid/pid:1010186/18557, [NetworkRequest [ LISTEN id=1020, [ Capabilities: INTERNET&NOT_RESTRICTED&TRUSTED&NOT_VCN_MANAGED Uid: 1010186 RequestorUid: 1010186 RequestorPkg: com.android.vending UnderlyingNetworks: Null] ]], android.os.BinderProxy@77acb62)
08-04 06:28:04.728 19836 20005 D ConnectivityService: releasing NetworkRequest [ REQUEST id=1019, [ Capabilities: INTERNET&NOT_RESTRICTED&TRUSTED&NOT_VCN_MANAGED Uid: 1010186 RequestorUid: 1010186 RequestorPkg: com.android.vending UnderlyingNetworks: Null] ] (release request)
08-04 06:28:04.728 19836 20005 D ConnectivityService:  Removing from current network [105 WIFI], leaving 136 requests.
08-04 06:28:04.728 19640 19640 I Zygote  : Process 18557 exited due to signal 9 (Killed)
08-04 06:28:04.731 19836 20110 I ChimeraAggressivePolicyHandler: executePolicy() - triggerSource: TRIGGER_SOURCE_LMKD
08-04 06:28:04.733 19836 20110 I ChimeraAggressivePolicyHandler: available memory: 814976, free memory target: 645120, quit chimera
08-04 06:28:04.736 19836 22349 D InputMethodManagerServicePhysicalKey: isConnectedDexOnPC false
08-04 06:28:04.737 18365 18365 I ViewRootImpl@16b06a5[InstrumentationActivityInvoker$EmptyActivity]: MSG_WINDOW_FOCUS_CHANGED 0 1
08-04 06:28:04.740 19836 20157 V WindowManager: Relayout Window{d1e5015 u0 com.android.chrome/org.chromium.chrome.browser.customtabs.CustomTabActivity}: viewVisibility=4 req=1080x2408 d0
08-04 06:28:04.740 18365 18539 I TestRunner: finished: grid_list_button_is_displayed(com.example.dogglers.ButtonTests)
