08-04 06:28:08.938 18365 18539 I TestRunner: started: clicking_grid_list_button_displays_grid_list(com.example.dogglers.ButtonTests)
08-04 06:28:08.940 18365 18365 D InputTransport: Input channel destroyed: '3bc6358', fd=120
08-04 06:28:08.946   752   752 I Layer   : id=173898 removeFromCurrentState com.example.dogglers/com.example.dogglers.HorizontalListActivity$_18365#0 (116)
08-04 06:28:08.947   752   752 I Layer   : id=173875 removeFromCurrentState 3bc6358 com.example.dogglers/com.example.dogglers.HorizontalListActivity#0 (116)
08-04 06:28:08.947   752   752 I SurfaceFlinger: id=173875 Removed 3bc6358 com.example.dogglers/com.example.dogglers.HorizontalListActivity#0 (116)
08-04 06:28:08.947   752   752 I SurfaceFlinger: id=173898 Removed com.example.dogglers/com.example.dogglers.HorizontalListActivity$_18365#0 (116)
08-04 06:28:08.947   752   752 I Layer   : id=173875 Destroyed 3bc6358 com.example.dogglers/com.example.dogglers.HorizontalListActivity#0
08-04 06:28:08.948   752   752 I Layer   : id=173898 Destroyed com.example.dogglers/com.example.dogglers.HorizontalListActivity$_18365#0
08-04 06:28:08.953   752  1238 I SurfaceFlinger: id=173914 createSurf (0x0),-1 flag=24004, Task=84#1
08-04 06:28:08.963   752   752 I Layer   : id=173874 removeFromCurrentState ActivityRecord{ba6ddc5 u0 com.example.dogglers/.HorizontalListActivity t84}#0 (115)
08-04 06:28:08.963   752   752 I Layer   : id=173855 removeFromCurrentState Task=84#0 (115)
08-04 06:28:08.963   752   752 I Layer   : id=173914 removeFromCurrentState Task=84#1 (115)
08-04 06:28:08.963   752   752 I SurfaceFlinger: id=173874 Removed ActivityRecord{ba6ddc5 u0 com.example.dogglers/.HorizontalListActivity t84}#0 (115)
08-04 06:28:08.963   752   752 I SurfaceFlinger: id=173914 Removed Task=84#1 (115)
08-04 06:28:08.963   752   752 I Layer   : id=173914 Destroyed Task=84#1
08-04 06:28:08.963   752   752 I Layer   : id=173874 Destroyed ActivityRecord{ba6ddc5 u0 com.example.dogglers/.HorizontalListActivity t84}#0
08-04 06:28:08.966 20522 20522 I RecentsView: onTaskRemoved() taskId : 84
08-04 06:28:08.968 20522 20522 I RecentsView: onTaskRemoved() taskId : 84
08-04 06:28:08.969 18365 18539 W Settings: Setting always_finish_activities has moved from android.provider.Settings.System to android.provider.Settings.Global, returning read-only value.
08-04 06:28:08.991 19836 20477 I SemDvfsHyPerManager: acquire hyper - AMS_APP_SWITCH/19836@27, type = -999
08-04 06:28:08.992 19652 19680 I HYPER-HAL: [RequestManager.cpp]acquire(): Acquired ID : 197279343  [19836 / 27]    HINT : AMS_APP_SWITCH    list :
08-04 06:28:08.993   752   918 I SurfaceFlinger: id=173915 createSurf (0x0),-1 flag=24004, Task=85#0
08-04 06:28:08.993 19836 21257 D PkgPredictorService-IpmAdcpController: create a new DexPreloadTask pkg:com.example.dogglers  path:/data/app/~~vQIvKN_RSJn-oLUn5uy7_Q==/com.example.dogglers-lPO3UNkPc9qmscuVL_QpJA==
08-04 06:28:08.994 21715 21715 I SemDvfsHyPerManager: acquire hyper - APP_START_SHORT/21715@15, type = -999
08-04 06:28:08.995 19652 19680 I HYPER-HAL: [RequestManager.cpp]acquire(): Acquired ID : 236107330  [21715 / 15]    HINT : APP_START    list : [TIMEOUT / 1500]
08-04 06:28:08.997 28133 28145 W roid.honeyboar: Reducing the number of considered missed Gc histogram windows from 102 to 100
08-04 06:28:08.998   752   918 I SurfaceFlinger: id=173916 createSurf (0x0),-1 flag=80004, ActivityRecord{f0d423c u0 com.example.dogglers/androidx.test.core.app.InstrumentationActivityInvoker$BootstrapActivity t85}#0
08-04 06:28:09.003 19173 19240 I Finsky  : [1402] ppv.c(20): Finished reading experiment flags from file [hXWMyhfaSaqv2mtIOo81ovquRMqu7MsBorJ6uIGu35A].
08-04 06:28:09.006 19836 20361 I SemDvfsHyPerManager: acquire hyper - AMS_APP_LAUNCH/19836@13, type = -999
08-04 06:28:09.007 19652 19680 I HYPER-HAL: [RequestManager.cpp]acquire(): Acquired ID : 197001338  [19836 / 13]    HINT : AMS_APP_LAUNCH    list :
08-04 06:28:09.014 19173 19237 I Finsky  : [1399] fmy.P(1): pcsi: PROCESS_START
08-04 06:28:09.019 19836 22762 D InputTransport: Input channel constructed: 'f8a4628', fd=842
08-04 06:28:09.019 19836 22762 D InputTransport: Input channel constructed: 'f8a4628', fd=849
08-04 06:28:09.019 19836 22762 D InputTransport: Input channel constructed: 'f8a4628', fd=850
08-04 06:28:09.020   752   918 I SurfaceFlinger: id=173917 createSurf (0x0),-1 flag=80004, f8a4628 Splash Screen com.example.dogglers#0
08-04 06:28:09.022 19836 22762 D InputTransport: Input channel destroyed: 'f8a4628', fd=850
08-04 06:28:09.025 20135 20264 I ViewRootImpl@86170c3[dogglers]: setView = android.widget.FrameLayout@1ef15be TM=true
08-04 06:28:09.027 21715 21715 I SemDvfsHyPerManager: acquire hyper - APP_START/21715@16, type = -999
08-04 06:28:09.028 19652 19680 I HYPER-HAL: [RequestManager.cpp]acquire(): Acquired ID : 236129062  [21715 / 16]    HINT : APP_START    list :
08-04 06:28:09.034 19836 22762 V WindowManager: Relayout Window{f8a4628 u0 Splash Screen com.example.dogglers}: viewVisibility=0 req=1080x2408 d0
08-04 06:28:09.035   752   918 I SurfaceFlinger: id=173918 createSurf (1x1),-3 flag=40004, Splash Screen com.example.dogglers$_20135#0
08-04 06:28:09.035 16175 16175 I IMM_LC  : hsifw() - flags=0, caller=android.view.inputmethod.InputMethodManager.hideSoftInputFromWindow:1858 Sm1.c:174 org.chromium.content.browser.input.ImeAdapterImpl.j:608 org.chromium.content.browser.input.ImeAdapterImpl.n:721 org.chromium.content.browser.input.ImeAdapterImpl.p:689
08-04 06:28:09.035 16175 16175 I IMM_LC  : hideSoftInputFromWindow - mService.hideSoftInput
08-04 06:28:09.041 19836 22762 V WindowManager: Relayout hash=f8a4628, pid=20135: mAttrs={(0,0)(fillxfill) sim={adjust=pan} ty=APPLICATION_STARTING fmt=TRANSLUCENT wanim=0x1030001
08-04 06:28:09.041 19836 22762 V WindowManager:   fl=81030118
08-04 06:28:09.041 19836 22762 V WindowManager:   pfl=36000010
08-04 06:28:09.041 19836 22762 V WindowManager:   bhv=DEFAULT
08-04 06:28:09.041 19836 22762 V WindowManager:   fitSides= naviIconColor=0}
08-04 06:28:09.043 20135 20264 I ViewRootImpl@86170c3[dogglers]: Relayout returned: old=(0,0,1080,2408) new=(0,0,1080,2408) req=(1080,2408)0 dur=8 res=0x7 s={true 3038036992} ch=true fn=-1
08-04 06:28:09.044 20135 20264 I ViewRootImpl@86170c3[dogglers]: [DP] dp(1) 0 android.view.ViewRootImpl.reportNextDraw:11410 android.view.ViewRootImpl.performTraversals:4185 android.view.ViewRootImpl.doTraversal:2911
08-04 06:28:09.044 20135 20264 D ViewRootImpl@86170c3[dogglers]: Creating frameDrawingCallback nextDrawUseBlastSync=false reportNextDraw=true hasBlurUpdates=false
08-04 06:28:09.044 20135 20264 D ViewRootImpl@86170c3[dogglers]: Creating frameCompleteCallback
08-04 06:28:09.044 20135 20316 D OpenGLRenderer: eglCreateWindowSurface
08-04 06:28:09.046 20135 20795 D ViewRootImpl@86170c3[dogglers]: Received frameDrawingCallback frameNum=1. Creating transactionCompleteCallback=false
08-04 06:28:09.060 20135 20316 D ViewRootImpl@86170c3[dogglers]: Received frameCompleteCallback  lastAcquiredFrameNum=1 lastAttemptedDrawFrameNum=1
08-04 06:28:09.062 19836 19978 D InputDispatcher: Focused application set to (0): f0d423c
08-04 06:28:09.065 20135 20264 I ViewRootImpl@86170c3[dogglers]: [DP] pdf(0) 0 android.view.ViewRootImpl.lambda$addFrameCompleteCallbackIfNeeded$3$ViewRootImpl:4987 android.view.ViewRootImpl$$ExternalSyntheticLambda16.run:6 android.os.Handler.handleCallback:938
08-04 06:28:09.065 20135 20264 I ViewRootImpl@86170c3[dogglers]: [DP] rdf()
08-04 06:28:09.065 20135 20264 D ViewRootImpl@86170c3[dogglers]: reportDrawFinished (fn: -1)
08-04 06:28:09.073 19173 19240 I Finsky  : [1402] ppv.c(20): Finished reading experiment flags from file [cpXnlkjZIS7Le4du7JD3TtXjlC8ewukCqcyucZ_8tmI].
08-04 06:28:09.090 19836 19854 I SemPersonaManager: SecureFolder personaId = 10
08-04 06:28:09.092 18365 18365 D LifecycleMonitor: Lifecycle status change: androidx.test.core.app.InstrumentationActivityInvoker$BootstrapActivity@a71a8c5 in: PRE_ON_CREATE
08-04 06:28:09.095 18365 18365 V ActivityScenario: Activity lifecycle changed event received but ignored because the intent does not match. startActivityIntent=Intent { act=android.intent.action.MAIN cat=[android.intent.category.LAUNCHER] cmp=com.example.dogglers/.MainActivity }, activity.getIntent()=Intent { act=android.intent.action.MAIN cat=[android.intent.category.LAUNCHER] flg=0x10008000 cmp=com.example.dogglers/androidx.test.core.app.InstrumentationActivityInvoker$BootstrapActivity (has extras) }, activity=androidx.test.core.app.InstrumentationActivityInvoker$BootstrapActivity@a71a8c5
08-04 06:28:09.101 19836 19854 D EnterpriseDeviceManagerService: isMdmAdminPresentInternal() : MDM Admin Found - com.samsung.android.knox.containercore
08-04 06:28:09.102 19836 21401 I MediaSessionMonitor: Media session stopped : controllerList empty
08-04 06:28:09.103 20135 20135 D FullscreenTaskListener: Fullscreen Task Appeared: #85, caller=com.android.wm.shell.ShellTaskOrganizer.onTaskAppeared:387 com.android.wm.shell.ShellTaskOrganizer.onTaskAppeared:376 android.window.TaskOrganizer$1.lambda$onTaskAppeared$4$TaskOrganizer$1:297
08-04 06:28:09.105 19836 20077 D NetdEventListenerService: DNS Requested by : 105, 1000, 0
08-04 06:28:09.105   752   770 I SurfaceFlinger: id=173919 createSurf (0x0),-1 flag=24000, Surface(name=Task=82)/@0xa615068 - animation-leash of app_transition#0
08-04 06:28:09.107   752   918 I SurfaceFlinger: id=173920 createSurf (0x0),-1 flag=20004, Dim Layer for - Task=82 - animating-dim#0
08-04 06:28:09.108   752  1238 I SurfaceFlinger: id=173921 createSurf (0x0),-1 flag=24000, Surface(name=Dim Layer for - Task=82 - animating-dim)/@0x3e67ab1 - animation-leash of dimmer#0
08-04 06:28:09.113   752  1238 I SurfaceFlinger: id=173922 createSurf (0x0),-1 flag=24004, Surface(name=Task=85)/@0x319476e - animation-leash of app_transition#0
08-04 06:28:09.114 19836 20737 D InputDispatcher: Focus left window (0): d1e5015 com.android.chrome/org.chromium.chrome.browser.customtabs.CustomTabActivity
08-04 06:28:09.115 16175 16175 I ViewRootImpl@6011630[CustomTabActivity]: MSG_WINDOW_FOCUS_CHANGED 0 1
08-04 06:28:09.123   752   752 I Layer   : id=173923 Destroyed Screenshot Parent
08-04 06:28:09.130   752   770 I SurfaceFlinger: id=173924 createSurf (0x0),-1 flag=24000, Surface(name=ac392f8 StatusBar)/@0x2bc773f - animation-leash of insets_animation#0
08-04 06:28:09.132   752   770 I SurfaceFlinger: id=173925 createSurf (0x0),-1 flag=24000, Surface(name=e75ea59 NavigationBar0)/@0x799bb6a - animation-leash of insets_animation#1
08-04 06:28:09.137 20135 20264 D InsetsSourceConsumer: ensureControlAlpha: for ITYPE_NAVIGATION_BAR on Splash Screen com.example.dogglers
08-04 06:28:09.138 20135 20264 D InsetsSourceConsumer: ensureControlAlpha: for ITYPE_STATUS_BAR on Splash Screen com.example.dogglers
08-04 06:28:09.146   752   752 I Layer   : id=173902 removeFromCurrentState Surface(name=ac392f8 StatusBar)/@0x2bc773f - animation-leash of insets_animation#1 (123)
08-04 06:28:09.146   752   752 I Layer   : id=173498 removeFromCurrentState ac392f8 StatusBar#0 (123)
08-04 06:28:09.146   752   752 I Layer   : id=173510 removeFromCurrentState StatusBar$_20135#0 (123)
08-04 06:28:09.146   752   752 I Layer   : id=173498 addToCurrentState ac392f8 StatusBar#0 (123)
08-04 06:28:09.146   752   752 I Layer   : id=173510 addToCurrentState StatusBar$_20135#0 (123)
08-04 06:28:09.147   752   752 I Layer   : id=173903 removeFromCurrentState Surface(name=e75ea59 NavigationBar0)/@0x799bb6a - animation-leash of insets_animation#0 (123)
08-04 06:28:09.147   752   752 I SurfaceFlinger: id=173902 Removed Surface(name=ac392f8 StatusBar)/@0x2bc773f - animation-leash of insets_animation#1 (123)
08-04 06:28:09.147   752   752 I SurfaceFlinger: id=173903 Removed Surface(name=e75ea59 NavigationBar0)/@0x799bb6a - animation-leash of insets_animation#0 (123)
08-04 06:28:09.147   752   752 I Layer   : id=173902 Destroyed Surface(name=ac392f8 StatusBar)/@0x2bc773f - animation-leash of insets_animation#1
08-04 06:28:09.147   752   752 I Layer   : id=173903 Destroyed Surface(name=e75ea59 NavigationBar0)/@0x799bb6a - animation-leash of insets_animation#0
08-04 06:28:09.168 18365 18365 I DecorView: [INFO] isPopOver=false, config=true
08-04 06:28:09.168 18365 18365 I DecorView: updateCaptionType >> DecorView@2aad14b[], isFloating=false, isApplication=true, hasWindowControllerCallback=true, hasWindowDecorCaption=false
08-04 06:28:09.169 18365 18365 D DecorView: setCaptionType = 0, this = DecorView@2aad14b[]
08-04 06:28:09.171 20522 17031 I RecentModel: onTaskStackChangedBackground
08-04 06:28:09.172   752   752 D SurfaceFlinger: Display 4633128508267670401 HWC layers:
08-04 06:28:09.172   752   752 D SurfaceFlinger:      DEVICE | 0xe8aa8800 | 0002 | RGBA_8888    |    0.0    0.0 1080.0 2300.0 |    0   47 1080 2347 | com.android.chrome/ChromeChildSurface#0
08-04 06:28:09.172   752   752 D SurfaceFlinger:      DEVICE | 0xe8aa8f80 | 0100 | RGBA_8888    |    0.0   19.0 1080.0 2408.0 |    0    0 1080 2389 | com.android.chrome/org.chromium.chro[...]ustomtabs.CustomTabActivity$_16175#0
08-04 06:28:09.172   752   752 D SurfaceFlinger:      CLIENT |              | 0000 |  Unknown  |    0.0    0.0    0.0    0.0 |    0    0 1080 2389 | Dim Layer for - Task=82 - animating-dim#0
08-04 06:28:09.172   752   752 D SurfaceFlinger:      CLIENT | 0xe9440580 | 0100 | RGBA_8888    |    0.0    0.0 1080.0 2073.0 |    0  335 1080 2408 | Splash Screen com.example.dogglers$_20135#0
08-04 06:28:09.172   752   752 D SurfaceFlinger:      CLIENT | 0xe8f21680 | 0100 | RGBA_8888    |    0.0    0.0 1080.0   66.0 |    0    0 1080   66 | StatusBar$_20135#0
08-04 06:28:09.172   752   752 D SurfaceFlinger:      CLIENT | 0xe8f21080 | 0100 | RGBA_8888    |    0.0    0.0  388.0   42.0 |  692 2366 1080 2408 | SGestureOverlayWindow$_20522#0
08-04 06:28:09.172   752   752 D SurfaceFlinger:      CLIENT | 0xe8f22100 | 0100 | RGBA_8888    |    0.0    0.0 1080.0  135.0 |    0 2273 1080 2408 | NavigationBar0$_20135#0
08-04 06:28:09.172   752   752 D SurfaceFlinger:
08-04 06:28:09.172   752   752 D SurfaceFlinger:      DEVICE | 0xe943ff80 | 0108 | RGBA_8888    |    0.0    0.0 1080.0 2408.0 |    0    0 1080 2408 | BlueLightFilter$_20135#0
08-04 06:28:09.172   752   752 D SurfaceFlinger:
08-04 06:28:09.180 18365 18365 I DecorView: getCurrentDensityDpi: from real metrics. densityDpi=450 msg=resources_loaded
08-04 06:28:09.182 18365 18365 D LifecycleMonitor: Lifecycle status change: androidx.test.core.app.InstrumentationActivityInvoker$BootstrapActivity@a71a8c5 in: CREATED
08-04 06:28:09.184 18365 18365 V ActivityScenario: Activity lifecycle changed event received but ignored because the intent does not match. startActivityIntent=Intent { act=android.intent.action.MAIN cat=[android.intent.category.LAUNCHER] cmp=com.example.dogglers/.MainActivity }, activity.getIntent()=Intent { act=android.intent.action.MAIN cat=[android.intent.category.LAUNCHER] flg=0x10008000 cmp=com.example.dogglers/androidx.test.core.app.InstrumentationActivityInvoker$BootstrapActivity (has extras) }, activity=androidx.test.core.app.InstrumentationActivityInvoker$BootstrapActivity@a71a8c5
08-04 06:28:09.188 18365 18365 D LifecycleMonitor: Lifecycle status change: androidx.test.core.app.InstrumentationActivityInvoker$BootstrapActivity@a71a8c5 in: STARTED
08-04 06:28:09.190 18365 18365 V ActivityScenario: Activity lifecycle changed event received but ignored because the intent does not match. startActivityIntent=Intent { act=android.intent.action.MAIN cat=[android.intent.category.LAUNCHER] cmp=com.example.dogglers/.MainActivity }, activity.getIntent()=Intent { act=android.intent.action.MAIN cat=[android.intent.category.LAUNCHER] flg=0x10008000 cmp=com.example.dogglers/androidx.test.core.app.InstrumentationActivityInvoker$BootstrapActivity (has extras) }, activity=androidx.test.core.app.InstrumentationActivityInvoker$BootstrapActivity@a71a8c5
08-04 06:28:09.197   752   770 I SurfaceFlinger: id=173926 createSurf (0x0),-1 flag=80004, ActivityRecord{21bf5c9 u0 com.example.dogglers/.MainActivity t85}#0
08-04 06:28:09.208 20135 20268 I ViewRootImpl@86170c3[dogglers]: Resizing android.view.ViewRootImpl@a60561f: frame=[0,0][1080,2408] reportDraw=false forceLayout=false backDropFrame=Rect(0, 0 - 1080, 2408)
08-04 06:28:09.208 20135 20264 I ViewRootImpl@86170c3[dogglers]: handleResized, msg = 4 frames=ClientWindowFrames{frame=[0,0][1080,2408] display=[0,0][1080,2408] backdrop=[0,0][1080,2408]} forceNextWindowRelayout=false displayId=0 frameChanged=false backdropFrameChanged=false configChanged=false displayChanged=false mNextDrawUseBlastSync=false mergedConfiguration={mGlobalConfig={0.9 404mcc40mnc [en_IN] ldltr sw384dp w384dp h817dp 450dpi nrml long port night finger -keyb/v/h -nav/h winConfig={ mBounds=Rect(0, 0 - 1080, 2408) mAppBounds=Rect(0, 65 - 1080, 2366) mMaxBounds=Rect(0, 0 - 1080, 2408) mWindowingMode=fullscreen mDisplayWindowingMode=fullscreen mActivityType=undefined mAlwaysOnTop=undefined mRotation=ROTATION_0 mPopOver=undefined mFreeformTaskPinningState=undefined} s.224 fontWeightAdjustment=0 ff=0 bf=0 bts=0 enb/d themeSeq=0} mOverrideConfig={0.9 404mcc40mnc [en_IN] ldltr sw384dp w384dp h817dp 450dpi nrml long port night finger -keyb/v/h -nav/h winConfig={ mBounds=Rect(0, 0 - 1080, 2408) mAppBounds=Rect(0, 65 - 1080, 2366) mMaxBounds=Rect(0, 0 - 1080, 2408) mWindowingMode=fullscreen mDisplayWindowingMode=fullscreen mActivityType=standard mAlwaysOnTop=undefined mRotation=ROTATION_0 mPopOver=off mFreeformTaskPinningState=unpinned} s.1 fontWeightAdjustment=0 ff=0 bf=0 bts=0 enb/d themeSeq=0}}
08-04 06:28:09.209 18365 18365 D LifecycleMonitor: Lifecycle status change: androidx.test.core.app.InstrumentationActivityInvoker$BootstrapActivity@a71a8c5 in: RESUMED
08-04 06:28:09.210 19173 19272 D ConnectivityManager: StackLog: [android.net.ConnectivityManager.sendRequestForNetwork(ConnectivityManager.java:4124)] [android.net.ConnectivityManager.registerDefaultNetworkCallbackForUid(ConnectivityManager.java:4688)] [android.net.ConnectivityManager.registerDefaultNetworkCallback(ConnectivityManager.java:4655)] [aokc.b(PG:3)] [aojw.<init>(PG:10)] [org.chromium.net.NetworkChangeNotifier.g(PG:4)] [org.chromium.net.impl.CronetLibraryLoader.b(PG:2)] [amsu.run(PG:9)]
08-04 06:28:09.211 18365 18365 V ActivityScenario: Activity lifecycle changed event received but ignored because the intent does not match. startActivityIntent=Intent { act=android.intent.action.MAIN cat=[android.intent.category.LAUNCHER] cmp=com.example.dogglers/.MainActivity }, activity.getIntent()=Intent { act=android.intent.action.MAIN cat=[android.intent.category.LAUNCHER] flg=0x10008000 cmp=com.example.dogglers/androidx.test.core.app.InstrumentationActivityInvoker$BootstrapActivity (has extras) }, activity=androidx.test.core.app.InstrumentationActivityInvoker$BootstrapActivity@a71a8c5
08-04 06:28:09.212 19836 20321 D ConnectivityService: requestNetwork for uid/pid:10186/19173 activeRequest: null callbackRequest: 1043 [NetworkRequest [ REQUEST id=1044, [ Capabilities: INTERNET&NOT_RESTRICTED&TRUSTED&NOT_VCN_MANAGED Uid: 10186 RequestorUid: 10186 RequestorPkg: com.android.vending UnderlyingNetworks: Null] ]] callback flags: 0 order: 2147483647
08-04 06:28:09.213 19836 20005 D ConnectivityService: NetworkReassignment :
08-04 06:28:09.213 19836 20005 D ConnectivityService:   1044 : null → 105
08-04 06:28:09.213 19836 20005 D ConnectivityService:    accepting network in place of null
08-04 06:28:09.215 19836 19854 D PersonaActivityHelper: Activity not in resumed state, do not run immediate lock
08-04 06:28:09.215 18365 18365 D LifecycleMonitor: Lifecycle status change: androidx.test.core.app.InstrumentationActivityInvoker$BootstrapActivity@a71a8c5 in: PAUSED
08-04 06:28:09.217 19836 19989 D WifiNetworkFactory: got request NetworkRequest [ REQUEST id=1044, [ Capabilities: INTERNET&NOT_RESTRICTED&TRUSTED&NOT_VCN_MANAGED Uid: 10186 RequestorUid: 10186 RequestorPkg: com.android.vending UnderlyingNetworks: Null] ]
08-04 06:28:09.217 19836 19989 D UntrustedWifiNetworkFactory: got request NetworkRequest [ REQUEST id=1044, [ Capabilities: INTERNET&NOT_RESTRICTED&TRUSTED&NOT_VCN_MANAGED Uid: 10186 RequestorUid: 10186 RequestorPkg: com.android.vending UnderlyingNetworks: Null] ]
08-04 06:28:09.217 18365 18365 V ActivityScenario: Activity lifecycle changed event received but ignored because the intent does not match. startActivityIntent=Intent { act=android.intent.action.MAIN cat=[android.intent.category.LAUNCHER] cmp=com.example.dogglers/.MainActivity }, activity.getIntent()=Intent { act=android.intent.action.MAIN cat=[android.intent.category.LAUNCHER] flg=0x10008000 cmp=com.example.dogglers/androidx.test.core.app.InstrumentationActivityInvoker$BootstrapActivity (has extras) }, activity=androidx.test.core.app.InstrumentationActivityInvoker$BootstrapActivity@a71a8c5
08-04 06:28:09.218 19836 19989 D OemPaidWifiNetworkFactory: got request NetworkRequest [ REQUEST id=1044, [ Capabilities: INTERNET&NOT_RESTRICTED&TRUSTED&NOT_VCN_MANAGED Uid: 10186 RequestorUid: 10186 RequestorPkg: com.android.vending UnderlyingNetworks: Null] ]
08-04 06:28:09.224  5129  5186 W BillingClient: Client is already in the process of connecting to billing service.
08-04 06:28:09.225  5129  5215 W BillingClient: Client is already in the process of connecting to billing service.
08-04 06:28:09.226 19836 20321 D InputDispatcher: Focused application set to (0): 21bf5c9
08-04 06:28:09.233 19173 19272 D ConnectivityManager: StackLog: [android.net.ConnectivityManager.sendRequestForNetwork(ConnectivityManager.java:4124)] [android.net.ConnectivityManager.sendRequestForNetwork(ConnectivityManager.java:4166)] [android.net.ConnectivityManager.registerNetworkCallback(ConnectivityManager.java:4548)] [aokc.b(PG:8)] [aojw.<init>(PG:10)] [org.chromium.net.NetworkChangeNotifier.g(PG:4)] [org.chromium.net.impl.CronetLibraryLoader.b(PG:2)] [amsu.run(PG:9)]
08-04 06:28:09.234 19173 19239 I Finsky  : [1401] hdt.m(2): Subscription detail: DataSubscriptionInfo{groupIdLevel1=FFFFFFFF, serviceProviderName=[hwNCO29L08SXpBqVtNdP6xmLtzD0IBvlOrAQYFrxU5M], simCarrierId=1961}
08-04 06:28:09.247 19836 19854 I SemPersonaManager: SecureFolder personaId = 10
08-04 06:28:09.248 18365 18365 D LifecycleMonitor: Lifecycle status change: com.example.dogglers.MainActivity@4668dd4 in: PRE_ON_CREATE
08-04 06:28:09.250 18365 18365 V ActivityScenario: Activity lifecycle changed event received but ignored because the reported transition was not ON_CREATE while the last known transition was PRE_ON_CREATE
08-04 06:28:09.256 19836 20005 D ConnectivityService: NetworkReassignment : no changes
08-04 06:28:09.262 19836 22762 D PackageManager: setEnabledSetting : userId = 0 packageName = com.android.vending cmp = com.android.vending.AssetBrowserActivity newState = 1 callingPackage = 10186/com.android.vending
08-04 06:28:09.272 19836 19978 D PackageManager: setEnabledSetting : userId = 0 packageName = com.android.vending cmp = com.google.android.finsky.prewarmservice.PrewarmService newState = 1 callingPackage = 10186/com.android.vending
08-04 06:28:09.280 19836 19854 D EnterpriseDeviceManagerService: isMdmAdminPresentInternal() : MDM Admin Found - com.samsung.android.knox.containercore
08-04 06:28:09.281 19836 19978 D PackageManager: setEnabledSetting : userId = 0 packageName = com.android.vending cmp = com.google.android.finsky.activities.DebugActivity newState = 2 callingPackage = 10186/com.android.vending
08-04 06:28:09.281 19836 21401 I MediaSessionMonitor: Media session stopped : controllerList empty
08-04 06:28:09.287 19836 20063 W SemWifiTransportLayerUtils: getApplicationCategory - IOException com.example.dogglers
08-04 06:28:09.287 19836 20063 W System.err: java.io.FileNotFoundException: https://play.google.com/store/apps/details?id=com.example.dogglers&hl=en
08-04 06:28:09.287 19836 20063 W System.err: 	at com.android.okhttp.internal.huc.HttpURLConnectionImpl.getInputStream(HttpURLConnectionImpl.java:255)
08-04 06:28:09.288 19836 20063 W System.err: 	at com.android.okhttp.internal.huc.DelegatingHttpsURLConnection.getInputStream(DelegatingHttpsURLConnection.java:211)
08-04 06:28:09.288 19836 20063 W System.err: 	at com.android.okhttp.internal.huc.HttpsURLConnectionImpl.getInputStream(HttpsURLConnectionImpl.java:30)
08-04 06:28:09.288 19836 20063 W System.err: 	at com.samsung.android.server.wifi.tcp.SemWifiTransportLayerUtils.getApplicationCategory(SemWifiTransportLayerUtils.java:104)
08-04 06:28:09.288 19836 20063 W System.err: 	at com.samsung.android.server.wifi.tcp.SemWifiTransportLayerMonitor$TcpMonitorHandler.handleMessage(SemWifiTransportLayerMonitor.java:244)
08-04 06:28:09.288 19836 20063 W System.err: 	at android.os.Handler.dispatchMessage(Handler.java:106)
08-04 06:28:09.288 19836 20063 W System.err: 	at android.os.Looper.loopOnce(Looper.java:226)
08-04 06:28:09.288 19836 20063 W System.err: 	at android.os.Looper.loop(Looper.java:313)
08-04 06:28:09.288 19836 20063 W System.err: 	at android.os.HandlerThread.run(HandlerThread.java:67)
08-04 06:28:09.289 19836 20063 D SemWifiPackageInfo: isSkipCategory - skip:FAILED
08-04 06:28:09.290 19836 20063 D SemWifiTransportLayerMonitor.TcpMonitorHandler: MSG_SAVE_PACKAGE_INFO
08-04 06:28:09.290 19836 20063 D SemWifiTransportLayerFileManager: saveWifiPackageInfoToFile
08-04 06:28:09.290 19836 20063 D SemWifiTransportLayerFileManager: writeWifiPackageInfoList
08-04 06:28:09.298 19173 19260 I Finsky  : [1411] rzt.<init>(3): Resetting scheduler db
08-04 06:28:09.315 19173 19235 I cr_CronetLibraryLoader: Cronet version: 105.0.5135.3, arch: armv8l
08-04 06:28:09.332 18365 18365 I DecorView: [INFO] isPopOver=false, config=true
08-04 06:28:09.333 18365 18365 I DecorView: updateCaptionType >> DecorView@db8410b[], isFloating=false, isApplication=true, hasWindowControllerCallback=true, hasWindowDecorCaption=false
08-04 06:28:09.333 20522 17031 I RecentModel: onTaskStackChangedBackground
08-04 06:28:09.333 18365 18365 D DecorView: setCaptionType = 0, this = DecorView@db8410b[]
08-04 06:28:09.340 18365 18365 I DecorView: getCurrentDensityDpi: from real metrics. densityDpi=450 msg=resources_loaded
08-04 06:28:09.365 19173 19239 I Finsky  : [1401] pmi.<init>(3): PackageMonitorReceiverImpl - Registering in memory receiver for android.intent.action.PACKAGE_ADDED and android.intent.action.PACKAGE_REMOVED
08-04 06:28:09.384 18365 18365 D LifecycleMonitor: Lifecycle status change: com.example.dogglers.MainActivity@4668dd4 in: CREATED
08-04 06:28:09.386 19836 20077 D NetdEventListenerService: DNS Requested by : 105, 10186, 0
08-04 06:28:09.387 18365 18365 V ActivityScenario: Update currentActivityStage to CREATED, currentActivity=com.example.dogglers.MainActivity@4668dd4
08-04 06:28:09.391 19836 20077 D NetdEventListenerService: DNS Requested by : 105, 10186, 0
08-04 06:28:09.391 18365 18365 D LifecycleMonitor: Lifecycle status change: com.example.dogglers.MainActivity@4668dd4 in: STARTED
08-04 06:28:09.393 18365 18365 V ActivityScenario: Update currentActivityStage to STARTED, currentActivity=com.example.dogglers.MainActivity@4668dd4
08-04 06:28:09.396 18365 18365 D LifecycleMonitor: Lifecycle status change: com.example.dogglers.MainActivity@4668dd4 in: RESUMED
08-04 06:28:09.398 18365 18365 V ActivityScenario: Update currentActivityStage to RESUMED, currentActivity=com.example.dogglers.MainActivity@4668dd4
08-04 06:28:09.403 19836 20077 D NetdEventListenerService: DNS Requested by : 105, 10186, 0
08-04 06:28:09.413 19836 19978 D InputTransport: Input channel constructed: 'fa7ab2c', fd=862
08-04 06:28:09.413 19836 19978 D InputTransport: Input channel constructed: 'fa7ab2c', fd=873
08-04 06:28:09.414 19836 19978 D InputTransport: Input channel constructed: 'fa7ab2c', fd=874
08-04 06:28:09.415   752  1238 I SurfaceFlinger: id=173927 createSurf (0x0),-1 flag=80004, fa7ab2c com.example.dogglers/com.example.dogglers.MainActivity#0
08-04 06:28:09.417 19836 19978 D InputTransport: Input channel destroyed: 'fa7ab2c', fd=874
08-04 06:28:09.422 18365 18365 I ViewRootImpl@fdf82fb[MainActivity]: setView = com.android.internal.policy.DecorView@db8410b TM=true
08-04 06:28:09.423 19836 20059 D SemNscXgbMsL1: Probability - Cloud gaming: [0.031704437]
08-04 06:28:09.423 19836 20059 D SemNscXgbMsL1: Probability - Real time: [0.65263647]
08-04 06:28:09.426 19836 20059 D SemNscXgbMsL1: Probability - Non real time: [0.8464369]
08-04 06:28:09.426 19836 20059 D SemNscXgbMsL1: 1 sample inference time: 3.029692 msecs
08-04 06:28:09.427 19836 20059 D SemNscXgbL2Rt: L2 RT 1 sample inference time: 0.868346 msecs
08-04 06:28:09.428 19836 20059 D SemNscXgbL2Nrt: L2 NRT 1 sample inference time: 0.721692 msecs
08-04 06:28:09.430 19836 19894 D AnalyticsContainerHandler: handleMessage : { when=0 what=1 target=com.android.server.knox.KnoxAnalyticsContainer$AnalyticsHandler }
08-04 06:28:09.441 19836 22762 D PackageManager: setEnabledSetting : userId = 0 packageName = com.android.vending cmp = com.google.android.finsky.systemupdateactivity.SystemUpdateActivity newState = 1 callingPackage = 10186/com.android.vending
08-04 06:28:09.448 19836 22762 D PackageManager: setEnabledSetting : userId = 0 packageName = com.android.vending cmp = com.google.android.finsky.systemupdateactivity.SettingsSecurityEntryPoint newState = 1 callingPackage = 10186/com.android.vending
08-04 06:28:09.462   752   752 I Layer   : id=173921 removeFromCurrentState Surface(name=Dim Layer for - Task=82 - animating-dim)/@0x3e67ab1 - animation-leash of dimmer#0 (123)
08-04 06:28:09.462   752   752 I SurfaceFlinger: id=173921 Removed Surface(name=Dim Layer for - Task=82 - animating-dim)/@0x3e67ab1 - animation-leash of dimmer#0 (123)
08-04 06:28:09.462   752   752 I Layer   : id=173921 Destroyed Surface(name=Dim Layer for - Task=82 - animating-dim)/@0x3e67ab1 - animation-leash of dimmer#0
08-04 06:28:09.465 19836 20077 D NetdEventListenerService: DNS Requested by : 105, 10203, 0
08-04 06:28:09.473 19836 20362 V WindowManager: Relayout Window{fa7ab2c u0 com.example.dogglers/com.example.dogglers.MainActivity}: viewVisibility=0 req=1080x2408 d0
08-04 06:28:09.474   752   918 I SurfaceFlinger: id=173928 createSurf (1x1),-3 flag=40004, com.example.dogglers/com.example.dogglers.MainActivity$_18365#0
08-04 06:28:09.482   752   770 I SurfaceFlinger: id=173929 createSurf (0x0),-1 flag=24000, Surface(name=ac392f8 StatusBar)/@0x2bc773f - animation-leash of insets_animation#1
08-04 06:28:09.485   752   770 I SurfaceFlinger: id=173930 createSurf (0x0),-1 flag=24000, Surface(name=e75ea59 NavigationBar0)/@0x799bb6a - animation-leash of insets_animation#0
08-04 06:28:09.489 19836 20362 V WindowManager: Relayout hash=fa7ab2c, pid=18365: mAttrs={(0,0)(fillxfill) sim={adjust=pan forwardNavigation} ty=BASE_APPLICATION wanim=0x1030303
08-04 06:28:09.489 19836 20362 V WindowManager:   fl=81810100
08-04 06:28:09.489 19836 20362 V WindowManager:   pfl=12020040
08-04 06:28:09.489 19836 20362 V WindowManager:   bhv=DEFAULT
08-04 06:28:09.489 19836 20362 V WindowManager:   fitSides= naviIconColor=0}
08-04 06:28:09.492 18839 19305 I android.youtub: Waiting for a blocking GC ClassLinker
08-04 06:28:09.494 18839 18935 I android.youtub: Waiting for a blocking GC ClassLinker
08-04 06:28:09.494 18839 18972 I android.youtub: Waiting for a blocking GC ClassLinker
08-04 06:28:09.494 18365 18365 I ViewRootImpl@fdf82fb[MainActivity]: Relayout returned: old=(0,0,1080,2408) new=(0,0,1080,2408) req=(1080,2408)0 dur=19 res=0x7 s={true 3056958464} ch=true fn=-1
08-04 06:28:09.495 18839 18933 I android.youtub: Waiting for a blocking GC ClassLinker
08-04 06:28:09.497 18365 18575 D OpenGLRenderer: eglCreateWindowSurface
08-04 06:28:09.505 19836 20077 D NetdEventListenerService: DNS Requested by : 105, 10203, 0
08-04 06:28:09.512   752   752 I Layer   : id=173924 removeFromCurrentState Surface(name=ac392f8 StatusBar)/@0x2bc773f - animation-leash of insets_animation#0 (125)
08-04 06:28:09.513   752   752 I Layer   : id=173925 removeFromCurrentState Surface(name=e75ea59 NavigationBar0)/@0x799bb6a - animation-leash of insets_animation#1 (125)
08-04 06:28:09.516   752   918 I SurfaceFlinger: id=173925 Removed Surface(name=e75ea59 NavigationBar0)/@0x799bb6a - animation-leash of insets_animation#1 (125)
08-04 06:28:09.517   752   770 I SurfaceFlinger: id=173924 Removed Surface(name=ac392f8 StatusBar)/@0x2bc773f - animation-leash of insets_animation#0 (125)
08-04 06:28:09.517   334   334 I lmkd    : cached 0, sandbox(not0) 0
08-04 06:28:09.524 19836 20362 D InputDispatcher: Focus request (0): fa7ab2c com.example.dogglers/com.example.dogglers.MainActivity but waiting because NOT_VISIBLE
08-04 06:28:09.526 18365 18365 I ViewRootImpl@fdf82fb[MainActivity]: [DP] dp(1) 1 android.view.ViewRootImpl.reportNextDraw:11410 android.view.ViewRootImpl.performTraversals:4185 android.view.ViewRootImpl.doTraversal:2911
08-04 06:28:09.526 18365 18365 D ViewRootImpl@fdf82fb[MainActivity]: Creating frameDrawingCallback nextDrawUseBlastSync=false reportNextDraw=true hasBlurUpdates=false
08-04 06:28:09.526 18365 18365 D ViewRootImpl@fdf82fb[MainActivity]: Creating frameCompleteCallback
08-04 06:28:09.527 18839 19306 I android.youtub: Waiting for a blocking GC ClassLinker
08-04 06:28:09.528   752   752 I Layer   : id=173925 Destroyed Surface(name=e75ea59 NavigationBar0)/@0x799bb6a - animation-leash of insets_animation#1
08-04 06:28:09.528   752   752 I Layer   : id=173924 Destroyed Surface(name=ac392f8 StatusBar)/@0x2bc773f - animation-leash of insets_animation#0
08-04 06:28:09.531   334   334 I lmkd    : Reclaim 'com.google.android.gms' (19012), uid 1010187, oom_score_adj 925, state 19 to free 50464kB rss, 34552kB swap; reason: low watermark is breached and swap is low (2957808kB < 4110412kB)
08-04 06:28:09.538 16175 16175 I ViewRootImpl@6011630[CustomTabActivity]: handleAppVisibility mAppVisible=true visible=false
08-04 06:28:09.545   752   752 I Layer   : id=173919 removeFromCurrentState Surface(name=Task=82)/@0xa615068 - animation-leash of app_transition#0 (123)
08-04 06:28:09.545   752   752 I Layer   : id=173922 removeFromCurrentState Surface(name=Task=85)/@0x319476e - animation-leash of app_transition#0 (123)
08-04 06:28:09.545   752   752 I Layer   : id=173915 removeFromCurrentState Task=85#0 (123)
08-04 06:28:09.545   752   752 I Layer   : id=173916 removeFromCurrentState ActivityRecord{f0d423c u0 com.example.dogglers/androidx.test.core.app.InstrumentationActivityInvoker$BootstrapActivity t85}#0 (123)
08-04 06:28:09.545   752   752 I Layer   : id=173926 removeFromCurrentState ActivityRecord{21bf5c9 u0 com.example.dogglers/.MainActivity t85}#0 (123)
08-04 06:28:09.545   752   752 I Layer   : id=173927 removeFromCurrentState fa7ab2c com.example.dogglers/com.example.dogglers.MainActivity#0 (123)
08-04 06:28:09.545   752   752 I Layer   : id=173928 removeFromCurrentState com.example.dogglers/com.example.dogglers.MainActivity$_18365#0 (123)
08-04 06:28:09.545   752   752 I Layer   : id=173917 removeFromCurrentState f8a4628 Splash Screen com.example.dogglers#0 (123)
08-04 06:28:09.545   752   752 I Layer   : id=173918 removeFromCurrentState Splash Screen com.example.dogglers$_20135#0 (123)
08-04 06:28:09.546   752   752 I Layer   : id=173920 removeFromCurrentState Dim Layer for - Task=82 - animating-dim#0 (123)
08-04 06:28:09.546   752   752 I Layer   : id=173915 addToCurrentState Task=85#0 (123)
08-04 06:28:09.546   752   752 I Layer   : id=173916 addToCurrentState ActivityRecord{f0d423c u0 com.example.dogglers/androidx.test.core.app.InstrumentationActivityInvoker$BootstrapActivity t85}#0 (123)
08-04 06:28:09.546   752   752 I Layer   : id=173926 addToCurrentState ActivityRecord{21bf5c9 u0 com.example.dogglers/.MainActivity t85}#0 (123)
08-04 06:28:09.546   752   752 I Layer   : id=173927 addToCurrentState fa7ab2c com.example.dogglers/com.example.dogglers.MainActivity#0 (123)
08-04 06:28:09.546   752   752 I Layer   : id=173928 addToCurrentState com.example.dogglers/com.example.dogglers.MainActivity$_18365#0 (123)
08-04 06:28:09.546   752   752 I Layer   : id=173917 addToCurrentState f8a4628 Splash Screen com.example.dogglers#0 (123)
08-04 06:28:09.546   752   752 I Layer   : id=173918 addToCurrentState Splash Screen com.example.dogglers$_20135#0 (123)
08-04 06:28:09.546   752   752 I SurfaceFlinger: id=173920 Removed Dim Layer for - Task=82 - animating-dim#0 (123)
08-04 06:28:09.546   752   752 I SurfaceFlinger: id=173922 Removed Surface(name=Task=85)/@0x319476e - animation-leash of app_transition#0 (123)
08-04 06:28:09.546   752   752 I SurfaceFlinger: id=173919 Removed Surface(name=Task=82)/@0xa615068 - animation-leash of app_transition#0 (123)
08-04 06:28:09.546   752   752 I Layer   : id=173919 Destroyed Surface(name=Task=82)/@0xa615068 - animation-leash of app_transition#0
08-04 06:28:09.546   752   752 I Layer   : id=173922 Destroyed Surface(name=Task=85)/@0x319476e - animation-leash of app_transition#0
08-04 06:28:09.548   752   752 I Layer   : id=173920 Destroyed Dim Layer for - Task=82 - animating-dim#0
08-04 06:28:09.549 16175 16175 I SurfaceView@3a27ac: onWindowVisibilityChanged(8) false android.view.SurfaceView{3a27ac V.E...... ........ 0,0-1080,2300} of ViewRootImpl@6011630[CustomTabActivity]
08-04 06:28:09.549 16175 16175 I SurfaceView@3a27ac: pST: mTmpTransaction.apply, mTmpTransaction = android.view.SurfaceControl$Transaction@d968a7c
08-04 06:28:09.550 16175 16175 I SurfaceView@3a27ac: surfaceDestroyed callback.size 1 #2 android.view.SurfaceView{3a27ac V.E...... ........ 0,0-1080,2300}
08-04 06:28:09.550 16175 16175 E cr_CompositorSurfaceMgr: surfaceDestroyed format : 4
08-04 06:28:09.556   752   752 D SurfaceFlinger: Display 4633128508267670401 HWC layers:
08-04 06:28:09.556   752   752 D SurfaceFlinger:      DEVICE | 0xe9440580 | 0100 | RGBA_8888    |    0.0    0.0 1080.0 2408.0 |    0    0 1080 2408 | Splash Screen com.example.dogglers$_20135#0
08-04 06:28:09.556   752   752 D SurfaceFlinger:      DEVICE | 0xe8f21680 | 0100 | RGBA_8888    |    0.0    0.0 1080.0   66.0 |    0    0 1080   66 | StatusBar$_20135#0
08-04 06:28:09.556   752   752 D SurfaceFlinger:      CLIENT | 0xe8f21080 | 0100 | RGBA_8888    |    0.0    0.0  388.0   42.0 |  692 2366 1080 2408 | SGestureOverlayWindow$_20522#0
08-04 06:28:09.556   752   752 D SurfaceFlinger:      CLIENT | 0xe8f22100 | 0100 | RGBA_8888    |    0.0    0.0 1080.0  135.0 |    0 2273 1080 2408 | NavigationBar0$_20135#0
08-04 06:28:09.556   752   752 D SurfaceFlinger:      DEVICE | 0xe943ff80 | 0108 | RGBA_8888    |    0.0    0.0 1080.0 2408.0 |    0    0 1080 2408 | BlueLightFilter$_20135#0
08-04 06:28:09.556   752   752 D SurfaceFlinger:
08-04 06:28:09.558 18839 19313 I android.youtub: Waiting for a blocking GC ClassLinker
08-04 06:28:09.569   334   334 I lmkd    : cached 0, sandbox(not0) 0
08-04 06:28:09.569 19640 19640 I Zygote  : Process 19012 exited due to signal 9 (Killed)
08-04 06:28:09.569 18365 18720 D ViewRootImpl@fdf82fb[MainActivity]: Received frameDrawingCallback frameNum=1. Creating transactionCompleteCallback=false
08-04 06:28:09.578   334   334 I lmkd    : Reclaim 'com.google.process.gservices' (19075), uid 1010187, oom_score_adj 925, state 19 to free 25208kB rss, 33856kB swap; reason: low watermark is breached and swap is low (2961904kB < 4110412kB)
08-04 06:28:09.579   752   918 I SurfaceFlinger: id=173908 Removed com.android.chrome/ChromeNativeWindowSurface#0 (120)
08-04 06:28:09.580 18839 19314 I android.youtub: Waiting for a blocking GC ClassLinker
08-04 06:28:09.583 18365 18575 D ViewRootImpl@fdf82fb[MainActivity]: Received frameCompleteCallback  lastAcquiredFrameNum=1 lastAttemptedDrawFrameNum=1
08-04 06:28:09.584   752   918 I SurfaceFlinger: id=173909 Removed com.android.chrome/ChromeChildSurface#0 (120)
08-04 06:28:09.590 18365 18365 I ViewRootImpl@fdf82fb[MainActivity]: [DP] pdf(0) 1 android.view.ViewRootImpl.lambda$addFrameCompleteCallbackIfNeeded$3$ViewRootImpl:4987 android.view.ViewRootImpl$$ExternalSyntheticLambda16.run:6 android.os.Handler.handleCallback:938
08-04 06:28:09.590 18365 18365 I ViewRootImpl@fdf82fb[MainActivity]: [DP] rdf()
08-04 06:28:09.590 18365 18365 D ViewRootImpl@fdf82fb[MainActivity]: reportDrawFinished (fn: -1)
08-04 06:28:09.591 16516 16560 W cr_MediaCodecBridge: Releasing: OMX.Exynos.avc.dec
08-04 06:28:09.591 19836 19866 I libprocessgroup: Successfully killed process cgroup uid 1010187 pid 19012 in 0ms
08-04 06:28:09.591 16516 19199 D SurfaceUtils: connecting to surface 0xcccfcc08, reason connectToSurface
08-04 06:28:09.591 16516 19199 I MediaCodec: [OMX.Exynos.avc.dec] setting surface generation to 16912390
08-04 06:28:09.591 16516 19199 D SurfaceUtils: disconnecting from surface 0xcccfcc08, reason connectToSurface(reconnect)
08-04 06:28:09.591 16516 19199 D SurfaceUtils: connecting to surface 0xcccfcc08, reason connectToSurface(reconnect)
08-04 06:28:09.593 16516 19200 D SurfaceUtils: set up nativeWindow 0xcccfcc08 for 800x480, color 0x105, rotation 0, usage 0x402900
08-04 06:28:09.594 16516 19199 D SurfaceUtils: disconnecting from surface 0xccd00408, reason disconnectFromSurface
08-04 06:28:09.594 16516 19199 E Surface : freeAllBuffers: 11 buffers were freed while being dequeued!
08-04 06:28:09.594   830 19201 I EXYNOS_BASE_COMP: [0xec7a2200][Exynos_OMX_ComponentStateSet] current:(OMX_StateExecuting) dest:(OMX_StateIdle)
08-04 06:28:09.594 16516 19200 I ACodec  : [OMX.Exynos.avc.dec] Now Executing->Idle
08-04 06:28:09.594   830 19206 W libexynosv4l2: failed to ioctl: VIDIOC_DQBUF (22 - Invalid argument)
08-04 06:28:09.596   830 19205 W libexynosv4l2: failed to ioctl: VIDIOC_DQBUF (22 - Invalid argument)
08-04 06:28:09.597   830 19201 I EXYNOS_BASE_COMP: [0xec7a2200][Exynos_OMX_ComponentStateSet] OMX_EventCmdComplete(OMX_StateIdle)
08-04 06:28:09.601 19640 19640 I Zygote  : Process 19075 exited due to signal 9 (Killed)
08-04 06:28:09.601   830 19201 I EXYNOS_BASE_COMP: [0xec7a2200][Exynos_OMX_ComponentStateSet] current:(OMX_StateIdle) dest:(OMX_StateLoaded)
08-04 06:28:09.602   830 19206 W libexynosv4l2: failed to ioctl: VIDIOC_DQBUF (22 - Invalid argument)
08-04 06:28:09.603 19836 29801 D OpenGLRenderer: trimMemory(TRIM_MEMORY_COMPLETE)::destroyRenderingContext
08-04 06:28:09.603 19836 29801 D OpenGLRenderer: RenderThread::destroyRenderingContext()
08-04 06:28:09.603 19836 29801 D OpenGLRenderer: RenderThread::setGrContext()
08-04 06:28:09.606  9000  9000 I [+5]oneconnect[1.7.86.21_01][CORE]: QcApplication.onTrimMemory - ************** lvl=10 elapsed=0ms
08-04 06:28:09.608 21303 21303 W DeviceManager_FLP: onTrimMemory : 10
08-04 06:28:09.608 21303 21365 I GpsSessionManager_FLP: arrangeInvalidSessions
08-04 06:28:09.611 19836 19866 I libprocessgroup: Successfully killed process cgroup uid 1010187 pid 19075 in 0ms
08-04 06:28:09.612 18365 18365 D InsetsSourceConsumer: ensureControlAlpha: for ITYPE_NAVIGATION_BAR on com.example.dogglers/com.example.dogglers.MainActivity
08-04 06:28:09.613 18365 18365 D InsetsSourceConsumer: ensureControlAlpha: for ITYPE_STATUS_BAR on com.example.dogglers/com.example.dogglers.MainActivity
08-04 06:28:09.617 16516 16560 W cr_MediaCodecBridge: Codec released
08-04 06:28:09.617 20135 20135 D SystemUIService: SYSUI_RAM_OPTIMIZATION onTrimMemory=10
08-04 06:28:09.617 20135 20135 D StatusBar: SYSUI_RAM_OPTIMIZATION onTrimMemory=10
08-04 06:28:09.618 18365 18365 D RootViewPicker: Root not ready - waiting: 10ms for one to appear.
08-04 06:28:09.621 19836 22306 I SemDvfsHyPerManager: acquire hyper - AMS_RESUME_TAIL/19836@14, type = -999
08-04 06:28:09.622 19836 22306 I SemDvfsHyPerManager: acquire hyper - AMS_ACT_LAZY/19836@15, type = -999
08-04 06:28:09.622 19652 19680 I HYPER-HAL: [RequestManager.cpp]acquire(): Acquired ID : 197021189  [19836 / 14]    HINT : AMS_RESUME_TAIL    list :
08-04 06:28:09.624 19652 19680 I HYPER-HAL: [RequestManager.cpp]releaseLocked(): Released ID : 197279343
08-04 06:28:09.626 18839 19316 I android.youtub: Waiting for a blocking GC ClassLinker
08-04 06:28:09.627 19173 19260 I Finsky  : [1411] fwv.run(39): SysUA: Set SystemUpdateActivity enabled state to 1
08-04 06:28:09.630 18023 18023 I A       : Trimming objects from memory, since app is in the background.
08-04 06:28:09.634 16516 19200 I ACodec  : [OMX.Exynos.avc.dec] Now Idle->Loaded
08-04 06:28:09.634   830 19201 I EXYNOS_BASE_COMP: [0xec7a2200][Exynos_OMX_EventHandler] OMX_EventCmdComplete(OMX_StateLoaded)
08-04 06:28:09.635 16516 19200 I ACodec  : [OMX.Exynos.avc.dec] Now Loaded
08-04 06:28:09.642 16516 19200 I ACodec  :  [OMX.Exynos.avc.dec] Now uninitialized
08-04 06:28:09.642 16516 19200 I ACodec  :  [] Now kWhatShutdownCompleted event : 7985
08-04 06:28:09.642 16516 19199 D SurfaceUtils: disconnecting from surface 0xcccfcc08, reason disconnectFromSurface
08-04 06:28:09.643 16516 19199 I MediaCodec: Codec shutdown complete
08-04 06:28:09.645 19643 19178 I ResourceManagerService: removeResourceInfo pid 16516, removed 384000 (width 800 height 480), isLowPriority 0, remained hw codec count 0
08-04 06:28:09.648 21715 21715 I SemMediaResourceHelper: onRemove
08-04 06:28:09.648 15062 15078 V ResourceManagerHelper-JNI: JNIMediaResourceHelper::notify eventType : 2, ext1 : 0, ext2 : 0
08-04 06:28:09.648 15062 15078 V ResourceManagerHelper-JNI: notify eventType : 2, ext1 : 0, ext2 : 0
08-04 06:28:09.649 18365 18365 D LifecycleMonitor: Lifecycle status change: androidx.test.core.app.InstrumentationActivityInvoker$BootstrapActivity@a71a8c5 in: STOPPED
08-04 06:28:09.651 18365 18365 V ActivityScenario: Activity lifecycle changed event received but ignored because the intent does not match. startActivityIntent=Intent { act=android.intent.action.MAIN cat=[android.intent.category.LAUNCHER] cmp=com.example.dogglers/.MainActivity }, activity.getIntent()=Intent { act=android.intent.action.MAIN cat=[android.intent.category.LAUNCHER] flg=0x10008000 cmp=com.example.dogglers/androidx.test.core.app.InstrumentationActivityInvoker$BootstrapActivity (has extras) }, activity=androidx.test.core.app.InstrumentationActivityInvoker$BootstrapActivity@a71a8c5
08-04 06:28:09.656 19836 22306 V ResourceManagerHelper-JNI: JNIMediaResourceHelper::notify eventType : 2, ext1 : 0, ext2 : 0
08-04 06:28:09.656 19836 22306 V ResourceManagerHelper-JNI: notify eventType : 2, ext1 : 0, ext2 : 0
08-04 06:28:09.656   752  1103 I SurfaceFlinger: id=173931 createSurf (0x0),-1 flag=24000, Surface(name=fa7ab2c com.example.dogglers/com.example.dogglers.MainActivity)/@0x782375c - animation-leash of starting_reveal#0
08-04 06:28:09.656 18365 18365 D RootViewPicker: Root not ready - waiting: 25ms for one to appear.
08-04 06:28:09.658 15062 15095 I SemMediaResourceHelper: onRemove
08-04 06:28:09.659 19836 19959 I SemMediaResourceHelper: onRemove
08-04 06:28:09.661 19836 19851 E libperflog: [LIBPERFLOG] socket_local_client fail = -1
08-04 06:28:09.661 19836 19851 I PkgPredictorService-SecIpmManagerServiceImpl: reportToNAP uid:10292 com.example.dogglers/com.example.dogglers.MainActivity thisTime:667
08-04 06:28:09.662 19173 19238 W Settings: Setting download_manager_max_bytes_over_mobile has moved from android.provider.Settings.Secure to android.provider.Settings.Global.
08-04 06:28:09.663 19836 29801 D OpenGLRenderer: RenderThread::requireGlContext()
08-04 06:28:09.663 19836 20362 D InputDispatcher: Focus entered window (0): fa7ab2c com.example.dogglers/com.example.dogglers.MainActivity
08-04 06:28:09.664 18365 18365 I ViewRootImpl@fdf82fb[MainActivity]: MSG_WINDOW_FOCUS_CHANGED 1 1
08-04 06:28:09.667 20135 20794 I ViewRootImpl@86170c3[dogglers]: mWNT: t = android.view.SurfaceControl$Transaction@6cc0f35 fN = 2 android.view.SyncRtSurfaceTransactionApplier.applyTransaction:94 android.view.SyncRtSurfaceTransactionApplier.lambda$scheduleApply$0$SyncRtSurfaceTransactionApplier:71 android.view.SyncRtSurfaceTransactionApplier$$ExternalSyntheticLambda0.onFrameDraw:4
08-04 06:28:09.667 20135 20794 I ViewRootImpl@86170c3[dogglers]: mWNT: merge t to BBQ
08-04 06:28:09.668 20135 20794 I ViewRootImpl@86170c3[dogglers]: mWNT: t = android.view.SurfaceControl$Transaction@982cfca fN = 2 android.view.SyncRtSurfaceTransactionApplier.applyTransaction:94 android.view.SyncRtSurfaceTransactionApplier.lambda$scheduleApply$0$SyncRtSurfaceTransactionApplier:71 android.view.SyncRtSurfaceTransactionApplier$$ExternalSyntheticLambda0.onFrameDraw:4
08-04 06:28:09.668 20135 20794 I ViewRootImpl@86170c3[dogglers]: mWNT: merge t to BBQ
08-04 06:28:09.672 19836 29801 D OpenGLRenderer: RenderThread::setGrContext()
08-04 06:28:09.672 19724 20053 I bauth_FPBAuthService: pcf : 0x1012, 0 ,2 ,0 ,0 ,0 ,2, 0.0.0.0
08-04 06:28:09.672 19724 20053 I bauth_FPBAuthService: thread id : 2, preenroll_flag : 0, nd cnt : 1, cso : 3, et : 0
08-04 06:28:09.672 19724 20053 I bauth_FPBAuthService: FPBAuthService, 11756
08-04 06:28:09.673 18365 18365 D InputMethodManager: startInputInner - Id : 0
08-04 06:28:09.673   752   752 D SurfaceFlinger: Display 4633128508267670401 HWC layers:
08-04 06:28:09.673   752   752 D SurfaceFlinger:      DEVICE | 0xe53e5e00 | 0102 | RGBA_8888    |    0.0    0.0 1080.0 2408.0 |    0    0 1080 2408 | com.example.dogglers/com.example.dogglers.MainActivity$_18365#0
08-04 06:28:09.673   752   752 D SurfaceFlinger:      DEVICE | 0xe9440580 | 0100 | RGBA_8888    |    0.0    0.0 1080.0 2408.0 |    0    0 1080 2408 | Splash Screen com.example.dogglers$_20135#0
08-04 06:28:09.673   752   752 D SurfaceFlinger:      CLIENT | 0xe8f21680 | 0100 | RGBA_8888    |    0.0    0.0 1080.0   66.0 |    0    0 1080   66 | StatusBar$_20135#0
08-04 06:28:09.673   752   752 D SurfaceFlinger:      CLIENT | 0xe8f21080 | 0100 | RGBA_8888    |    0.0    0.0  388.0   42.0 |  692 2366 1080 2408 | SGestureOverlayWindow$_20522#0
08-04 06:28:09.673   752   752 D SurfaceFlinger:      CLIENT | 0xe8f22100 | 0100 | RGBA_8888    |    0.0    0.0 1080.0  135.0 |    0 2273 1080 2408 | NavigationBar0$_20135#0
