08-04 06:28:12.176 18365 18539 I TestRunner: started: clicking_vertical_list_button_displays_vertical_list(com.example.dogglers.ButtonTests)
08-04 06:28:12.176 18365 18365 D LifecycleMonitor: Lifecycle status change: com.example.dogglers.GridListActivity@65321bf in: DESTROYED
08-04 06:28:12.187 18365 18575 D OpenGLRenderer: setSurface called with nullptr
08-04 06:28:12.187 18365 18365 I ViewRootImpl@f18cefd[GridListActivity]: dispatchDetachedFromWindow
08-04 06:28:12.188 19836 20356 D InputTransport: Input channel destroyed: 'da21dbb', fd=849
08-04 06:28:12.188 19836 20356 W InputManager-JNI: Input channel object 'da21dbb com.example.dogglers/com.example.dogglers.GridListActivity (client)' was disposed without first being removed with the input manager!
08-04 06:28:12.189 19836 20356 D InputTransport: Input channel destroyed: 'da21dbb', fd=874
08-04 06:28:12.191   752   752 I Layer   : id=173956 removeFromCurrentState com.example.dogglers/com.example.dogglers.GridListActivity$_18365#0 (116)
08-04 06:28:12.192   752  1238 I SurfaceFlinger: id=173956 Removed com.example.dogglers/com.example.dogglers.GridListActivity$_18365#0 (116)
08-04 06:28:12.200 18365 18365 D InputTransport: Input channel destroyed: 'da21dbb', fd=123
08-04 06:28:12.207   752   752 I Layer   : id=173935 removeFromCurrentState da21dbb com.example.dogglers/com.example.dogglers.GridListActivity#0 (116)
08-04 06:28:12.207   752   752 I SurfaceFlinger: id=173935 Removed da21dbb com.example.dogglers/com.example.dogglers.GridListActivity#0 (116)
08-04 06:28:12.208   752   752 I Layer   : id=173956 Destroyed com.example.dogglers/com.example.dogglers.GridListActivity$_18365#0
08-04 06:28:12.208   752   752 I Layer   : id=173935 Destroyed da21dbb com.example.dogglers/com.example.dogglers.GridListActivity#0
08-04 06:28:12.209   752  1238 I SurfaceFlinger: id=173972 createSurf (0x0),-1 flag=24004, Task=85#1
08-04 06:28:12.218 20522 20522 I RecentsView: onTaskRemoved() taskId : 85
08-04 06:28:12.218 20522 20522 I RecentsView: onTaskRemoved() taskId : 85
08-04 06:28:12.221 18365 18539 W Settings: Setting always_finish_activities has moved from android.provider.Settings.System to android.provider.Settings.Global, returning read-only value.
08-04 06:28:12.224   752   752 I Layer   : id=173934 removeFromCurrentState ActivityRecord{365e553 u0 com.example.dogglers/.GridListActivity t85}#0 (115)
08-04 06:28:12.224   752   752 I Layer   : id=173915 removeFromCurrentState Task=85#0 (115)
08-04 06:28:12.224   752   752 I Layer   : id=173972 removeFromCurrentState Task=85#1 (115)
08-04 06:28:12.224   752   752 I SurfaceFlinger: id=173934 Removed ActivityRecord{365e553 u0 com.example.dogglers/.GridListActivity t85}#0 (115)
08-04 06:28:12.224   752   752 I SurfaceFlinger: id=173972 Removed Task=85#1 (115)
08-04 06:28:12.225   752   752 I Layer   : id=173972 Destroyed Task=85#1
08-04 06:28:12.225   752   752 I Layer   : id=173934 Destroyed ActivityRecord{365e553 u0 com.example.dogglers/.GridListActivity t85}#0
08-04 06:28:12.233 19426 19426 D NetworkSecurityConfig: No Network Security Config specified, using platform default
08-04 06:28:12.246 19836 21257 D PkgPredictorService-IpmAdcpController: create a new DexPreloadTask pkg:com.example.dogglers  path:/data/app/~~vQIvKN_RSJn-oLUn5uy7_Q==/com.example.dogglers-lPO3UNkPc9qmscuVL_QpJA==
08-04 06:28:12.247   752  1238 I SurfaceFlinger: id=173973 createSurf (0x0),-1 flag=24004, Task=86#0
08-04 06:28:12.251   752  1238 I SurfaceFlinger: id=173974 createSurf (0x0),-1 flag=80004, ActivityRecord{dca0253 u0 com.example.dogglers/androidx.test.core.app.InstrumentationActivityInvoker$BootstrapActivity t86}#0
08-04 06:28:12.252 19836 20477 I SemDvfsHyPerManager: acquire hyper - AMS_APP_SWITCH/19836@27, type = -999
08-04 06:28:12.253 19652 19680 I HYPER-HAL: [RequestManager.cpp]acquire(): Acquired ID : 197279343  [19836 / 27]    HINT : AMS_APP_SWITCH    list :
08-04 06:28:12.253 21715 21715 I SemDvfsHyPerManager: acquire hyper - APP_START_SHORT/21715@15, type = -999
08-04 06:28:12.254 19652 19680 I HYPER-HAL: [RequestManager.cpp]acquire(): Acquired ID : 236107330  [21715 / 15]    HINT : APP_START    list : [TIMEOUT / 1500]
08-04 06:28:12.268 19426 19426 I Finsky:background: [2] fph.j(6): Process created at version: 31.6.13-21 [0] [PR] 462679837
08-04 06:28:12.290 19836 22347 I SemDvfsHyPerManager: acquire hyper - AMS_APP_LAUNCH/19836@13, type = -999
08-04 06:28:12.291 19652 19680 I HYPER-HAL: [RequestManager.cpp]acquire(): Acquired ID : 197001338  [19836 / 13]    HINT : AMS_APP_LAUNCH    list :
08-04 06:28:12.293 21715 21715 I SemDvfsHyPerManager: acquire hyper - APP_START/21715@16, type = -999
08-04 06:28:12.294 19652 19680 I HYPER-HAL: [RequestManager.cpp]acquire(): Acquired ID : 236129062  [21715 / 16]    HINT : APP_START    list :
08-04 06:28:12.296 19836 22301 D InputTransport: Input channel constructed: 'fe870af', fd=708
08-04 06:28:12.296 19836 22301 D InputTransport: Input channel constructed: 'fe870af', fd=837
08-04 06:28:12.296 19836 22301 D InputTransport: Input channel constructed: 'fe870af', fd=849
08-04 06:28:12.297   752  1238 I SurfaceFlinger: id=173975 createSurf (0x0),-1 flag=80004, fe870af Splash Screen com.example.dogglers#0
08-04 06:28:12.298 19836 22301 D InputTransport: Input channel destroyed: 'fe870af', fd=849
08-04 06:28:12.299 20135 20264 I ViewRootImpl@7e61e96[dogglers]: setView = android.widget.FrameLayout@15d8e22 TM=true
08-04 06:28:12.306 16175 16175 I IMM_LC  : hsifw() - flags=0, caller=android.view.inputmethod.InputMethodManager.hideSoftInputFromWindow:1858 Sm1.c:174 org.chromium.content.browser.input.ImeAdapterImpl.j:608 org.chromium.content.browser.input.ImeAdapterImpl.n:721 org.chromium.content.browser.input.ImeAdapterImpl.p:689
08-04 06:28:12.306 16175 16175 I IMM_LC  : hideSoftInputFromWindow - mService.hideSoftInput
08-04 06:28:12.326 19836 22301 D InputDispatcher: Focused application set to (0): dca0253
08-04 06:28:12.346 19836 20356 V WindowManager: Relayout Window{fe870af u0 Splash Screen com.example.dogglers}: viewVisibility=0 req=1080x2408 d0
08-04 06:28:12.347   752  1238 I SurfaceFlinger: id=173976 createSurf (1080x2408),-3 flag=40004, Splash Screen com.example.dogglers$_20135#0
08-04 06:28:12.354 19836 20356 V WindowManager: Relayout hash=fe870af, pid=20135: mAttrs={(0,0)(fillxfill) sim={adjust=pan} ty=APPLICATION_STARTING fmt=TRANSLUCENT wanim=0x1030001
08-04 06:28:12.354 19836 20356 V WindowManager:   fl=81030118
08-04 06:28:12.354 19836 20356 V WindowManager:   pfl=36000010
08-04 06:28:12.354 19836 20356 V WindowManager:   bhv=DEFAULT
08-04 06:28:12.354 19836 20356 V WindowManager:   fitSides= naviIconColor=0}
08-04 06:28:12.356 20135 20264 I ViewRootImpl@7e61e96[dogglers]: Relayout returned: old=(0,0,1080,2408) new=(0,0,1080,2408) req=(1080,2408)0 dur=51 res=0x7 s={true 3038036992} ch=true fn=-1
08-04 06:28:12.357 20135 20316 D OpenGLRenderer: eglCreateWindowSurface
08-04 06:28:12.360 19173 19189 I android.vendin: ThreadFlipBegin blocked for 54.200ms
08-04 06:28:12.365 20135 20264 I ViewRootImpl@7e61e96[dogglers]: [DP] dp(1) 0 android.view.ViewRootImpl.reportNextDraw:11410 android.view.ViewRootImpl.performTraversals:4185 android.view.ViewRootImpl.doTraversal:2911
08-04 06:28:12.365 20135 20264 D ViewRootImpl@7e61e96[dogglers]: Creating frameDrawingCallback nextDrawUseBlastSync=false reportNextDraw=true hasBlurUpdates=false
08-04 06:28:12.365 20135 20264 D ViewRootImpl@7e61e96[dogglers]: Creating frameCompleteCallback
08-04 06:28:12.366 19173 19260 I android.vendin: IncrementDisableThreadFlip blocked for 10.238ms
08-04 06:28:12.370 20135 20795 D ViewRootImpl@7e61e96[dogglers]: Received frameDrawingCallback frameNum=1. Creating transactionCompleteCallback=false
08-04 06:28:12.377 19836 20321 D InputDispatcher: Focus left window (0): d1e5015 com.android.chrome/org.chromium.chrome.browser.customtabs.CustomTabActivity
08-04 06:28:12.378 16175 16175 I ViewRootImpl@6011630[CustomTabActivity]: MSG_WINDOW_FOCUS_CHANGED 0 1
08-04 06:28:12.386 20135 20316 D ViewRootImpl@7e61e96[dogglers]: Received frameCompleteCallback  lastAcquiredFrameNum=1 lastAttemptedDrawFrameNum=1
08-04 06:28:12.386 18365 18365 D LifecycleMonitor: Lifecycle status change: androidx.test.core.app.InstrumentationActivityInvoker$BootstrapActivity@d681eb1 in: PRE_ON_CREATE
08-04 06:28:12.388 18365 18365 V ActivityScenario: Activity lifecycle changed event received but ignored because the intent does not match. startActivityIntent=Intent { act=android.intent.action.MAIN cat=[android.intent.category.LAUNCHER] cmp=com.example.dogglers/.MainActivity }, activity.getIntent()=Intent { act=android.intent.action.MAIN cat=[android.intent.category.LAUNCHER] flg=0x10008000 cmp=com.example.dogglers/androidx.test.core.app.InstrumentationActivityInvoker$BootstrapActivity (has extras) }, activity=androidx.test.core.app.InstrumentationActivityInvoker$BootstrapActivity@d681eb1
08-04 06:28:12.389 19836 19854 I SemPersonaManager: SecureFolder personaId = 10
08-04 06:28:12.393 20135 20264 I ViewRootImpl@7e61e96[dogglers]: [DP] pdf(0) 0 android.view.ViewRootImpl.lambda$addFrameCompleteCallbackIfNeeded$3$ViewRootImpl:4987 android.view.ViewRootImpl$$ExternalSyntheticLambda16.run:6 android.os.Handler.handleCallback:938
08-04 06:28:12.393 20135 20264 I ViewRootImpl@7e61e96[dogglers]: [DP] rdf()
08-04 06:28:12.393 20135 20264 D ViewRootImpl@7e61e96[dogglers]: reportDrawFinished (fn: -1)
08-04 06:28:12.405   752  1238 I SurfaceFlinger: id=173977 createSurf (0x0),-1 flag=24000, Surface(name=Task=82)/@0xa615068 - animation-leash of app_transition#0
08-04 06:28:12.406 20135 20135 D FullscreenTaskListener: Fullscreen Task Appeared: #86, caller=com.android.wm.shell.ShellTaskOrganizer.onTaskAppeared:387 com.android.wm.shell.ShellTaskOrganizer.onTaskAppeared:376 android.window.TaskOrganizer$1.lambda$onTaskAppeared$4$TaskOrganizer$1:297
08-04 06:28:12.407   752  1238 I SurfaceFlinger: id=173978 createSurf (0x0),-1 flag=20004, Dim Layer for - Task=82 - animating-dim#0
08-04 06:28:12.408   752  1103 I SurfaceFlinger: id=173979 createSurf (0x0),-1 flag=24000, Surface(name=Dim Layer for - Task=82 - animating-dim)/@0x89ce39f - animation-leash of dimmer#0
08-04 06:28:12.413   752  1103 I SurfaceFlinger: id=173980 createSurf (0x0),-1 flag=24004, Surface(name=Task=86)/@0xaee8d84 - animation-leash of app_transition#0
08-04 06:28:12.423   752   752 I Layer   : id=173981 Destroyed Screenshot Parent
08-04 06:28:12.432   752  1238 I SurfaceFlinger: id=173982 createSurf (0x0),-1 flag=24000, Surface(name=ac392f8 StatusBar)/@0x2bc773f - animation-leash of insets_animation#1
08-04 06:28:12.433   752  1238 I SurfaceFlinger: id=173983 createSurf (0x0),-1 flag=24000, Surface(name=e75ea59 NavigationBar0)/@0x799bb6a - animation-leash of insets_animation#0
08-04 06:28:12.437 20135 20264 D InsetsSourceConsumer: ensureControlAlpha: for ITYPE_NAVIGATION_BAR on Splash Screen com.example.dogglers
08-04 06:28:12.438 20135 20264 D InsetsSourceConsumer: ensureControlAlpha: for ITYPE_STATUS_BAR on Splash Screen com.example.dogglers
08-04 06:28:12.441   752   752 I Layer   : id=173960 removeFromCurrentState Surface(name=ac392f8 StatusBar)/@0x2bc773f - animation-leash of insets_animation#0 (123)
08-04 06:28:12.441   752   752 I Layer   : id=173498 removeFromCurrentState ac392f8 StatusBar#0 (123)
08-04 06:28:12.441   752   752 I Layer   : id=173510 removeFromCurrentState StatusBar$_20135#0 (123)
08-04 06:28:12.441   752   752 I Layer   : id=173498 addToCurrentState ac392f8 StatusBar#0 (123)
08-04 06:28:12.441   752   752 I Layer   : id=173510 addToCurrentState StatusBar$_20135#0 (123)
08-04 06:28:12.441   752   752 I Layer   : id=173961 removeFromCurrentState Surface(name=e75ea59 NavigationBar0)/@0x799bb6a - animation-leash of insets_animation#1 (123)
08-04 06:28:12.442   752   752 I SurfaceFlinger: id=173960 Removed Surface(name=ac392f8 StatusBar)/@0x2bc773f - animation-leash of insets_animation#0 (123)
08-04 06:28:12.442   752   752 I SurfaceFlinger: id=173961 Removed Surface(name=e75ea59 NavigationBar0)/@0x799bb6a - animation-leash of insets_animation#1 (123)
08-04 06:28:12.442   752   752 I Layer   : id=173960 Destroyed Surface(name=ac392f8 StatusBar)/@0x2bc773f - animation-leash of insets_animation#0
08-04 06:28:12.442   752   752 I Layer   : id=173961 Destroyed Surface(name=e75ea59 NavigationBar0)/@0x799bb6a - animation-leash of insets_animation#1
08-04 06:28:12.453 19836 19854 D EnterpriseDeviceManagerService: isMdmAdminPresentInternal() : MDM Admin Found - com.samsung.android.knox.containercore
08-04 06:28:12.455 19836 21401 I MediaSessionMonitor: Media session stopped : controllerList empty
08-04 06:28:12.459 19836 20059 D SemNscXgbMsL1: Probability - Cloud gaming: [0.018543132]
08-04 06:28:12.459 19836 20059 D SemNscXgbMsL1: Probability - Real time: [0.52756655]
08-04 06:28:12.459 19836 20059 D SemNscXgbMsL1: Probability - Non real time: [0.94327885]
08-04 06:28:12.459 19836 20059 D SemNscXgbMsL1: 1 sample inference time: 0.660961 msecs
08-04 06:28:12.462 19836 20059 D SemNscXgbL2Rt: L2 RT 1 sample inference time: 2.499923 msecs
08-04 06:28:12.467   752   752 D SurfaceFlinger: Display 4633128508267670401 HWC layers:
08-04 06:28:12.467   752   752 D SurfaceFlinger:      DEVICE | 0xe53e4d80 | 0002 | RGBA_8888    |    0.0    0.0 1080.0 2300.0 |    0   48 1080 2348 | com.android.chrome/ChromeChildSurface#0
08-04 06:28:12.467   752   752 D SurfaceFlinger:      DEVICE | 0xe8f21c80 | 0100 | RGBA_8888    |    0.0   18.0 1080.0 2408.0 |    0    0 1080 2390 | com.android.chrome/org.chromium.chro[...]ustomtabs.CustomTabActivity$_16175#0
08-04 06:28:12.467   752   752 D SurfaceFlinger:      CLIENT |              | 0000 |  Unknown  |    0.0    0.0    0.0    0.0 |    0    0 1080 2390 | Dim Layer for - Task=82 - animating-dim#0
08-04 06:28:12.467   752   752 D SurfaceFlinger:      CLIENT | 0xe53e5980 | 0100 | RGBA_8888    |    0.0    0.0 1080.0 2069.0 |    0  339 1080 2408 | Splash Screen com.example.dogglers$_20135#0
08-04 06:28:12.467   752   752 D SurfaceFlinger:      CLIENT | 0xe8f21680 | 0100 | RGBA_8888    |    0.0    0.0 1080.0   66.0 |    0    0 1080   66 | StatusBar$_20135#0
08-04 06:28:12.467   752   752 D SurfaceFlinger:      CLIENT | 0xe8f21080 | 0100 | RGBA_8888    |    0.0    0.0  388.0   42.0 |  692 2366 1080 2408 | SGestureOverlayWindow$_20522#0
08-04 06:28:12.467   752   752 D SurfaceFlinger:      CLIENT | 0xe8f22100 | 0100 | RGBA_8888    |    0.0    0.0 1080.0  135.0 |    0 2273 1080 2408 | NavigationBar0$_20135#0
08-04 06:28:12.467   752   752 D SurfaceFlinger:
08-04 06:28:12.467   752   752 D SurfaceFlinger:      DEVICE | 0xe943ff80 | 0108 | RGBA_8888    |    0.0    0.0 1080.0 2408.0 |    0    0 1080 2408 | BlueLightFilter$_20135#0
08-04 06:28:12.467   752   752 D SurfaceFlinger:
08-04 06:28:12.467 19836 20059 D SemNscXgbL2Nrt: L2 NRT 1 sample inference time: 4.865115 msecs
08-04 06:28:12.474 20522 20793 I RecentModel: onTaskStackChangedBackground
08-04 06:28:12.476 18365 18365 I DecorView: [INFO] isPopOver=false, config=true
08-04 06:28:12.476 18365 18365 I DecorView: updateCaptionType >> DecorView@4092717[], isFloating=false, isApplication=true, hasWindowControllerCallback=true, hasWindowDecorCaption=false
08-04 06:28:12.476 18365 18365 D DecorView: setCaptionType = 0, this = DecorView@4092717[]
08-04 06:28:12.486 18365 18365 I DecorView: getCurrentDensityDpi: from real metrics. densityDpi=450 msg=resources_loaded
08-04 06:28:12.488 18365 18365 D LifecycleMonitor: Lifecycle status change: androidx.test.core.app.InstrumentationActivityInvoker$BootstrapActivity@d681eb1 in: CREATED
08-04 06:28:12.489 18365 18365 V ActivityScenario: Activity lifecycle changed event received but ignored because the intent does not match. startActivityIntent=Intent { act=android.intent.action.MAIN cat=[android.intent.category.LAUNCHER] cmp=com.example.dogglers/.MainActivity }, activity.getIntent()=Intent { act=android.intent.action.MAIN cat=[android.intent.category.LAUNCHER] flg=0x10008000 cmp=com.example.dogglers/androidx.test.core.app.InstrumentationActivityInvoker$BootstrapActivity (has extras) }, activity=androidx.test.core.app.InstrumentationActivityInvoker$BootstrapActivity@d681eb1
08-04 06:28:12.492 18365 18365 D LifecycleMonitor: Lifecycle status change: androidx.test.core.app.InstrumentationActivityInvoker$BootstrapActivity@d681eb1 in: STARTED
08-04 06:28:12.494 18365 18365 V ActivityScenario: Activity lifecycle changed event received but ignored because the intent does not match. startActivityIntent=Intent { act=android.intent.action.MAIN cat=[android.intent.category.LAUNCHER] cmp=com.example.dogglers/.MainActivity }, activity.getIntent()=Intent { act=android.intent.action.MAIN cat=[android.intent.category.LAUNCHER] flg=0x10008000 cmp=com.example.dogglers/androidx.test.core.app.InstrumentationActivityInvoker$BootstrapActivity (has extras) }, activity=androidx.test.core.app.InstrumentationActivityInvoker$BootstrapActivity@d681eb1
08-04 06:28:12.507   752   769 I SurfaceFlinger: id=173984 createSurf (0x0),-1 flag=80004, ActivityRecord{e1f9f52 u0 com.example.dogglers/.MainActivity t86}#0
08-04 06:28:12.512 19173 19189 W android.vendin: Suspending all threads took: 5.738ms
08-04 06:28:12.522 20135 20268 I ViewRootImpl@7e61e96[dogglers]: Resizing android.view.ViewRootImpl@67010b3: frame=[0,0][1080,2408] reportDraw=false forceLayout=false backDropFrame=Rect(0, 0 - 1080, 2408)
08-04 06:28:12.523 20135 20264 I ViewRootImpl@7e61e96[dogglers]: handleResized, msg = 4 frames=ClientWindowFrames{frame=[0,0][1080,2408] display=[0,0][1080,2408] backdrop=[0,0][1080,2408]} forceNextWindowRelayout=false displayId=0 frameChanged=false backdropFrameChanged=false configChanged=false displayChanged=false mNextDrawUseBlastSync=false mergedConfiguration={mGlobalConfig={0.9 404mcc40mnc [en_IN] ldltr sw384dp w384dp h817dp 450dpi nrml long port night finger -keyb/v/h -nav/h winConfig={ mBounds=Rect(0, 0 - 1080, 2408) mAppBounds=Rect(0, 65 - 1080, 2366) mMaxBounds=Rect(0, 0 - 1080, 2408) mWindowingMode=fullscreen mDisplayWindowingMode=fullscreen mActivityType=undefined mAlwaysOnTop=undefined mRotation=ROTATION_0 mPopOver=undefined mFreeformTaskPinningState=undefined} s.224 fontWeightAdjustment=0 ff=0 bf=0 bts=0 enb/d themeSeq=0} mOverrideConfig={0.9 404mcc40mnc [en_IN] ldltr sw384dp w384dp h817dp 450dpi nrml long port night finger -keyb/v/h -nav/h winConfig={ mBounds=Rect(0, 0 - 1080, 2408) mAppBounds=Rect(0, 65 - 1080, 2366) mMaxBounds=Rect(0, 0 - 1080, 2408) mWindowingMode=fullscreen mDisplayWindowingMode=fullscreen mActivityType=standard mAlwaysOnTop=undefined mRotation=ROTATION_0 mPopOver=off mFreeformTaskPinningState=unpinned} s.1 fontWeightAdjustment=0 ff=0 bf=0 bts=0 enb/d themeSeq=0}}
08-04 06:28:12.523 18365 18365 D LifecycleMonitor: Lifecycle status change: androidx.test.core.app.InstrumentationActivityInvoker$BootstrapActivity@d681eb1 in: RESUMED
08-04 06:28:12.525 19836 19854 D PersonaActivityHelper: Activity not in resumed state, do not run immediate lock
08-04 06:28:12.525 18365 18365 V ActivityScenario: Activity lifecycle changed event received but ignored because the intent does not match. startActivityIntent=Intent { act=android.intent.action.MAIN cat=[android.intent.category.LAUNCHER] cmp=com.example.dogglers/.MainActivity }, activity.getIntent()=Intent { act=android.intent.action.MAIN cat=[android.intent.category.LAUNCHER] flg=0x10008000 cmp=com.example.dogglers/androidx.test.core.app.InstrumentationActivityInvoker$BootstrapActivity (has extras) }, activity=androidx.test.core.app.InstrumentationActivityInvoker$BootstrapActivity@d681eb1
08-04 06:28:12.528 19426 19426 I Finsky:background: [2] ppv.c(20): Finished reading experiment flags from file [0tGUNCGIkbk4o6-fQ335kUYSKwVj4lusnHT-A5Dsy08].
08-04 06:28:12.531 18365 18365 D LifecycleMonitor: Lifecycle status change: androidx.test.core.app.InstrumentationActivityInvoker$BootstrapActivity@d681eb1 in: PAUSED
08-04 06:28:12.534 18365 18365 V ActivityScenario: Activity lifecycle changed event received but ignored because the intent does not match. startActivityIntent=Intent { act=android.intent.action.MAIN cat=[android.intent.category.LAUNCHER] cmp=com.example.dogglers/.MainActivity }, activity.getIntent()=Intent { act=android.intent.action.MAIN cat=[android.intent.category.LAUNCHER] flg=0x10008000 cmp=com.example.dogglers/androidx.test.core.app.InstrumentationActivityInvoker$BootstrapActivity (has extras) }, activity=androidx.test.core.app.InstrumentationActivityInvoker$BootstrapActivity@d681eb1
08-04 06:28:12.544 19836 22762 D InputDispatcher: Focused application set to (0): e1f9f52
08-04 06:28:12.550 19426 19426 I Finsky:background: [2] ppv.c(20): Finished reading experiment flags from file [hXWMyhfaSaqv2mtIOo81ovquRMqu7MsBorJ6uIGu35A].
08-04 06:28:12.555 19426 19426 I Finsky:background: [2] mcv.onCreate(2): IPC-SERVER: Starting gRPC host service...
08-04 06:28:12.558 19836 19854 I SemPersonaManager: SecureFolder personaId = 10
08-04 06:28:12.569 19642 20193 D CameraService: getNumberOfCameras E
08-04 06:28:12.569 19642 20193 W ServiceManager: Permission failure: android.permission.SYSTEM_CAMERA from uid=10187 pid=21445
08-04 06:28:12.569 19642 20193 D CameraService: getNumberOfCameras X: ok
08-04 06:28:12.570 19642 21168 D CameraService: getNumberOfCameras E
08-04 06:28:12.570 19642 21168 W ServiceManager: Permission failure: android.permission.SYSTEM_CAMERA from uid=10187 pid=21445
08-04 06:28:12.570 19642 21168 D CameraService: getNumberOfCameras X: ok
08-04 06:28:12.570 19642 20193 D CameraService: getCameraInfo E: 0
08-04 06:28:12.571 19642 20193 W ServiceManager: Permission failure: android.permission.SYSTEM_CAMERA from uid=10187 pid=21445
08-04 06:28:12.571 19642 20193 W ServiceManager: Permission failure: android.permission.SYSTEM_CAMERA from uid=10187 pid=21445
08-04 06:28:12.571 19642 20193 D CameraService: getCameraInfo X
08-04 06:28:12.573 18365 18365 D LifecycleMonitor: Lifecycle status change: com.example.dogglers.MainActivity@94e5f70 in: PRE_ON_CREATE
08-04 06:28:12.574 18365 18365 V ActivityScenario: Activity lifecycle changed event received but ignored because the reported transition was not ON_CREATE while the last known transition was PRE_ON_CREATE
08-04 06:28:12.577 19836 19854 D EnterpriseDeviceManagerService: isMdmAdminPresentInternal() : MDM Admin Found - com.samsung.android.knox.containercore
08-04 06:28:12.579 19836 21401 I MediaSessionMonitor: Media session stopped : controllerList empty
08-04 06:28:12.580 21445 24022 W DynamiteModule: Local module descriptor class for com.google.android.gms.vision.dynamite.ocr not found.
08-04 06:28:12.581 21445 24022 W ProviderHelper: Unknown dynamite feature vision.dynamite.ocr
08-04 06:28:12.583 21445 24022 I DynamiteModule: Considering local module com.google.android.gms.vision.dynamite.ocr:0 and remote module com.google.android.gms.vision.dynamite.ocr:0
08-04 06:28:12.583 21445 19462 I GmsDebugLogger: [89] vision.dynamite.ocr
08-04 06:28:12.586 21445 24022 I DynamiteModule: Considering local module com.google.android.gms.vision.ocr:0 and remote module com.google.android.gms.vision.ocr:1
08-04 06:28:12.587 21445 24022 I DynamiteModule: Selected remote version of com.google.android.gms.vision.ocr, version >= 1
08-04 06:28:12.610 21445 24022 W ModuleContext: Attribution tag: com.google.android.gms.vision.ocrignored, replaced with:
08-04 06:28:12.637 21445 21445 D BoundBrokerSvc: onBind: Intent { act=com.google.android.gms.ocr.service.internal.START dat=chimera-action:com.google.android.gms.ocr.service.internal.START cmp=com.google.android.gms/.chimera.GmsInternalApiService }
08-04 06:28:12.637 21445 21445 D BoundBrokerSvc: Loading bound service for intent: Intent { act=com.google.android.gms.ocr.service.internal.START dat=chimera-action:com.google.android.gms.ocr.service.internal.START cmp=com.google.android.gms/.chimera.GmsInternalApiService }
08-04 06:28:12.639 19426 19426 D ConnectivityManager: StackLog: [android.net.ConnectivityManager.sendRequestForNetwork(ConnectivityManager.java:4124)] [android.net.ConnectivityManager.registerDefaultNetworkCallbackForUid(ConnectivityManager.java:4688)] [android.net.ConnectivityManager.registerDefaultNetworkCallback(ConnectivityManager.java:4655)] [android.net.ConnectivityManager.registerDefaultNetworkCallback(ConnectivityManager.java:4629)] [irc.a(PG:2)] [gat.a(PG:49)] [alwz.a(PG:1)] [gau.i(PG:4)] [com.google.android.finsky.ipcservers.background.BackgroundGrpcServerAndroidService.c(Unknown Source:8)] [mcv.onCreate(PG:3)] [com.google.android.finsky.ipcservers.background.BackgroundGrpcServerAndroidService.onCreate(PG:1)] [android.app.ActivityThread.handleCreateService(ActivityThread.java:4940)] [android.app.ActivityThread.access$1800(ActivityThread.java:310)] [android.app.ActivityThread$H.handleMessage(ActivityThread.java:2300)]
08-04 06:28:12.642 19836 22301 D ConnectivityService: requestNetwork for uid/pid:10186/19426 activeRequest: null callbackRequest: 1051 [NetworkRequest [ REQUEST id=1052, [ Capabilities: INTERNET&NOT_RESTRICTED&TRUSTED&NOT_VCN_MANAGED Uid: 10186 RequestorUid: 10186 RequestorPkg: com.android.vending UnderlyingNetworks: Null] ]] callback flags: 0 order: 2147483647
08-04 06:28:12.645 19836 20005 D ConnectivityService: NetworkReassignment :
08-04 06:28:12.645 19836 20005 D ConnectivityService:   1052 : null → 105
08-04 06:28:12.645 19836 20005 D ConnectivityService:    accepting network in place of null
08-04 06:28:12.649 19836 19989 D WifiNetworkFactory: got request NetworkRequest [ REQUEST id=1052, [ Capabilities: INTERNET&NOT_RESTRICTED&TRUSTED&NOT_VCN_MANAGED Uid: 10186 RequestorUid: 10186 RequestorPkg: com.android.vending UnderlyingNetworks: Null] ]
08-04 06:28:12.649 19836 19989 D UntrustedWifiNetworkFactory: got request NetworkRequest [ REQUEST id=1052, [ Capabilities: INTERNET&NOT_RESTRICTED&TRUSTED&NOT_VCN_MANAGED Uid: 10186 RequestorUid: 10186 RequestorPkg: com.android.vending UnderlyingNetworks: Null] ]
08-04 06:28:12.650 19836 19989 D OemPaidWifiNetworkFactory: got request NetworkRequest [ REQUEST id=1052, [ Capabilities: INTERNET&NOT_RESTRICTED&TRUSTED&NOT_VCN_MANAGED Uid: 10186 RequestorUid: 10186 RequestorPkg: com.android.vending UnderlyingNetworks: Null] ]
08-04 06:28:12.655 20522 20569 I RecentModel: onTaskStackChangedBackground
08-04 06:28:12.656 18365 18365 I DecorView: [INFO] isPopOver=false, config=true
08-04 06:28:12.656 18365 18365 I DecorView: updateCaptionType >> DecorView@84742d7[], isFloating=false, isApplication=true, hasWindowControllerCallback=true, hasWindowDecorCaption=false
08-04 06:28:12.656 18365 18365 D DecorView: setCaptionType = 0, this = DecorView@84742d7[]
08-04 06:28:12.662 18365 18365 I DecorView: getCurrentDensityDpi: from real metrics. densityDpi=450 msg=resources_loaded
08-04 06:28:12.673 19724 20053 I bauth_FPBAuthService: pcf : 0x1012, 0 ,2 ,0 ,0 ,0 ,2, 0.0.0.0
08-04 06:28:12.673 19724 20053 I bauth_FPBAuthService: thread id : 2, preenroll_flag : 0, nd cnt : 1, cso : 3, et : 0
08-04 06:28:12.673 19724 20053 I bauth_FPBAuthService: FPBAuthService, 11756
08-04 06:28:12.689 19173 19260 E FeatureUtil: filePath /optics/configs/carriers/INS/conf/system/customer_carrier_feature.json carrierGroup INS canonicalId -1
08-04 06:28:12.701 19173 19260 D SemCarrierFeature: update carrier default features : 0
08-04 06:28:12.701 19173 19260 D SemCarrierFeature: update carrier features : 0:30245
08-04 06:28:12.701 19173 19260 E FeatureUtil: filePath /optics/configs/carriers/INS/conf/system/customer_carrier_feature.json carrierGroup INS canonicalId 30245
08-04 06:28:12.701 19173 19260 E FeatureUtil: filePath /optics/configs/carriers/INS/conf/system/customer_carrier_feature.json carrierGroup INS canonicalId -1
08-04 06:28:12.702 19173 19260 D SemCarrierFeature: update carrier default features : 1
08-04 06:28:12.702 19173 19260 D SemCarrierFeature: update carrier features : 1:-1
08-04 06:28:12.702 19173 19260 E FeatureUtil: filePath /optics/configs/carriers/INS/conf/system/customer_carrier_feature.json carrierGroup INS canonicalId -1
08-04 06:28:12.709 18365 18365 D LifecycleMonitor: Lifecycle status change: com.example.dogglers.MainActivity@94e5f70 in: CREATED
08-04 06:28:12.711 18365 18365 V ActivityScenario: Update currentActivityStage to CREATED, currentActivity=com.example.dogglers.MainActivity@94e5f70
08-04 06:28:12.717 18365 18365 D LifecycleMonitor: Lifecycle status change: com.example.dogglers.MainActivity@94e5f70 in: STARTED
08-04 06:28:12.718 18365 18365 V ActivityScenario: Update currentActivityStage to STARTED, currentActivity=com.example.dogglers.MainActivity@94e5f70
08-04 06:28:12.722 18365 18365 D LifecycleMonitor: Lifecycle status change: com.example.dogglers.MainActivity@94e5f70 in: RESUMED
08-04 06:28:12.723 18365 18365 V ActivityScenario: Update currentActivityStage to RESUMED, currentActivity=com.example.dogglers.MainActivity@94e5f70
08-04 06:28:12.738 19836 22347 D InputTransport: Input channel constructed: 'e06588b', fd=865
08-04 06:28:12.738 19836 22347 D InputTransport: Input channel constructed: 'e06588b', fd=872
08-04 06:28:12.738 19836 22347 D InputTransport: Input channel constructed: 'e06588b', fd=875
08-04 06:28:12.741   752   769 I SurfaceFlinger: id=173985 createSurf (0x0),-1 flag=80004, e06588b com.example.dogglers/com.example.dogglers.MainActivity#0
08-04 06:28:12.749 19836 22347 D InputTransport: Input channel destroyed: 'e06588b', fd=875
08-04 06:28:12.752 18365 18365 I ViewRootImpl@a52f392[MainActivity]: setView = com.android.internal.policy.DecorView@84742d7 TM=true
08-04 06:28:12.755 19836 19894 D AnalyticsContainerHandler: handleMessage : { when=0 what=1 target=com.android.server.knox.KnoxAnalyticsContainer$AnalyticsHandler }
08-04 06:28:12.771 19426 19471 I Finsky:background: [1400] ipd.f(1): getDownloads()
08-04 06:28:12.773   752   752 I Layer   : id=173979 removeFromCurrentState Surface(name=Dim Layer for - Task=82 - animating-dim)/@0x89ce39f - animation-leash of dimmer#0 (123)
08-04 06:28:12.773   752   752 I SurfaceFlinger: id=173979 Removed Surface(name=Dim Layer for - Task=82 - animating-dim)/@0x89ce39f - animation-leash of dimmer#0 (123)
08-04 06:28:12.774   752   752 I Layer   : id=173979 Destroyed Surface(name=Dim Layer for - Task=82 - animating-dim)/@0x89ce39f - animation-leash of dimmer#0
08-04 06:28:12.784 19173 19264 I Finsky  : [1414] irn.g(1): getDownloads()
08-04 06:28:12.785 19426 19471 I Finsky:background: [1400] ipd.f(1): getDownloads()
08-04 06:28:12.790 19836 22347 V WindowManager: Relayout Window{e06588b u0 com.example.dogglers/com.example.dogglers.MainActivity}: viewVisibility=0 req=1080x2408 d0
08-04 06:28:12.791   752   769 I SurfaceFlinger: id=173986 createSurf (1x1),-3 flag=40004, com.example.dogglers/com.example.dogglers.MainActivity$_18365#0
08-04 06:28:12.799   752   918 I SurfaceFlinger: id=173987 createSurf (0x0),-1 flag=24000, Surface(name=ac392f8 StatusBar)/@0x2bc773f - animation-leash of insets_animation#0
08-04 06:28:12.801   752   918 I SurfaceFlinger: id=173988 createSurf (0x0),-1 flag=24000, Surface(name=e75ea59 NavigationBar0)/@0x799bb6a - animation-leash of insets_animation#1
08-04 06:28:12.804 19836 22347 V WindowManager: Relayout hash=e06588b, pid=18365: mAttrs={(0,0)(fillxfill) sim={adjust=pan forwardNavigation} ty=BASE_APPLICATION wanim=0x1030303
08-04 06:28:12.804 19836 22347 V WindowManager:   fl=81810100
08-04 06:28:12.804 19836 22347 V WindowManager:   pfl=12020040
08-04 06:28:12.804 19836 22347 V WindowManager:   bhv=DEFAULT
08-04 06:28:12.804 19836 22347 V WindowManager:   fitSides= naviIconColor=0}
08-04 06:28:12.809 18365 18365 I ViewRootImpl@a52f392[MainActivity]: Relayout returned: old=(0,0,1080,2408) new=(0,0,1080,2408) req=(1080,2408)0 dur=15 res=0x7 s={true 3934049280} ch=true fn=-1
08-04 06:28:12.811 18365 18575 D OpenGLRenderer: eglCreateWindowSurface
08-04 06:28:12.818   334   334 I lmkd    : 0(delay),0(swap), 50(freelimit) memory pressure events were skipped after a kill!
08-04 06:28:12.823   752   752 I Layer   : id=173982 removeFromCurrentState Surface(name=ac392f8 StatusBar)/@0x2bc773f - animation-leash of insets_animation#1 (125)
08-04 06:28:12.823   752   752 I Layer   : id=173983 removeFromCurrentState Surface(name=e75ea59 NavigationBar0)/@0x799bb6a - animation-leash of insets_animation#0 (125)
08-04 06:28:12.824   752   752 I SurfaceFlinger: id=173982 Removed Surface(name=ac392f8 StatusBar)/@0x2bc773f - animation-leash of insets_animation#1 (125)
08-04 06:28:12.824   752   752 I SurfaceFlinger: id=173983 Removed Surface(name=e75ea59 NavigationBar0)/@0x799bb6a - animation-leash of insets_animation#0 (125)
08-04 06:28:12.824   752   752 I Layer   : id=173982 Destroyed Surface(name=ac392f8 StatusBar)/@0x2bc773f - animation-leash of insets_animation#1
08-04 06:28:12.825   752   752 I Layer   : id=173983 Destroyed Surface(name=e75ea59 NavigationBar0)/@0x799bb6a - animation-leash of insets_animation#0
08-04 06:28:12.827 16175 16175 I ViewRootImpl@6011630[CustomTabActivity]: handleAppVisibility mAppVisible=true visible=false
08-04 06:28:12.829 19836 22347 D InputDispatcher: Focus request (0): e06588b com.example.dogglers/com.example.dogglers.MainActivity but waiting because NOT_VISIBLE
08-04 06:28:12.836 20830 18209 W NetworkScheduler: The extras of the task (com.google.android.gms.ocr.service.ModelCleanUpTaskService:type_[1]) are not valid to be persisted so that the task is not persisted [CONTEXT service_id=218 ]
08-04 06:28:12.836 20830 18209 W NetworkScheduler: java.lang.IllegalArgumentException: Only the following extra parameter types are supported: Integer, Long, Double, String, Boolean, and nested Bundles with the same restrictions.
08-04 06:28:12.836 20830 18209 W NetworkScheduler: 	at anzk.f(:com.google.android.gms@222615042@22.26.15 (190300-461192076):6)
08-04 06:28:12.836 20830 18209 W NetworkScheduler: 	at bezs.g(:com.google.android.gms@222615042@22.26.15 (190300-461192076):37)
08-04 06:28:12.836 20830 18209 W NetworkScheduler: 	at beyl.n(:com.google.android.gms@222615042@22.26.15 (190300-461192076):3)
08-04 06:28:12.836 20830 18209 W NetworkScheduler: 	at beyl.u(:com.google.android.gms@222615042@22.26.15 (190300-461192076):20)
08-04 06:28:12.836 20830 18209 W NetworkScheduler: 	at beyl.h(:com.google.android.gms@222615042@22.26.15 (190300-461192076):3)
08-04 06:28:12.836 20830 18209 W NetworkScheduler: 	at beuc.run(:com.google.android.gms@222615042@22.26.15 (190300-461192076):9)
08-04 06:28:12.836 20830 18209 W NetworkScheduler: 	at xot.c(:com.google.android.gms@222615042@22.26.15 (190300-461192076):6)
08-04 06:28:12.836 20830 18209 W NetworkScheduler: 	at xot.run(:com.google.android.gms@222615042@22.26.15 (190300-461192076):7)
08-04 06:28:12.836 20830 18209 W NetworkScheduler: 	at java.util.concurrent.ThreadPoolExecutor.runWorker(ThreadPoolExecutor.java:1167)
08-04 06:28:12.836 20830 18209 W NetworkScheduler: 	at java.util.concurrent.ThreadPoolExecutor$Worker.run(ThreadPoolExecutor.java:641)
08-04 06:28:12.836 20830 18209 W NetworkScheduler: 	at xty.run(:com.google.android.gms@222615042@22.26.15 (190300-461192076):0)
08-04 06:28:12.836 20830 18209 W NetworkScheduler: 	at java.lang.Thread.run(Thread.java:920)
08-04 06:28:12.840   752   752 I Layer   : id=173977 removeFromCurrentState Surface(name=Task=82)/@0xa615068 - animation-leash of app_transition#0 (123)
08-04 06:28:12.840   752   752 I Layer   : id=173980 removeFromCurrentState Surface(name=Task=86)/@0xaee8d84 - animation-leash of app_transition#0 (123)
08-04 06:28:12.840   752   752 I Layer   : id=173973 removeFromCurrentState Task=86#0 (123)
08-04 06:28:12.840   752   752 I Layer   : id=173974 removeFromCurrentState ActivityRecord{dca0253 u0 com.example.dogglers/androidx.test.core.app.InstrumentationActivityInvoker$BootstrapActivity t86}#0 (123)
08-04 06:28:12.840   752   752 I Layer   : id=173984 removeFromCurrentState ActivityRecord{e1f9f52 u0 com.example.dogglers/.MainActivity t86}#0 (123)
08-04 06:28:12.840   752   752 I Layer   : id=173985 removeFromCurrentState e06588b com.example.dogglers/com.example.dogglers.MainActivity#0 (123)
08-04 06:28:12.840   752   752 I Layer   : id=173986 removeFromCurrentState com.example.dogglers/com.example.dogglers.MainActivity$_18365#0 (123)
08-04 06:28:12.840   752   752 I Layer   : id=173975 removeFromCurrentState fe870af Splash Screen com.example.dogglers#0 (123)
08-04 06:28:12.840 16175 16175 I SurfaceView@3a27ac: onWindowVisibilityChanged(8) false android.view.SurfaceView{3a27ac V.E...... ........ 0,0-1080,2300} of ViewRootImpl@6011630[CustomTabActivity]
08-04 06:28:12.840   752   752 I Layer   : id=173976 removeFromCurrentState Splash Screen com.example.dogglers$_20135#0 (123)
08-04 06:28:12.840   752   752 I Layer   : id=173978 removeFromCurrentState Dim Layer for - Task=82 - animating-dim#0 (123)
08-04 06:28:12.840 16175 16175 I SurfaceView@3a27ac: pST: mTmpTransaction.apply, mTmpTransaction = android.view.SurfaceControl$Transaction@d968a7c
08-04 06:28:12.840   752   752 I Layer   : id=173973 addToCurrentState Task=86#0 (123)
08-04 06:28:12.840   752   752 I Layer   : id=173974 addToCurrentState ActivityRecord{dca0253 u0 com.example.dogglers/androidx.test.core.app.InstrumentationActivityInvoker$BootstrapActivity t86}#0 (123)
08-04 06:28:12.840   752   752 I Layer   : id=173984 addToCurrentState ActivityRecord{e1f9f52 u0 com.example.dogglers/.MainActivity t86}#0 (123)
08-04 06:28:12.840   752   752 I Layer   : id=173985 addToCurrentState e06588b com.example.dogglers/com.example.dogglers.MainActivity#0 (123)
08-04 06:28:12.840   752   752 I Layer   : id=173986 addToCurrentState com.example.dogglers/com.example.dogglers.MainActivity$_18365#0 (123)
08-04 06:28:12.840   752   752 I Layer   : id=173975 addToCurrentState fe870af Splash Screen com.example.dogglers#0 (123)
08-04 06:28:12.840   752   752 I Layer   : id=173976 addToCurrentState Splash Screen com.example.dogglers$_20135#0 (123)
08-04 06:28:12.841 19173 19398 I Finsky  : [1451] kxk.run(9): Installer: Installer starting
08-04 06:28:12.841   752   752 I SurfaceFlinger: id=173978 Removed Dim Layer for - Task=82 - animating-dim#0 (123)
08-04 06:28:12.841 18365 18365 I ViewRootImpl@a52f392[MainActivity]: [DP] dp(1) 1 android.view.ViewRootImpl.reportNextDraw:11410 android.view.ViewRootImpl.performTraversals:4185 android.view.ViewRootImpl.doTraversal:2911
08-04 06:28:12.841   752   752 I SurfaceFlinger: id=173980 Removed Surface(name=Task=86)/@0xaee8d84 - animation-leash of app_transition#0 (123)
08-04 06:28:12.841   752   752 I SurfaceFlinger: id=173977 Removed Surface(name=Task=82)/@0xa615068 - animation-leash of app_transition#0 (123)
08-04 06:28:12.841   752   752 I Layer   : id=173977 Destroyed Surface(name=Task=82)/@0xa615068 - animation-leash of app_transition#0
08-04 06:28:12.841 18365 18365 D ViewRootImpl@a52f392[MainActivity]: Creating frameDrawingCallback nextDrawUseBlastSync=false reportNextDraw=true hasBlurUpdates=false
08-04 06:28:12.841   752   752 I Layer   : id=173980 Destroyed Surface(name=Task=86)/@0xaee8d84 - animation-leash of app_transition#0
08-04 06:28:12.841 19173 19398 I Finsky  : [1451] kxk.run(12): Installer: Installer started
08-04 06:28:12.841 18365 18365 D ViewRootImpl@a52f392[MainActivity]: Creating frameCompleteCallback
08-04 06:28:12.842 16175 16175 I SurfaceView@3a27ac: surfaceDestroyed callback.size 1 #2 android.view.SurfaceView{3a27ac V.E...... ........ 0,0-1080,2300}
08-04 06:28:12.842 16175 16175 E cr_CompositorSurfaceMgr: surfaceDestroyed format : 4
08-04 06:28:12.843   752   752 I Layer   : id=173978 Destroyed Dim Layer for - Task=82 - animating-dim#0
08-04 06:28:12.853   752   752 D SurfaceFlinger: Display 4633128508267670401 HWC layers:
08-04 06:28:12.853   752   752 D SurfaceFlinger:      DEVICE | 0xe53e5980 | 0100 | RGBA_8888    |    0.0    0.0 1080.0 2408.0 |    0    0 1080 2408 | Splash Screen com.example.dogglers$_20135#0
08-04 06:28:12.853   752   752 D SurfaceFlinger:      DEVICE | 0xe8f21680 | 0100 | RGBA_8888    |    0.0    0.0 1080.0   66.0 |    0    0 1080   66 | StatusBar$_20135#0
08-04 06:28:12.853   752   752 D SurfaceFlinger:      CLIENT | 0xe8f21080 | 0100 | RGBA_8888    |    0.0    0.0  388.0   42.0 |  692 2366 1080 2408 | SGestureOverlayWindow$_20522#0
08-04 06:28:12.853   752   752 D SurfaceFlinger:      CLIENT | 0xe8f22100 | 0100 | RGBA_8888    |    0.0    0.0 1080.0  135.0 |    0 2273 1080 2408 | NavigationBar0$_20135#0
08-04 06:28:12.853   752   752 D SurfaceFlinger:      DEVICE | 0xe943ff80 | 0108 | RGBA_8888    |    0.0    0.0 1080.0 2408.0 |    0    0 1080 2408 | BlueLightFilter$_20135#0
08-04 06:28:12.853   752   752 D SurfaceFlinger:
08-04 06:28:12.853   752   918 I SurfaceFlinger: id=173966 Removed com.android.chrome/ChromeNativeWindowSurface#0 (120)
08-04 06:28:12.854   752   918 I SurfaceFlinger: id=173967 Removed com.android.chrome/ChromeChildSurface#0 (120)
08-04 06:28:12.869 20115 20619 E DatabaseUtils: Writing exception to parcel
08-04 06:28:12.869 20115 20619 E DatabaseUtils: java.lang.SecurityException: No permission to access APN settings
08-04 06:28:12.869 20115 20619 E DatabaseUtils: 	at com.android.providers.telephony.TelephonyProvider.checkPermission(TelephonyProvider.java:7085)
08-04 06:28:12.869 20115 20619 E DatabaseUtils: 	at com.android.providers.telephony.TelephonyProvider.checkPermissionCompat(TelephonyProvider.java:7102)
08-04 06:28:12.869 20115 20619 E DatabaseUtils: 	at com.android.providers.telephony.TelephonyProvider.query(TelephonyProvider.java:5307)
08-04 06:28:12.869 20115 20619 E DatabaseUtils: 	at android.content.ContentProvider.query(ContentProvider.java:1520)
08-04 06:28:12.869 20115 20619 E DatabaseUtils: 	at android.content.ContentProvider.query(ContentProvider.java:1616)
08-04 06:28:12.869 20115 20619 E DatabaseUtils: 	at android.content.ContentProvider$Transport.query(ContentProvider.java:286)
08-04 06:28:12.869 20115 20619 E DatabaseUtils: 	at android.content.ContentProviderNative.onTransact(ContentProviderNative.java:107)
08-04 06:28:12.869 20115 20619 E DatabaseUtils: 	at android.os.Binder.execTransactInternal(Binder.java:1215)
08-04 06:28:12.869 20115 20619 E DatabaseUtils: 	at android.os.Binder.execTransact(Binder.java:1179)
08-04 06:28:12.873 16516 16560 W cr_MediaCodecBridge: Releasing: OMX.Exynos.avc.dec
08-04 06:28:12.875 16516 19445 D SurfaceUtils: connecting to surface 0xdd585c08, reason connectToSurface
08-04 06:28:12.875 16516 19445 I MediaCodec: [OMX.Exynos.avc.dec] setting surface generation to 16912392
08-04 06:28:12.875 16516 19445 D SurfaceUtils: disconnecting from surface 0xdd585c08, reason connectToSurface(reconnect)
08-04 06:28:12.875 16516 19445 D SurfaceUtils: connecting to surface 0xdd585c08, reason connectToSurface(reconnect)
08-04 06:28:12.875 18365 18720 D ViewRootImpl@a52f392[MainActivity]: Received frameDrawingCallback frameNum=1. Creating transactionCompleteCallback=false
08-04 06:28:12.878 16516 19446 D SurfaceUtils: set up nativeWindow 0xdd585c08 for 800x480, color 0x105, rotation 0, usage 0x402900
08-04 06:28:12.878 16516 19445 D SurfaceUtils: disconnecting from surface 0xb9ada008, reason disconnectFromSurface
08-04 06:28:12.878 16516 19445 E Surface : freeAllBuffers: 11 buffers were freed while being dequeued!
08-04 06:28:12.879   830 19448 I EXYNOS_BASE_COMP: [0xec7a2200][Exynos_OMX_ComponentStateSet] current:(OMX_StateExecuting) dest:(OMX_StateIdle)
08-04 06:28:12.879 16516 19446 I ACodec  : [OMX.Exynos.avc.dec] Now Executing->Idle
08-04 06:28:12.879   830 19451 W libexynosv4l2: failed to ioctl: VIDIOC_DQBUF (22 - Invalid argument)
08-04 06:28:12.881 18365 18575 D ViewRootImpl@a52f392[MainActivity]: Received frameCompleteCallback  lastAcquiredFrameNum=1 lastAttemptedDrawFrameNum=1
08-04 06:28:12.882 16516 16560 W cr_MediaCodecBridge: Codec released
08-04 06:28:12.883 18365 18365 I ViewRootImpl@a52f392[MainActivity]: [DP] pdf(0) 1 android.view.ViewRootImpl.lambda$addFrameCompleteCallbackIfNeeded$3$ViewRootImpl:4987 android.view.ViewRootImpl$$ExternalSyntheticLambda16.run:6 android.os.Handler.handleCallback:938
08-04 06:28:12.883 18365 18365 I ViewRootImpl@a52f392[MainActivity]: [DP] rdf()
08-04 06:28:12.883 18365 18365 D ViewRootImpl@a52f392[MainActivity]: reportDrawFinished (fn: -1)
08-04 06:28:12.883   830 19450 W libexynosv4l2: failed to ioctl: VIDIOC_DQBUF (22 - Invalid argument)
08-04 06:28:12.884   830 19448 I EXYNOS_BASE_COMP: [0xec7a2200][Exynos_OMX_ComponentStateSet] OMX_EventCmdComplete(OMX_StateIdle)
08-04 06:28:12.885 16175 16175 I SurfaceView@3a27ac: updateSurface: mVisible = false mSurface.isValid() = true
08-04 06:28:12.886 16175 16175 I SurfaceView@3a27ac: tryReleaseSurfaces: set mRtReleaseSurfaces = true
08-04 06:28:12.887   830 19448 I EXYNOS_BASE_COMP: [0xec7a2200][Exynos_OMX_ComponentStateSet] current:(OMX_StateIdle) dest:(OMX_StateLoaded)
08-04 06:28:12.887 16175 16384 I SurfaceView@3a27ac: 166277906 wPL, frameNr = 0
08-04 06:28:12.887 16175 16384 I SurfaceView@3a27ac: remove() from RT android.view.SurfaceView$SurfaceViewPositionUpdateListener@9e93312 Surface(name=SurfaceView - com.android.chrome/org.chromium.chrome.browser.customtabs.CustomTabActivity@3a27ac@3)/@0x7c66ae3
08-04 06:28:12.887 16175 16384 I SurfaceView@3a27ac: remove() android.view.SurfaceView{3a27ac V.E...... ........ 0,0-1080,2300} Surface(name=SurfaceView - com.android.chrome/org.chromium.chrome.browser.customtabs.CustomTabActivity@3a27ac@3)/@0x7c66ae3
08-04 06:28:12.887 16175 16384 I SurfaceView@3a27ac: aOrMT: uB = true t = android.view.SurfaceControl$Transaction@9201348 fN = 0 android.view.SurfaceView.access$500:124 android.view.SurfaceView$SurfaceViewPositionUpdateListener.positionLost:1785 android.graphics.RenderNode$CompositePositionUpdateListener.positionLost:326
08-04 06:28:12.887 16175 16384 I SurfaceView@3a27ac: aOrMT: vR.mWNT, vR = ViewRootImpl@6011630[CustomTabActivity]
08-04 06:28:12.887 16175 16384 I ViewRootImpl@6011630[CustomTabActivity]: mWNT: t = android.view.SurfaceControl$Transaction@9201348 fN = 0 android.view.SurfaceView.applyOrMergeTransaction:1628 android.view.SurfaceView.access$500:124 android.view.SurfaceView$SurfaceViewPositionUpdateListener.positionLost:1785
08-04 06:28:12.887 16175 16384 I ViewRootImpl@6011630[CustomTabActivity]: mWNT: merge t to BBQ
08-04 06:28:12.888   830 19451 W libexynosv4l2: failed to ioctl: VIDIOC_DQBUF (22 - Invalid argument)
08-04 06:28:12.889 16175 16384 D OpenGLRenderer: setSurface called with nullptr
08-04 06:28:12.889 16175 16384 D OpenGLRenderer: setSurface() destroyed EGLSurface
08-04 06:28:12.889 16175 16384 D OpenGLRenderer: destroyEglSurface
08-04 06:28:12.890   752   752 I Layer   : id=173965 removeFromCurrentState Background for SurfaceView - com.android.chrome/org.chromium.chrome.browser.customtabs.CustomTabActivity@3a27ac@3#0 (120)
08-04 06:28:12.891   752   752 I Layer   : id=173964 removeFromCurrentState SurfaceView - com.android.chrome/org.chromium.chrome.browser.customtabs.CustomTabActivity@3a27ac@3(BLAST)#0 (120)
08-04 06:28:12.891   752   752 I Layer   : id=173966 removeFromCurrentState com.android.chrome/ChromeNativeWindowSurface#0 (120)
08-04 06:28:12.891   752   752 I Layer   : id=173967 removeFromCurrentState com.android.chrome/ChromeChildSurface#0 (120)
08-04 06:28:12.891   752   752 I Layer   : id=173963 removeFromCurrentState SurfaceView - com.android.chrome/org.chromium.chrome.browser.customtabs.CustomTabActivity@3a27ac@3#0 (120)
08-04 06:28:12.891   752   752 I SurfaceFlinger: id=173965 Removed Background for SurfaceView - com.android.chrome/org.chromium.chrome.browser.customtabs.CustomTabActivity@3a27ac@3#0 (120)
08-04 06:28:12.891   752   752 I SurfaceFlinger: id=173964 Removed SurfaceView - com.android.chrome/org.chromium.chrome.browser.customtabs.CustomTabActivity@3a27ac@3(BLAST)#0 (120)
08-04 06:28:12.891   752   752 I SurfaceFlinger: id=173963 Removed SurfaceView - com.android.chrome/org.chromium.chrome.browser.customtabs.CustomTabActivity@3a27ac@3#0 (120)
08-04 06:28:12.891   752   752 I Layer   : id=173963 Destroyed SurfaceView - com.android.chrome/org.chromium.chrome.browser.customtabs.CustomTabActivity@3a27ac@3#0
08-04 06:28:12.891   752   752 I Layer   : id=173965 Destroyed Background for SurfaceView - com.android.chrome/org.chromium.chrome.browser.customtabs.CustomTabActivity@3a27ac@3#0
08-04 06:28:12.891   752   752 I Layer   : id=173964 Destroyed SurfaceView - com.android.chrome/org.chromium.chrome.browser.customtabs.CustomTabActivity@3a27ac@3(BLAST)#0
08-04 06:28:12.891   752   752 I Layer   : id=173966 Destroyed com.android.chrome/ChromeNativeWindowSurface#0
08-04 06:28:12.891   752   752 I Layer   : id=173967 Destroyed com.android.chrome/ChromeChildSurface#0
08-04 06:28:12.891 19836 19855 I SemDvfsHyPerManager: acquire hyper - AMS_RESUME_TAIL/19836@14, type = -999
08-04 06:28:12.892 19836 19855 I SemDvfsHyPerManager: acquire hyper - AMS_ACT_LAZY/19836@15, type = -999
08-04 06:28:12.894 19836 19851 E libperflog: [LIBPERFLOG] socket_local_client fail = -1
08-04 06:28:12.894 19836 19851 I PkgPredictorService-SecIpmManagerServiceImpl: reportToNAP uid:10292 com.example.dogglers/com.example.dogglers.MainActivity thisTime:653
08-04 06:28:12.895 19652 19680 I HYPER-HAL: [RequestManager.cpp]acquire(): Acquired ID : 197021189  [19836 / 14]    HINT : AMS_RESUME_TAIL    list :
08-04 06:28:12.896 19836 19851 I ActivityTaskManager: Displayed com.example.dogglers/.MainActivity: +653ms
08-04 06:28:12.897 19652 19680 I HYPER-HAL: [RequestManager.cpp]releaseLocked(): Released ID : 197279343
08-04 06:28:12.897   752   769 I SurfaceFlinger: id=173989 createSurf (0x0),-1 flag=24000, Surface(name=e06588b com.example.dogglers/com.example.dogglers.MainActivity)/@0x190275 - animation-leash of starting_reveal#0
08-04 06:28:12.900  1994  1994 E pageboostd: Received HALT command code 2
