08-04 06:28:13.556   752   752 I Layer   : id=173990 Destroyed Surface(name=a73f97f InputMethod)/@0x1e1d195 - animation-leash of insets_animation#1
08-04 06:28:13.561 19836 19845 I system_server: NativeAlloc concurrent copying GC freed 155880(8068KB) AllocSpace objects, 11(284KB) LOS objects, 13% free, 75MB/87MB, paused 1.001ms,471us total 544.265ms
08-04 06:28:13.563 19513 19513 E ocess.gservice: Not starting debugger since process cannot load the jdwp agent.
08-04 06:28:13.566 19513 19513 E USNET   : USNET: appName: com.google.process.gservices
08-04 06:28:13.568 19513 19513 D ProcessState: Binder ioctl to enable oneway spam detection failed: Invalid argument
08-04 06:28:13.569 19836 19847 W System  : A resource failed to call close.
08-04 06:28:13.573 19836 19847 W System  : A resource failed to call close.
08-04 06:28:13.573 19836 19847 W System  : A resource failed to call release.
08-04 06:28:13.583 19513 19513 D ActivityThread: setConscryptValidator
08-04 06:28:13.583 19513 19513 D ActivityThread: setConscryptValidator - put
08-04 06:28:13.602 19513 19513 D CompatibilityChangeReporter: Compat change id reported: 171979766; UID 1010187; state: ENABLED
08-04 06:28:13.659 19513 19513 V GraphicsEnvironment: ANGLE Developer option for 'com.google.android.gsf' set to: 'default'
08-04 06:28:13.659 19513 19513 V GraphicsEnvironment: Neither updatable production driver nor prerelease driver is supported.
08-04 06:28:13.663 19513 19513 D NetworkSecurityConfig: No Network Security Config specified, using platform default
08-04 06:28:13.671 19513 19513 D NetworkSecurityConfig: No Network Security Config specified, using platform default
08-04 06:28:13.673 19724 20053 I bauth_FPBAuthService: pcf : 0x1012, 0 ,2 ,0 ,0 ,0 ,2, 0.0.0.0
08-04 06:28:13.673 19724 20053 I bauth_FPBAuthService: thread id : 2, preenroll_flag : 0, nd cnt : 1, cso : 3, et : 0
08-04 06:28:13.673 19724 20053 I bauth_FPBAuthService: FPBAuthService, 11756
08-04 06:28:13.691 19513 19513 I GservicesProvider: Gservices pushing to system: true; secure/global: true
08-04 06:28:13.718 19640 19640 W Zygote  : forkRepeatedly terminated due to non-simple command
08-04 06:28:13.718 19640 19640 D Zygote  : mbuffer starts with 17, nice name is , mEnd = 912, mNext = 35, mLinesLeft = 15, mFd = 57
08-04 06:28:13.734 19640 19640 D Zygote  : Forked child process 19538
08-04 06:28:13.753 19486 19486 I GoogleHttpClient: GMS http client unavailable, use old client
08-04 06:28:13.754 18365 18365 I ViewInteraction: Checking 'MatchesViewAssertion{viewMatcher=(view has effective visibility <VISIBLE> and view.getGlobalVisibleRect() to return non-empty rectangle)}' assertion on view view.getId() is <2131231206/com.example.dogglers:id/vertical_recycler_view>
08-04 06:28:13.757 19652 19456 I HYPER-HAL: [RequestManager.cpp]releaseLocked(): Released ID : 236107330
08-04 06:28:13.760 19538 19538 E gle.android.gm: Not starting debugger since process cannot load the jdwp agent.
08-04 06:28:13.764 19538 19538 E USNET   : USNET: appName: com.google.android.gms
08-04 06:28:13.766 19538 19538 D ProcessState: Binder ioctl to enable oneway spam detection failed: Invalid argument
08-04 06:28:13.770 19836 22306 I SemDvfsHyPerManager: acquire hyper - AMS_ACT_START/19836@12, type = -999
08-04 06:28:13.771 19652 19680 I HYPER-HAL: [RequestManager.cpp]acquire(): Acquired ID : 196981488  [19836 / 12]    HINT : AMS_ACT_START    list :
08-04 06:28:13.772   752  1238 I SurfaceFlinger: id=174004 createSurf (0x0),-1 flag=80004, ActivityRecord{f1c9a18 u0 com.example.dogglers/androidx.test.core.app.InstrumentationActivityInvoker$EmptyActivity t86}#0
08-04 06:28:13.779 19538 19538 D ActivityThread: setConscryptValidator
08-04 06:28:13.780 19538 19538 D ActivityThread: setConscryptValidator - put
08-04 06:28:13.781 19486 19486 I CarUiInstaller: CarUiInstaller started for com.google.android.gsf
08-04 06:28:13.783 19836 19854 D PersonaActivityHelper: Activity not in resumed state, do not run immediate lock
08-04 06:28:13.785 18365 18365 D LifecycleMonitor: Lifecycle status change: com.example.dogglers.VerticalListActivity@7ed8666 in: PAUSED
08-04 06:28:13.786 18365 18365 V ActivityScenario: Activity lifecycle changed event received but ignored because the intent does not match. startActivityIntent=Intent { act=android.intent.action.MAIN cat=[android.intent.category.LAUNCHER] cmp=com.example.dogglers/.MainActivity }, activity.getIntent()=Intent { cmp=com.example.dogglers/.VerticalListActivity }, activity=com.example.dogglers.VerticalListActivity@7ed8666
08-04 06:28:13.798 19836 22306 D InputDispatcher: Focused application set to (0): f1c9a18
08-04 06:28:13.817 18365 18365 D LifecycleMonitor: Lifecycle status change: androidx.test.core.app.InstrumentationActivityInvoker$EmptyActivity@4a8ba57 in: PRE_ON_CREATE
08-04 06:28:13.818 18365 18365 V ActivityScenario: Activity lifecycle changed event received but ignored because the intent does not match. startActivityIntent=Intent { act=android.intent.action.MAIN cat=[android.intent.category.LAUNCHER] cmp=com.example.dogglers/.MainActivity }, activity.getIntent()=Intent { act=android.intent.action.MAIN cat=[android.intent.category.LAUNCHER] flg=0x10000000 cmp=com.example.dogglers/androidx.test.core.app.InstrumentationActivityInvoker$EmptyActivity }, activity=androidx.test.core.app.InstrumentationActivityInvoker$EmptyActivity@4a8ba57
08-04 06:28:13.820 19836 19854 I SemPersonaManager: SecureFolder personaId = 10
08-04 06:28:13.832 19538 19538 D CompatibilityChangeReporter: Compat change id reported: 171979766; UID 1010187; state: ENABLED
08-04 06:28:13.832 19836 19854 D EnterpriseDeviceManagerService: isMdmAdminPresentInternal() : MDM Admin Found - com.samsung.android.knox.containercore
08-04 06:28:13.833 19836 21401 I MediaSessionMonitor: Media session stopped : controllerList empty
08-04 06:28:13.838   752   752 I Layer   : id=173999 removeFromCurrentState Surface(name=Dim Layer for - ActivityRecord{e1f9f52 u0 com.example.dogglers/.MainActivity t86} - animating-dim)/@0xec062cc - animation-leash of dimmer#0 (122)
08-04 06:28:13.838   752   752 I SurfaceFlinger: id=173999 Removed Surface(name=Dim Layer for - ActivityRecord{e1f9f52 u0 com.example.dogglers/.MainActivity t86} - animating-dim)/@0xec062cc - animation-leash of dimmer#0 (122)
08-04 06:28:13.838   752   752 I Layer   : id=173999 Destroyed Surface(name=Dim Layer for - ActivityRecord{e1f9f52 u0 com.example.dogglers/.MainActivity t86} - animating-dim)/@0xec062cc - animation-leash of dimmer#0
08-04 06:28:13.841 19836 21294 D InputDispatcher: Focus left window (0): 4752d6a com.example.dogglers/com.example.dogglers.VerticalListActivity
08-04 06:28:13.850 18365 18365 I DecorView: [INFO] isPopOver=false, config=true
08-04 06:28:13.850 18365 18365 I DecorView: updateCaptionType >> DecorView@636da2d[], isFloating=false, isApplication=true, hasWindowControllerCallback=true, hasWindowDecorCaption=false
08-04 06:28:13.850 18365 18365 D DecorView: setCaptionType = 0, this = DecorView@636da2d[]
08-04 06:28:13.858 18365 18365 I DecorView: getCurrentDensityDpi: from real metrics. densityDpi=450 msg=resources_loaded
08-04 06:28:13.860 18365 18365 D LifecycleMonitor: Lifecycle status change: androidx.test.core.app.InstrumentationActivityInvoker$EmptyActivity@4a8ba57 in: CREATED
08-04 06:28:13.863 18365 18365 V ActivityScenario: Activity lifecycle changed event received but ignored because the intent does not match. startActivityIntent=Intent { act=android.intent.action.MAIN cat=[android.intent.category.LAUNCHER] cmp=com.example.dogglers/.MainActivity }, activity.getIntent()=Intent { act=android.intent.action.MAIN cat=[android.intent.category.LAUNCHER] flg=0x10000000 cmp=com.example.dogglers/androidx.test.core.app.InstrumentationActivityInvoker$EmptyActivity }, activity=androidx.test.core.app.InstrumentationActivityInvoker$EmptyActivity@4a8ba57
08-04 06:28:13.867 18365 18365 D LifecycleMonitor: Lifecycle status change: androidx.test.core.app.InstrumentationActivityInvoker$EmptyActivity@4a8ba57 in: STARTED
08-04 06:28:13.869 18365 18365 V ActivityScenario: Activity lifecycle changed event received but ignored because the intent does not match. startActivityIntent=Intent { act=android.intent.action.MAIN cat=[android.intent.category.LAUNCHER] cmp=com.example.dogglers/.MainActivity }, activity.getIntent()=Intent { act=android.intent.action.MAIN cat=[android.intent.category.LAUNCHER] flg=0x10000000 cmp=com.example.dogglers/androidx.test.core.app.InstrumentationActivityInvoker$EmptyActivity }, activity=androidx.test.core.app.InstrumentationActivityInvoker$EmptyActivity@4a8ba57
08-04 06:28:13.872 18365 18365 D LifecycleMonitor: Lifecycle status change: androidx.test.core.app.InstrumentationActivityInvoker$EmptyActivity@4a8ba57 in: RESUMED
08-04 06:28:13.874 18365 18365 V ActivityScenario: Activity lifecycle changed event received but ignored because the intent does not match. startActivityIntent=Intent { act=android.intent.action.MAIN cat=[android.intent.category.LAUNCHER] cmp=com.example.dogglers/.MainActivity }, activity.getIntent()=Intent { act=android.intent.action.MAIN cat=[android.intent.category.LAUNCHER] flg=0x10000000 cmp=com.example.dogglers/androidx.test.core.app.InstrumentationActivityInvoker$EmptyActivity }, activity=androidx.test.core.app.InstrumentationActivityInvoker$EmptyActivity@4a8ba57
08-04 06:28:13.884 19836 21294 D InputTransport: Input channel constructed: 'c9b329a', fd=634
08-04 06:28:13.884 19836 21294 D InputTransport: Input channel constructed: 'c9b329a', fd=635
08-04 06:28:13.885 19836 21294 D InputTransport: Input channel constructed: 'c9b329a', fd=667
08-04 06:28:13.885   752   770 I SurfaceFlinger: id=174005 createSurf (0x0),-1 flag=80004, c9b329a com.example.dogglers/androidx.test.core.app.InstrumentationActivityInvoker$EmptyActivity#0
08-04 06:28:13.886 19836 21294 D InputTransport: Input channel destroyed: 'c9b329a', fd=667
08-04 06:28:13.889 18365 18365 I ViewRootImpl@7a2cb62[InstrumentationActivityInvoker$EmptyActivity]: setView = com.android.internal.policy.DecorView@636da2d TM=true
08-04 06:28:13.890 19836 19894 D AnalyticsContainerHandler: handleMessage : { when=0 what=1 target=com.android.server.knox.KnoxAnalyticsContainer$AnalyticsHandler }
08-04 06:28:13.896   752   752 D SurfaceFlinger: Display 4633128508267670401 HWC layers:
08-04 06:28:13.896   752   752 D SurfaceFlinger:      DEVICE | 0xe8aa7f00 | 0102 | RGBA_8888    |    0.0    0.0 1080.0 2408.0 |    0    0 1080 2408 | com.example.dogglers/com.example.dogglers.VerticalListActivity$_18365#0
08-04 06:28:13.896   752   752 D SurfaceFlinger:      DEVICE | 0xe8f21680 | 0100 | RGBA_8888    |    0.0    0.0 1080.0   66.0 |    0    0 1080   66 | StatusBar$_20135#0
08-04 06:28:13.896   752   752 D SurfaceFlinger:      CLIENT | 0xe8f21080 | 0100 | RGBA_8888    |    0.0    0.0  388.0   42.0 |  692 2366 1080 2408 | SGestureOverlayWindow$_20522#0
08-04 06:28:13.896   752   752 D SurfaceFlinger:      CLIENT | 0xe8f22100 | 0100 | RGBA_8888    |    0.0    0.0 1080.0  135.0 |    0 2273 1080 2408 | NavigationBar0$_20135#0
08-04 06:28:13.896   752   752 D SurfaceFlinger:      DEVICE | 0xe943ff80 | 0108 | RGBA_8888    |    0.0    0.0 1080.0 2408.0 |    0    0 1080 2408 | BlueLightFilter$_20135#0
08-04 06:28:13.896   752   752 D SurfaceFlinger:
08-04 06:28:13.903 20522 20569 I RecentModel: onTaskStackChangedBackground
08-04 06:28:13.904 19836 20321 V WindowManager: Relayout Window{c9b329a u0 com.example.dogglers/androidx.test.core.app.InstrumentationActivityInvoker$EmptyActivity}: viewVisibility=0 req=1080x2408 d0
08-04 06:28:13.905   752  1238 I SurfaceFlinger: id=174006 createSurf (1x1),-3 flag=40004, com.example.dogglers/androidx.test.core.app.InstrumentationActivityInvoker$EmptyActivity$_18365#0
08-04 06:28:13.912   752  1238 I SurfaceFlinger: id=174007 createSurf (0x0),-1 flag=24000, Surface(name=ac392f8 StatusBar)/@0x2bc773f - animation-leash of insets_animation#0
08-04 06:28:13.914   752  1238 I SurfaceFlinger: id=174008 createSurf (0x0),-1 flag=24000, Surface(name=e75ea59 NavigationBar0)/@0x799bb6a - animation-leash of insets_animation#1
08-04 06:28:13.917 19836 20321 V WindowManager: Relayout hash=c9b329a, pid=18365: mAttrs={(0,0)(fillxfill) sim={adjust=pan forwardNavigation} ty=BASE_APPLICATION wanim=0x1030001
08-04 06:28:13.917 19836 20321 V WindowManager:   fl=1810100
08-04 06:28:13.917 19836 20321 V WindowManager:   pfl=12020040
08-04 06:28:13.917 19836 20321 V WindowManager:   bhv=DEFAULT
08-04 06:28:13.917 19836 20321 V WindowManager:   fitSides= naviIconColor=0}
08-04 06:28:13.921 18365 18365 I ViewRootImpl@7a2cb62[InstrumentationActivityInvoker$EmptyActivity]: Relayout returned: old=(0,0,1080,2408) new=(0,0,1080,2408) req=(1080,2408)0 dur=15 res=0x7 s={true 3056936960} ch=true fn=-1
08-04 06:28:13.921   752   752 I Layer   : id=173996 removeFromCurrentState Surface(name=e75ea59 NavigationBar0)/@0x799bb6a - animation-leash of insets_animation#0 (125)
08-04 06:28:13.921   752   752 I Layer   : id=173490 removeFromCurrentState e75ea59 NavigationBar0#0 (125)
08-04 06:28:13.921   752   752 I Layer   : id=173504 removeFromCurrentState NavigationBar0$_20135#0 (125)
08-04 06:28:13.922   752   752 I Layer   : id=174001 removeFromCurrentState Surface(name=ActivityRecord{ff68fc8 u0 com.example.dogglers/.VerticalListActivity t86})/@0x8163f64 - animation-leash of app_transition#0 (125)
08-04 06:28:13.922   752   752 I Layer   : id=173992 removeFromCurrentState ActivityRecord{ff68fc8 u0 com.example.dogglers/.VerticalListActivity t86}#0 (125)
08-04 06:28:13.922   752   752 I Layer   : id=173993 removeFromCurrentState 4752d6a com.example.dogglers/com.example.dogglers.VerticalListActivity#0 (125)
08-04 06:28:13.922   752   752 I Layer   : id=173994 removeFromCurrentState com.example.dogglers/com.example.dogglers.VerticalListActivity$_18365#0 (125)
08-04 06:28:13.922   752   752 I Layer   : id=173997 removeFromCurrentState Surface(name=ActivityRecord{e1f9f52 u0 com.example.dogglers/.MainActivity t86})/@0x4e3e20a - animation-leash of app_transition#0 (125)
08-04 06:28:13.923   752   752 I Layer   : id=173984 removeFromCurrentState ActivityRecord{e1f9f52 u0 com.example.dogglers/.MainActivity t86}#0 (125)
08-04 06:28:13.923   752   752 I Layer   : id=173985 removeFromCurrentState e06588b com.example.dogglers/com.example.dogglers.MainActivity#0 (125)
08-04 06:28:13.923   752   752 I Layer   : id=173986 removeFromCurrentState com.example.dogglers/com.example.dogglers.MainActivity$_18365#0 (125)
08-04 06:28:13.923   752   752 I Layer   : id=173998 removeFromCurrentState Dim Layer for - ActivityRecord{e1f9f52 u0 com.example.dogglers/.MainActivity t86} - animating-dim#0 (125)
08-04 06:28:13.923   752   752 I Layer   : id=173995 removeFromCurrentState Surface(name=ac392f8 StatusBar)/@0x2bc773f - animation-leash of insets_animation#1 (125)
08-04 06:28:13.923   752   752 I Layer   : id=173490 addToCurrentState e75ea59 NavigationBar0#0 (125)
08-04 06:28:13.923   752   752 I Layer   : id=173504 addToCurrentState NavigationBar0$_20135#0 (125)
08-04 06:28:13.923   752   752 I Layer   : id=173984 addToCurrentState ActivityRecord{e1f9f52 u0 com.example.dogglers/.MainActivity t86}#0 (125)
08-04 06:28:13.923   752   752 I Layer   : id=173985 addToCurrentState e06588b com.example.dogglers/com.example.dogglers.MainActivity#0 (125)
08-04 06:28:13.923   752   752 I Layer   : id=173986 addToCurrentState com.example.dogglers/com.example.dogglers.MainActivity$_18365#0 (125)
08-04 06:28:13.923   752   752 I Layer   : id=173998 addToCurrentState Dim Layer for - ActivityRecord{e1f9f52 u0 com.example.dogglers/.MainActivity t86} - animating-dim#0 (125)
08-04 06:28:13.923   752   752 I Layer   : id=173998 removeFromCurrentState Dim Layer for - ActivityRecord{e1f9f52 u0 com.example.dogglers/.MainActivity t86} - animating-dim#0 (125)
08-04 06:28:13.923   752   752 I Layer   : id=174000 removeFromCurrentState Surface(name=ActivityRecord{e1f9f52 u0 com.example.dogglers/.MainActivity t86})/@0x4e3e20a - animation-bounds#0 (125)
08-04 06:28:13.923 18365 18575 D OpenGLRenderer: eglCreateWindowSurface
08-04 06:28:13.924   752   752 I Layer   : id=173992 addToCurrentState ActivityRecord{ff68fc8 u0 com.example.dogglers/.VerticalListActivity t86}#0 (125)
08-04 06:28:13.924   752   752 I Layer   : id=173993 addToCurrentState 4752d6a com.example.dogglers/com.example.dogglers.VerticalListActivity#0 (125)
08-04 06:28:13.924   752   752 I Layer   : id=173994 addToCurrentState com.example.dogglers/com.example.dogglers.VerticalListActivity$_18365#0 (125)
08-04 06:28:13.924   752   752 I Layer   : id=174002 removeFromCurrentState Surface(name=ActivityRecord{ff68fc8 u0 com.example.dogglers/.VerticalListActivity t86})/@0x8163f64 - animation-bounds#0 (125)
08-04 06:28:13.924   752   752 I SurfaceFlinger: id=173998 Removed Dim Layer for - ActivityRecord{e1f9f52 u0 com.example.dogglers/.MainActivity t86} - animating-dim#0 (125)
08-04 06:28:13.924   752   752 I SurfaceFlinger: id=174000 Removed Surface(name=ActivityRecord{e1f9f52 u0 com.example.dogglers/.MainActivity t86})/@0x4e3e20a - animation-bounds#0 (125)
08-04 06:28:13.924   752   752 I SurfaceFlinger: id=174002 Removed Surface(name=ActivityRecord{ff68fc8 u0 com.example.dogglers/.VerticalListActivity t86})/@0x8163f64 - animation-bounds#0 (125)
08-04 06:28:13.924   752   752 I SurfaceFlinger: id=174001 Removed Surface(name=ActivityRecord{ff68fc8 u0 com.example.dogglers/.VerticalListActivity t86})/@0x8163f64 - animation-leash of app_transition#0 (125)
08-04 06:28:13.924   752   752 I SurfaceFlinger: id=173997 Removed Surface(name=ActivityRecord{e1f9f52 u0 com.example.dogglers/.MainActivity t86})/@0x4e3e20a - animation-leash of app_transition#0 (125)
08-04 06:28:13.924   752   752 I Layer   : id=173998 Destroyed Dim Layer for - ActivityRecord{e1f9f52 u0 com.example.dogglers/.MainActivity t86} - animating-dim#0
08-04 06:28:13.924   752   752 I Layer   : id=174000 Destroyed Surface(name=ActivityRecord{e1f9f52 u0 com.example.dogglers/.MainActivity t86})/@0x4e3e20a - animation-bounds#0
08-04 06:28:13.924   752   752 I Layer   : id=173997 Destroyed Surface(name=ActivityRecord{e1f9f52 u0 com.example.dogglers/.MainActivity t86})/@0x4e3e20a - animation-leash of app_transition#0
08-04 06:28:13.925   752   752 I Layer   : id=174002 Destroyed Surface(name=ActivityRecord{ff68fc8 u0 com.example.dogglers/.VerticalListActivity t86})/@0x8163f64 - animation-bounds#0
08-04 06:28:13.925   752   752 I Layer   : id=174001 Destroyed Surface(name=ActivityRecord{ff68fc8 u0 com.example.dogglers/.VerticalListActivity t86})/@0x8163f64 - animation-leash of app_transition#0
08-04 06:28:13.927 18365 18365 I ViewRootImpl@7a2cb62[InstrumentationActivityInvoker$EmptyActivity]: [DP] dp(1) 1 android.view.ViewRootImpl.reportNextDraw:11410 android.view.ViewRootImpl.performTraversals:4185 android.view.ViewRootImpl.doTraversal:2911
08-04 06:28:13.928 18365 18365 D ViewRootImpl@7a2cb62[InstrumentationActivityInvoker$EmptyActivity]: Creating frameDrawingCallback nextDrawUseBlastSync=false reportNextDraw=true hasBlurUpdates=false
08-04 06:28:13.928 18365 18365 D ViewRootImpl@7a2cb62[InstrumentationActivityInvoker$EmptyActivity]: Creating frameCompleteCallback
08-04 06:28:13.934 18365 18720 D ViewRootImpl@7a2cb62[InstrumentationActivityInvoker$EmptyActivity]: Received frameDrawingCallback frameNum=1. Creating transactionCompleteCallback=false
08-04 06:28:13.939 18365 18575 D ViewRootImpl@7a2cb62[InstrumentationActivityInvoker$EmptyActivity]: Received frameCompleteCallback  lastAcquiredFrameNum=1 lastAttemptedDrawFrameNum=1
08-04 06:28:13.939 19836 21294 D InputDispatcher: Focus request (0): c9b329a com.example.dogglers/androidx.test.core.app.InstrumentationActivityInvoker$EmptyActivity but waiting because NOT_VISIBLE
08-04 06:28:13.942 18365 18365 I ViewRootImpl@7a2cb62[InstrumentationActivityInvoker$EmptyActivity]: [DP] pdf(0) 1 android.view.ViewRootImpl.lambda$addFrameCompleteCallbackIfNeeded$3$ViewRootImpl:4987 android.view.ViewRootImpl$$ExternalSyntheticLambda16.run:6 android.os.Handler.handleCallback:938
08-04 06:28:13.942 18365 18365 I ViewRootImpl@7a2cb62[InstrumentationActivityInvoker$EmptyActivity]: [DP] rdf()
08-04 06:28:13.942 18365 18365 D ViewRootImpl@7a2cb62[InstrumentationActivityInvoker$EmptyActivity]: reportDrawFinished (fn: -1)
08-04 06:28:13.942 18365 18365 I ViewRootImpl@8494825[VerticalListActivity]: MSG_WINDOW_FOCUS_CHANGED 0 1
08-04 06:28:13.949 19836 19851 I ActivityTaskManager: Displayed com.example.dogglers/androidx.test.core.app.InstrumentationActivityInvoker$EmptyActivity: +179ms
08-04 06:28:13.949 19836 19855 I SemDvfsHyPerManager: acquire hyper - AMS_RESUME_TAIL/19836@14, type = -999
08-04 06:28:13.949 19836 19855 I SemDvfsHyPerManager: acquire hyper - AMS_ACT_LAZY/19836@15, type = -999
08-04 06:28:13.949 19652 19680 I HYPER-HAL: [RequestManager.cpp]acquire(): Acquired ID : 197021189  [19836 / 14]    HINT : AMS_RESUME_TAIL    list :
08-04 06:28:13.950 19652 19680 I HYPER-HAL: [RequestManager.cpp]releaseLocked(): Released ID : 196981488
08-04 06:28:13.950  1994  1994 E pageboostd: Received HALT command code 2
08-04 06:28:13.954 18365 18365 I ViewRootImpl@a52f392[MainActivity]: handleAppVisibility mAppVisible=true visible=false
08-04 06:28:13.955   752  1238 I SurfaceFlinger: id=173996 Removed Surface(name=e75ea59 NavigationBar0)/@0x799bb6a - animation-leash of insets_animation#0 (120)
08-04 06:28:13.956 18365 18365 D InsetsSourceConsumer: ensureControlAlpha: for ITYPE_NAVIGATION_BAR on com.example.dogglers/androidx.test.core.app.InstrumentationActivityInvoker$EmptyActivity
08-04 06:28:13.957 19836 22306 D InputDispatcher: Focus entered window (0): c9b329a com.example.dogglers/androidx.test.core.app.InstrumentationActivityInvoker$EmptyActivity
08-04 06:28:13.957   752  1103 I SurfaceFlinger: id=173995 Removed Surface(name=ac392f8 StatusBar)/@0x2bc773f - animation-leash of insets_animation#1 (120)
08-04 06:28:13.957 18365 18365 D InsetsSourceConsumer: ensureControlAlpha: for ITYPE_STATUS_BAR on com.example.dogglers/androidx.test.core.app.InstrumentationActivityInvoker$EmptyActivity
08-04 06:28:13.960 18365 18365 I ViewRootImpl@8494825[VerticalListActivity]: handleAppVisibility mAppVisible=true visible=false
08-04 06:28:13.961 18365 18365 I ViewRootImpl@a52f392[MainActivity]: stopped(true) old=false
08-04 06:28:13.962   752   752 D SurfaceFlinger: Display 4633128508267670401 HWC layers:
08-04 06:28:13.962   752   752 D SurfaceFlinger:      DEVICE | 0xe8aa8380 | 0102 | RGBA_8888    |    0.0    0.0 1080.0 2408.0 |    0    0 1080 2408 | com.example.dogglers/androidx.test.c[...]tivityInvoker$EmptyActivity$_18365#0
08-04 06:28:13.962   752   752 D SurfaceFlinger:      DEVICE | 0xe8f21680 | 0100 | RGBA_8888    |    0.0    0.0 1080.0   66.0 |    0    0 1080   66 | StatusBar$_20135#0
08-04 06:28:13.962   752   752 D SurfaceFlinger:      DEVICE | 0xe8f21080 | 0100 | RGBA_8888    |    0.0    0.0  388.0   42.0 |  692 2366 1080 2408 | SGestureOverlayWindow$_20522#0
08-04 06:28:13.962   752   752 D SurfaceFlinger:      DEVICE | 0xe8f22100 | 0100 | RGBA_8888    |    0.0    0.0 1080.0  135.0 |    0 2273 1080 2408 | NavigationBar0$_20135#0
08-04 06:28:13.962   752   752 D SurfaceFlinger:      DEVICE | 0xe943ff80 | 0108 | RGBA_8888    |    0.0    0.0 1080.0 2408.0 |    0    0 1080 2408 | BlueLightFilter$_20135#0
08-04 06:28:13.962   752   752 D SurfaceFlinger:
08-04 06:28:13.964 18365 18365 D LifecycleMonitor: Lifecycle status change: com.example.dogglers.MainActivity@94e5f70 in: STOPPED
08-04 06:28:13.966 19836 22306 I SemDvfsHyPerManager: acquire hyper - AMS_ACT_START/19836@12, type = -999
08-04 06:28:13.966 19652 19680 I HYPER-HAL: [RequestManager.cpp]acquire(): Acquired ID : 196981488  [19836 / 12]    HINT : AMS_ACT_START    list :
08-04 06:28:13.967 18365 18365 V ActivityScenario: Update currentActivityStage to STOPPED, currentActivity=com.example.dogglers.MainActivity@94e5f70
08-04 06:28:13.967   752  1103 I SurfaceFlinger: id=174009 createSurf (0x0),-1 flag=80004, ActivityRecord{c53efec u0 com.example.dogglers/androidx.test.core.app.InstrumentationActivityInvoker$EmptyActivity t86}#0
08-04 06:28:13.971   752   752 I Layer   : id=173996 Destroyed Surface(name=e75ea59 NavigationBar0)/@0x799bb6a - animation-leash of insets_animation#0
08-04 06:28:13.971   752   752 I Layer   : id=173995 Destroyed Surface(name=ac392f8 StatusBar)/@0x2bc773f - animation-leash of insets_animation#1
08-04 06:28:13.976 19836 19854 D PersonaActivityHelper: Activity not in resumed state, do not run immediate lock
08-04 06:28:13.977 18365 18365 D LifecycleMonitor: Lifecycle status change: com.example.dogglers.MainActivity@94e5f70 in: DESTROYED
08-04 06:28:13.980 18365 18365 V ActivityScenario: Update currentActivityStage to DESTROYED, currentActivity=null
08-04 06:28:13.984 19836 20059 D SemNscXgbMsL1: Probability - Cloud gaming: [0.053481292]
08-04 06:28:13.985 19836 20059 D SemNscXgbMsL1: Probability - Real time: [0.7662233]
08-04 06:28:13.985 19836 20059 D SemNscXgbMsL1: Probability - Non real time: [0.7798312]
08-04 06:28:13.985 19836 20059 D SemNscXgbMsL1: 1 sample inference time: 0.562116 msecs
08-04 06:28:13.986 19836 20059 D SemNscXgbL2Rt: L2 RT 1 sample inference time: 0.883038 msecs
08-04 06:28:13.987 19836 20059 D SemNscXgbL2Nrt: L2 NRT 1 sample inference time: 0.749923 msecs
08-04 06:28:13.988 18365 18575 D OpenGLRenderer: setSurface called with nullptr
08-04 06:28:13.988 18365 18575 D OpenGLRenderer: setSurface() destroyed EGLSurface
08-04 06:28:13.988 18365 18575 D OpenGLRenderer: destroyEglSurface
08-04 06:28:13.991 18365 18365 I ViewRootImpl@a52f392[MainActivity]: dispatchDetachedFromWindow
08-04 06:28:13.992 19836 22306 D InputTransport: Input channel destroyed: 'e06588b', fd=865
08-04 06:28:13.992 19836 22306 W InputManager-JNI: Input channel object 'e06588b com.example.dogglers/com.example.dogglers.MainActivity (client)' was disposed without first being removed with the input manager!
08-04 06:28:13.992 19836 22306 D InputTransport: Input channel destroyed: 'e06588b', fd=872
08-04 06:28:13.997 19538 19538 W gle.android.gm: JIT profile information will not be recorded: profile file does not exist.
08-04 06:28:13.997 19538 19538 W gle.android.gm: JIT profile information will not be recorded: profile file does not exist.
08-04 06:28:13.997 18365 18365 D InputTransport: Input channel destroyed: 'e06588b', fd=96
08-04 06:28:14.004 18365 18365 I ViewRootImpl@7a2cb62[InstrumentationActivityInvoker$EmptyActivity]: MSG_WINDOW_FOCUS_CHANGED 1 1
08-04 06:28:14.004   752   752 I Layer   : id=173986 removeFromCurrentState com.example.dogglers/com.example.dogglers.MainActivity$_18365#0 (119)
08-04 06:28:14.005   752   752 I Layer   : id=173985 removeFromCurrentState e06588b com.example.dogglers/com.example.dogglers.MainActivity#0 (119)
08-04 06:28:14.005   752   752 I SurfaceFlinger: id=173985 Removed e06588b com.example.dogglers/com.example.dogglers.MainActivity#0 (119)
08-04 06:28:14.005   752   752 I SurfaceFlinger: id=173986 Removed com.example.dogglers/com.example.dogglers.MainActivity$_18365#0 (119)
08-04 06:28:14.005   752   752 I Layer   : id=173985 Destroyed e06588b com.example.dogglers/com.example.dogglers.MainActivity#0
08-04 06:28:14.005   752   752 I Layer   : id=173986 Destroyed com.example.dogglers/com.example.dogglers.MainActivity$_18365#0
08-04 06:28:14.006 18365 18365 D InputMethodManager: startInputInner - Id : 0
08-04 06:28:14.006 18365 18365 I InputMethodManager: startInputInner - mService.startInputOrWindowGainedFocus
08-04 06:28:14.008 19836 22306 D InputMethodManagerService: mDesktopModeManager null!
08-04 06:28:14.008 19836 22306 V InputMethodManagerService: getDisplayIdOfInputMethodWindowToBeAdded : 0
08-04 06:28:14.009 19836 22306 D InputMethodManagerService: checkDisplayOfStartInputAndUpdateKeyboard display Id 0last 0
08-04 06:28:14.009 19836 22306 D InputTransport: Input channel constructed: 'ClientS', fd=667
08-04 06:28:14.009 28133 28133 I HBD     : HoneyBoardService onFinishInput
08-04 06:28:14.010 19836 22306 D InputTransport: Input channel destroyed: 'ClientS', fd=667
08-04 06:28:14.010 28133 28133 I HBD     : a IC have been unbinding,  InputConnectionWrapper{idHash=#fa4a111 mMissingMethods=}
08-04 06:28:14.010 28133 28133 I HBD     : HoneyBoardService [PF_CL][onFinishInput]  602923 ns
08-04 06:28:14.010 19538 19538 V GraphicsEnvironment: ANGLE Developer option for 'com.google.android.gms' set to: 'default'
08-04 06:28:14.010 28133 28133 I HBD     : HoneyBoardService [IMI] onStartInput - caller pid : 18365 , caller uid : 10292
08-04 06:28:14.011 28133 28133 I HBD     : j updateConfigs
08-04 06:28:14.011 19538 19538 V GraphicsEnvironment: Neither updatable production driver nor prerelease driver is supported.
08-04 06:28:14.011 28133 28133 I HBD     : j isEnabledNightMode : true
08-04 06:28:14.012 28133 28133 I HBD     : a IC have been binding, InputConnectionWrapper{idHash=#fa4a111 mMissingMethods=}
08-04 06:28:14.014   752  1103 I SurfaceFlinger: id=174010 createSurf (0x0),-1 flag=24004, Surface(name=a73f97f InputMethod)/@0x1e1d195 - animation-leash of insets_animation#1
08-04 06:28:14.014 19538 19538 D NetworkSecurityConfig: Using Network Security Config from resource network_security_config debugBuild: false
08-04 06:28:14.015 18365 18575 D OpenGLRenderer: setSurface called with nullptr
08-04 06:28:14.015 18365 18575 D OpenGLRenderer: setSurface() destroyed EGLSurface
08-04 06:28:14.015 18365 18575 D OpenGLRenderer: destroyEglSurface
08-04 06:28:14.017 28133 28133 I HBD     : h [EditorInputType]setPrivateImeOptionsToTable privateImeOptions ( null )
08-04 06:28:14.017 28133 28133 I HBD     : b incognitoMode : false
08-04 06:28:14.017 28133 28133 I HBD     : a needOff = true , isForceOff = false, isNullInputClass : true
08-04 06:28:14.018 28133 28133 I HBD     : h getDefaultInputRange : UNKNOWN
08-04 06:28:14.018 28133 28133 I HBD     : h getDefaultInputRange : UNKNOWN
08-04 06:28:14.018 28133 28133 I HBD     : h getDefaultInputRange : UNKNOWN
08-04 06:28:14.020 19836 21294 V WindowManager: Relayout Window{4752d6a u0 com.example.dogglers/com.example.dogglers.VerticalListActivity}: viewVisibility=8 req=1080x2408 d0
08-04 06:28:14.021   752   752 I Layer   : id=173984 removeFromCurrentState ActivityRecord{e1f9f52 u0 com.example.dogglers/.MainActivity t86}#0 (118)
08-04 06:28:14.022   752   752 I Layer   : id=174003 removeFromCurrentState Surface(name=a73f97f InputMethod)/@0x1e1d195 - animation-leash of insets_animation#0 (118)
08-04 06:28:14.023   752   752 I SurfaceFlinger: id=173984 Removed ActivityRecord{e1f9f52 u0 com.example.dogglers/.MainActivity t86}#0 (118)
08-04 06:28:14.023 28133 28133 I HBD     : h getDefaultInputRange : UNKNOWN
08-04 06:28:14.023 28133 28133 I HBD     : a currentState : 0
08-04 06:28:14.023   752   752 I Layer   : id=173984 Destroyed ActivityRecord{e1f9f52 u0 com.example.dogglers/.MainActivity t86}#0
08-04 06:28:14.024 19836 21294 V WindowManager: Relayout hash=4752d6a, pid=18365: mAttrs={(0,0)(fillxfill) sim={adjust=resize forwardNavigation} ty=BASE_APPLICATION wanim=0x1030303
08-04 06:28:14.024 19836 21294 V WindowManager:   fl=81810100
08-04 06:28:14.024 19836 21294 V WindowManager:   pfl=12020040
08-04 06:28:14.024 19836 21294 V WindowManager:   bhv=DEFAULT
08-04 06:28:14.024 19836 21294 V WindowManager:   fitSides= naviIconColor=0}
08-04 06:28:14.025 28133 28133 I HBD     : h load selected json path : /data/user/0/com.samsung.android.honeyboard/files/selected.json
08-04 06:28:14.025 28133 28133 I HBD     : h load selected json info : {"version":"4.1","currentLanguageOrder":0,"selected":[{"activeOptionList":["auto_spacing"],"engName":"English(India)","id":65555,"inputType":"qwerty","isUsed":true}]}
08-04 06:28:14.027 28133 28133 I HBD     : a [UpdatePolicy] [post] a: 0 cl: 65555 kit: [0/0] vt: 0 ir: 1
08-04 06:28:14.027   752  1103 I SurfaceFlinger: id=174003 Removed Surface(name=a73f97f InputMethod)/@0x1e1d195 - animation-leash of insets_animation#0 (117)
08-04 06:28:14.028 18365 18365 I ViewRootImpl@8494825[VerticalListActivity]: Relayout returned: old=(0,0,1080,2408) new=(0,0,1080,2408) req=(1080,2408)8 dur=7 res=0x5 s={false 0} ch=true fn=3
08-04 06:28:14.029 18365 18365 I ViewRootImpl@8494825[VerticalListActivity]: stopped(true) old=false
08-04 06:28:14.030 18365 18365 D LifecycleMonitor: Lifecycle status change: com.example.dogglers.VerticalListActivity@7ed8666 in: STOPPED
08-04 06:28:14.031 18365 18365 V ActivityScenario: Activity lifecycle changed event received but ignored because the intent does not match. startActivityIntent=Intent { act=android.intent.action.MAIN cat=[android.intent.category.LAUNCHER] cmp=com.example.dogglers/.MainActivity }, activity.getIntent()=Intent { cmp=com.example.dogglers/.VerticalListActivity }, activity=com.example.dogglers.VerticalListActivity@7ed8666
08-04 06:28:14.032 28133 28133 I HBD     : HoneyBoardService [PF_OP][onStartInput]  17480384 ns
08-04 06:28:14.036 18365 18365 D LifecycleMonitor: Lifecycle status change: androidx.test.core.app.InstrumentationActivityInvoker$EmptyActivity@4a8ba57 in: PAUSED
08-04 06:28:14.037 18365 18365 V ActivityScenario: Activity lifecycle changed event received but ignored because the intent does not match. startActivityIntent=Intent { act=android.intent.action.MAIN cat=[android.intent.category.LAUNCHER] cmp=com.example.dogglers/.MainActivity }, activity.getIntent()=Intent { act=android.intent.action.MAIN cat=[android.intent.category.LAUNCHER] flg=0x10000000 cmp=com.example.dogglers/androidx.test.core.app.InstrumentationActivityInvoker$EmptyActivity }, activity=androidx.test.core.app.InstrumentationActivityInvoker$EmptyActivity@4a8ba57
08-04 06:28:14.038   752   752 I Layer   : id=174003 Destroyed Surface(name=a73f97f InputMethod)/@0x1e1d195 - animation-leash of insets_animation#0
08-04 06:28:14.041 19538 19538 D NetworkSecurityConfig: Using Network Security Config from resource network_security_config debugBuild: false
08-04 06:28:14.044 19836 21294 D InputDispatcher: Focused application set to (0): c53efec
08-04 06:28:14.054 19836 19854 I SemPersonaManager: SecureFolder personaId = 10
08-04 06:28:14.054 18365 18365 D LifecycleMonitor: Lifecycle status change: androidx.test.core.app.InstrumentationActivityInvoker$BootstrapActivity@d681eb1 in: DESTROYED
08-04 06:28:14.055 18365 18365 V ActivityScenario: Activity lifecycle changed event received but ignored because the intent does not match. startActivityIntent=Intent { act=android.intent.action.MAIN cat=[android.intent.category.LAUNCHER] cmp=com.example.dogglers/.MainActivity }, activity.getIntent()=Intent { act=android.intent.action.MAIN cat=[android.intent.category.LAUNCHER] flg=0x10008000 cmp=com.example.dogglers/androidx.test.core.app.InstrumentationActivityInvoker$BootstrapActivity (has extras) }, activity=androidx.test.core.app.InstrumentationActivityInvoker$BootstrapActivity@d681eb1
08-04 06:28:14.059 19836 21294 D InputMethodManagerServicePhysicalKey: isConnectedDexOnPC false
08-04 06:28:14.062 19836 22306 V WindowManager: Relayout Window{4752d6a u0 com.example.dogglers/com.example.dogglers.VerticalListActivity}: viewVisibility=8 req=1080x2408 d0
08-04 06:28:14.062 19836 21294 D InputMethodManagerService: isImeSwitcherDisabledPackage : false
08-04 06:28:14.064 19836 19854 D EnterpriseDeviceManagerService: isMdmAdminPresentInternal() : MDM Admin Found - com.samsung.android.knox.containercore
08-04 06:28:14.064 19836 21401 I MediaSessionMonitor: Media session stopped : controllerList empty
08-04 06:28:14.065 19836 22306 V WindowManager: Relayout hash=4752d6a, pid=18365: mAttrs={(0,0)(fillxfill) sim={adjust=pan} ty=BASE_APPLICATION wanim=0x1030303
08-04 06:28:14.065 19836 22306 V WindowManager:   fl=81810100
08-04 06:28:14.065 19836 22306 V WindowManager:   pfl=12020040
08-04 06:28:14.065 19836 22306 V WindowManager:   bhv=DEFAULT
08-04 06:28:14.065 19836 22306 V WindowManager:   fitSides= naviIconColor=0}
08-04 06:28:14.068 18365 18365 I ViewRootImpl@8494825[VerticalListActivity]: Relayout returned: old=(0,0,1080,2408) new=(0,0,1080,2408) req=(1080,2408)8 dur=7 res=0x5 s={false 0} ch=false fn=-1
08-04 06:28:14.071   752   752 I Layer   : id=173974 removeFromCurrentState ActivityRecord{dca0253 u0 com.example.dogglers/androidx.test.core.app.InstrumentationActivityInvoker$BootstrapActivity t86}#0 (116)
08-04 06:28:14.071   752   752 I SurfaceFlinger: id=173974 Removed ActivityRecord{dca0253 u0 com.example.dogglers/androidx.test.core.app.InstrumentationActivityInvoker$BootstrapActivity t86}#0 (116)
08-04 06:28:14.071   752   752 I Layer   : id=173974 Destroyed ActivityRecord{dca0253 u0 com.example.dogglers/androidx.test.core.app.InstrumentationActivityInvoker$BootstrapActivity t86}#0
08-04 06:28:14.072 19836 22301 D InputDispatcher: Focus left window (0): c9b329a com.example.dogglers/androidx.test.core.app.InstrumentationActivityInvoker$EmptyActivity
08-04 06:28:14.082 18365 18365 D LifecycleMonitor: Lifecycle status change: androidx.test.core.app.InstrumentationActivityInvoker$EmptyActivity@a7e1286 in: PRE_ON_CREATE
08-04 06:28:14.084 18365 18365 V ActivityScenario: Activity lifecycle changed event received but ignored because the intent does not match. startActivityIntent=Intent { act=android.intent.action.MAIN cat=[android.intent.category.LAUNCHER] cmp=com.example.dogglers/.MainActivity }, activity.getIntent()=Intent { act=android.intent.action.MAIN cat=[android.intent.category.LAUNCHER] flg=0x10000000 cmp=com.example.dogglers/androidx.test.core.app.InstrumentationActivityInvoker$EmptyActivity }, activity=androidx.test.core.app.InstrumentationActivityInvoker$EmptyActivity@a7e1286
08-04 06:28:14.087   752   752 I Layer   : id=173994 removeFromCurrentState com.example.dogglers/com.example.dogglers.VerticalListActivity$_18365#0 (115)
08-04 06:28:14.088   752   752 I SurfaceFlinger: id=173994 Removed com.example.dogglers/com.example.dogglers.VerticalListActivity$_18365#0 (115)
08-04 06:28:14.088   752   752 I Layer   : id=173994 Destroyed com.example.dogglers/com.example.dogglers.VerticalListActivity$_18365#0
08-04 06:28:14.096 18365 18365 I DecorView: [INFO] isPopOver=false, config=true
08-04 06:28:14.096 18365 18365 I DecorView: updateCaptionType >> DecorView@d824b74[], isFloating=false, isApplication=true, hasWindowControllerCallback=true, hasWindowDecorCaption=false
08-04 06:28:14.096 18365 18365 D DecorView: setCaptionType = 0, this = DecorView@d824b74[]
08-04 06:28:14.101 18365 18365 I DecorView: getCurrentDensityDpi: from real metrics. densityDpi=450 msg=resources_loaded
08-04 06:28:14.102 18365 18365 D LifecycleMonitor: Lifecycle status change: androidx.test.core.app.InstrumentationActivityInvoker$EmptyActivity@a7e1286 in: CREATED
08-04 06:28:14.104 18365 18365 V ActivityScenario: Activity lifecycle changed event received but ignored because the intent does not match. startActivityIntent=Intent { act=android.intent.action.MAIN cat=[android.intent.category.LAUNCHER] cmp=com.example.dogglers/.MainActivity }, activity.getIntent()=Intent { act=android.intent.action.MAIN cat=[android.intent.category.LAUNCHER] flg=0x10000000 cmp=com.example.dogglers/androidx.test.core.app.InstrumentationActivityInvoker$EmptyActivity }, activity=androidx.test.core.app.InstrumentationActivityInvoker$EmptyActivity@a7e1286
08-04 06:28:14.106 18365 18365 D LifecycleMonitor: Lifecycle status change: androidx.test.core.app.InstrumentationActivityInvoker$EmptyActivity@a7e1286 in: STARTED
08-04 06:28:14.108 18365 18365 V ActivityScenario: Activity lifecycle changed event received but ignored because the intent does not match. startActivityIntent=Intent { act=android.intent.action.MAIN cat=[android.intent.category.LAUNCHER] cmp=com.example.dogglers/.MainActivity }, activity.getIntent()=Intent { act=android.intent.action.MAIN cat=[android.intent.category.LAUNCHER] flg=0x10000000 cmp=com.example.dogglers/androidx.test.core.app.InstrumentationActivityInvoker$EmptyActivity }, activity=androidx.test.core.app.InstrumentationActivityInvoker$EmptyActivity@a7e1286
08-04 06:28:14.111 18365 18365 D LifecycleMonitor: Lifecycle status change: androidx.test.core.app.InstrumentationActivityInvoker$EmptyActivity@a7e1286 in: RESUMED
08-04 06:28:14.112 18365 18365 V ActivityScenario: Activity lifecycle changed event received but ignored because the intent does not match. startActivityIntent=Intent { act=android.intent.action.MAIN cat=[android.intent.category.LAUNCHER] cmp=com.example.dogglers/.MainActivity }, activity.getIntent()=Intent { act=android.intent.action.MAIN cat=[android.intent.category.LAUNCHER] flg=0x10000000 cmp=com.example.dogglers/androidx.test.core.app.InstrumentationActivityInvoker$EmptyActivity }, activity=androidx.test.core.app.InstrumentationActivityInvoker$EmptyActivity@a7e1286
08-04 06:28:14.121 19836 20321 D InputTransport: Input channel constructed: 'a7df9a1', fd=693
08-04 06:28:14.121 19836 20321 D InputTransport: Input channel constructed: 'a7df9a1', fd=699
08-04 06:28:14.122 19836 20321 D InputTransport: Input channel constructed: 'a7df9a1', fd=799
08-04 06:28:14.122   752  1238 I SurfaceFlinger: id=174011 createSurf (0x0),-1 flag=80004, a7df9a1 com.example.dogglers/androidx.test.core.app.InstrumentationActivityInvoker$EmptyActivity#0
08-04 06:28:14.123 19836 20321 D InputTransport: Input channel destroyed: 'a7df9a1', fd=799
08-04 06:28:14.125 18365 18365 I ViewRootImpl@32fa89d[InstrumentationActivityInvoker$EmptyActivity]: setView = com.android.internal.policy.DecorView@d824b74 TM=true
08-04 06:28:14.127 19836 19894 D AnalyticsContainerHandler: handleMessage : { when=0 what=1 target=com.android.server.knox.KnoxAnalyticsContainer$AnalyticsHandler }
08-04 06:28:14.137 19836 20321 V WindowManager: Relayout Window{a7df9a1 u0 com.example.dogglers/androidx.test.core.app.InstrumentationActivityInvoker$EmptyActivity}: viewVisibility=0 req=1080x2408 d0
08-04 06:28:14.137   752  1238 I SurfaceFlinger: id=174012 createSurf (1x1),-3 flag=40004, com.example.dogglers/androidx.test.core.app.InstrumentationActivityInvoker$EmptyActivity$_18365#1
08-04 06:28:14.143   752  1238 I SurfaceFlinger: id=174013 createSurf (0x0),-1 flag=24000, Surface(name=ac392f8 StatusBar)/@0x2bc773f - animation-leash of insets_animation#1
08-04 06:28:14.144   752  1238 I SurfaceFlinger: id=174014 createSurf (0x0),-1 flag=24000, Surface(name=e75ea59 NavigationBar0)/@0x799bb6a - animation-leash of insets_animation#0
08-04 06:28:14.146 19836 20321 V WindowManager: Relayout hash=a7df9a1, pid=18365: mAttrs={(0,0)(fillxfill) sim={adjust=pan forwardNavigation} ty=BASE_APPLICATION wanim=0x1030001
08-04 06:28:14.146 19836 20321 V WindowManager:   fl=1810100
08-04 06:28:14.146 19836 20321 V WindowManager:   pfl=12020040
08-04 06:28:14.146 19836 20321 V WindowManager:   bhv=DEFAULT
08-04 06:28:14.146 19836 20321 V WindowManager:   fitSides= naviIconColor=0}
08-04 06:28:14.149 20522 20569 I RecentModel: onTaskStackChangedBackground
08-04 06:28:14.150 18365 18365 I ViewRootImpl@32fa89d[InstrumentationActivityInvoker$EmptyActivity]: Relayout returned: old=(0,0,1080,2408) new=(0,0,1080,2408) req=(1080,2408)0 dur=12 res=0x7 s={true 3056929792} ch=true fn=-1
08-04 06:28:14.151 18365 18575 D OpenGLRenderer: eglCreateWindowSurface
08-04 06:28:14.154   752   752 I Layer   : id=174007 removeFromCurrentState Surface(name=ac392f8 StatusBar)/@0x2bc773f - animation-leash of insets_animation#0 (118)
08-04 06:28:14.155   752   752 I Layer   : id=174008 removeFromCurrentState Surface(name=e75ea59 NavigationBar0)/@0x799bb6a - animation-leash of insets_animation#1 (118)
08-04 06:28:14.156 18365 18365 I ViewRootImpl@32fa89d[InstrumentationActivityInvoker$EmptyActivity]: [DP] dp(1) 1 android.view.ViewRootImpl.reportNextDraw:11410 android.view.ViewRootImpl.performTraversals:4185 android.view.ViewRootImpl.doTraversal:2911
08-04 06:28:14.157 18365 18365 D ViewRootImpl@32fa89d[InstrumentationActivityInvoker$EmptyActivity]: Creating frameDrawingCallback nextDrawUseBlastSync=false reportNextDraw=true hasBlurUpdates=false
08-04 06:28:14.157 18365 18365 D ViewRootImpl@32fa89d[InstrumentationActivityInvoker$EmptyActivity]: Creating frameCompleteCallback
08-04 06:28:14.159 19538 19538 I DynamiteModule: Considering local module com.google.android.gms.permissions:1 and remote module com.google.android.gms.permissions:1
08-04 06:28:14.159 19538 19538 I DynamiteModule: Selected local version of com.google.android.gms.permissions
08-04 06:28:14.162 18365 18721 D ViewRootImpl@32fa89d[InstrumentationActivityInvoker$EmptyActivity]: Received frameDrawingCallback frameNum=1. Creating transactionCompleteCallback=false
08-04 06:28:14.166 18365 18575 D ViewRootImpl@32fa89d[InstrumentationActivityInvoker$EmptyActivity]: Received frameCompleteCallback  lastAcquiredFrameNum=1 lastAttemptedDrawFrameNum=1
08-04 06:28:14.168 18365 18365 I ViewRootImpl@32fa89d[InstrumentationActivityInvoker$EmptyActivity]: [DP] pdf(0) 1 android.view.ViewRootImpl.lambda$addFrameCompleteCallbackIfNeeded$3$ViewRootImpl:4987 android.view.ViewRootImpl$$ExternalSyntheticLambda16.run:6 android.os.Handler.handleCallback:938
08-04 06:28:14.168 18365 18365 I ViewRootImpl@32fa89d[InstrumentationActivityInvoker$EmptyActivity]: [DP] rdf()
08-04 06:28:14.168 18365 18365 D ViewRootImpl@32fa89d[InstrumentationActivityInvoker$EmptyActivity]: reportDrawFinished (fn: -1)
08-04 06:28:14.169 18365 18365 I ViewRootImpl@7a2cb62[InstrumentationActivityInvoker$EmptyActivity]: MSG_WINDOW_FOCUS_CHANGED 0 1
08-04 06:28:14.173 19836 22306 D InputDispatcher: Focus request (0): a7df9a1 com.example.dogglers/androidx.test.core.app.InstrumentationActivityInvoker$EmptyActivity but waiting because NOT_VISIBLE
08-04 06:28:14.174 19836 19851 I ActivityTaskManager: Displayed com.example.dogglers/androidx.test.core.app.InstrumentationActivityInvoker$EmptyActivity: +209ms
08-04 06:28:14.175 19836 19855 I SemDvfsHyPerManager: acquire hyper - AMS_RESUME_TAIL/19836@14, type = -999
08-04 06:28:14.175 19836 19855 I SemDvfsHyPerManager: acquire hyper - AMS_ACT_LAZY/19836@15, type = -999
08-04 06:28:14.175 19652 19680 I HYPER-HAL: [RequestManager.cpp]acquire(): Acquired ID : 197021189  [19836 / 14]    HINT : AMS_RESUME_TAIL    list :
08-04 06:28:14.175  1994  1994 E pageboostd: Received HALT command code 2
08-04 06:28:14.176 19652 19680 I HYPER-HAL: [RequestManager.cpp]releaseLocked(): Released ID : 196981488
08-04 06:28:14.181   752  1238 I SurfaceFlinger: id=174008 Removed Surface(name=e75ea59 NavigationBar0)/@0x799bb6a - animation-leash of insets_animation#1 (118)
08-04 06:28:14.181   752  1238 I SurfaceFlinger: id=174007 Removed Surface(name=ac392f8 StatusBar)/@0x2bc773f - animation-leash of insets_animation#0 (118)
08-04 06:28:14.181 18365 18365 D InsetsSourceConsumer: ensureControlAlpha: for ITYPE_NAVIGATION_BAR on com.example.dogglers/androidx.test.core.app.InstrumentationActivityInvoker$EmptyActivity
08-04 06:28:14.183 18365 18365 D InsetsSourceConsumer: ensureControlAlpha: for ITYPE_STATUS_BAR on com.example.dogglers/androidx.test.core.app.InstrumentationActivityInvoker$EmptyActivity
08-04 06:28:14.184 18365 18365 I ViewRootImpl@7a2cb62[InstrumentationActivityInvoker$EmptyActivity]: handleAppVisibility mAppVisible=true visible=false
08-04 06:28:14.187   752   752 I Layer   : id=174008 Destroyed Surface(name=e75ea59 NavigationBar0)/@0x799bb6a - animation-leash of insets_animation#1
08-04 06:28:14.188   752   752 I Layer   : id=174007 Destroyed Surface(name=ac392f8 StatusBar)/@0x2bc773f - animation-leash of insets_animation#0
08-04 06:28:14.189 19836 20321 D InputDispatcher: Focus entered window (0): a7df9a1 com.example.dogglers/androidx.test.core.app.InstrumentationActivityInvoker$EmptyActivity
08-04 06:28:14.192 18365 18365 I ViewRootImpl@7a2cb62[InstrumentationActivityInvoker$EmptyActivity]: stopped(true) old=false
08-04 06:28:14.193   752   752 D SurfaceFlinger: Display 4633128508267670401 HWC layers:
08-04 06:28:14.193   752   752 D SurfaceFlinger:      DEVICE | 0xe9a83680 | 0102 | RGBA_8888    |    0.0    0.0 1080.0 2408.0 |    0    0 1080 2408 | com.example.dogglers/androidx.test.c[...]tivityInvoker$EmptyActivity$_18365#1
08-04 06:28:14.193   752   752 D SurfaceFlinger:      DEVICE | 0xe8f21680 | 0100 | RGBA_8888    |    0.0    0.0 1080.0   66.0 |    0    0 1080   66 | StatusBar$_20135#0
08-04 06:28:14.193   752   752 D SurfaceFlinger:      DEVICE | 0xe8f21080 | 0100 | RGBA_8888    |    0.0    0.0  388.0   42.0 |  692 2366 1080 2408 | SGestureOverlayWindow$_20522#0
08-04 06:28:14.193   752   752 D SurfaceFlinger:      DEVICE | 0xe8f22100 | 0100 | RGBA_8888    |    0.0    0.0 1080.0  135.0 |    0 2273 1080 2408 | NavigationBar0$_20135#0
08-04 06:28:14.193   752   752 D SurfaceFlinger:      DEVICE | 0xe943ff80 | 0108 | RGBA_8888    |    0.0    0.0 1080.0 2408.0 |    0    0 1080 2408 | BlueLightFilter$_20135#0
08-04 06:28:14.193   752   752 D SurfaceFlinger:
08-04 06:28:14.194 18365 18365 D LifecycleMonitor: Lifecycle status change: androidx.test.core.app.InstrumentationActivityInvoker$EmptyActivity@4a8ba57 in: STOPPED
08-04 06:28:14.195 18365 18365 V ActivityScenario: Activity lifecycle changed event received but ignored because the intent does not match. startActivityIntent=Intent { act=android.intent.action.MAIN cat=[android.intent.category.LAUNCHER] cmp=com.example.dogglers/.MainActivity }, activity.getIntent()=Intent { act=android.intent.action.MAIN cat=[android.intent.category.LAUNCHER] flg=0x10000000 cmp=com.example.dogglers/androidx.test.core.app.InstrumentationActivityInvoker$EmptyActivity }, activity=androidx.test.core.app.InstrumentationActivityInvoker$EmptyActivity@4a8ba57
08-04 06:28:14.198 18365 18575 D OpenGLRenderer: setSurface called with nullptr
08-04 06:28:14.198 18365 18575 D OpenGLRenderer: setSurface() destroyed EGLSurface
08-04 06:28:14.198 18365 18575 D OpenGLRenderer: destroyEglSurface
