08-04 06:28:16.169 19836 22306 D InputTransport: Input channel constructed: '5bce45a', fd=881
08-04 06:28:16.169 19836 22306 D InputTransport: Input channel constructed: '5bce45a', fd=882
08-04 06:28:16.170   752  1103 I SurfaceFlinger: id=174064 createSurf (0x0),-1 flag=80004, 5bce45a com.example.dogglers/androidx.test.core.app.InstrumentationActivityInvoker$EmptyActivity#0
08-04 06:28:16.173 19836 22306 D InputTransport: Input channel destroyed: '5bce45a', fd=882
08-04 06:28:16.175 19578 19622 I Finsky  : [1417] yzc.a(3): VerifyApps: Device wide unknown source restriction updated
08-04 06:28:16.175 18365 18365 I ViewRootImpl@f338c1d[InstrumentationActivityInvoker$EmptyActivity]: setView = com.android.internal.policy.DecorView@4618cf4 TM=true
08-04 06:28:16.175 19578 19621 I Finsky  : [1416] oro.i(3): SettingNotFoundException, fall through to G.downloadBytesOverMobileMaximum
08-04 06:28:16.175 19578 19621 W Settings: Setting download_manager_recommended_max_bytes_over_mobile has moved from android.provider.Settings.Secure to android.provider.Settings.Global.
08-04 06:28:16.177 19836 19894 D AnalyticsContainerHandler: handleMessage : { when=0 what=1 target=com.android.server.knox.KnoxAnalyticsContainer$AnalyticsHandler }
08-04 06:28:16.178 20522 20560 I RecentModel: onTaskStackChangedBackground
08-04 06:28:16.179 19578 19621 I Finsky  : [1416] oro.h(3): SettingNotFoundException, fall through to G.downloadBytesOverMobileRecommended
08-04 06:28:16.206 19652 19677 I HYPER-HAL: [RequestManager.cpp]releaseLocked(): Released ID : 197021189
08-04 06:28:16.207 19836 19849 V WindowManager: Relayout Window{5bce45a u0 com.example.dogglers/androidx.test.core.app.InstrumentationActivityInvoker$EmptyActivity}: viewVisibility=0 req=1080x2408 d0
08-04 06:28:16.208   752  1103 I SurfaceFlinger: id=174065 createSurf (1x1),-3 flag=40004, com.example.dogglers/androidx.test.core.app.InstrumentationActivityInvoker$EmptyActivity$_18365#1
08-04 06:28:16.216   752  1103 I SurfaceFlinger: id=174066 createSurf (0x0),-1 flag=24000, Surface(name=ac392f8 StatusBar)/@0x2bc773f - animation-leash of insets_animation#1
08-04 06:28:16.220   752  1103 I SurfaceFlinger: id=174067 createSurf (0x0),-1 flag=24000, Surface(name=e75ea59 NavigationBar0)/@0x799bb6a - animation-leash of insets_animation#0
08-04 06:28:16.226 19836 19849 V WindowManager: Relayout hash=5bce45a, pid=18365: mAttrs={(0,0)(fillxfill) sim={adjust=pan forwardNavigation} ty=BASE_APPLICATION wanim=0x1030001
08-04 06:28:16.226 19836 19849 V WindowManager:   fl=1810100
08-04 06:28:16.226 19836 19849 V WindowManager:   pfl=12020040
08-04 06:28:16.226 19836 19849 V WindowManager:   bhv=DEFAULT
08-04 06:28:16.226 19836 19849 V WindowManager:   fitSides= naviIconColor=0}
08-04 06:28:16.230 18365 18365 I ViewRootImpl@f338c1d[InstrumentationActivityInvoker$EmptyActivity]: Relayout returned: old=(0,0,1080,2408) new=(0,0,1080,2408) req=(1080,2408)0 dur=31 res=0x7 s={true 3056951296} ch=true fn=-1
08-04 06:28:16.233 18365 18575 D OpenGLRenderer: eglCreateWindowSurface
08-04 06:28:16.242 18365 18365 I ViewRootImpl@f338c1d[InstrumentationActivityInvoker$EmptyActivity]: [DP] dp(1) 1 android.view.ViewRootImpl.reportNextDraw:11410 android.view.ViewRootImpl.performTraversals:4185 android.view.ViewRootImpl.doTraversal:2911
08-04 06:28:16.242 18365 18365 D ViewRootImpl@f338c1d[InstrumentationActivityInvoker$EmptyActivity]: Creating frameDrawingCallback nextDrawUseBlastSync=false reportNextDraw=true hasBlurUpdates=false
08-04 06:28:16.242 18365 18365 D ViewRootImpl@f338c1d[InstrumentationActivityInvoker$EmptyActivity]: Creating frameCompleteCallback
08-04 06:28:16.251   752   752 I Layer   : id=174059 removeFromCurrentState Surface(name=ac392f8 StatusBar)/@0x2bc773f - animation-leash of insets_animation#0 (117)
08-04 06:28:16.251   752   752 I Layer   : id=173498 removeFromCurrentState ac392f8 StatusBar#0 (117)
08-04 06:28:16.251   752   752 I Layer   : id=173510 removeFromCurrentState StatusBar$_20135#0 (117)
08-04 06:28:16.251   752   752 I Layer   : id=173498 addToCurrentState ac392f8 StatusBar#0 (117)
08-04 06:28:16.251   752   752 I Layer   : id=173510 addToCurrentState StatusBar$_20135#0 (117)
08-04 06:28:16.251   752   752 I Layer   : id=174060 removeFromCurrentState Surface(name=e75ea59 NavigationBar0)/@0x799bb6a - animation-leash of insets_animation#1 (117)
08-04 06:28:16.253 19836 19849 D InputDispatcher: Focus request (0): 5bce45a com.example.dogglers/androidx.test.core.app.InstrumentationActivityInvoker$EmptyActivity but waiting because NOT_VISIBLE
08-04 06:28:16.253 18365 18721 D ViewRootImpl@f338c1d[InstrumentationActivityInvoker$EmptyActivity]: Received frameDrawingCallback frameNum=1. Creating transactionCompleteCallback=false
08-04 06:28:16.259 18365 18575 D ViewRootImpl@f338c1d[InstrumentationActivityInvoker$EmptyActivity]: Received frameCompleteCallback  lastAcquiredFrameNum=1 lastAttemptedDrawFrameNum=1
08-04 06:28:16.263 18365 18365 I ViewRootImpl@f338c1d[InstrumentationActivityInvoker$EmptyActivity]: [DP] pdf(0) 1 android.view.ViewRootImpl.lambda$addFrameCompleteCallbackIfNeeded$3$ViewRootImpl:4987 android.view.ViewRootImpl$$ExternalSyntheticLambda16.run:6 android.os.Handler.handleCallback:938
08-04 06:28:16.263 18365 18365 I ViewRootImpl@f338c1d[InstrumentationActivityInvoker$EmptyActivity]: [DP] rdf()
08-04 06:28:16.263 18365 18365 D ViewRootImpl@f338c1d[InstrumentationActivityInvoker$EmptyActivity]: reportDrawFinished (fn: -1)
08-04 06:28:16.264 18365 18365 I ViewRootImpl@72f112e[InstrumentationActivityInvoker$EmptyActivity]: MSG_WINDOW_FOCUS_CHANGED 0 1
08-04 06:28:16.267 18365 18365 D InsetsSourceConsumer: ensureControlAlpha: for ITYPE_NAVIGATION_BAR on com.example.dogglers/androidx.test.core.app.InstrumentationActivityInvoker$EmptyActivity
08-04 06:28:16.269 18365 18365 D InsetsSourceConsumer: ensureControlAlpha: for ITYPE_STATUS_BAR on com.example.dogglers/androidx.test.core.app.InstrumentationActivityInvoker$EmptyActivity
08-04 06:28:16.271   752  1238 I SurfaceFlinger: id=174060 Removed Surface(name=e75ea59 NavigationBar0)/@0x799bb6a - animation-leash of insets_animation#1 (117)
08-04 06:28:16.271   752  1238 I SurfaceFlinger: id=174059 Removed Surface(name=ac392f8 StatusBar)/@0x2bc773f - animation-leash of insets_animation#0 (117)
08-04 06:28:16.277 19836 19851 I ActivityTaskManager: Displayed com.example.dogglers/androidx.test.core.app.InstrumentationActivityInvoker$EmptyActivity: +291ms
08-04 06:28:16.277 19836 19855 I SemDvfsHyPerManager: acquire hyper - AMS_RESUME_TAIL/19836@14, type = -999
08-04 06:28:16.278 19836 19855 I SemDvfsHyPerManager: acquire hyper - AMS_ACT_LAZY/19836@15, type = -999
08-04 06:28:16.278 19652 19680 I HYPER-HAL: [RequestManager.cpp]acquire(): Acquired ID : 197021189  [19836 / 14]    HINT : AMS_RESUME_TAIL    list :
08-04 06:28:16.279 19652 19680 I HYPER-HAL: [RequestManager.cpp]releaseLocked(): Released ID : 196981488
08-04 06:28:16.281  1994  1994 E pageboostd: Received HALT command code 2
08-04 06:28:16.284   752   752 I Layer   : id=174060 Destroyed Surface(name=e75ea59 NavigationBar0)/@0x799bb6a - animation-leash of insets_animation#1
08-04 06:28:16.285   752   752 I Layer   : id=174059 Destroyed Surface(name=ac392f8 StatusBar)/@0x2bc773f - animation-leash of insets_animation#0
08-04 06:28:16.289 19836 22301 D InputDispatcher: Focus entered window (0): 5bce45a com.example.dogglers/androidx.test.core.app.InstrumentationActivityInvoker$EmptyActivity
08-04 06:28:16.294   752   752 D SurfaceFlinger: Display 4633128508267670401 HWC layers:
08-04 06:28:16.294   752   752 D SurfaceFlinger:      DEVICE | 0xe8aa7300 | 0102 | RGBA_8888    |    0.0    0.0 1080.0 2408.0 |    0    0 1080 2408 | com.example.dogglers/androidx.test.c[...]tivityInvoker$EmptyActivity$_18365#1
08-04 06:28:16.294   752   752 D SurfaceFlinger:      DEVICE | 0xe9a83b00 | 0100 | RGBA_8888    |    0.0    0.0 1080.0   66.0 |    0    0 1080   66 | StatusBar$_20135#0
08-04 06:28:16.294   752   752 D SurfaceFlinger:      CLIENT | 0xe8f21080 | 0100 | RGBA_8888    |    0.0    0.0  388.0   42.0 |  692 2366 1080 2408 | SGestureOverlayWindow$_20522#0
08-04 06:28:16.294   752   752 D SurfaceFlinger:      CLIENT | 0xe9a83500 | 0100 | RGBA_8888    |    0.0    0.0 1080.0  135.0 |    0 2273 1080 2408 | NavigationBar0$_20135#0
08-04 06:28:16.294   752   752 D SurfaceFlinger:      DEVICE | 0xe943ff80 | 0108 | RGBA_8888    |    0.0    0.0 1080.0 2408.0 |    0    0 1080 2408 | BlueLightFilter$_20135#0
08-04 06:28:16.294   752   752 D SurfaceFlinger:
08-04 06:28:16.313 18365 18365 I ViewRootImpl@72f112e[InstrumentationActivityInvoker$EmptyActivity]: handleAppVisibility mAppVisible=true visible=false
08-04 06:28:16.320 19578 19621 I Finsky  : [1416] adwk.c(2): registerListener
08-04 06:28:16.335 19836 20321 D InputDispatcher: Focus left window (0): 5bce45a com.example.dogglers/androidx.test.core.app.InstrumentationActivityInvoker$EmptyActivity
08-04 06:28:16.382 18365 18365 I ViewRootImpl@72f112e[InstrumentationActivityInvoker$EmptyActivity]: stopped(true) old=false
08-04 06:28:16.385 18365 18365 D LifecycleMonitor: Lifecycle status change: androidx.test.core.app.InstrumentationActivityInvoker$EmptyActivity@8cd1473 in: STOPPED
08-04 06:28:16.387 18365 18365 V ActivityScenario: Activity lifecycle changed event received but ignored because the intent does not match. startActivityIntent=Intent { act=android.intent.action.MAIN cat=[android.intent.category.LAUNCHER] cmp=com.example.dogglers/.MainActivity }, activity.getIntent()=Intent { act=android.intent.action.MAIN cat=[android.intent.category.LAUNCHER] flg=0x10000000 cmp=com.example.dogglers/androidx.test.core.app.InstrumentationActivityInvoker$EmptyActivity }, activity=androidx.test.core.app.InstrumentationActivityInvoker$EmptyActivity@8cd1473
08-04 06:28:16.400 18365 18365 D LifecycleMonitor: Lifecycle status change: androidx.test.core.app.InstrumentationActivityInvoker$EmptyActivity@8cd1473 in: DESTROYED
08-04 06:28:16.402 18365 18365 V ActivityScenario: Activity lifecycle changed event received but ignored because the intent does not match. startActivityIntent=Intent { act=android.intent.action.MAIN cat=[android.intent.category.LAUNCHER] cmp=com.example.dogglers/.MainActivity }, activity.getIntent()=Intent { act=android.intent.action.MAIN cat=[android.intent.category.LAUNCHER] flg=0x10000000 cmp=com.example.dogglers/androidx.test.core.app.InstrumentationActivityInvoker$EmptyActivity }, activity=androidx.test.core.app.InstrumentationActivityInvoker$EmptyActivity@8cd1473
08-04 06:28:16.411 18365 18575 D OpenGLRenderer: setSurface called with nullptr
08-04 06:28:16.411 18365 18575 D OpenGLRenderer: setSurface() destroyed EGLSurface
08-04 06:28:16.411 18365 18575 D OpenGLRenderer: destroyEglSurface
08-04 06:28:16.413 18365 18365 I ViewRootImpl@72f112e[InstrumentationActivityInvoker$EmptyActivity]: dispatchDetachedFromWindow
08-04 06:28:16.414 19836 19849 D InputTransport: Input channel destroyed: 'ad4e433', fd=878
08-04 06:28:16.414 19836 19849 W InputManager-JNI: Input channel object 'ad4e433 com.example.dogglers/androidx.test.core.app.InstrumentationActivityInvoker$EmptyActivity (client)' was disposed without first being removed with the input manager!
08-04 06:28:16.414 19836 19849 D InputTransport: Input channel destroyed: 'ad4e433', fd=879
08-04 06:28:16.416 19578 19621 I Finsky  : [1416] adwk.c(2): registerListener
08-04 06:28:16.420   752  1238 I SurfaceFlinger: id=174068 createSurf (0x0),-1 flag=24004, Surface(name=a73f97f InputMethod)/@0x1e1d195 - animation-leash of insets_animation#1
08-04 06:28:16.431 18365 18365 D InputTransport: Input channel destroyed: 'ad4e433', fd=116
08-04 06:28:16.433 18365 18365 I ViewRootImpl@f338c1d[InstrumentationActivityInvoker$EmptyActivity]: MSG_WINDOW_FOCUS_CHANGED 0 1
08-04 06:28:16.434   752   752 I Layer   : id=174058 removeFromCurrentState com.example.dogglers/androidx.test.core.app.InstrumentationActivityInvoker$EmptyActivity$_18365#0 (116)
08-04 06:28:16.434   752   752 I Layer   : id=174057 removeFromCurrentState ad4e433 com.example.dogglers/androidx.test.core.app.InstrumentationActivityInvoker$EmptyActivity#0 (116)
08-04 06:28:16.434   752   752 I Layer   : id=174063 removeFromCurrentState Surface(name=a73f97f InputMethod)/@0x1e1d195 - animation-leash of insets_animation#0 (116)
08-04 06:28:16.434   752   752 I SurfaceFlinger: id=174057 Removed ad4e433 com.example.dogglers/androidx.test.core.app.InstrumentationActivityInvoker$EmptyActivity#0 (116)
08-04 06:28:16.434   752   752 I SurfaceFlinger: id=174063 Removed Surface(name=a73f97f InputMethod)/@0x1e1d195 - animation-leash of insets_animation#0 (116)
08-04 06:28:16.435   752   752 I SurfaceFlinger: id=174058 Removed com.example.dogglers/androidx.test.core.app.InstrumentationActivityInvoker$EmptyActivity$_18365#0 (116)
08-04 06:28:16.435   752   752 I Layer   : id=174057 Destroyed ad4e433 com.example.dogglers/androidx.test.core.app.InstrumentationActivityInvoker$EmptyActivity#0
08-04 06:28:16.435   752   752 I Layer   : id=174058 Destroyed com.example.dogglers/androidx.test.core.app.InstrumentationActivityInvoker$EmptyActivity$_18365#0
08-04 06:28:16.435   752   752 I Layer   : id=174063 Destroyed Surface(name=a73f97f InputMethod)/@0x1e1d195 - animation-leash of insets_animation#0
08-04 06:28:16.437 18365 18365 D LifecycleMonitor: Lifecycle status change: androidx.test.core.app.InstrumentationActivityInvoker$EmptyActivity@dc1806 in: PAUSED
08-04 06:28:16.439 18365 18365 V ActivityScenario: Activity lifecycle changed event received but ignored because the intent does not match. startActivityIntent=Intent { act=android.intent.action.MAIN cat=[android.intent.category.LAUNCHER] cmp=com.example.dogglers/.MainActivity }, activity.getIntent()=Intent { act=android.intent.action.MAIN cat=[android.intent.category.LAUNCHER] flg=0x10000000 cmp=com.example.dogglers/androidx.test.core.app.InstrumentationActivityInvoker$EmptyActivity }, activity=androidx.test.core.app.InstrumentationActivityInvoker$EmptyActivity@dc1806
08-04 06:28:16.443 19836 22349 I SemDvfsHyPerManager: acquire hyper - AMS_ACT_RESUME/19836@16, type = -999
08-04 06:28:16.444 19652 19680 I HYPER-HAL: [RequestManager.cpp]acquire(): Acquired ID : 197060894  [19836 / 16]    HINT : AMS_ACT_RESUME    list :
08-04 06:28:16.447 16175 16175 I ViewRootImpl@6011630[CustomTabActivity]: handleAppVisibility mAppVisible=false visible=true
08-04 06:28:16.448 19836 22349 D InputDispatcher: Focused application set to (0): 30b2669
08-04 06:28:16.450 16175 16175 I SurfaceView@3a27ac: onWindowVisibilityChanged(4) false android.view.SurfaceView{3a27ac V.E...... ........ 0,0-1080,2300} of ViewRootImpl@6011630[CustomTabActivity]
08-04 06:28:16.451 16175 16175 D SurfaceView@3a27ac: updateSurface: surface is not valid
08-04 06:28:16.451 16175 16384 D OpenGLRenderer: setSurface called with nullptr
08-04 06:28:16.452 19578 19623 I Finsky  : [1418] vpb.<init>(4): Item store provider started.
08-04 06:28:16.473 18365 18365 I ViewRootImpl@f338c1d[InstrumentationActivityInvoker$EmptyActivity]: MSG_WINDOW_FOCUS_CHANGED 0 1
08-04 06:28:16.474 18365 18539 I TestRunner: finished: horizontal_list_button_is_displayed(com.example.dogglers.ButtonTests)
