08-04 06:28:12.903 19836 22301 V WindowManager: Relayout Window{d1e5015 u0 com.android.chrome/org.chromium.chrome.browser.customtabs.CustomTabActivity}: viewVisibility=8 req=1080x2408 d0
08-04 06:28:12.913   830 19448 I EXYNOS_BASE_COMP: [0xec7a2200][Exynos_OMX_EventHandler] OMX_EventCmdComplete(OMX_StateLoaded)
08-04 06:28:12.915 16516 19446 I ACodec  : [OMX.Exynos.avc.dec] Now Idle->Loaded
08-04 06:28:12.916 18365 18365 D InsetsSourceConsumer: ensureControlAlpha: for ITYPE_NAVIGATION_BAR on com.example.dogglers/com.example.dogglers.MainActivity
08-04 06:28:12.916 19836 20357 D InputDispatcher: Focus entered window (0): e06588b com.example.dogglers/com.example.dogglers.MainActivity
08-04 06:28:12.919 18365 18365 D InsetsSourceConsumer: ensureControlAlpha: for ITYPE_STATUS_BAR on com.example.dogglers/com.example.dogglers.MainActivity
08-04 06:28:12.919   752   752 D SurfaceFlinger: Display 4633128508267670401 HWC layers:
08-04 06:28:12.919   752   752 D SurfaceFlinger:      DEVICE | 0xe9789e80 | 0102 | RGBA_8888    |    0.0    0.0 1080.0 2408.0 |    0    0 1080 2408 | com.example.dogglers/com.example.dogglers.MainActivity$_18365#0
08-04 06:28:12.919   752   752 D SurfaceFlinger:      DEVICE | 0xe53e5980 | 0100 | RGBA_8888    |    0.0    0.0 1080.0 2408.0 |    0    0 1080 2408 | Splash Screen com.example.dogglers$_20135#0
08-04 06:28:12.919   752   752 D SurfaceFlinger:      CLIENT | 0xe8f21680 | 0100 | RGBA_8888    |    0.0    0.0 1080.0   66.0 |    0    0 1080   66 | StatusBar$_20135#0
08-04 06:28:12.919   752   752 D SurfaceFlinger:      CLIENT | 0xe8f21080 | 0100 | RGBA_8888    |    0.0    0.0  388.0   42.0 |  692 2366 1080 2408 | SGestureOverlayWindow$_20522#0
08-04 06:28:12.919   752   752 D SurfaceFlinger:      CLIENT | 0xe8f22100 | 0100 | RGBA_8888    |    0.0    0.0 1080.0  135.0 |    0 2273 1080 2408 | NavigationBar0$_20135#0
08-04 06:28:12.919   752   752 D SurfaceFlinger:      DEVICE | 0xe943ff80 | 0108 | RGBA_8888    |    0.0    0.0 1080.0 2408.0 |    0    0 1080 2408 | BlueLightFilter$_20135#0
08-04 06:28:12.919   752   752 D SurfaceFlinger:
08-04 06:28:12.920 19836 22301 V WindowManager: Relayout hash=d1e5015, pid=16175: mAttrs={(0,0)(fillxfill) sim={adjust=resize} ty=BASE_APPLICATION fmt=TRANSLUCENT wanim=0x1030303 sysuil=true
08-04 06:28:12.920 19836 22301 V WindowManager:   fl=81810100
08-04 06:28:12.920 19836 22301 V WindowManager:   pfl=12020040
08-04 06:28:12.920 19836 22301 V WindowManager:   bhv=DEFAULT
08-04 06:28:12.920 19836 22301 V WindowManager:   fitSides= naviIconColor=0}
08-04 06:28:12.921   752   769 I SurfaceFlinger: id=173962 Removed Bounds for - com.android.chrome/org.chromium.chrome.browser.customtabs.CustomTabActivity@3#0 (116)
08-04 06:28:12.921 16516 19446 I ACodec  : [OMX.Exynos.avc.dec] Now Loaded
08-04 06:28:12.922 16175 16175 I ViewRootImpl@6011630[CustomTabActivity]: Relayout returned: old=(0,0,1080,2408) new=(0,0,1080,2408) req=(1080,2408)8 dur=21 res=0x5 s={false 0} ch=true fn=5
08-04 06:28:12.922 16175 16175 I SurfaceView@3a27ac: windowStopped(true) false android.view.SurfaceView{3a27ac V.E...... ........ 0,0-1080,2300} of ViewRootImpl@6011630[CustomTabActivity]
08-04 06:28:12.922 16175 16175 D SurfaceView@3a27ac: updateSurface: surface is not valid
08-04 06:28:12.923 18365 18365 D LifecycleMonitor: Lifecycle status change: androidx.test.core.app.InstrumentationActivityInvoker$BootstrapActivity@d681eb1 in: STOPPED
08-04 06:28:12.925 18365 18365 V ActivityScenario: Activity lifecycle changed event received but ignored because the intent does not match. startActivityIntent=Intent { act=android.intent.action.MAIN cat=[android.intent.category.LAUNCHER] cmp=com.example.dogglers/.MainActivity }, activity.getIntent()=Intent { act=android.intent.action.MAIN cat=[android.intent.category.LAUNCHER] flg=0x10008000 cmp=com.example.dogglers/androidx.test.core.app.InstrumentationActivityInvoker$BootstrapActivity (has extras) }, activity=androidx.test.core.app.InstrumentationActivityInvoker$BootstrapActivity@d681eb1
08-04 06:28:12.925 16516 19446 I ACodec  :  [OMX.Exynos.avc.dec] Now uninitialized
08-04 06:28:12.926 16516 19446 I ACodec  :  [] Now kWhatShutdownCompleted event : 7985
08-04 06:28:12.926 16516 19445 D SurfaceUtils: disconnecting from surface 0xdd585c08, reason disconnectFromSurface
08-04 06:28:12.927 18365 18365 I ViewRootImpl@a52f392[MainActivity]: MSG_WINDOW_FOCUS_CHANGED 1 1
08-04 06:28:12.928 16175 16175 D SurfaceView@3a27ac: updateSurface: surface is not valid
08-04 06:28:12.932 16516 19445 I MediaCodec: Codec shutdown complete
08-04 06:28:12.933 16175 16175 I ViewRootImpl@6011630[CustomTabActivity]: stopped(true) old=false
08-04 06:28:12.935 18365 18365 D InputMethodManager: startInputInner - Id : 0
08-04 06:28:12.935 18365 18365 I InputMethodManager: startInputInner - mService.startInputOrWindowGainedFocus
08-04 06:28:12.936 19643 19178 I ResourceManagerService: removeResourceInfo pid 16516, removed 384000 (width 800 height 480), isLowPriority 0, remained hw codec count 0
08-04 06:28:12.936 15062 15078 V ResourceManagerHelper-JNI: JNIMediaResourceHelper::notify eventType : 2, ext1 : 0, ext2 : 0
08-04 06:28:12.936 15062 15078 V ResourceManagerHelper-JNI: notify eventType : 2, ext1 : 0, ext2 : 0
08-04 06:28:12.937 19173 19260 E RequestContextBuilder: Could not query TelephonyProvider
08-04 06:28:12.937 19173 19260 E RequestContextBuilder: java.lang.SecurityException: No permission to access APN settings
08-04 06:28:12.937 19173 19260 E RequestContextBuilder: 	at android.os.Parcel.createExceptionOrNull(Parcel.java:2437)
08-04 06:28:12.937 19173 19260 E RequestContextBuilder: 	at android.os.Parcel.createException(Parcel.java:2421)
08-04 06:28:12.937 19173 19260 E RequestContextBuilder: 	at android.os.Parcel.readException(Parcel.java:2404)
08-04 06:28:12.937 19173 19260 E RequestContextBuilder: 	at android.database.DatabaseUtils.readExceptionFromParcel(DatabaseUtils.java:190)
08-04 06:28:12.937 19173 19260 E RequestContextBuilder: 	at android.database.DatabaseUtils.readExceptionFromParcel(DatabaseUtils.java:142)
08-04 06:28:12.937 19173 19260 E RequestContextBuilder: 	at android.content.ContentProviderProxy.query(ContentProviderNative.java:481)
08-04 06:28:12.937 19173 19260 E RequestContextBuilder: 	at android.content.ContentResolver.query(ContentResolver.java:1226)
08-04 06:28:12.937 19173 19260 E RequestContextBuilder: 	at android.content.ContentResolver.query(ContentResolver.java:1158)
08-04 06:28:12.937 19173 19260 E RequestContextBuilder: 	at android.content.ContentResolver.query(ContentResolver.java:1114)
08-04 06:28:12.937 19173 19260 E RequestContextBuilder: 	at aejf.b(PG:26)
08-04 06:28:12.937 19173 19260 E RequestContextBuilder: 	at aejb.r(PG:84)
08-04 06:28:12.937 19173 19260 E RequestContextBuilder: 	at aejb.m(PG:38)
08-04 06:28:12.937 19173 19260 E RequestContextBuilder: 	at ggu.call(PG:46)
08-04 06:28:12.937 19173 19260 E RequestContextBuilder: 	at agmn.a(Unknown Source:2)
08-04 06:28:12.937 19173 19260 E RequestContextBuilder: 	at agls.run(PG:3)
08-04 06:28:12.937 19173 19260 E RequestContextBuilder: 	at agmo.run(Unknown Source:4)
08-04 06:28:12.937 19173 19260 E RequestContextBuilder: 	at java.util.concurrent.ThreadPoolExecutor.runWorker(ThreadPoolExecutor.java:1167)
08-04 06:28:12.937 19173 19260 E RequestContextBuilder: 	at java.util.concurrent.ThreadPoolExecutor$Worker.run(ThreadPoolExecutor.java:641)
08-04 06:28:12.937 19173 19260 E RequestContextBuilder: 	at ixr.run(PG:26)
08-04 06:28:12.937 19173 19260 E RequestContextBuilder: 	at java.lang.Thread.run(Thread.java:920)
08-04 06:28:12.937 15062 15095 I SemMediaResourceHelper: onRemove
08-04 06:28:12.938 21715 21715 I SemMediaResourceHelper: onRemove
08-04 06:28:12.945 20135 20794 I ViewRootImpl@7e61e96[dogglers]: mWNT: t = android.view.SurfaceControl$Transaction@9249de9 fN = 2 android.view.SyncRtSurfaceTransactionApplier.applyTransaction:94 android.view.SyncRtSurfaceTransactionApplier.lambda$scheduleApply$0$SyncRtSurfaceTransactionApplier:71 android.view.SyncRtSurfaceTransactionApplier$$ExternalSyntheticLambda0.onFrameDraw:4
08-04 06:28:12.945 20135 20794 I ViewRootImpl@7e61e96[dogglers]: mWNT: merge t to BBQ
08-04 06:28:12.946 20135 20794 I ViewRootImpl@7e61e96[dogglers]: mWNT: t = android.view.SurfaceControl$Transaction@7ea6a6e fN = 2 android.view.SyncRtSurfaceTransactionApplier.applyTransaction:94 android.view.SyncRtSurfaceTransactionApplier.lambda$scheduleApply$0$SyncRtSurfaceTransactionApplier:71 android.view.SyncRtSurfaceTransactionApplier$$ExternalSyntheticLambda0.onFrameDraw:4
08-04 06:28:12.946 20135 20794 I ViewRootImpl@7e61e96[dogglers]: mWNT: merge t to BBQ
08-04 06:28:12.948 19836 20357 V ResourceManagerHelper-JNI: JNIMediaResourceHelper::notify eventType : 2, ext1 : 0, ext2 : 0
08-04 06:28:12.949 19836 20357 V ResourceManagerHelper-JNI: notify eventType : 2, ext1 : 0, ext2 : 0
08-04 06:28:12.949 19173 19173 I Finsky  : [2] lal.S(7): Installer: found apps to install. isMultiUserMode=true, apps=[]
08-04 06:28:12.949 19836 19959 I SemMediaResourceHelper: onRemove
08-04 06:28:12.950 16175 16175 D ConnectivityManager: StackLog: [android.net.ConnectivityManager.unregisterNetworkCallback(ConnectivityManager.java:4797)] [org.chromium.net.a.f(chromium-TrichromeChromeGoogle.aab-stable-506012930:437)] [rH2.p(chromium-TrichromeChromeGoogle.aab-stable-506012930:860)] [org.chromium.base.ApplicationStatus.a(chromium-TrichromeChromeGoogle.aab-stable-506012930:410)] [ch.onActivityStopped(chromium-TrichromeChromeGoogle.aab-stable-506012930:295)] [android.app.Application.dispatchActivityStopped(Application.java:495)] [android.app.Activity.dispatchActivityStopped(Activity.java:1503)] [android.app.Activity.onStop(Activity.java:2686)] [AV0.onStop(chromium-TrichromeChromeGoogle.aab-stable-506012930:369)] [androidx.appcompat.app.a.onStop(chromium-TrichromeChromeGoogle.aab-stable-506012930:252)] [Un.onStop(chromium-TrichromeChromeGoogle.aab-stable-506012930:529)] [org.chromium.chrome.browser.app.ChromeActivity.onStop(chromium-TrichromeChromeGoogle.aab-stable-506012930:1432)] [android.app.Instrumentation.callActivityOnStop(Instrumentation.java:1496)] [android.app.Activity.performStop(Activity.java:8536)] [android.app.ActivityThread.callActivityOnStop(ActivityThread.java:5705)] [android.app.ActivityThread.performStopActivityInner(ActivityThread.java:5649)] [android.app.ActivityThread.handleStopActivity(ActivityThread.java:5750)] [android.app.servertransaction.StopActivityItem.execute(StopActivityItem.java:43)] [android.app.servertransaction.ActivityTransactionItem.execute(ActivityTransactionItem.java:45)] [android.app.servertransaction.TransactionExecutor.executeLifecycleState(TransactionExecutor.java:176)] [android.app.servertransaction.TransactionExecutor.execute(TransactionExecutor.java:97)] [android.app.ActivityThread$H.handleMessage(ActivityThread.java:2438)]
08-04 06:28:12.951 20135 20795 I ViewRootImpl@7e61e96[dogglers]: mWNT: t = android.view.SurfaceControl$Transaction@a51050f fN = 3 android.view.SyncRtSurfaceTransactionApplier.applyTransaction:94 android.view.SyncRtSurfaceTransactionApplier.lambda$scheduleApply$0$SyncRtSurfaceTransactionApplier:71 android.view.SyncRtSurfaceTransactionApplier$$ExternalSyntheticLambda0.onFrameDraw:4
08-04 06:28:12.951 20135 20795 I ViewRootImpl@7e61e96[dogglers]: mWNT: merge t to BBQ
08-04 06:28:12.952 16175 16175 D ConnectivityManager: StackLog: [android.net.ConnectivityManager.unregisterNetworkCallback(ConnectivityManager.java:4797)] [org.chromium.net.a.f(chromium-TrichromeChromeGoogle.aab-stable-506012930:437)] [rH2.p(chromium-TrichromeChromeGoogle.aab-stable-506012930:860)] [org.chromium.base.ApplicationStatus.a(chromium-TrichromeChromeGoogle.aab-stable-506012930:410)] [ch.onActivityStopped(chromium-TrichromeChromeGoogle.aab-stable-506012930:295)] [android.app.Application.dispatchActivityStopped(Application.java:495)] [android.app.Activity.dispatchActivityStopped(Activity.java:1503)] [android.app.Activity.onStop(Activity.java:2686)] [AV0.onStop(chromium-TrichromeChromeGoogle.aab-stable-506012930:369)] [androidx.appcompat.app.a.onStop(chromium-TrichromeChromeGoogle.aab-stable-506012930:252)] [Un.onStop(chromium-TrichromeChromeGoogle.aab-stable-506012930:529)] [org.chromium.chrome.browser.app.ChromeActivity.onStop(chromium-TrichromeChromeGoogle.aab-stable-506012930:1432)] [android.app.Instrumentation.callActivityOnStop(Instrumentation.java:1496)] [android.app.Activity.performStop(Activity.java:8536)] [android.app.ActivityThread.callActivityOnStop(ActivityThread.java:5705)] [android.app.ActivityThread.performStopActivityInner(ActivityThread.java:5649)] [android.app.ActivityThread.handleStopActivity(ActivityThread.java:5750)] [android.app.servertransaction.StopActivityItem.execute(StopActivityItem.java:43)] [android.app.servertransaction.ActivityTransactionItem.execute(ActivityTransactionItem.java:45)] [android.app.servertransaction.TransactionExecutor.executeLifecycleState(TransactionExecutor.java:176)] [android.app.servertransaction.TransactionExecutor.execute(TransactionExecutor.java:97)] [android.app.ActivityThread$H.handleMessage(ActivityThread.java:2438)]
08-04 06:28:12.952 19836 22347 D InputMethodManagerService: mDesktopModeManager null!
08-04 06:28:12.952 19836 22347 V InputMethodManagerService: getDisplayIdOfInputMethodWindowToBeAdded : 0
08-04 06:28:12.953 19836 22347 D InputMethodManagerService: checkDisplayOfStartInputAndUpdateKeyboard display Id 0last 0
08-04 06:28:12.954 19836 22347 D InputTransport: Input channel constructed: 'ClientS', fd=873
08-04 06:28:12.954 19836 22347 D InputTransport: Input channel destroyed: 'ClientS', fd=873
08-04 06:28:12.954 16175 16175 I cr_tabmodel: Appending tabs being restored to metadata lists, 0, startingNormalCount: 1, startingIncognitoCount: 0
08-04 06:28:12.954 16175 16175 I cr_tabmodel: Serializing tab lists; counts: 1, 0
08-04 06:28:12.957 28133 28133 I HBD     : HoneyBoardService onFinishInput
08-04 06:28:12.958 28133 28133 I HBD     : a IC have been unbinding,  InputConnectionWrapper{idHash=#fa9059b mMissingMethods=}
08-04 06:28:12.958 28133 28133 I HBD     : HoneyBoardService [PF_CL][onFinishInput]  537153 ns
08-04 06:28:12.958 28133 28133 I HBD     : HoneyBoardService [IMI] onStartInput - caller pid : 18365 , caller uid : 10292
08-04 06:28:12.958 28133 28133 I HBD     : j updateConfigs
08-04 06:28:12.958 28133 28133 I HBD     : j isEnabledNightMode : true
08-04 06:28:12.958 28133 28133 I HBD     : a IC have been binding, InputConnectionWrapper{idHash=#fa4a111 mMissingMethods=}
08-04 06:28:12.958 28133 28133 I HBD     : h [EditorInputType]setPrivateImeOptionsToTable privateImeOptions ( null )
08-04 06:28:12.959 28133 28133 I HBD     : b incognitoMode : false
08-04 06:28:12.959 28133 28133 I HBD     : a needOff = true , isForceOff = false, isNullInputClass : true
08-04 06:28:12.959 28133 28133 I HBD     : h getDefaultInputRange : UNKNOWN
08-04 06:28:12.959 28133 28133 I HBD     : h getDefaultInputRange : UNKNOWN
08-04 06:28:12.959 28133 28133 I HBD     : h getDefaultInputRange : UNKNOWN
08-04 06:28:12.961   752   770 I SurfaceFlinger: id=173990 createSurf (0x0),-1 flag=24004, Surface(name=a73f97f InputMethod)/@0x1e1d195 - animation-leash of insets_animation#1
08-04 06:28:12.961 19836 20005 D ConnectivityService:  Removing from current network [105 WIFI], leaving 135 requests.
08-04 06:28:12.970 19836 20059 D SemNscXgbMsL1: Probability - Cloud gaming: [0.037489817]
08-04 06:28:12.971 19836 20059 D SemNscXgbMsL1: Probability - Real time: [0.85702264]
08-04 06:28:12.972 19836 20059 D SemNscXgbMsL1: Probability - Non real time: [0.88717884]
08-04 06:28:12.972 19836 20059 D SemNscXgbMsL1: 1 sample inference time: 1.989193 msecs
08-04 06:28:12.973   752   752 I Layer   : id=173971 removeFromCurrentState Surface(name=a73f97f InputMethod)/@0x1e1d195 - animation-leash of insets_animation#0 (117)
08-04 06:28:12.973 18365 18365 I ViewInteraction: Performing 'single click' action on view view.getId() is <2131231204/com.example.dogglers:id/vertical_btn>
08-04 06:28:12.977 19836 20059 D SemNscXgbL2Rt: L2 RT 1 sample inference time: 4.274616 msecs
08-04 06:28:12.978 19836 20059 D SemNscXgbL2Nrt: L2 NRT 1 sample inference time: 0.958039 msecs
08-04 06:28:12.979 20135 20794 I ViewRootImpl@7e61e96[dogglers]: mWNT: t = android.view.SurfaceControl$Transaction@ca3e99c fN = 4 android.view.SyncRtSurfaceTransactionApplier.applyTransaction:94 android.view.SyncRtSurfaceTransactionApplier.lambda$scheduleApply$0$SyncRtSurfaceTransactionApplier:71 android.view.SyncRtSurfaceTransactionApplier$$ExternalSyntheticLambda0.onFrameDraw:4
08-04 06:28:12.979 20135 20794 I ViewRootImpl@7e61e96[dogglers]: mWNT: merge t to BBQ
08-04 06:28:12.979 19836 20321 D InputDispatcher: Inject motion (18365): action=0x0, time=952614271000000, f=0x0, d=0
08-04 06:28:12.981 28133 28133 I HBD     : h getDefaultInputRange : UNKNOWN
08-04 06:28:12.982 28133 28133 I HBD     : a currentState : 0
08-04 06:28:12.982 19836 20356 D InputMethodManagerServicePhysicalKey: isConnectedDexOnPC false
08-04 06:28:12.983 19836 19965 I InputDispatcher: Delivering touch to (20135): action: 0x4, f=0x0, d=0, 'e75ea59', t=0
08-04 06:28:12.983 19836 19965 I InputDispatcher: Delivering touch to (18365): action: 0x0, f=0x0, d=0, 'e06588b', t=0 +(0,-13)
08-04 06:28:12.984 16175 16175 D InputTransport: Input channel destroyed: 'ClientS', fd=244
08-04 06:28:12.986 20522 20522 W TouchInteractionService: onInputEvent, inputConsumer = com.android.quickstep.-$$Lambda$InputConsumer$cayMJybMMyH-XvJ76yEWjWeqQUo@721c009
08-04 06:28:12.986 18365 18365 I ViewRootImpl@a52f392[MainActivity]: ViewPostIme pointer 0
08-04 06:28:12.986 16175 16175 D SurfaceView@3a27ac: updateSurface: surface is not valid
08-04 06:28:12.987 19836 19852 I GestureDetector: obtain mCurrentDownEvent. id: -472300192 caller: com.android.server.wm.SystemGesturesPointerEventListener.onPointerEvent:179 com.android.server.wm.PointerEventDispatcher.onInputEvent:71 android.view.InputEventReceiver.dispatchInputEvent:259
08-04 06:28:12.987 19836 19852 I GestureDetector: obtain mCurrentDownEvent. id: -472300192 caller: com.android.server.wm.SystemPerformancePointerEventListener.onPointerEvent:89 com.android.server.wm.PointerEventDispatcher.onInputEvent:71 android.view.InputEventReceiver.dispatchInputEvent:259
08-04 06:28:12.988 19836 20356 D InputMethodManagerService: isImeSwitcherDisabledPackage : false
08-04 06:28:12.992 20135 20316 D OpenGLRenderer: setSurface called with nullptr
08-04 06:28:12.992 20135 20316 D OpenGLRenderer: setSurface() destroyed EGLSurface
08-04 06:28:12.992 20135 20316 D OpenGLRenderer: destroyEglSurface
08-04 06:28:12.993 28133 28133 I HBD     : h load selected json path : /data/user/0/com.samsung.android.honeyboard/files/selected.json
08-04 06:28:12.993 28133 28133 I HBD     : h load selected json info : {"version":"4.1","currentLanguageOrder":0,"selected":[{"activeOptionList":["auto_spacing"],"engName":"English(India)","id":65555,"inputType":"qwerty","isUsed":true}]}
08-04 06:28:12.997 19836 20357 V WindowManager: Relayout Window{fe870af u0 Splash Screen com.example.dogglers}: viewVisibility=8 req=1080x2408 d0
08-04 06:28:12.998 28133 28133 I HBD     : a [UpdatePolicy] [post] a: 0 cl: 65555 kit: [0/0] vt: 0 ir: 1
08-04 06:28:12.999   752   769 I SurfaceFlinger: id=173991 createSurf (0x0),-1 flag=24000, Surface(name=fe870af Splash Screen com.example.dogglers)/@0x16e0223 - animation-leash of window_animation#0
08-04 06:28:13.000 28133 28133 I HBD     : HoneyBoardService [PF_OP][onStartInput]  41601846 ns
08-04 06:28:13.005 16175 16431 I cr_BindingManager: onTrimMemory: level=20, size=0
08-04 06:28:13.005   752   769 I SurfaceFlinger: id=173971 Removed Surface(name=a73f97f InputMethod)/@0x1e1d195 - animation-leash of insets_animation#0 (118)
08-04 06:28:13.006 19836 20357 V WindowManager: Relayout hash=fe870af, pid=20135: mAttrs={(0,0)(fillxfill) sim={adjust=pan} ty=APPLICATION_STARTING fmt=TRANSLUCENT wanim=0x1030001
08-04 06:28:13.006 19836 20357 V WindowManager:   fl=81030118
08-04 06:28:13.006 19836 20357 V WindowManager:   pfl=36000010
08-04 06:28:13.006 19836 20357 V WindowManager:   bhv=DEFAULT
08-04 06:28:13.006 19836 20357 V WindowManager:   fitSides= naviIconColor=0}
08-04 06:28:13.006   752   752 I Layer   : id=173971 Destroyed Surface(name=a73f97f InputMethod)/@0x1e1d195 - animation-leash of insets_animation#0
08-04 06:28:13.008 20135 20264 I ViewRootImpl@7e61e96[dogglers]: Relayout returned: old=(0,0,1080,2408) new=(0,0,1080,2408) req=(1080,2408)8 dur=11 res=0x5 s={false 0} ch=true fn=5
08-04 06:28:13.008 20135 20264 I ViewRootImpl@7e61e96[dogglers]: dispatchDetachedFromWindow
08-04 06:28:13.009 19836 22301 D InputTransport: Input channel destroyed: 'fe870af', fd=708
08-04 06:28:13.009 19836 22301 W InputManager-JNI: Input channel object 'fe870af Splash Screen com.example.dogglers (client)' was disposed without first being removed with the input manager!
08-04 06:28:13.009 19836 22301 D InputTransport: Input channel destroyed: 'fe870af', fd=837
08-04 06:28:13.012 20135 20264 D InputTransport: Input channel destroyed: 'fe870af', fd=181
08-04 06:28:13.019 19836 20357 D InputDispatcher: Inject motion (18365): action=0x1, time=952614314000000, f=0x0, d=0
08-04 06:28:13.020 19836 19965 I InputDispatcher: Delivering touch to (18365): action: 0x1, f=0x0, d=0, 'e06588b', t=1 +(0,-2)
08-04 06:28:13.021 19836 19852 I GestureDetector: obtain mCurrentMotionEventRaw. action: 1 id: -515324574
08-04 06:28:13.021 18365 18365 I ViewRootImpl@a52f392[MainActivity]: ViewPostIme pointer 1
08-04 06:28:13.021 20522 20522 W TouchInteractionService: reset
08-04 06:28:13.022 19836 19852 I GestureDetector: obtain mCurrentMotionEventRaw. action: 1 id: -515324574
08-04 06:28:13.023   752   752 I Layer   : id=173989 removeFromCurrentState Surface(name=e06588b com.example.dogglers/com.example.dogglers.MainActivity)/@0x190275 - animation-leash of starting_reveal#0 (117)
08-04 06:28:13.023   752   752 I Layer   : id=173959 removeFromCurrentState com.android.chrome/org.chromium.chrome.browser.customtabs.CustomTabActivity$_16175#0 (117)
08-04 06:28:13.023   752   752 I Layer   : id=173962 removeFromCurrentState Bounds for - com.android.chrome/org.chromium.chrome.browser.customtabs.CustomTabActivity@3#0 (117)
08-04 06:28:13.043 19836 20357 I SemDvfsHyPerManager: acquire hyper - AMS_ACT_START/19836@12, type = -999
08-04 06:28:13.043 19652 19680 I HYPER-HAL: [RequestManager.cpp]acquire(): Acquired ID : 196981488  [19836 / 12]    HINT : AMS_ACT_START    list :
08-04 06:28:13.045   752  1238 I SurfaceFlinger: id=173992 createSurf (0x0),-1 flag=80004, ActivityRecord{ff68fc8 u0 com.example.dogglers/.VerticalListActivity t86}#0
08-04 06:28:13.073   752   752 I Layer   : id=173976 removeFromCurrentState Splash Screen com.example.dogglers$_20135#0 (118)
08-04 06:28:13.073   752   752 I Layer   : id=173975 removeFromCurrentState fe870af Splash Screen com.example.dogglers#0 (118)
08-04 06:28:13.073   752   752 I Layer   : id=173991 removeFromCurrentState Surface(name=fe870af Splash Screen com.example.dogglers)/@0x16e0223 - animation-leash of window_animation#0 (118)
08-04 06:28:13.073   752   752 I SurfaceFlinger: id=173975 Removed fe870af Splash Screen com.example.dogglers#0 (118)
08-04 06:28:13.073   752   752 I SurfaceFlinger: id=173976 Removed Splash Screen com.example.dogglers$_20135#0 (118)
08-04 06:28:13.073   752   752 I SurfaceFlinger: id=173991 Removed Surface(name=fe870af Splash Screen com.example.dogglers)/@0x16e0223 - animation-leash of window_animation#0 (118)
08-04 06:28:13.074   752   752 I Layer   : id=173991 Destroyed Surface(name=fe870af Splash Screen com.example.dogglers)/@0x16e0223 - animation-leash of window_animation#0
08-04 06:28:13.074   752   752 I Layer   : id=173975 Destroyed fe870af Splash Screen com.example.dogglers#0
08-04 06:28:13.075 18365 18365 D LifecycleMonitor: Lifecycle status change: com.example.dogglers.MainActivity@94e5f70 in: PAUSED
08-04 06:28:13.077   752   752 I Layer   : id=173976 Destroyed Splash Screen com.example.dogglers$_20135#0
08-04 06:28:13.078 18365 18365 V ActivityScenario: Update currentActivityStage to PAUSED, currentActivity=com.example.dogglers.MainActivity@94e5f70
08-04 06:28:13.081   752   752 D SurfaceFlinger: Display 4633128508267670401 HWC layers:
08-04 06:28:13.081   752   752 D SurfaceFlinger:      DEVICE | 0xe9789e80 | 0102 | RGBA_8888    |    0.0    0.0 1080.0 2408.0 |    0    0 1080 2408 | com.example.dogglers/com.example.dogglers.MainActivity$_18365#0
08-04 06:28:13.081   752   752 D SurfaceFlinger:      DEVICE | 0xe8f21680 | 0100 | RGBA_8888    |    0.0    0.0 1080.0   66.0 |    0    0 1080   66 | StatusBar$_20135#0
08-04 06:28:13.081   752   752 D SurfaceFlinger:      CLIENT | 0xe8f21080 | 0100 | RGBA_8888    |    0.0    0.0  388.0   42.0 |  692 2366 1080 2408 | SGestureOverlayWindow$_20522#0
08-04 06:28:13.081   752   752 D SurfaceFlinger:      CLIENT | 0xe8f22100 | 0100 | RGBA_8888    |    0.0    0.0 1080.0  135.0 |    0 2273 1080 2408 | NavigationBar0$_20135#0
08-04 06:28:13.081   752   752 D SurfaceFlinger:      DEVICE | 0xe943ff80 | 0108 | RGBA_8888    |    0.0    0.0 1080.0 2408.0 |    0    0 1080 2408 | BlueLightFilter$_20135#0
08-04 06:28:13.081   752   752 D SurfaceFlinger:
08-04 06:28:13.098 19836 20321 D InputDispatcher: Focused application set to (0): ff68fc8
08-04 06:28:13.124   752  1103 I SurfaceFlinger: id=173959 Removed com.android.chrome/org.chromium.chrome.browser.customtabs.CustomTabActivity$_16175#0 (115)
08-04 06:28:13.129 19836 19854 I SemPersonaManager: SecureFolder personaId = 10
08-04 06:28:13.134 18365 18365 D LifecycleMonitor: Lifecycle status change: com.example.dogglers.VerticalListActivity@7ed8666 in: PRE_ON_CREATE
08-04 06:28:13.136 18365 18365 V ActivityScenario: Activity lifecycle changed event received but ignored because the intent does not match. startActivityIntent=Intent { act=android.intent.action.MAIN cat=[android.intent.category.LAUNCHER] cmp=com.example.dogglers/.MainActivity }, activity.getIntent()=Intent { cmp=com.example.dogglers/.VerticalListActivity }, activity=com.example.dogglers.VerticalListActivity@7ed8666
08-04 06:28:13.139   752   752 I Layer   : id=173959 Destroyed com.android.chrome/org.chromium.chrome.browser.customtabs.CustomTabActivity$_16175#0
08-04 06:28:13.140   752   752 I Layer   : id=173962 Destroyed Bounds for - com.android.chrome/org.chromium.chrome.browser.customtabs.CustomTabActivity@3#0
08-04 06:28:13.140 19173 19475 I Finsky  : [1470] leh.a(97): IV2: found recoverable installs: []
08-04 06:28:13.142 19836 20321 D InputDispatcher: Focus left window (0): e06588b com.example.dogglers/com.example.dogglers.MainActivity
08-04 06:28:13.144 19836 19854 D EnterpriseDeviceManagerService: isMdmAdminPresentInternal() : MDM Admin Found - com.samsung.android.knox.containercore
08-04 06:28:13.146 19836 21401 I MediaSessionMonitor: Media session stopped : controllerList empty
08-04 06:28:13.163 18365 18365 I DecorView: [INFO] isPopOver=false, config=true
08-04 06:28:13.163 18365 18365 I DecorView: updateCaptionType >> DecorView@378d7ec[], isFloating=false, isApplication=true, hasWindowControllerCallback=true, hasWindowDecorCaption=false
08-04 06:28:13.164 18365 18365 D DecorView: setCaptionType = 0, this = DecorView@378d7ec[]
08-04 06:28:13.168 18365 18365 I DecorView: getCurrentDensityDpi: from real metrics. densityDpi=450 msg=resources_loaded
08-04 06:28:13.177 19640 19640 W Zygote  : forkRepeatedly terminated due to non-simple command
08-04 06:28:13.177 19640 19640 D Zygote  : mbuffer starts with 17, nice name is , mEnd = 934, mNext = 35, mLinesLeft = 15, mFd = 57
08-04 06:28:13.184 19173 19260 D PaySecureElementClient: Felica app not found; returning isSecureElementAvailable = false!
08-04 06:28:13.204 20522 20569 I RecentModel: onTaskStackChangedBackground
08-04 06:28:13.207 18365 18365 D LifecycleMonitor: Lifecycle status change: com.example.dogglers.VerticalListActivity@7ed8666 in: CREATED
08-04 06:28:13.208 19640 19640 D Zygote  : Forked child process 19486
08-04 06:28:13.209 18365 18365 V ActivityScenario: Activity lifecycle changed event received but ignored because the intent does not match. startActivityIntent=Intent { act=android.intent.action.MAIN cat=[android.intent.category.LAUNCHER] cmp=com.example.dogglers/.MainActivity }, activity.getIntent()=Intent { cmp=com.example.dogglers/.VerticalListActivity }, activity=com.example.dogglers.VerticalListActivity@7ed8666
08-04 06:28:13.213 18365 18365 D LifecycleMonitor: Lifecycle status change: com.example.dogglers.VerticalListActivity@7ed8666 in: STARTED
08-04 06:28:13.214 18365 18365 V ActivityScenario: Activity lifecycle changed event received but ignored because the intent does not match. startActivityIntent=Intent { act=android.intent.action.MAIN cat=[android.intent.category.LAUNCHER] cmp=com.example.dogglers/.MainActivity }, activity.getIntent()=Intent { cmp=com.example.dogglers/.VerticalListActivity }, activity=com.example.dogglers.VerticalListActivity@7ed8666
08-04 06:28:13.218 18365 18365 D LifecycleMonitor: Lifecycle status change: com.example.dogglers.VerticalListActivity@7ed8666 in: RESUMED
08-04 06:28:13.219 18365 18365 V ActivityScenario: Activity lifecycle changed event received but ignored because the intent does not match. startActivityIntent=Intent { act=android.intent.action.MAIN cat=[android.intent.category.LAUNCHER] cmp=com.example.dogglers/.MainActivity }, activity.getIntent()=Intent { cmp=com.example.dogglers/.VerticalListActivity }, activity=com.example.dogglers.VerticalListActivity@7ed8666
08-04 06:28:13.233 19836 20321 D InputTransport: Input channel constructed: '4752d6a', fd=873
08-04 06:28:13.234 19836 20321 D InputTransport: Input channel constructed: '4752d6a', fd=874
08-04 06:28:13.234 19836 20321 D InputTransport: Input channel constructed: '4752d6a', fd=875
08-04 06:28:13.235   752   770 I SurfaceFlinger: id=173993 createSurf (0x0),-1 flag=80004, 4752d6a com.example.dogglers/com.example.dogglers.VerticalListActivity#0
08-04 06:28:13.237 19836 20321 D InputTransport: Input channel destroyed: '4752d6a', fd=875
08-04 06:28:13.238 19486 19486 E e.process.gapp: Not starting debugger since process cannot load the jdwp agent.
08-04 06:28:13.240 18365 18365 I ViewRootImpl@8494825[VerticalListActivity]: setView = com.android.internal.policy.DecorView@378d7ec TM=true
08-04 06:28:13.242 19836 19894 D AnalyticsContainerHandler: handleMessage : { when=0 what=1 target=com.android.server.knox.KnoxAnalyticsContainer$AnalyticsHandler }
08-04 06:28:13.249 19486 19486 E USNET   : USNET: appName: com.google.process.gapps
08-04 06:28:13.250 19486 19486 D ProcessState: Binder ioctl to enable oneway spam detection failed: Invalid argument
08-04 06:28:13.258 19486 19486 D ActivityThread: setConscryptValidator
08-04 06:28:13.258 19486 19486 D ActivityThread: setConscryptValidator - put
08-04 06:28:13.261   334   334 I lmkd    : cached 0, sandbox(not0) 0
08-04 06:28:13.264   334   334 I lmkd    : Reclaim 'com.android.vending:background' (19426), uid 10186, oom_score_adj 905, state 19 to free 60032kB rss, 20184kB swap; reason: low watermark is breached and swap is low (2983672kB < 4110412kB)
08-04 06:28:13.267 19836 20356 V WindowManager: Relayout Window{4752d6a u0 com.example.dogglers/com.example.dogglers.VerticalListActivity}: viewVisibility=0 req=1080x2408 d0
08-04 06:28:13.268   752  1238 I SurfaceFlinger: id=173994 createSurf (1x1),-3 flag=40004, com.example.dogglers/com.example.dogglers.VerticalListActivity$_18365#0
08-04 06:28:13.284   752   770 I SurfaceFlinger: id=173995 createSurf (0x0),-1 flag=24000, Surface(name=ac392f8 StatusBar)/@0x2bc773f - animation-leash of insets_animation#1
08-04 06:28:13.287 19836 19852 I GestureDetector: handleMessage TAP
08-04 06:28:13.287   382 11589 E keystore2: keystore2::error: Rc(ResponseCode(7)), "In get_key_entry, while trying to load key info. 10186, Some(\"FingerprintKey\")"
08-04 06:28:13.288 19836 19836 I GestureDetector: handleMessage TAP
08-04 06:28:13.289   752   770 I SurfaceFlinger: id=173996 createSurf (0x0),-1 flag=24000, Surface(name=e75ea59 NavigationBar0)/@0x799bb6a - animation-leash of insets_animation#0
08-04 06:28:13.290 19836 20357 D ConnectivityService: ConnectivityService NetworkRequestInfo binderDied(uid/pid:10186/19426, [NetworkRequest [ REQUEST id=1052, [ Capabilities: INTERNET&NOT_RESTRICTED&TRUSTED&NOT_VCN_MANAGED Uid: 10186 RequestorUid: 10186 RequestorPkg: com.android.vending UnderlyingNetworks: Null] ]], android.os.BinderProxy@63937)
08-04 06:28:13.290 19640 19640 I Zygote  : Process 19426 exited due to signal 9 (Killed)
08-04 06:28:13.290 19836 20005 D ConnectivityService: releasing NetworkRequest [ REQUEST id=1052, [ Capabilities: INTERNET&NOT_RESTRICTED&TRUSTED&NOT_VCN_MANAGED Uid: 10186 RequestorUid: 10186 RequestorPkg: com.android.vending UnderlyingNetworks: Null] ] (release request)
08-04 06:28:13.290   334   334 I lmkd    : cached 0, sandbox(not0) 0
08-04 06:28:13.291 19836 20005 D ConnectivityService:  Removing from current network [105 WIFI], leaving 134 requests.
08-04 06:28:13.292 19836 19866 I libprocessgroup: Successfully killed process cgroup uid 10186 pid 19426 in 0ms
08-04 06:28:13.297 19836 20356 V WindowManager: Relayout hash=4752d6a, pid=18365: mAttrs={(0,0)(fillxfill) sim={adjust=resize forwardNavigation} ty=BASE_APPLICATION wanim=0x1030303
08-04 06:28:13.297 19836 20356 V WindowManager:   fl=81810100
08-04 06:28:13.297 19836 20356 V WindowManager:   pfl=12020040
08-04 06:28:13.297 19836 20356 V WindowManager:   bhv=DEFAULT
08-04 06:28:13.297 19836 20356 V WindowManager:   fitSides= naviIconColor=0}
08-04 06:28:13.298   334   334 E libprocessgroup: set_timerslack_ns write failed: No such process
08-04 06:28:13.301 18365 18365 I ViewRootImpl@8494825[VerticalListActivity]: Relayout returned: old=(0,0,1080,2408) new=(0,0,1080,2408) req=(1080,2408)0 dur=33 res=0x7 s={true 3056929792} ch=true fn=-1
08-04 06:28:13.304   334   334 I lmkd    : Reclaim 'com.android.vending' (19173), uid 10186, oom_score_adj 930, state 17 to free 88676kB rss, 16508kB swap; reason: low watermark is breached and swap is low (2983928kB < 4110412kB)
08-04 06:28:13.304 18365 18575 D OpenGLRenderer: eglCreateWindowSurface
08-04 06:28:13.316 19836 29801 D OpenGLRenderer: trimMemory(TRIM_MEMORY_COMPLETE)::destroyRenderingContext
08-04 06:28:13.320 21303 21303 W DeviceManager_FLP: onTrimMemory : 5
08-04 06:28:13.321  9000  9000 I [+5]oneconnect[1.7.86.21_01][CORE]: QcApplication.onTrimMemory - ************** lvl=5 elapsed=1ms
08-04 06:28:13.322   752   752 I Layer   : id=173987 removeFromCurrentState Surface(name=ac392f8 StatusBar)/@0x2bc773f - animation-leash of insets_animation#0 (117)
08-04 06:28:13.323   752   752 I Layer   : id=173988 removeFromCurrentState Surface(name=e75ea59 NavigationBar0)/@0x799bb6a - animation-leash of insets_animation#1 (117)
08-04 06:28:13.325 19836 22762 D InputDispatcher: Focus request (0): 4752d6a com.example.dogglers/com.example.dogglers.VerticalListActivity but waiting because NOT_VISIBLE
08-04 06:28:13.326 21303 21365 I GpsSessionManager_FLP: arrangeInvalidSessions
08-04 06:28:13.328 19836 29801 D OpenGLRenderer: RenderThread::destroyRenderingContext()
08-04 06:28:13.328 19836 29801 D OpenGLRenderer: RenderThread::setGrContext()
08-04 06:28:13.341 20135 20135 D SystemUIService: SYSUI_RAM_OPTIMIZATION onTrimMemory=5
08-04 06:28:13.341 20135 20135 D StatusBar: SYSUI_RAM_OPTIMIZATION onTrimMemory=5
08-04 06:28:13.342 16175 16431 I cr_BindingManager: onTrimMemory: level=40, size=0
08-04 06:28:13.347 19652 19473 I HYPER-HAL: [RequestManager.cpp]releaseLocked(): Released ID : 197021189
08-04 06:28:13.349 19486 19486 D CompatibilityChangeReporter: Compat change id reported: 171979766; UID 1010187; state: ENABLED
08-04 06:28:13.358 19836 20321 D ConnectivityService: ConnectivityService NetworkRequestInfo binderDied(uid/pid:10186/19173, [NetworkRequest [ LISTEN id=1045, [ Capabilities: INTERNET&NOT_RESTRICTED&TRUSTED&NOT_VCN_MANAGED Uid: 10186 RequestorUid: 10186 RequestorPkg: com.android.vending UnderlyingNetworks: Null] ]], android.os.BinderProxy@d49ffc2)
08-04 06:28:13.359  5129  5129 W BillingClient: Billing service disconnected.
08-04 06:28:13.360  5129  5129 W BillingClient: Billing service disconnected.
08-04 06:28:13.360 19640 19640 I Zygote  : Process 19173 exited due to signal 9 (Killed)
08-04 06:28:13.360  5129  5129 W BillingClient: Billing service disconnected.
08-04 06:28:13.360  5129  5129 W BillingClient: Billing service disconnected.
08-04 06:28:13.361 19836 19866 I libprocessgroup: Successfully killed process cgroup uid 10186 pid 19173 in 0ms
08-04 06:28:13.363 19836 22301 D ConnectivityService: ConnectivityService NetworkRequestInfo binderDied(uid/pid:10186/19173, [NetworkRequest [ REQUEST id=1044, [ Capabilities: INTERNET&NOT_RESTRICTED&TRUSTED&NOT_VCN_MANAGED Uid: 10186 RequestorUid: 10186 RequestorPkg: com.android.vending UnderlyingNetworks: Null] ]], android.os.BinderProxy@67b31d3)
08-04 06:28:13.363 19836 20005 D ConnectivityService: releasing NetworkRequest [ REQUEST id=1044, [ Capabilities: INTERNET&NOT_RESTRICTED&TRUSTED&NOT_VCN_MANAGED Uid: 10186 RequestorUid: 10186 RequestorPkg: com.android.vending UnderlyingNetworks: Null] ] (release request)
08-04 06:28:13.363 19836 20005 D ConnectivityService:  Removing from current network [105 WIFI], leaving 132 requests.
08-04 06:28:13.415 19486 19486 V GraphicsEnvironment: ANGLE Developer option for 'com.google.android.gsf' set to: 'default'
08-04 06:28:13.415 19486 19486 V GraphicsEnvironment: Neither updatable production driver nor prerelease driver is supported.
08-04 06:28:13.420 19486 19486 D NetworkSecurityConfig: No Network Security Config specified, using platform default
08-04 06:28:13.427 19486 19486 D NetworkSecurityConfig: No Network Security Config specified, using platform default
08-04 06:28:13.433 18365 18365 I ViewRootImpl@8494825[VerticalListActivity]: [DP] dp(1) 1 android.view.ViewRootImpl.reportNextDraw:11410 android.view.ViewRootImpl.performTraversals:4185 android.view.ViewRootImpl.doTraversal:2911
08-04 06:28:13.433 18365 18365 D ViewRootImpl@8494825[VerticalListActivity]: Creating frameDrawingCallback nextDrawUseBlastSync=false reportNextDraw=true hasBlurUpdates=false
08-04 06:28:13.434 18365 18365 D ViewRootImpl@8494825[VerticalListActivity]: Creating frameCompleteCallback
08-04 06:28:13.463 19836 20321 D SecContentProvider: query(), uri = 17 selection = isSettingsChangesAllowed
08-04 06:28:13.463 18365 18721 D ViewRootImpl@8494825[VerticalListActivity]: Received frameDrawingCallback frameNum=1. Creating transactionCompleteCallback=false
08-04 06:28:13.463 19836 20321 D EnterpriseUtils: getCallingOrCurrentUserId(): move: cxtInfo.mContainerId = 10
08-04 06:28:13.468 21303 21365 I SettingManager_FLP: assistedGpsChanged, packageName=com.google.process.gapps / uid=1010187 / pid=19486 / value=1 / enabled=true
08-04 06:28:13.468 21303 21365 W SettingManager_FLP: Location setting was not changed but tried by com.google.process.gapps
08-04 06:28:13.469 18365 18575 D ViewRootImpl@8494825[VerticalListActivity]: Received frameCompleteCallback  lastAcquiredFrameNum=1 lastAttemptedDrawFrameNum=1
08-04 06:28:13.474 18365 18365 I ViewRootImpl@8494825[VerticalListActivity]: [DP] pdf(0) 1 android.view.ViewRootImpl.lambda$addFrameCompleteCallbackIfNeeded$3$ViewRootImpl:4987 android.view.ViewRootImpl$$ExternalSyntheticLambda16.run:6 android.os.Handler.handleCallback:938
08-04 06:28:13.474 18365 18365 I ViewRootImpl@8494825[VerticalListActivity]: [DP] rdf()
08-04 06:28:13.474 18365 18365 D ViewRootImpl@8494825[VerticalListActivity]: reportDrawFinished (fn: -1)
08-04 06:28:13.477 18365 18365 I ViewRootImpl@a52f392[MainActivity]: MSG_WINDOW_FOCUS_CHANGED 0 1
08-04 06:28:13.480 19836 20059 D SemNscXgbMsL1: Probability - Cloud gaming: [0.026473803]
08-04 06:28:13.481 19836 20059 D SemNscXgbMsL1: Probability - Real time: [0.78792757]
08-04 06:28:13.481 19836 20059 D SemNscXgbMsL1: Probability - Non real time: [0.9045825]
08-04 06:28:13.481 19836 20059 D SemNscXgbMsL1: 1 sample inference time: 1.395577 msecs
08-04 06:28:13.482 19836 20059 D SemNscXgbL2Rt: L2 RT 1 sample inference time: 0.978885 msecs
08-04 06:28:13.483 19836 20059 D SemNscXgbL2Nrt: L2 NRT 1 sample inference time: 0.797808 msecs
08-04 06:28:13.483   752  1103 I SurfaceFlinger: id=173997 createSurf (0x0),-1 flag=24000, Surface(name=ActivityRecord{e1f9f52 u0 com.example.dogglers/.MainActivity t86})/@0x4e3e20a - animation-leash of app_transition#0
08-04 06:28:13.484   752  1103 I SurfaceFlinger: id=173998 createSurf (0x0),-1 flag=20004, Dim Layer for - ActivityRecord{e1f9f52 u0 com.example.dogglers/.MainActivity t86} - animating-dim#0
08-04 06:28:13.486   752  1103 I SurfaceFlinger: id=173999 createSurf (0x0),-1 flag=24000, Surface(name=Dim Layer for - ActivityRecord{e1f9f52 u0 com.example.dogglers/.MainActivity t86} - animating-dim)/@0xec062cc - animation-leash of dimmer#0
08-04 06:28:13.487   752  1103 I SurfaceFlinger: id=174000 createSurf (0x0),-1 flag=80004, Surface(name=ActivityRecord{e1f9f52 u0 com.example.dogglers/.MainActivity t86})/@0x4e3e20a - animation-bounds#0
08-04 06:28:13.493   752  1238 I SurfaceFlinger: id=174001 createSurf (0x0),-1 flag=24004, Surface(name=ActivityRecord{ff68fc8 u0 com.example.dogglers/.VerticalListActivity t86})/@0x8163f64 - animation-leash of app_transition#0
08-04 06:28:13.494   752  1238 I SurfaceFlinger: id=174002 createSurf (0x0),-1 flag=80004, Surface(name=ActivityRecord{ff68fc8 u0 com.example.dogglers/.VerticalListActivity t86})/@0x8163f64 - animation-bounds#0
08-04 06:28:13.496 19836 19851 I ActivityTaskManager: Displayed com.example.dogglers/.VerticalListActivity: +457ms
08-04 06:28:13.497  1994  1994 E pageboostd: Received HALT command code 2
08-04 06:28:13.505 19640 19640 W Zygote  : forkRepeatedly terminated due to non-simple command
08-04 06:28:13.505 19640 19640 D Zygote  : mbuffer starts with 17, nice name is , mEnd = 938, mNext = 35, mLinesLeft = 15, mFd = 57
08-04 06:28:13.508 19836 20321 D InputDispatcher: Focus entered window (0): 4752d6a com.example.dogglers/com.example.dogglers.VerticalListActivity
08-04 06:28:13.509   752   770 I SurfaceFlinger: id=173988 Removed Surface(name=e75ea59 NavigationBar0)/@0x799bb6a - animation-leash of insets_animation#1 (123)
08-04 06:28:13.509   752   770 I SurfaceFlinger: id=173987 Removed Surface(name=ac392f8 StatusBar)/@0x2bc773f - animation-leash of insets_animation#0 (123)
08-04 06:28:13.510 18365 18365 D InsetsSourceConsumer: ensureControlAlpha: for ITYPE_NAVIGATION_BAR on com.example.dogglers/com.example.dogglers.VerticalListActivity
08-04 06:28:13.511 18365 18365 D InsetsSourceConsumer: ensureControlAlpha: for ITYPE_STATUS_BAR on com.example.dogglers/com.example.dogglers.VerticalListActivity
08-04 06:28:13.514 18365 18365 I ViewRootImpl@8494825[VerticalListActivity]: MSG_WINDOW_FOCUS_CHANGED 1 1
08-04 06:28:13.522   752   752 I Layer   : id=173988 Destroyed Surface(name=e75ea59 NavigationBar0)/@0x799bb6a - animation-leash of insets_animation#1
08-04 06:28:13.522   752   752 I Layer   : id=173987 Destroyed Surface(name=ac392f8 StatusBar)/@0x2bc773f - animation-leash of insets_animation#0
08-04 06:28:13.527 18365 18365 D InputMethodManager: startInputInner - Id : 0
08-04 06:28:13.527 18365 18365 I InputMethodManager: startInputInner - mService.startInputOrWindowGainedFocus
08-04 06:28:13.528   752   752 D SurfaceFlinger: Display 4633128508267670401 HWC layers:
08-04 06:28:13.528   752   752 D SurfaceFlinger:      DEVICE | 0xe9440700 | 0102 | RGBA_8888    |    0.0    8.0 1080.0 2408.0 |    0    0 1080 2400 | com.example.dogglers/com.example.dogglers.MainActivity$_18365#0
08-04 06:28:13.528   752   752 D SurfaceFlinger:      DEVICE | 0xe8aa7f00 | 0102 | RGBA_8888    |    0.0    0.0 1080.0 2004.0 |    0  404 1080 2408 | com.example.dogglers/com.example.dogglers.VerticalListActivity$_18365#0
08-04 06:28:13.528   752   752 D SurfaceFlinger:      CLIENT | 0xe8f21680 | 0100 | RGBA_8888    |    0.0    0.0 1080.0   66.0 |    0    0 1080   66 | StatusBar$_20135#0
08-04 06:28:13.528   752   752 D SurfaceFlinger:      CLIENT | 0xe8f21080 | 0100 | RGBA_8888    |    0.0    0.0  388.0   42.0 |  692 2366 1080 2408 | SGestureOverlayWindow$_20522#0
08-04 06:28:13.528   752   752 D SurfaceFlinger:      CLIENT | 0xe8f22100 | 0100 | RGBA_8888    |    0.0    0.0 1080.0  135.0 |    0 2273 1080 2408 | NavigationBar0$_20135#0
08-04 06:28:13.528   752   752 D SurfaceFlinger:      DEVICE | 0xe943ff80 | 0108 | RGBA_8888    |    0.0    0.0 1080.0 2408.0 |    0    0 1080 2408 | BlueLightFilter$_20135#0
08-04 06:28:13.528   752   752 D SurfaceFlinger:
08-04 06:28:13.529 19836 20321 D InputMethodManagerService: mDesktopModeManager null!
08-04 06:28:13.529 19836 20321 V InputMethodManagerService: getDisplayIdOfInputMethodWindowToBeAdded : 0
08-04 06:28:13.529 19836 20321 D InputMethodManagerService: checkDisplayOfStartInputAndUpdateKeyboard display Id 0last 0
08-04 06:28:13.529 19836 20321 D InputTransport: Input channel constructed: 'ClientS', fd=875
08-04 06:28:13.529 19836 20321 D InputTransport: Input channel destroyed: 'ClientS', fd=875
08-04 06:28:13.529 19640 19640 D Zygote  : Forked child process 19513
08-04 06:28:13.534 19836 20321 I SemDvfsHyPerManager: acquire hyper - AMS_RESUME_TAIL/19836@14, type = -999
08-04 06:28:13.534 19836 20321 I SemDvfsHyPerManager: acquire hyper - AMS_ACT_LAZY/19836@15, type = -999
08-04 06:28:13.534 19652 19680 I HYPER-HAL: [RequestManager.cpp]acquire(): Acquired ID : 197021189  [19836 / 14]    HINT : AMS_RESUME_TAIL    list :
08-04 06:28:13.534 28133 28133 I HBD     : HoneyBoardService onFinishInput
08-04 06:28:13.535 28133 28133 I HBD     : a IC have been unbinding,  InputConnectionWrapper{idHash=#fa4a111 mMissingMethods=}
08-04 06:28:13.535 28133 28133 I HBD     : HoneyBoardService [PF_CL][onFinishInput]  504038 ns
08-04 06:28:13.535 28133 28133 I HBD     : HoneyBoardService [IMI] onStartInput - caller pid : 18365 , caller uid : 10292
08-04 06:28:13.535 28133 28133 I HBD     : j updateConfigs
08-04 06:28:13.535 19652 19680 I HYPER-HAL: [RequestManager.cpp]releaseLocked(): Released ID : 196981488
08-04 06:28:13.535 28133 28133 I HBD     : j isEnabledNightMode : true
08-04 06:28:13.535 28133 28133 I HBD     : a IC have been binding, InputConnectionWrapper{idHash=#fa4a111 mMissingMethods=}
08-04 06:28:13.535 28133 28133 I HBD     : h [EditorInputType]setPrivateImeOptionsToTable privateImeOptions ( null )
08-04 06:28:13.536 28133 28133 I HBD     : b incognitoMode : false
08-04 06:28:13.536 28133 28133 I HBD     : a needOff = true , isForceOff = false, isNullInputClass : true
08-04 06:28:13.537 28133 28133 I HBD     : h getDefaultInputRange : UNKNOWN
08-04 06:28:13.537 28133 28133 I HBD     : h getDefaultInputRange : UNKNOWN
08-04 06:28:13.537 28133 28133 I HBD     : h getDefaultInputRange : UNKNOWN
08-04 06:28:13.537   752  1103 I SurfaceFlinger: id=174003 createSurf (0x0),-1 flag=24004, Surface(name=a73f97f InputMethod)/@0x1e1d195 - animation-leash of insets_animation#0
08-04 06:28:13.540 28133 28133 I HBD     : h getDefaultInputRange : UNKNOWN
08-04 06:28:13.540 28133 28133 I HBD     : a currentState : 0
08-04 06:28:13.545 28133 28133 I HBD     : h load selected json path : /data/user/0/com.samsung.android.honeyboard/files/selected.json
08-04 06:28:13.545 19836 21294 D InputMethodManagerServicePhysicalKey: isConnectedDexOnPC false
08-04 06:28:13.547 28133 28133 I HBD     : h load selected json info : {"version":"4.1","currentLanguageOrder":0,"selected":[{"activeOptionList":["auto_spacing"],"engName":"English(India)","id":65555,"inputType":"qwerty","isUsed":true}]}
08-04 06:28:13.549   752   752 D SurfaceFlinger: Display 4633128508267670401 HWC layers:
08-04 06:28:13.549   752   752 D SurfaceFlinger:      DEVICE | 0xe9440700 | 0102 | RGBA_8888    |    0.0   19.0 1080.0 2408.0 |    0    0 1080 2389 | com.example.dogglers/com.example.dogglers.MainActivity$_18365#0
08-04 06:28:13.549   752   752 D SurfaceFlinger:  SOLID_COLOR |              | 0000 |  Unknown  |    0.0    0.0    0.0    0.0 |    0    0 1080 2389 | Dim Layer for - ActivityRecord{e1f9f[...].MainActivity t86} - animating-dim#0
08-04 06:28:13.549   752   752 D SurfaceFlinger:      CLIENT | 0xe8aa7f00 | 0102 | RGBA_8888    |    0.0    0.0 1080.0 2073.0 |    0  335 1080 2408 | com.example.dogglers/com.example.dogglers.VerticalListActivity$_18365#0
08-04 06:28:13.549   752   752 D SurfaceFlinger:      CLIENT | 0xe8f21680 | 0100 | RGBA_8888    |    0.0    0.0 1080.0   66.0 |    0    0 1080   66 | StatusBar$_20135#0
08-04 06:28:13.549   752   752 D SurfaceFlinger:      CLIENT | 0xe8f21080 | 0100 | RGBA_8888    |    0.0    0.0  388.0   42.0 |  692 2366 1080 2408 | SGestureOverlayWindow$_20522#0
08-04 06:28:13.549   752   752 D SurfaceFlinger:      CLIENT | 0xe8f22100 | 0100 | RGBA_8888    |    0.0    0.0 1080.0  135.0 |    0 2273 1080 2408 | NavigationBar0$_20135#0
08-04 06:28:13.549   752   752 D SurfaceFlinger:      DEVICE | 0xe943ff80 | 0108 | RGBA_8888    |    0.0    0.0 1080.0 2408.0 |    0    0
08-04 06:28:13.549   752   752 D SurfaceFlinger: 1080 2408 | BlueLightFilter$_20135#0
08-04 06:28:13.549   752   752 D SurfaceFlinger:
08-04 06:28:13.550 19836 21294 D InputMethodManagerService: isImeSwitcherDisabledPackage : false
08-04 06:28:13.553 28133 28133 I HBD     : a [UpdatePolicy] [post] a: 0 cl: 65555 kit: [0/0] vt: 0 ir: 1
08-04 06:28:13.555 28133 28133 I HBD     : HoneyBoardService [PF_OP][onStartInput]  20431384 ns
08-04 06:28:13.555   752   752 I Layer   : id=173990 removeFromCurrentState Surface(name=a73f97f InputMethod)/@0x1e1d195 - animation-leash of insets_animation#1 (122)
08-04 06:28:13.555   752   752 I SurfaceFlinger: id=173990 Removed Surface(name=a73f97f InputMethod)/@0x1e1d195 - animation-leash of insets_animation#1 (122)
