08-04 06:28:11.263 20522 17031 I RecentModel: onTaskStackChangedBackground
08-04 06:28:11.269 19836 20321 V WindowManager: Relayout Window{2327d09 u0 com.example.dogglers/androidx.test.core.app.InstrumentationActivityInvoker$EmptyActivity}: viewVisibility=0 req=1080x2408 d0
08-04 06:28:11.270   752  1103 I SurfaceFlinger: id=173953 createSurf (1x1),-3 flag=40004, com.example.dogglers/androidx.test.core.app.InstrumentationActivityInvoker$EmptyActivity$_18365#1
08-04 06:28:11.275   752  1103 I SurfaceFlinger: id=173954 createSurf (0x0),-1 flag=24000, Surface(name=ac392f8 StatusBar)/@0x2bc773f - animation-leash of insets_animation#0
08-04 06:28:11.276   752  1103 I SurfaceFlinger: id=173955 createSurf (0x0),-1 flag=24000, Surface(name=e75ea59 NavigationBar0)/@0x799bb6a - animation-leash of insets_animation#1
08-04 06:28:11.279 19836 20321 V WindowManager: Relayout hash=2327d09, pid=18365: mAttrs={(0,0)(fillxfill) sim={adjust=pan forwardNavigation} ty=BASE_APPLICATION wanim=0x1030001
08-04 06:28:11.279 19836 20321 V WindowManager:   fl=1810100
08-04 06:28:11.279 19836 20321 V WindowManager:   pfl=12020040
08-04 06:28:11.279 19836 20321 V WindowManager:   bhv=DEFAULT
08-04 06:28:11.279 19836 20321 V WindowManager:   fitSides= naviIconColor=0}
08-04 06:28:11.283 18365 18365 I ViewRootImpl@4506627[InstrumentationActivityInvoker$EmptyActivity]: Relayout returned: old=(0,0,1080,2408) new=(0,0,1080,2408) req=(1080,2408)0 dur=13 res=0x7 s={true 3056965632} ch=true fn=-1
08-04 06:28:11.285 18365 18575 D OpenGLRenderer: eglCreateWindowSurface
08-04 06:28:11.290 18365 18365 I ViewRootImpl@4506627[InstrumentationActivityInvoker$EmptyActivity]: [DP] dp(1) 1 android.view.ViewRootImpl.reportNextDraw:11410 android.view.ViewRootImpl.performTraversals:4185 android.view.ViewRootImpl.doTraversal:2911
08-04 06:28:11.290 18365 18365 D ViewRootImpl@4506627[InstrumentationActivityInvoker$EmptyActivity]: Creating frameDrawingCallback nextDrawUseBlastSync=false reportNextDraw=true hasBlurUpdates=false
08-04 06:28:11.290 18365 18365 D ViewRootImpl@4506627[InstrumentationActivityInvoker$EmptyActivity]: Creating frameCompleteCallback
08-04 06:28:11.293   752   752 I Layer   : id=173949 removeFromCurrentState Surface(name=ac392f8 StatusBar)/@0x2bc773f - animation-leash of insets_animation#1 (118)
08-04 06:28:11.293   752   752 I Layer   : id=173950 removeFromCurrentState Surface(name=e75ea59 NavigationBar0)/@0x799bb6a - animation-leash of insets_animation#0 (118)
08-04 06:28:11.295 19836 20357 D InputDispatcher: Focus request (0): 2327d09 com.example.dogglers/androidx.test.core.app.InstrumentationActivityInvoker$EmptyActivity but waiting because NOT_VISIBLE
08-04 06:28:11.298 18365 18721 D ViewRootImpl@4506627[InstrumentationActivityInvoker$EmptyActivity]: Received frameDrawingCallback frameNum=1. Creating transactionCompleteCallback=false
08-04 06:28:11.298 19173 19389 W android.vendin: ClassLoaderContext type mismatch. expected=PCL, found=DLC (PCL[] | DLC[];PCL[/data/app/~~CsNt9qy49zopxBxUzPhG0w==/com.android.vending-3Obw5IJyqr60cJ99OqSAog==/base.apk*1597710080:/data/app/~~CsNt9qy49zopxBxUzPhG0w==/com.android.vending-3Obw5IJyqr60cJ99OqSAog==/base.apk!classes2.dex*3668647008:/data/app/~~CsNt9qy49zopxBxUzPhG0w==/com.android.vending-3Obw5IJyqr60cJ99OqSAog==/base.apk!classes3.dex*4288949444:/data/app/~~CsNt9qy49zopxBxUzPhG0w==/com.android.vending-3Obw5IJyqr60cJ99OqSAog==/base.apk!classes4.dex*1403517901:/data/app/~~CsNt9qy49zopxBxUzPhG0w==/com.android.vending-3Obw5IJyqr60cJ99OqSAog==/base.apk!classes5.dex*1729283589]{PCL[/system/framework/org.apache.http.legacy.jar*128607898]})
08-04 06:28:11.302 18365 18575 D ViewRootImpl@4506627[InstrumentationActivityInvoker$EmptyActivity]: Received frameCompleteCallback  lastAcquiredFrameNum=1 lastAttemptedDrawFrameNum=1
08-04 06:28:11.304 18365 18365 I ViewRootImpl@4506627[InstrumentationActivityInvoker$EmptyActivity]: [DP] pdf(0) 1 android.view.ViewRootImpl.lambda$addFrameCompleteCallbackIfNeeded$3$ViewRootImpl:4987 android.view.ViewRootImpl$$ExternalSyntheticLambda16.run:6 android.os.Handler.handleCallback:938
08-04 06:28:11.304 18365 18365 I ViewRootImpl@4506627[InstrumentationActivityInvoker$EmptyActivity]: [DP] rdf()
08-04 06:28:11.304 18365 18365 D ViewRootImpl@4506627[InstrumentationActivityInvoker$EmptyActivity]: reportDrawFinished (fn: -1)
08-04 06:28:11.304 18365 18365 I ViewRootImpl@1536a4[InstrumentationActivityInvoker$EmptyActivity]: MSG_WINDOW_FOCUS_CHANGED 0 1
08-04 06:28:11.310 19836 19851 I ActivityTaskManager: Displayed com.example.dogglers/androidx.test.core.app.InstrumentationActivityInvoker$EmptyActivity: +221ms
08-04 06:28:11.310 19836 19855 I SemDvfsHyPerManager: acquire hyper - AMS_RESUME_TAIL/19836@14, type = -999
08-04 06:28:11.310 19836 19855 I SemDvfsHyPerManager: acquire hyper - AMS_ACT_LAZY/19836@15, type = -999
08-04 06:28:11.311 19652 19680 I HYPER-HAL: [RequestManager.cpp]acquire(): Acquired ID : 197021189  [19836 / 14]    HINT : AMS_RESUME_TAIL    list :
08-04 06:28:11.311 19652 19680 I HYPER-HAL: [RequestManager.cpp]releaseLocked(): Released ID : 196981488
08-04 06:28:11.311  1994  1994 E pageboostd: Received HALT command code 2
08-04 06:28:11.314 19173 19406 I Finsky  : [1454] hbe.a(1): DL: Creating dataloader logger using a new logging context.
08-04 06:28:11.315   752  1103 I SurfaceFlinger: id=173950 Removed Surface(name=e75ea59 NavigationBar0)/@0x799bb6a - animation-leash of insets_animation#0 (118)
08-04 06:28:11.315   752  1103 I SurfaceFlinger: id=173949 Removed Surface(name=ac392f8 StatusBar)/@0x2bc773f - animation-leash of insets_animation#1 (118)
08-04 06:28:11.316 18365 18365 D InsetsSourceConsumer: ensureControlAlpha: for ITYPE_NAVIGATION_BAR on com.example.dogglers/androidx.test.core.app.InstrumentationActivityInvoker$EmptyActivity
08-04 06:28:11.317 18365 18365 D InsetsSourceConsumer: ensureControlAlpha: for ITYPE_STATUS_BAR on com.example.dogglers/androidx.test.core.app.InstrumentationActivityInvoker$EmptyActivity
08-04 06:28:11.318 18365 18365 I ViewRootImpl@1536a4[InstrumentationActivityInvoker$EmptyActivity]: handleAppVisibility mAppVisible=true visible=false
08-04 06:28:11.326   752   752 I Layer   : id=173950 Destroyed Surface(name=e75ea59 NavigationBar0)/@0x799bb6a - animation-leash of insets_animation#0
08-04 06:28:11.326   752   752 I Layer   : id=173949 Destroyed Surface(name=ac392f8 StatusBar)/@0x2bc773f - animation-leash of insets_animation#1
08-04 06:28:11.327 19836 20357 D InputDispatcher: Focus entered window (0): 2327d09 com.example.dogglers/androidx.test.core.app.InstrumentationActivityInvoker$EmptyActivity
08-04 06:28:11.328 18365 18575 D OpenGLRenderer: setSurface called with nullptr
08-04 06:28:11.328 18365 18575 D OpenGLRenderer: setSurface() destroyed EGLSurface
08-04 06:28:11.328 18365 18575 D OpenGLRenderer: destroyEglSurface
08-04 06:28:11.328 19173 19398 I Finsky  : [1451] kdh.apply(52): Installer: Registering atomic install listeners with package installer
08-04 06:28:11.330 19836 20357 V WindowManager: Relayout Window{867df49 u0 com.example.dogglers/androidx.test.core.app.InstrumentationActivityInvoker$EmptyActivity}: viewVisibility=8 req=1080x2408 d0
08-04 06:28:11.332   752   752 D SurfaceFlinger: Display 4633128508267670401 HWC layers:
08-04 06:28:11.332   752   752 D SurfaceFlinger:      DEVICE | 0xe8f22e80 | 0102 | RGBA_8888    |    0.0    0.0 1080.0 2408.0 |    0    0 1080 2408 | com.example.dogglers/androidx.test.c[...]tivityInvoker$EmptyActivity$_18365#1
08-04 06:28:11.332   752   752 D SurfaceFlinger:      DEVICE | 0xe8f21680 | 0100 | RGBA_8888    |    0.0    0.0 1080.0   66.0 |    0    0 1080   66 | StatusBar$_20135#0
08-04 06:28:11.332   752   752 D SurfaceFlinger:      DEVICE | 0xe8f21080 | 0100 | RGBA_8888    |    0.0    0.0  388.0   42.0 |  692 2366 1080 2408 | SGestureOverlayWindow$_20522#0
08-04 06:28:11.332   752   752 D SurfaceFlinger:      DEVICE | 0xe8f22100 | 0100 | RGBA_8888    |    0.0    0.0 1080.0  135.0 |    0 2273 1080 2408 | NavigationBar0$_20135#0
08-04 06:28:11.332   752   752 D SurfaceFlinger:      DEVICE | 0xe943ff80 | 0108 | RGBA_8888    |    0.0    0.0 1080.0 2408.0 |    0    0 1080 2408 | BlueLightFilter$_20135#0
08-04 06:28:11.332   752   752 D SurfaceFlinger:
08-04 06:28:11.335 19173 19383 I Finsky  : [1444] kzg.a(69): Installer: Checking for orphaned groups
08-04 06:28:11.337 19836 20357 V WindowManager: Relayout hash=867df49, pid=18365: mAttrs={(0,0)(fillxfill) sim={adjust=pan forwardNavigation} ty=BASE_APPLICATION wanim=0x1030001
08-04 06:28:11.337 19836 20357 V WindowManager:   fl=1810100
08-04 06:28:11.337 19836 20357 V WindowManager:   pfl=12020040
08-04 06:28:11.337 19836 20357 V WindowManager:   bhv=DEFAULT
08-04 06:28:11.337 19836 20357 V WindowManager:   fitSides= naviIconColor=0}
08-04 06:28:11.340 18365 18365 I ViewRootImpl@1536a4[InstrumentationActivityInvoker$EmptyActivity]: Relayout returned: old=(0,0,1080,2408) new=(0,0,1080,2408) req=(1080,2408)8 dur=9 res=0x5 s={false 0} ch=true fn=2
08-04 06:28:11.342 18365 18365 I ViewRootImpl@1536a4[InstrumentationActivityInvoker$EmptyActivity]: stopped(true) old=false
08-04 06:28:11.343 19836 20321 D InputDispatcher: Focus left window (0): 2327d09 com.example.dogglers/androidx.test.core.app.InstrumentationActivityInvoker$EmptyActivity
08-04 06:28:11.343 18365 18365 D LifecycleMonitor: Lifecycle status change: androidx.test.core.app.InstrumentationActivityInvoker$EmptyActivity@1d2fa99 in: STOPPED
08-04 06:28:11.345 19173 19359 W android.vendin: Long monitor contention with owner Binder:19173_5 (19389) at void aaag.f()(PG:6) waiters=0 in void aaag.f() for 222ms
08-04 06:28:11.345 18365 18365 V ActivityScenario: Activity lifecycle changed event received but ignored because the intent does not match. startActivityIntent=Intent { act=android.intent.action.MAIN cat=[android.intent.category.LAUNCHER] cmp=com.example.dogglers/.MainActivity }, activity.getIntent()=Intent { act=android.intent.action.MAIN cat=[android.intent.category.LAUNCHER] flg=0x10000000 cmp=com.example.dogglers/androidx.test.core.app.InstrumentationActivityInvoker$EmptyActivity }, activity=androidx.test.core.app.InstrumentationActivityInvoker$EmptyActivity@1d2fa99
08-04 06:28:11.349 18365 18365 D LifecycleMonitor: Lifecycle status change: androidx.test.core.app.InstrumentationActivityInvoker$EmptyActivity@1d2fa99 in: DESTROYED
08-04 06:28:11.350 18365 18365 V ActivityScenario: Activity lifecycle changed event received but ignored because the intent does not match. startActivityIntent=Intent { act=android.intent.action.MAIN cat=[android.intent.category.LAUNCHER] cmp=com.example.dogglers/.MainActivity }, activity.getIntent()=Intent { act=android.intent.action.MAIN cat=[android.intent.category.LAUNCHER] flg=0x10000000 cmp=com.example.dogglers/androidx.test.core.app.InstrumentationActivityInvoker$EmptyActivity }, activity=androidx.test.core.app.InstrumentationActivityInvoker$EmptyActivity@1d2fa99
08-04 06:28:11.353 18365 18575 D OpenGLRenderer: setSurface called with nullptr
08-04 06:28:11.353 18365 18365 I ViewRootImpl@1536a4[InstrumentationActivityInvoker$EmptyActivity]: dispatchDetachedFromWindow
08-04 06:28:11.354 19836 20321 D InputTransport: Input channel destroyed: '867df49', fd=634
08-04 06:28:11.354 19836 20321 W InputManager-JNI: Input channel object '867df49 com.example.dogglers/androidx.test.core.app.InstrumentationActivityInvoker$EmptyActivity (client)' was disposed without first being removed with the input manager!
08-04 06:28:11.354 19836 20321 D InputTransport: Input channel destroyed: '867df49', fd=635
08-04 06:28:11.359   752   752 I Layer   : id=173948 removeFromCurrentState com.example.dogglers/androidx.test.core.app.InstrumentationActivityInvoker$EmptyActivity$_18365#0 (116)
08-04 06:28:11.359   752   752 I Layer   : id=173947 removeFromCurrentState 867df49 com.example.dogglers/androidx.test.core.app.InstrumentationActivityInvoker$EmptyActivity#0 (116)
08-04 06:28:11.359 18365 18365 D InputTransport: Input channel destroyed: '867df49', fd=121
08-04 06:28:11.359   752   752 I SurfaceFlinger: id=173947 Removed 867df49 com.example.dogglers/androidx.test.core.app.InstrumentationActivityInvoker$EmptyActivity#0 (116)
08-04 06:28:11.359   752   752 I SurfaceFlinger: id=173948 Removed com.example.dogglers/androidx.test.core.app.InstrumentationActivityInvoker$EmptyActivity$_18365#0 (116)
08-04 06:28:11.359   752   752 I Layer   : id=173947 Destroyed 867df49 com.example.dogglers/androidx.test.core.app.InstrumentationActivityInvoker$EmptyActivity#0
08-04 06:28:11.359   752   752 I Layer   : id=173948 Destroyed com.example.dogglers/androidx.test.core.app.InstrumentationActivityInvoker$EmptyActivity$_18365#0
08-04 06:28:11.364 18365 18365 D LifecycleMonitor: Lifecycle status change: androidx.test.core.app.InstrumentationActivityInvoker$EmptyActivity@aa6fa28 in: PAUSED
08-04 06:28:11.365 18365 18365 V ActivityScenario: Activity lifecycle changed event received but ignored because the intent does not match. startActivityIntent=Intent { act=android.intent.action.MAIN cat=[android.intent.category.LAUNCHER] cmp=com.example.dogglers/.MainActivity }, activity.getIntent()=Intent { act=android.intent.action.MAIN cat=[android.intent.category.LAUNCHER] flg=0x10000000 cmp=com.example.dogglers/androidx.test.core.app.InstrumentationActivityInvoker$EmptyActivity }, activity=androidx.test.core.app.InstrumentationActivityInvoker$EmptyActivity@aa6fa28
08-04 06:28:11.366 19836 20356 I SemDvfsHyPerManager: acquire hyper - AMS_ACT_RESUME/19836@16, type = -999
08-04 06:28:11.367 19652 19680 I HYPER-HAL: [RequestManager.cpp]acquire(): Acquired ID : 197060894  [19836 / 16]    HINT : AMS_ACT_RESUME    list :
08-04 06:28:11.368 19836 20356 D InputDispatcher: Focused application set to (0): 365e553
08-04 06:28:11.377 18365 18365 I ViewRootImpl@4506627[InstrumentationActivityInvoker$EmptyActivity]: MSG_WINDOW_FOCUS_CHANGED 0 1
08-04 06:28:11.377 19173 19194 I Finsky  : [1390] ggo.a(14): com.discord: Account determined from installer data - [nwKUr-6m_-XJfDPzipHsNuNm648bA5tAdhYgJip0IXI]
08-04 06:28:11.378 19173 19194 I Finsky  : [1390] ggo.a(63): Billing preferred account via installer for com.discord: [nwKUr-6m_-XJfDPzipHsNuNm648bA5tAdhYgJip0IXI]
08-04 06:28:11.378 18365 18365 I ViewRootImpl@4506627[InstrumentationActivityInvoker$EmptyActivity]: MSG_WINDOW_FOCUS_CHANGED 0 1
08-04 06:28:11.378 18365 18365 I ViewRootImpl@f18cefd[GridListActivity]: handleAppVisibility mAppVisible=false visible=true
08-04 06:28:11.379 19836 19854 I SemPersonaManager: SecureFolder personaId = 10
08-04 06:28:11.379 18365 18365 I ViewRootImpl@f18cefd[GridListActivity]: stopped(false) old=true
08-04 06:28:11.379 18365 18365 D LifecycleMonitor: Lifecycle status change: com.example.dogglers.GridListActivity@65321bf in: RESTARTED
08-04 06:28:11.381 18365 18365 V ActivityScenario: Activity lifecycle changed event received but ignored because the intent does not match. startActivityIntent=Intent { act=android.intent.action.MAIN cat=[android.intent.category.LAUNCHER] cmp=com.example.dogglers/.MainActivity }, activity.getIntent()=Intent { cmp=com.example.dogglers/.GridListActivity }, activity=com.example.dogglers.GridListActivity@65321bf
08-04 06:28:11.382 18365 18365 D LifecycleMonitor: Lifecycle status change: com.example.dogglers.GridListActivity@65321bf in: STARTED
08-04 06:28:11.383 19173 19359 I Finsky  : [1442] ggo.a(14): com.supercell.clashofclans: Account determined from installer data - [nwKUr-6m_-XJfDPzipHsNuNm648bA5tAdhYgJip0IXI]
08-04 06:28:11.383 19173 19382 I Finsky  : [1445] ggo.a(14): com.discord: Account determined from installer data - [nwKUr-6m_-XJfDPzipHsNuNm648bA5tAdhYgJip0IXI]
08-04 06:28:11.383 19173 19382 I Finsky  : [1445] ggo.a(63): Billing preferred account via installer for com.discord: [nwKUr-6m_-XJfDPzipHsNuNm648bA5tAdhYgJip0IXI]
08-04 06:28:11.383 18365 18365 V ActivityScenario: Activity lifecycle changed event received but ignored because the intent does not match. startActivityIntent=Intent { act=android.intent.action.MAIN cat=[android.intent.category.LAUNCHER] cmp=com.example.dogglers/.MainActivity }, activity.getIntent()=Intent { cmp=com.example.dogglers/.GridListActivity }, activity=com.example.dogglers.GridListActivity@65321bf
08-04 06:28:11.385 18365 18365 I ViewRootImpl@f18cefd[GridListActivity]: stopped(false) old=false
08-04 06:28:11.386 18365 18365 D LifecycleMonitor: Lifecycle status change: com.example.dogglers.GridListActivity@65321bf in: RESUMED
08-04 06:28:11.387 18365 18365 V ActivityScenario: Activity lifecycle changed event received but ignored because the intent does not match. startActivityIntent=Intent { act=android.intent.action.MAIN cat=[android.intent.category.LAUNCHER] cmp=com.example.dogglers/.MainActivity }, activity.getIntent()=Intent { cmp=com.example.dogglers/.GridListActivity }, activity=com.example.dogglers.GridListActivity@65321bf
08-04 06:28:11.389 19173 19359 I Finsky  : [1442] ggo.a(63): Billing preferred account via installer for com.supercell.clashofclans: [nwKUr-6m_-XJfDPzipHsNuNm648bA5tAdhYgJip0IXI]
08-04 06:28:11.389 19836 19894 D AnalyticsContainerHandler: handleMessage : { when=0 what=1 target=com.android.server.knox.KnoxAnalyticsContainer$AnalyticsHandler }
08-04 06:28:11.390 19173 19194 I Finsky  : [1390] ggo.a(14): com.discord: Account determined from installer data - [nwKUr-6m_-XJfDPzipHsNuNm648bA5tAdhYgJip0IXI]
08-04 06:28:11.391 19173 19382 I Finsky  : [1445] ggo.a(14): com.discord: Account determined from installer data - [nwKUr-6m_-XJfDPzipHsNuNm648bA5tAdhYgJip0IXI]
08-04 06:28:11.391 19173 19194 I Finsky  : [1390] ggo.a(63): Billing preferred account via installer for com.discord: [nwKUr-6m_-XJfDPzipHsNuNm648bA5tAdhYgJip0IXI]
08-04 06:28:11.391 19173 19382 I Finsky  : [1445] ggo.a(63): Billing preferred account via installer for com.discord: [nwKUr-6m_-XJfDPzipHsNuNm648bA5tAdhYgJip0IXI]
08-04 06:28:11.392   752   752 I Layer   : id=173946 removeFromCurrentState ActivityRecord{bf421af u0 com.example.dogglers/androidx.test.core.app.InstrumentationActivityInvoker$EmptyActivity t85}#0 (114)
08-04 06:28:11.392   752   752 I SurfaceFlinger: id=173946 Removed ActivityRecord{bf421af u0 com.example.dogglers/androidx.test.core.app.InstrumentationActivityInvoker$EmptyActivity t85}#0 (114)
08-04 06:28:11.392 19173 19193 I Finsky  : [1389] ggo.a(14): com.discord: Account determined from installer data - [nwKUr-6m_-XJfDPzipHsNuNm648bA5tAdhYgJip0IXI]
08-04 06:28:11.392   752   752 I Layer   : id=173946 Destroyed ActivityRecord{bf421af u0 com.example.dogglers/androidx.test.core.app.InstrumentationActivityInvoker$EmptyActivity t85}#0
08-04 06:28:11.393 19173 19193 I Finsky  : [1389] ggo.a(63): Billing preferred account via installer for com.discord: [nwKUr-6m_-XJfDPzipHsNuNm648bA5tAdhYgJip0IXI]
08-04 06:28:11.394 19173 19389 I Finsky  : [1447] ggo.a(14): com.discord: Account determined from installer data - [nwKUr-6m_-XJfDPzipHsNuNm648bA5tAdhYgJip0IXI]
08-04 06:28:11.394 19173 19389 I Finsky  : [1447] ggo.a(63): Billing preferred account via installer for com.discord: [nwKUr-6m_-XJfDPzipHsNuNm648bA5tAdhYgJip0IXI]
08-04 06:28:11.396 18365 18575 D OpenGLRenderer: setSurface called with nullptr
08-04 06:28:11.397 19836 19854 D EnterpriseDeviceManagerService: isMdmAdminPresentInternal() : MDM Admin Found - com.samsung.android.knox.containercore
08-04 06:28:11.398 19836 21401 I MediaSessionMonitor: Media session stopped : controllerList empty
08-04 06:28:11.398 19836 20356 V WindowManager: Relayout Window{da21dbb u0 com.example.dogglers/com.example.dogglers.GridListActivity}: viewVisibility=0 req=1080x2408 d0
08-04 06:28:11.399   752   770 I SurfaceFlinger: id=173956 createSurf (1080x2408),-3 flag=40004, com.example.dogglers/com.example.dogglers.GridListActivity$_18365#0
08-04 06:28:11.403 19173 19194 I Finsky  : [1390] ggo.a(14): com.discord: Account determined from installer data - [nwKUr-6m_-XJfDPzipHsNuNm648bA5tAdhYgJip0IXI]
08-04 06:28:11.404 19173 19194 I Finsky  : [1390] ggo.a(63): Billing preferred account via installer for com.discord: [nwKUr-6m_-XJfDPzipHsNuNm648bA5tAdhYgJip0IXI]
08-04 06:28:11.405 19173 19193 I Finsky  : [1389] ggo.a(14): com.discord: Account determined from installer data - [nwKUr-6m_-XJfDPzipHsNuNm648bA5tAdhYgJip0IXI]
08-04 06:28:11.405   752   770 I SurfaceFlinger: id=173957 createSurf (0x0),-1 flag=24000, Surface(name=ac392f8 StatusBar)/@0x2bc773f - animation-leash of insets_animation#1
08-04 06:28:11.405 19173 19193 I Finsky  : [1389] ggo.a(63): Billing preferred account via installer for com.discord: [nwKUr-6m_-XJfDPzipHsNuNm648bA5tAdhYgJip0IXI]
08-04 06:28:11.407 19173 19382 I Finsky  : [1445] ggo.a(14): com.discord: Account determined from installer data - [nwKUr-6m_-XJfDPzipHsNuNm648bA5tAdhYgJip0IXI]
08-04 06:28:11.407   752   770 I SurfaceFlinger: id=173958 createSurf (0x0),-1 flag=24000, Surface(name=e75ea59 NavigationBar0)/@0x799bb6a - animation-leash of insets_animation#0
08-04 06:28:11.407 19173 19382 I Finsky  : [1445] ggo.a(63): Billing preferred account via installer for com.discord: [nwKUr-6m_-XJfDPzipHsNuNm648bA5tAdhYgJip0IXI]
08-04 06:28:11.410 19173 19382 I Finsky  : [1445] ggo.a(14): com.discord: Account determined from installer data - [nwKUr-6m_-XJfDPzipHsNuNm648bA5tAdhYgJip0IXI]
08-04 06:28:11.410 19173 19382 I Finsky  : [1445] ggo.a(63): Billing preferred account via installer for com.discord: [nwKUr-6m_-XJfDPzipHsNuNm648bA5tAdhYgJip0IXI]
08-04 06:28:11.411 19836 20356 V WindowManager: Relayout hash=da21dbb, pid=18365: mAttrs={(0,0)(fillxfill) sim={adjust=resize} ty=BASE_APPLICATION wanim=0x1030303
08-04 06:28:11.411 19836 20356 V WindowManager:   fl=81810100
08-04 06:28:11.411 19836 20356 V WindowManager:   pfl=12020040
08-04 06:28:11.411 19836 20356 V WindowManager:   bhv=DEFAULT
08-04 06:28:11.411 19836 20356 V WindowManager:   fitSides= naviIconColor=0}
08-04 06:28:11.415 18365 18365 I ViewRootImpl@f18cefd[GridListActivity]: Relayout returned: old=(0,0,1080,2408) new=(0,0,1080,2408) req=(1080,2408)0 dur=17 res=0x7 s={true 3934049280} ch=true fn=-1
08-04 06:28:11.416 18365 18575 D OpenGLRenderer: eglCreateWindowSurface
08-04 06:28:11.417 18365 18365 I ViewRootImpl@f18cefd[GridListActivity]: [DP] dp(1) 1 android.view.ViewRootImpl.reportNextDraw:11410 android.view.ViewRootImpl.performTraversals:4185 android.view.ViewRootImpl.doTraversal:2911
08-04 06:28:11.417 18365 18365 D ViewRootImpl@f18cefd[GridListActivity]: Creating frameDrawingCallback nextDrawUseBlastSync=false reportNextDraw=true hasBlurUpdates=false
08-04 06:28:11.417 18365 18365 D ViewRootImpl@f18cefd[GridListActivity]: Creating frameCompleteCallback
08-04 06:28:11.425 19173 19194 I Finsky  : [1390] ggo.a(14): com.discord: Account determined from installer data - [nwKUr-6m_-XJfDPzipHsNuNm648bA5tAdhYgJip0IXI]
08-04 06:28:11.426 19173 19194 I Finsky  : [1390] ggo.a(63): Billing preferred account via installer for com.discord: [nwKUr-6m_-XJfDPzipHsNuNm648bA5tAdhYgJip0IXI]
08-04 06:28:11.435 19173 19359 I Finsky  : [1442] ggo.a(14): com.discord: Account determined from installer data - [nwKUr-6m_-XJfDPzipHsNuNm648bA5tAdhYgJip0IXI]
08-04 06:28:11.436 19173 19393 I Finsky  : [1449] ggo.a(14): com.discord: Account determined from installer data - [nwKUr-6m_-XJfDPzipHsNuNm648bA5tAdhYgJip0IXI]
08-04 06:28:11.437 19173 19393 I Finsky  : [1449] ggo.a(63): Billing preferred account via installer for com.discord: [nwKUr-6m_-XJfDPzipHsNuNm648bA5tAdhYgJip0IXI]
08-04 06:28:11.438 19173 19392 I Finsky  : [1448] ggo.a(14): com.discord: Account determined from installer data - [nwKUr-6m_-XJfDPzipHsNuNm648bA5tAdhYgJip0IXI]
08-04 06:28:11.438 19173 19392 I Finsky  : [1448] ggo.a(63): Billing preferred account via installer for com.discord: [nwKUr-6m_-XJfDPzipHsNuNm648bA5tAdhYgJip0IXI]
08-04 06:28:11.441 19173 19359 I Finsky  : [1442] ggo.a(63): Billing preferred account via installer for com.discord: [nwKUr-6m_-XJfDPzipHsNuNm648bA5tAdhYgJip0IXI]
08-04 06:28:11.442   752   752 I Layer   : id=173954 removeFromCurrentState Surface(name=ac392f8 StatusBar)/@0x2bc773f - animation-leash of insets_animation#0 (116)
08-04 06:28:11.442   752   752 I Layer   : id=173498 removeFromCurrentState ac392f8 StatusBar#0 (116)
08-04 06:28:11.442   752   752 I Layer   : id=173510 removeFromCurrentState StatusBar$_20135#0 (116)
08-04 06:28:11.442   752   752 I Layer   : id=173498 addToCurrentState ac392f8 StatusBar#0 (116)
08-04 06:28:11.442   752   752 I Layer   : id=173510 addToCurrentState StatusBar$_20135#0 (116)
08-04 06:28:11.442   752   752 I Layer   : id=173955 removeFromCurrentState Surface(name=e75ea59 NavigationBar0)/@0x799bb6a - animation-leash of insets_animation#1 (116)
08-04 06:28:11.444 19836 22762 D InputDispatcher: Focus request (0): da21dbb com.example.dogglers/com.example.dogglers.GridListActivity but waiting because NOT_VISIBLE
08-04 06:28:11.449 19173 19419 I Finsky  : [1461] ggo.a(14): com.discord: Account determined from installer data - [nwKUr-6m_-XJfDPzipHsNuNm648bA5tAdhYgJip0IXI]
08-04 06:28:11.450 19173 19419 I Finsky  : [1461] ggo.a(63): Billing preferred account via installer for com.discord: [nwKUr-6m_-XJfDPzipHsNuNm648bA5tAdhYgJip0IXI]
08-04 06:28:11.450 19173 19393 I Finsky  : [1449] ggo.a(14): com.discord: Account determined from installer data - [nwKUr-6m_-XJfDPzipHsNuNm648bA5tAdhYgJip0IXI]
08-04 06:28:11.450 19836 20059 D SemNscXgbMsL1: Probability - Cloud gaming: [0.01731772]
08-04 06:28:11.450 19836 20059 D SemNscXgbMsL1: Probability - Real time: [0.37320003]
08-04 06:28:11.450 19836 20059 D SemNscXgbMsL1: Probability - Non real time: [0.9428993]
08-04 06:28:11.450 19836 20059 D SemNscXgbMsL1: 1 sample inference time: 0.5425 msecs
08-04 06:28:11.450 19173 19393 I Finsky  : [1449] ggo.a(63): Billing preferred account via installer for com.discord: [nwKUr-6m_-XJfDPzipHsNuNm648bA5tAdhYgJip0IXI]
08-04 06:28:11.451 19836 20059 D SemNscXgbL2Rt: L2 RT 1 sample inference time: 0.85 msecs
08-04 06:28:11.452 19836 20059 D SemNscXgbL2Nrt: L2 NRT 1 sample inference time: 0.825577 msecs
08-04 06:28:11.452 19173 19419 I Finsky  : [1461] ggo.a(14): com.discord: Account determined from installer data - [nwKUr-6m_-XJfDPzipHsNuNm648bA5tAdhYgJip0IXI]
08-04 06:28:11.453 19173 19419 I Finsky  : [1461] ggo.a(63): Billing preferred account via installer for com.discord: [nwKUr-6m_-XJfDPzipHsNuNm648bA5tAdhYgJip0IXI]
08-04 06:28:11.454 19173 19393 I Finsky  : [1449] ggo.a(14): com.discord: Account determined from installer data - [nwKUr-6m_-XJfDPzipHsNuNm648bA5tAdhYgJip0IXI]
08-04 06:28:11.455 19173 19393 I Finsky  : [1449] ggo.a(63): Billing preferred account via installer for com.discord: [nwKUr-6m_-XJfDPzipHsNuNm648bA5tAdhYgJip0IXI]
08-04 06:28:11.459 19173 19398 I Finsky  : [1451] irn.g(1): getDownloads()
08-04 06:28:11.466 18365 18720 D ViewRootImpl@f18cefd[GridListActivity]: Received frameDrawingCallback frameNum=1. Creating transactionCompleteCallback=false
08-04 06:28:11.469 19173 19389 I Finsky  : [1447] ggo.a(14): com.discord: Account determined from installer data - [nwKUr-6m_-XJfDPzipHsNuNm648bA5tAdhYgJip0IXI]
08-04 06:28:11.470 19173 19389 I Finsky  : [1447] ggo.a(63): Billing preferred account via installer for com.discord: [nwKUr-6m_-XJfDPzipHsNuNm648bA5tAdhYgJip0IXI]
08-04 06:28:11.470 18365 18575 D ViewRootImpl@f18cefd[GridListActivity]: Received frameCompleteCallback  lastAcquiredFrameNum=1 lastAttemptedDrawFrameNum=1
08-04 06:28:11.471 18365 18365 I ViewRootImpl@f18cefd[GridListActivity]: [DP] pdf(0) 1 android.view.ViewRootImpl.lambda$addFrameCompleteCallbackIfNeeded$3$ViewRootImpl:4987 android.view.ViewRootImpl$$ExternalSyntheticLambda16.run:6 android.os.Handler.handleCallback:938
08-04 06:28:11.471 18365 18365 I ViewRootImpl@f18cefd[GridListActivity]: [DP] rdf()
08-04 06:28:11.471 18365 18365 D ViewRootImpl@f18cefd[GridListActivity]: reportDrawFinished (fn: -1)
08-04 06:28:11.473   752   770 I SurfaceFlinger: id=173955 Removed Surface(name=e75ea59 NavigationBar0)/@0x799bb6a - animation-leash of insets_animation#1 (116)
08-04 06:28:11.473   752   770 I SurfaceFlinger: id=173954 Removed Surface(name=ac392f8 StatusBar)/@0x2bc773f - animation-leash of insets_animation#0 (116)
08-04 06:28:11.473 18365 18365 D InsetsSourceConsumer: ensureControlAlpha: for ITYPE_NAVIGATION_BAR on com.example.dogglers/com.example.dogglers.GridListActivity
08-04 06:28:11.474 19173 19392 I Finsky  : [1448] ggo.a(14): com.discord: Account determined from installer data - [nwKUr-6m_-XJfDPzipHsNuNm648bA5tAdhYgJip0IXI]
08-04 06:28:11.475 19173 19392 I Finsky  : [1448] ggo.a(63): Billing preferred account via installer for com.discord: [nwKUr-6m_-XJfDPzipHsNuNm648bA5tAdhYgJip0IXI]
08-04 06:28:11.475 18365 18365 D InsetsSourceConsumer: ensureControlAlpha: for ITYPE_STATUS_BAR on com.example.dogglers/com.example.dogglers.GridListActivity
08-04 06:28:11.475   752   752 I Layer   : id=173955 Destroyed Surface(name=e75ea59 NavigationBar0)/@0x799bb6a - animation-leash of insets_animation#1
08-04 06:28:11.475   752   752 I Layer   : id=173954 Destroyed Surface(name=ac392f8 StatusBar)/@0x2bc773f - animation-leash of insets_animation#0
08-04 06:28:11.477 18365 18539 I TestRunner: finished: clicking_grid_list_button_displays_grid_list(com.example.dogglers.ButtonTests)
