08-04 06:28:18.148   752   752 I SurfaceFlinger: id=174084 Removed ActivityRecord{c12d97f u0 com.example.dogglers/androidx.test.core.app.InstrumentationActivityInvoker$BootstrapActivity t88}#0 (113)
08-04 06:28:18.148   752   752 I Layer   : id=174084 Destroyed ActivityRecord{c12d97f u0 com.example.dogglers/androidx.test.core.app.InstrumentationActivityInvoker$BootstrapActivity t88}#0
08-04 06:28:18.148 18365 18365 D LifecycleMonitor: Lifecycle status change: androidx.test.core.app.InstrumentationActivityInvoker$EmptyActivity@63d8c12 in: PRE_ON_CREATE
08-04 06:28:18.150 18365 18365 V ActivityScenario: Activity lifecycle changed event received but ignored because the intent does not match. startActivityIntent=Intent { act=android.intent.action.MAIN cat=[android.intent.category.LAUNCHER] cmp=com.example.dogglers/.MainActivity }, activity.getIntent()=Intent { act=android.intent.action.MAIN cat=[android.intent.category.LAUNCHER] flg=0x10000000 cmp=com.example.dogglers/androidx.test.core.app.InstrumentationActivityInvoker$EmptyActivity }, activity=androidx.test.core.app.InstrumentationActivityInvoker$EmptyActivity@63d8c12
08-04 06:28:18.158 18365 18365 I DecorView: [INFO] isPopOver=false, config=true
08-04 06:28:18.158 18365 18365 I DecorView: updateCaptionType >> DecorView@c15de0[], isFloating=false, isApplication=true, hasWindowControllerCallback=true, hasWindowDecorCaption=false
08-04 06:28:18.159 18365 18365 D DecorView: setCaptionType = 0, this = DecorView@c15de0[]
08-04 06:28:18.164 18365 18365 I DecorView: getCurrentDensityDpi: from real metrics. densityDpi=450 msg=resources_loaded
08-04 06:28:18.166 18365 18365 D LifecycleMonitor: Lifecycle status change: androidx.test.core.app.InstrumentationActivityInvoker$EmptyActivity@63d8c12 in: CREATED
08-04 06:28:18.167 18365 18365 V ActivityScenario: Activity lifecycle changed event received but ignored because the intent does not match. startActivityIntent=Intent { act=android.intent.action.MAIN cat=[android.intent.category.LAUNCHER] cmp=com.example.dogglers/.MainActivity }, activity.getIntent()=Intent { act=android.intent.action.MAIN cat=[android.intent.category.LAUNCHER] flg=0x10000000 cmp=com.example.dogglers/androidx.test.core.app.InstrumentationActivityInvoker$EmptyActivity }, activity=androidx.test.core.app.InstrumentationActivityInvoker$EmptyActivity@63d8c12
08-04 06:28:18.170 18365 18365 D LifecycleMonitor: Lifecycle status change: androidx.test.core.app.InstrumentationActivityInvoker$EmptyActivity@63d8c12 in: STARTED
08-04 06:28:18.171 18365 18365 V ActivityScenario: Activity lifecycle changed event received but ignored because the intent does not match. startActivityIntent=Intent { act=android.intent.action.MAIN cat=[android.intent.category.LAUNCHER] cmp=com.example.dogglers/.MainActivity }, activity.getIntent()=Intent { act=android.intent.action.MAIN cat=[android.intent.category.LAUNCHER] flg=0x10000000 cmp=com.example.dogglers/androidx.test.core.app.InstrumentationActivityInvoker$EmptyActivity }, activity=androidx.test.core.app.InstrumentationActivityInvoker$EmptyActivity@63d8c12
08-04 06:28:18.173 18365 18365 D LifecycleMonitor: Lifecycle status change: androidx.test.core.app.InstrumentationActivityInvoker$EmptyActivity@63d8c12 in: RESUMED
08-04 06:28:18.175 19839 19839 D ConnectivityManager: StackLog: [android.net.ConnectivityManager.sendRequestForNetwork(ConnectivityManager.java:4124)] [android.net.ConnectivityManager.registerDefaultNetworkCallbackForUid(ConnectivityManager.java:4688)] [android.net.ConnectivityManager.registerDefaultNetworkCallback(ConnectivityManager.java:4655)] [android.net.ConnectivityManager.registerDefaultNetworkCallback(ConnectivityManager.java:4629)] [irc.a(PG:2)] [gat.a(PG:49)] [alwz.a(PG:1)] [gau.i(PG:4)] [com.google.android.finsky.ipcservers.background.BackgroundGrpcServerAndroidService.c(Unknown Source:8)] [mcv.onCreate(PG:3)] [com.google.android.finsky.ipcservers.background.BackgroundGrpcServerAndroidService.onCreate(PG:1)] [android.app.ActivityThread.handleCreateService(ActivityThread.java:4940)] [android.app.ActivityThread.access$1800(ActivityThread.java:310)] [android.app.ActivityThread$H.handleMessage(ActivityThread.java:2300)]
08-04 06:28:18.175 18365 18365 V ActivityScenario: Activity lifecycle changed event received but ignored because the intent does not match. startActivityIntent=Intent { act=android.intent.action.MAIN cat=[android.intent.category.LAUNCHER] cmp=com.example.dogglers/.MainActivity }, activity.getIntent()=Intent { act=android.intent.action.MAIN cat=[android.intent.category.LAUNCHER] flg=0x10000000 cmp=com.example.dogglers/androidx.test.core.app.InstrumentationActivityInvoker$EmptyActivity }, activity=androidx.test.core.app.InstrumentationActivityInvoker$EmptyActivity@63d8c12
08-04 06:28:18.177 19836 21294 D ConnectivityService: requestNetwork for uid/pid:10186/19839 activeRequest: null callbackRequest: 1062 [NetworkRequest [ REQUEST id=1063, [ Capabilities: INTERNET&NOT_RESTRICTED&TRUSTED&NOT_VCN_MANAGED Uid: 10186 RequestorUid: 10186 RequestorPkg: com.android.vending UnderlyingNetworks: Null] ]] callback flags: 0 order: 2147483647
08-04 06:28:18.178 19836 20005 D ConnectivityService: NetworkReassignment :
08-04 06:28:18.178 19836 20005 D ConnectivityService:   1063 : null  105
08-04 06:28:18.178 19836 20005 D ConnectivityService:    accepting network in place of null
08-04 06:28:18.180 19836 19989 D WifiNetworkFactory: got request NetworkRequest [ REQUEST id=1063, [ Capabilities: INTERNET&NOT_RESTRICTED&TRUSTED&NOT_VCN_MANAGED Uid: 10186 RequestorUid: 10186 RequestorPkg: com.android.vending UnderlyingNetworks: Null] ]
08-04 06:28:18.180 19836 19989 D UntrustedWifiNetworkFactory: got request NetworkRequest [ REQUEST id=1063, [ Capabilities: INTERNET&NOT_RESTRICTED&TRUSTED&NOT_VCN_MANAGED Uid: 10186 RequestorUid: 10186 RequestorPkg: com.android.vending UnderlyingNetworks: Null] ]
08-04 06:28:18.181 19836 19989 D OemPaidWifiNetworkFactory: got request NetworkRequest [ REQUEST id=1063, [ Capabilities: INTERNET&NOT_RESTRICTED&TRUSTED&NOT_VCN_MANAGED Uid: 10186 RequestorUid: 10186 RequestorPkg: com.android.vending UnderlyingNetworks: Null] ]
08-04 06:28:18.182 19836 21294 D InputTransport: Input channel constructed: 'a7b2e2d', fd=708
08-04 06:28:18.182 19836 21294 D InputTransport: Input channel constructed: 'a7b2e2d', fd=847
08-04 06:28:18.182 19836 21294 D InputTransport: Input channel constructed: 'a7b2e2d', fd=848
08-04 06:28:18.183   752  1103 I SurfaceFlinger: id=174113 createSurf (0x0),-1 flag=80004, a7b2e2d com.example.dogglers/androidx.test.core.app.InstrumentationActivityInvoker$EmptyActivity#0
08-04 06:28:18.184 19836 21294 D InputTransport: Input channel destroyed: 'a7b2e2d', fd=848
08-04 06:28:18.186 18365 18365 I ViewRootImpl@82f6899[InstrumentationActivityInvoker$EmptyActivity]: setView = com.android.internal.policy.DecorView@c15de0 TM=true
08-04 06:28:18.187 19836 19894 D AnalyticsContainerHandler: handleMessage : { when=0 what=1 target=com.android.server.knox.KnoxAnalyticsContainer$AnalyticsHandler }
08-04 06:28:18.187 18365 18365 I ViewRootImpl@432bfba[InstrumentationActivityInvoker$EmptyActivity]: MSG_WINDOW_FOCUS_CHANGED 0 1
08-04 06:28:18.205 19836 21294 V WindowManager: Relayout Window{a7b2e2d u0 com.example.dogglers/androidx.test.core.app.InstrumentationActivityInvoker$EmptyActivity}: viewVisibility=0 req=1080x2408 d0
08-04 06:28:18.206   752  1103 I SurfaceFlinger: id=174114 createSurf (1x1),-3 flag=40004, com.example.dogglers/androidx.test.core.app.InstrumentationActivityInvoker$EmptyActivity$_18365#1
08-04 06:28:18.210   752  1103 I SurfaceFlinger: id=174115 createSurf (0x0),-1 flag=24000, Surface(name=ac392f8 StatusBar)/@0x2bc773f - animation-leash of insets_animation#0
08-04 06:28:18.211   752  1103 I SurfaceFlinger: id=174116 createSurf (0x0),-1 flag=24000, Surface(name=e75ea59 NavigationBar0)/@0x799bb6a - animation-leash of insets_animation#1
08-04 06:28:18.214 19836 21294 V WindowManager: Relayout hash=a7b2e2d, pid=18365: mAttrs={(0,0)(fillxfill) sim={adjust=pan forwardNavigation} ty=BASE_APPLICATION wanim=0x1030001
08-04 06:28:18.214 19836 21294 V WindowManager:   fl=1810100
08-04 06:28:18.214 19836 21294 V WindowManager:   pfl=12020040
08-04 06:28:18.214 19836 21294 V WindowManager:   bhv=DEFAULT
08-04 06:28:18.214 19836 21294 V WindowManager:   fitSides= naviIconColor=0}
08-04 06:28:18.218 20522 20560 I RecentModel: onTaskStackChangedBackground
08-04 06:28:18.219 18365 18365 I ViewRootImpl@82f6899[InstrumentationActivityInvoker$EmptyActivity]: Relayout returned: old=(0,0,1080,2408) new=(0,0,1080,2408) req=(1080,2408)0 dur=13 res=0x7 s={true 3056951296} ch=true fn=-1
08-04 06:28:18.220 19839 20003 I Finsky:background: [1414] ipd.f(1): getDownloads()
08-04 06:28:18.221 18365 18575 D OpenGLRenderer: eglCreateWindowSurface
08-04 06:28:18.223 18365 18365 I ViewRootImpl@82f6899[InstrumentationActivityInvoker$EmptyActivity]: [DP] dp(1) 1 android.view.ViewRootImpl.reportNextDraw:11410 android.view.ViewRootImpl.performTraversals:4185 android.view.ViewRootImpl.doTraversal:2911
08-04 06:28:18.224 18365 18365 D ViewRootImpl@82f6899[InstrumentationActivityInvoker$EmptyActivity]: Creating frameDrawingCallback nextDrawUseBlastSync=false reportNextDraw=true hasBlurUpdates=false
08-04 06:28:18.224 18365 18365 D ViewRootImpl@82f6899[InstrumentationActivityInvoker$EmptyActivity]: Creating frameCompleteCallback
08-04 06:28:18.228 18365 18720 D ViewRootImpl@82f6899[InstrumentationActivityInvoker$EmptyActivity]: Received frameDrawingCallback frameNum=1. Creating transactionCompleteCallback=false
08-04 06:28:18.231   752   752 I Layer   : id=174109 removeFromCurrentState Surface(name=ac392f8 StatusBar)/@0x2bc773f - animation-leash of insets_animation#1 (116)
08-04 06:28:18.231   752   752 I Layer   : id=174110 removeFromCurrentState Surface(name=e75ea59 NavigationBar0)/@0x799bb6a - animation-leash of insets_animation#0 (116)
08-04 06:28:18.232 18365 18575 D ViewRootImpl@82f6899[InstrumentationActivityInvoker$EmptyActivity]: Received frameCompleteCallback  lastAcquiredFrameNum=1 lastAttemptedDrawFrameNum=1
08-04 06:28:18.233 19836 19850 D InputDispatcher: Focus request (0): a7b2e2d com.example.dogglers/androidx.test.core.app.InstrumentationActivityInvoker$EmptyActivity but waiting because NOT_VISIBLE
08-04 06:28:18.233 19578 19636 I Finsky  : [1431] irn.g(1): getDownloads()
08-04 06:28:18.234 18365 18365 I ViewRootImpl@82f6899[InstrumentationActivityInvoker$EmptyActivity]: [DP] pdf(0) 1 android.view.ViewRootImpl.lambda$addFrameCompleteCallbackIfNeeded$3$ViewRootImpl:4987 android.view.ViewRootImpl$$ExternalSyntheticLambda16.run:6 android.os.Handler.handleCallback:938
08-04 06:28:18.234 18365 18365 I ViewRootImpl@82f6899[InstrumentationActivityInvoker$EmptyActivity]: [DP] rdf()
08-04 06:28:18.234 18365 18365 D ViewRootImpl@82f6899[InstrumentationActivityInvoker$EmptyActivity]: reportDrawFinished (fn: -1)
08-04 06:28:18.235 19839 20003 I Finsky:background: [1414] ipd.f(1): getDownloads()
08-04 06:28:18.237 18365 18365 D InsetsSourceConsumer: ensureControlAlpha: for ITYPE_NAVIGATION_BAR on com.example.dogglers/androidx.test.core.app.InstrumentationActivityInvoker$EmptyActivity
08-04 06:28:18.238 18365 18365 D InsetsSourceConsumer: ensureControlAlpha: for ITYPE_STATUS_BAR on com.example.dogglers/androidx.test.core.app.InstrumentationActivityInvoker$EmptyActivity
08-04 06:28:18.239 19578 19814 I Finsky  : [1467] kxk.run(9): Installer: Installer starting
08-04 06:28:18.239   752  1238 I SurfaceFlinger: id=174110 Removed Surface(name=e75ea59 NavigationBar0)/@0x799bb6a - animation-leash of insets_animation#0 (116)
08-04 06:28:18.239   752  1238 I SurfaceFlinger: id=174109 Removed Surface(name=ac392f8 StatusBar)/@0x2bc773f - animation-leash of insets_animation#1 (116)
08-04 06:28:18.240 19578 19814 I Finsky  : [1467] kxk.run(12): Installer: Installer started
08-04 06:28:18.241 19836 19851 I ActivityTaskManager: Displayed com.example.dogglers/androidx.test.core.app.InstrumentationActivityInvoker$EmptyActivity: +188ms
08-04 06:28:18.241 19836 19855 I SemDvfsHyPerManager: acquire hyper - AMS_RESUME_TAIL/19836@14, type = -999
08-04 06:28:18.241 19836 19855 I SemDvfsHyPerManager: acquire hyper - AMS_ACT_LAZY/19836@15, type = -999
08-04 06:28:18.241 19652 19680 I HYPER-HAL: [RequestManager.cpp]acquire(): Acquired ID : 197021189  [19836 / 14]    HINT : AMS_RESUME_TAIL    list :
08-04 06:28:18.242 19652 19680 I HYPER-HAL: [RequestManager.cpp]releaseLocked(): Released ID : 196981488
08-04 06:28:18.242  1994  1994 E pageboostd: Received HALT command code 2
08-04 06:28:18.246 19578 19578 I Finsky  : [2] lal.S(7): Installer: found apps to install. isMultiUserMode=true, apps=[]
08-04 06:28:18.248   752   752 I Layer   : id=174110 Destroyed Surface(name=e75ea59 NavigationBar0)/@0x799bb6a - animation-leash of insets_animation#0
08-04 06:28:18.248   752   752 I Layer   : id=174109 Destroyed Surface(name=ac392f8 StatusBar)/@0x2bc773f - animation-leash of insets_animation#1
08-04 06:28:18.249 19836 21294 D InputDispatcher: Focus entered window (0): a7b2e2d com.example.dogglers/androidx.test.core.app.InstrumentationActivityInvoker$EmptyActivity
08-04 06:28:18.253   752   752 D SurfaceFlinger: Display 4633128508267670401 HWC layers:
08-04 06:28:18.253   752   752 D SurfaceFlinger:      DEVICE | 0xe9cbd380 | 0102 | RGBA_8888    |    0.0    0.0 1080.0 2408.0 |    0    0 1080 2408 | com.example.dogglers/androidx.test.c[...]tivityInvoker$EmptyActivity$_18365#1
08-04 06:28:18.253   752   752 D SurfaceFlinger:      DEVICE | 0xe9a83b00 | 0100 | RGBA_8888    |    0.0    0.0 1080.0   66.0 |    0    0 1080   66 | StatusBar$_20135#0
08-04 06:28:18.253   752   752 D SurfaceFlinger:      DEVICE | 0xe8f21080 | 0100 | RGBA_8888    |    0.0    0.0  388.0   42.0 |  692 2366 1080 2408 | SGestureOverlayWindow$_20522#0
08-04 06:28:18.253   752   752 D SurfaceFlinger:      DEVICE | 0xe9a83500 | 0100 | RGBA_8888    |    0.0    0.0 1080.0  135.0 |    0 2273 1080 2408 | NavigationBar0$_20135#0
08-04 06:28:18.253   752   752 D SurfaceFlinger:      DEVICE | 0xe943ff80 | 0108 | RGBA_8888    |    0.0    0.0 1080.0 2408.0 |    0    0 1080 2408 | BlueLightFilter$_20135#0
08-04 06:28:18.253   752   752 D SurfaceFlinger:
08-04 06:28:18.257 18365 18365 I ViewRootImpl@432bfba[InstrumentationActivityInvoker$EmptyActivity]: handleAppVisibility mAppVisible=true visible=false
08-04 06:28:18.258 18365 18365 I ViewRootImpl@432bfba[InstrumentationActivityInvoker$EmptyActivity]: stopped(true) old=false
08-04 06:28:18.259 18365 18365 D LifecycleMonitor: Lifecycle status change: androidx.test.core.app.InstrumentationActivityInvoker$EmptyActivity@f82400a in: STOPPED
08-04 06:28:18.260 18365 18365 V ActivityScenario: Activity lifecycle changed event received but ignored because the intent does not match. startActivityIntent=Intent { act=android.intent.action.MAIN cat=[android.intent.category.LAUNCHER] cmp=com.example.dogglers/.MainActivity }, activity.getIntent()=Intent { act=android.intent.action.MAIN cat=[android.intent.category.LAUNCHER] flg=0x10000000 cmp=com.example.dogglers/androidx.test.core.app.InstrumentationActivityInvoker$EmptyActivity }, activity=androidx.test.core.app.InstrumentationActivityInvoker$EmptyActivity@f82400a
08-04 06:28:18.263 18365 18365 D LifecycleMonitor: Lifecycle status change: androidx.test.core.app.InstrumentationActivityInvoker$EmptyActivity@f82400a in: DESTROYED
08-04 06:28:18.264 18365 18365 V ActivityScenario: Activity lifecycle changed event received but ignored because the intent does not match. startActivityIntent=Intent { act=android.intent.action.MAIN cat=[android.intent.category.LAUNCHER] cmp=com.example.dogglers/.MainActivity }, activity.getIntent()=Intent { act=android.intent.action.MAIN cat=[android.intent.category.LAUNCHER] flg=0x10000000 cmp=com.example.dogglers/androidx.test.core.app.InstrumentationActivityInvoker$EmptyActivity }, activity=androidx.test.core.app.InstrumentationActivityInvoker$EmptyActivity@f82400a
08-04 06:28:18.265 19836 22306 D InputDispatcher: Focus left window (0): a7b2e2d com.example.dogglers/androidx.test.core.app.InstrumentationActivityInvoker$EmptyActivity
08-04 06:28:18.266 18365 18575 D OpenGLRenderer: setSurface called with nullptr
08-04 06:28:18.266 18365 18575 D OpenGLRenderer: setSurface() destroyed EGLSurface
08-04 06:28:18.267 18365 18575 D OpenGLRenderer: destroyEglSurface
08-04 06:28:18.269 18365 18365 I ViewRootImpl@432bfba[InstrumentationActivityInvoker$EmptyActivity]: dispatchDetachedFromWindow
08-04 06:28:18.270 19836 22306 D InputTransport: Input channel destroyed: 'a9d6ce4', fd=634
08-04 06:28:18.270 19836 22306 W InputManager-JNI: Input channel object 'a9d6ce4 com.example.dogglers/androidx.test.core.app.InstrumentationActivityInvoker$EmptyActivity (client)' was disposed without first being removed with the input manager!
08-04 06:28:18.270 19836 22306 D InputTransport: Input channel destroyed: 'a9d6ce4', fd=837
08-04 06:28:18.271   752  1238 I SurfaceFlinger: id=174117 createSurf (0x0),-1 flag=24004, Surface(name=a73f97f InputMethod)/@0x1e1d195 - animation-leash of insets_animation#1
08-04 06:28:18.277 19578 20032 I Finsky  : [1485] leh.a(97): IV2: found recoverable installs: []
08-04 06:28:18.278 18365 18365 D InputTransport: Input channel destroyed: 'a9d6ce4', fd=115
08-04 06:28:18.281   752   752 I Layer   : id=174108 removeFromCurrentState com.example.dogglers/androidx.test.core.app.InstrumentationActivityInvoker$EmptyActivity$_18365#0 (115)
08-04 06:28:18.281   752   752 I Layer   : id=174107 removeFromCurrentState a9d6ce4 com.example.dogglers/androidx.test.core.app.InstrumentationActivityInvoker$EmptyActivity#0 (115)
08-04 06:28:18.281   752   752 I Layer   : id=174111 removeFromCurrentState Surface(name=a73f97f InputMethod)/@0x1e1d195 - animation-leash of insets_animation#0 (115)
08-04 06:28:18.281   752   752 I SurfaceFlinger: id=174107 Removed a9d6ce4 com.example.dogglers/androidx.test.core.app.InstrumentationActivityInvoker$EmptyActivity#0 (115)
08-04 06:28:18.281   752   752 I SurfaceFlinger: id=174111 Removed Surface(name=a73f97f InputMethod)/@0x1e1d195 - animation-leash of insets_animation#0 (115)
08-04 06:28:18.281   752   752 I SurfaceFlinger: id=174108 Removed com.example.dogglers/androidx.test.core.app.InstrumentationActivityInvoker$EmptyActivity$_18365#0 (115)
08-04 06:28:18.281   752   752 I Layer   : id=174107 Destroyed a9d6ce4 com.example.dogglers/androidx.test.core.app.InstrumentationActivityInvoker$EmptyActivity#0
08-04 06:28:18.281   752   752 I Layer   : id=174108 Destroyed com.example.dogglers/androidx.test.core.app.InstrumentationActivityInvoker$EmptyActivity$_18365#0
08-04 06:28:18.282   752   752 I Layer   : id=174111 Destroyed Surface(name=a73f97f InputMethod)/@0x1e1d195 - animation-leash of insets_animation#0
08-04 06:28:18.284 18365 18365 D LifecycleMonitor: Lifecycle status change: androidx.test.core.app.InstrumentationActivityInvoker$EmptyActivity@63d8c12 in: PAUSED
08-04 06:28:18.286 18365 18365 V ActivityScenario: Activity lifecycle changed event received but ignored because the intent does not match. startActivityIntent=Intent { act=android.intent.action.MAIN cat=[android.intent.category.LAUNCHER] cmp=com.example.dogglers/.MainActivity }, activity.getIntent()=Intent { act=android.intent.action.MAIN cat=[android.intent.category.LAUNCHER] flg=0x10000000 cmp=com.example.dogglers/androidx.test.core.app.InstrumentationActivityInvoker$EmptyActivity }, activity=androidx.test.core.app.InstrumentationActivityInvoker$EmptyActivity@63d8c12
08-04 06:28:18.287 19836 21294 I SemDvfsHyPerManager: acquire hyper - AMS_ACT_RESUME/19836@16, type = -999
08-04 06:28:18.287 19652 19680 I HYPER-HAL: [RequestManager.cpp]acquire(): Acquired ID : 197060894  [19836 / 16]    HINT : AMS_ACT_RESUME    list :
08-04 06:28:18.289 16175 16175 I ViewRootImpl@6011630[CustomTabActivity]: handleAppVisibility mAppVisible=false visible=true
08-04 06:28:18.289 19836 21294 D InputDispatcher: Focused application set to (0): 30b2669
08-04 06:28:18.297   752   752 I Layer   : id=174101 removeFromCurrentState ActivityRecord{a49bcf0 u0 com.example.dogglers/androidx.test.core.app.InstrumentationActivityInvoker$EmptyActivity t88}#0 (112)
08-04 06:28:18.297   752   752 I SurfaceFlinger: id=174101 Removed ActivityRecord{a49bcf0 u0 com.example.dogglers/androidx.test.core.app.InstrumentationActivityInvoker$EmptyActivity t88}#0 (112)
08-04 06:28:18.297 16175 16175 I SurfaceView@3a27ac: onWindowVisibilityChanged(4) false android.view.SurfaceView{3a27ac V.E...... ........ 0,0-1080,2300} of ViewRootImpl@6011630[CustomTabActivity]
08-04 06:28:18.297 16175 16175 D SurfaceView@3a27ac: updateSurface: surface is not valid
08-04 06:28:18.297   752   752 I Layer   : id=174101 Destroyed ActivityRecord{a49bcf0 u0 com.example.dogglers/androidx.test.core.app.InstrumentationActivityInvoker$EmptyActivity t88}#0
08-04 06:28:18.298 16175 16384 D OpenGLRenderer: setSurface called with nullptr
08-04 06:28:18.301 18365 18365 I ViewRootImpl@82f6899[InstrumentationActivityInvoker$EmptyActivity]: MSG_WINDOW_FOCUS_CHANGED 0 1
08-04 06:28:18.301 19836 22306 V WindowManager: Relayout Window{d1e5015 u0 com.android.chrome/org.chromium.chrome.browser.customtabs.CustomTabActivity}: viewVisibility=4 req=1080x2408 d0
08-04 06:28:18.302 18365 18365 I ViewRootImpl@82f6899[InstrumentationActivityInvoker$EmptyActivity]: MSG_WINDOW_FOCUS_CHANGED 0 1
08-04 06:28:18.302 18365 18539 I TestRunner: finished: vertical_list_button_is_displayed(com.example.dogglers.ButtonTests)
