08-04 06:28:07.281 18365 18365 I ViewRootImpl@3b94989[MainActivity]: MSG_WINDOW_FOCUS_CHANGED 0 1
08-04 06:28:07.286 19098 19098 D NetworkSecurityConfig: Using Network Security Config from resource 0_resource_name_obfuscated debugBuild: false
08-04 06:28:07.295   752  1103 I SurfaceFlinger: id=173879 createSurf (0x0),-1 flag=24000, Surface(name=ActivityRecord{ebad9 u0 com.example.dogglers/.MainActivity t84})/@0x493ce74 - animation-leash of app_transition#0
08-04 06:28:07.301   752  1103 I SurfaceFlinger: id=173880 createSurf (0x0),-1 flag=20004, Dim Layer for - ActivityRecord{ebad9 u0 com.example.dogglers/.MainActivity t84} - animating-dim#0
08-04 06:28:07.299 19098 19098 I cr_SplitCompatApp: Launched version=103.0.5060.129 minSdkVersion=29 isBundle=true processName=com.android.chrome:sandboxed_process0:org.chromium.content.app.SandboxedProcessService0:2 isIsolated=true
08-04 06:28:07.302   752  1103 I SurfaceFlinger: id=173881 createSurf (0x0),-1 flag=24000, Surface(name=Dim Layer for - ActivityRecord{ebad9 u0 com.example.dogglers/.MainActivity t84} - animating-dim)/@0x8ea98c2 - animation-leash of dimmer#0
08-04 06:28:07.303   752  1103 I SurfaceFlinger: id=173882 createSurf (0x0),-1 flag=80004, Surface(name=ActivityRecord{ebad9 u0 com.example.dogglers/.MainActivity t84})/@0x493ce74 - animation-bounds#0
08-04 06:28:07.307   752  1103 I SurfaceFlinger: id=173883 createSurf (0x0),-1 flag=24004, Surface(name=ActivityRecord{ba6ddc5 u0 com.example.dogglers/.HorizontalListActivity t84})/@0xdabcd4b - animation-leash of app_transition#0
08-04 06:28:07.309   752  1103 I SurfaceFlinger: id=173884 createSurf (0x0),-1 flag=80004, Surface(name=ActivityRecord{ba6ddc5 u0 com.example.dogglers/.HorizontalListActivity t84})/@0xdabcd4b - animation-bounds#0
08-04 06:28:07.311 19836 19851 I ActivityTaskManager: Displayed com.example.dogglers/.HorizontalListActivity: +613ms
08-04 06:28:07.312  1994  1994 E pageboostd: Received HALT command code 2
08-04 06:28:07.313   752  1238 I SurfaceFlinger: id=173870 Removed Surface(name=e75ea59 NavigationBar0)/@0x799bb6a - animation-leash of insets_animation#1 (123)
08-04 06:28:07.313   752  1238 I SurfaceFlinger: id=173869 Removed Surface(name=ac392f8 StatusBar)/@0x2bc773f - animation-leash of insets_animation#0 (123)
08-04 06:28:07.314 18365 18365 D InsetsSourceConsumer: ensureControlAlpha: for ITYPE_NAVIGATION_BAR on com.example.dogglers/com.example.dogglers.HorizontalListActivity
08-04 06:28:07.315 18365 18365 D InsetsSourceConsumer: ensureControlAlpha: for ITYPE_STATUS_BAR on com.example.dogglers/com.example.dogglers.HorizontalListActivity
08-04 06:28:07.316   335   343 I servicemanager: edm_proxy is isloated, getService has failed.
08-04 06:28:07.317   752   752 I Layer   : id=173870 Destroyed Surface(name=e75ea59 NavigationBar0)/@0x799bb6a - animation-leash of insets_animation#1
08-04 06:28:07.317   752   752 I Layer   : id=173869 Destroyed Surface(name=ac392f8 StatusBar)/@0x2bc773f - animation-leash of insets_animation#0
08-04 06:28:07.324 19836 19849 I SemDvfsHyPerManager: acquire hyper - AMS_RESUME_TAIL/19836@14, type = -999
08-04 06:28:07.324 19836 19849 I SemDvfsHyPerManager: acquire hyper - AMS_ACT_LAZY/19836@15, type = -999
08-04 06:28:07.324 19652 19680 I HYPER-HAL: [RequestManager.cpp]acquire(): Acquired ID : 197021189  [19836 / 14]    HINT : AMS_RESUME_TAIL    list :
08-04 06:28:07.324 19836 20362 D InputDispatcher: Focus entered window (0): 3bc6358 com.example.dogglers/com.example.dogglers.HorizontalListActivity
08-04 06:28:07.325   335   343 I servicemanager: uimode is isloated, getService has failed.
08-04 06:28:07.325 19652 19680 I HYPER-HAL: [RequestManager.cpp]releaseLocked(): Released ID : 196981488
08-04 06:28:07.325 18365 18365 I ViewRootImpl@f92d677[HorizontalListActivity]: MSG_WINDOW_FOCUS_CHANGED 1 1
08-04 06:28:07.327 19098 19098 W SystemServiceRegistry: No service published for: uimode
08-04 06:28:07.328 18365 18365 D InputMethodManager: startInputInner - Id : 0
08-04 06:28:07.328 18365 18365 I InputMethodManager: startInputInner - mService.startInputOrWindowGainedFocus
08-04 06:28:07.330 19836 20362 D InputMethodManagerService: mDesktopModeManager null!
08-04 06:28:07.330 19836 20362 V InputMethodManagerService: getDisplayIdOfInputMethodWindowToBeAdded : 0
08-04 06:28:07.330 19836 20362 D InputMethodManagerService: checkDisplayOfStartInputAndUpdateKeyboard display Id 0last 0
08-04 06:28:07.330 19836 20362 D InputTransport: Input channel constructed: 'ClientS', fd=592
08-04 06:28:07.330 19836 20362 D InputTransport: Input channel destroyed: 'ClientS', fd=592
08-04 06:28:07.333   752  1103 I SurfaceFlinger: id=173885 createSurf (0x0),-1 flag=24004, Surface(name=a73f97f InputMethod)/@0x1e1d195 - animation-leash of insets_animation#0
08-04 06:28:07.332 28133 28133 I HBD     : HoneyBoardService onFinishInput
08-04 06:28:07.335 28133 28133 I HBD     : a IC have been unbinding,  InputConnectionWrapper{idHash=#9ba1e52 mMissingMethods=}
08-04 06:28:07.335 28133 28133 I HBD     : HoneyBoardService [PF_CL][onFinishInput]  724616 ns
08-04 06:28:07.335 28133 28133 I HBD     : HoneyBoardService [IMI] onStartInput - caller pid : 18365 , caller uid : 10292
08-04 06:28:07.335 28133 28133 I HBD     : j updateConfigs
08-04 06:28:07.336 28133 28133 I HBD     : j isEnabledNightMode : true
08-04 06:28:07.336 28133 28133 I HBD     : a IC have been binding, InputConnectionWrapper{idHash=#9ba1e52 mMissingMethods=}
08-04 06:28:07.338   752   752 D SurfaceFlinger: Display 4633128508267670401 HWC layers:
08-04 06:28:07.338   752   752 D SurfaceFlinger:      DEVICE | 0xe8f20780 | 0102 | RGBA_8888    |    0.0    8.0 1080.0 2408.0 |    0    0 1080 2400 | com.example.dogglers/com.example.dogglers.MainActivity$_18365#0
08-04 06:28:07.338   752   752 D SurfaceFlinger:      DEVICE | 0xe53e5200 | 0102 | RGBA_8888    |    0.0    0.0 1080.0 2004.0 |    0  404 1080 2408 | com.example.dogglers/com.example.dogglers.HorizontalListActivity$_18365#0
08-04 06:28:07.338   752   752 D SurfaceFlinger:      CLIENT | 0xe8f21680 | 0100 | RGBA_8888    |    0.0    0.0 1080.0   66.0 |    0    0 1080   66 | StatusBar$_20135#0
08-04 06:28:07.338   752   752 D SurfaceFlinger:      CLIENT | 0xe8f21080 | 0100 | RGBA_8888    |    0.0    0.0  388.0   42.0 |  692 2366 1080 2408 | SGestureOverlayWindow$_20522#0
08-04 06:28:07.338   752   752 D SurfaceFlinger:      CLIENT | 0xe8f22100 | 0100 | RGBA_8888    |    0.0    0.0 1080.0  135.0 |    0 2273 1080 2408 | NavigationBar0$_20135#0
08-04 06:28:07.338   752   752 D SurfaceFlinger:      DEVICE | 0xe943ff80 | 0108 | RGBA_8888    |    0.0    0.0 1080.0 2408.0 |    0    0 1080 2408 | BlueLightFilter$_20135#0
08-04 06:28:07.338   752   752 D SurfaceFlinger:
08-04 06:28:07.339 28133 28133 I HBD     : h [EditorInputType]setPrivateImeOptionsToTable privateImeOptions ( null )
08-04 06:28:07.339 28133 28133 I HBD     : b incognitoMode : false
08-04 06:28:07.340 28133 28133 I HBD     : a needOff = true , isForceOff = false, isNullInputClass : true
08-04 06:28:07.341 19836 19849 D InputMethodManagerServicePhysicalKey: isConnectedDexOnPC false
08-04 06:28:07.341 28133 28133 I HBD     : h getDefaultInputRange : UNKNOWN
08-04 06:28:07.341 28133 28133 I HBD     : h getDefaultInputRange : UNKNOWN
08-04 06:28:07.341 28133 28133 I HBD     : h getDefaultInputRange : UNKNOWN
08-04 06:28:07.341 19836 19849 D InputMethodManagerService: isImeSwitcherDisabledPackage : false
08-04 06:28:07.347 28133 28133 I HBD     : h getDefaultInputRange : UNKNOWN
08-04 06:28:07.347 28133 28133 I HBD     : a currentState : 0
08-04 06:28:07.349   752   752 I Layer   : id=173872 removeFromCurrentState Surface(name=a73f97f InputMethod)/@0x1e1d195 - animation-leash of insets_animation#1 (122)
08-04 06:28:07.349   752   752 I SurfaceFlinger: id=173872 Removed Surface(name=a73f97f InputMethod)/@0x1e1d195 - animation-leash of insets_animation#1 (122)
08-04 06:28:07.349   752   752 I Layer   : id=173872 Destroyed Surface(name=a73f97f InputMethod)/@0x1e1d195 - animation-leash of insets_animation#1
08-04 06:28:07.351 28133 28133 I HBD     : h load selected json path : /data/user/0/com.samsung.android.honeyboard/files/selected.json
08-04 06:28:07.351 28133 28133 I HBD     : h load selected json info : {"version":"4.1","currentLanguageOrder":0,"selected":[{"activeOptionList":["auto_spacing"],"engName":"English(India)","id":65555,"inputType":"qwerty","isUsed":true}]}
08-04 06:28:07.353 28133 28133 I HBD     : a [UpdatePolicy] [post] a: 0 cl: 65555 kit: [0/0] vt: 0 ir: 1
08-04 06:28:07.355 28133 28133 I HBD     : HoneyBoardService [PF_OP][onStartInput]  19454269 ns
08-04 06:28:07.357   752   752 D SurfaceFlinger: Display 4633128508267670401 HWC layers:
08-04 06:28:07.357   752   752 D SurfaceFlinger:      DEVICE | 0xe8f20780 | 0102 | RGBA_8888    |    0.0   19.0 1080.0 2408.0 |    0    0 1080 2389 | com.example.dogglers/com.example.dogglers.MainActivity$_18365#0
08-04 06:28:07.357   752   752 D SurfaceFlinger:  SOLID_COLOR |              | 0000 |  Unknown  |    0.0    0.0    0.0    0.0 |    0    0 1080 2389 | Dim Layer for - ActivityRecord{ebad9[...].MainActivity t84} - animating-dim#0
08-04 06:28:07.357   752   752 D SurfaceFlinger:      CLIENT | 0xe53e5200 | 0102 | RGBA_8888    |    0.0    0.0 1080.0 2073.0 |    0  335 1080 2408 | com.example.dogglers/com.example.dogglers.HorizontalListActivity$_18365#0
08-04 06:28:07.357   752   752 D SurfaceFlinger:      CLIENT | 0xe8f21680 | 0100 | RGBA_8888    |    0.0    0.0 1080.0   66.0 |    0    0 1080   66 | StatusBar$_20135#0
08-04 06:28:07.357   752   752 D SurfaceFlinger:      CLIENT | 0xe8f21080 | 0100 | RGBA_8888    |    0.0    0.0  388.0   42.0 |  692 2366 1080 2408 | SGestureOverlayWindow$_20522#0
08-04 06:28:07.357   752   752 D SurfaceFlinger:      CLIENT | 0xe8f22100 | 0100 | RGBA_8888    |    0.0    0.0 1080.0  135.0 |    0 2273 1080 2408 | NavigationBar0$_20135#0
08-04 06:28:07.357   752   752 D SurfaceFlinger:      DEVICE | 0xe943ff80 | 0108 | RGBA_8888    |    0.0    0.0 1080.0 2408.0 |    0
08-04 06:28:07.357   752   752 D SurfaceFlinger: 0 1080 2408 | BlueLightFilter$_20135#0
08-04 06:28:07.357   752   752 D SurfaceFlinger:
08-04 06:28:07.379 19098 19098 I cr_ChildProcessService: Creating new ChildProcessService pid=19098
08-04 06:28:07.394   335   343 E audit   : avc:  denied  { find } for pid=19098 uid=90002 name=content_capture scontext=u:r:isolated_app:s0:c512,c768 tcontext=u:object_r:content_capture_service:s0 tclass=service_manager permissive=0
08-04 06:28:07.394   335   343 I servicemanager: content_capture : getService has failed, permission denied.
08-04 06:28:07.400 19836 20059 D SemNscXgbMsL1: Probability - Cloud gaming: [0.012928162]
08-04 06:28:07.400 19836 20059 D SemNscXgbMsL1: Probability - Real time: [0.91893053]
08-04 06:28:07.400 19836 20059 D SemNscXgbMsL1: Probability - Non real time: [0.97285575]
08-04 06:28:07.400 19836 20059 D SemNscXgbMsL1: 1 sample inference time: 0.647077 msecs
08-04 06:28:07.401 19836 20059 D SemNscXgbL2Rt: L2 RT 1 sample inference time: 0.882615 msecs
08-04 06:28:07.402 19836 20059 D SemNscXgbL2Nrt: L2 NRT 1 sample inference time: 0.724423 msecs
08-04 06:28:07.424 19098 19121 I cr_LibraryLoader: Successfully loaded native library
08-04 06:28:07.425 19642 20193 D CameraService: getNumberOfCameras E
08-04 06:28:07.428 19642 20193 W ServiceManager: Permission failure: android.permission.SYSTEM_CAMERA from uid=10203 pid=18839
08-04 06:28:07.428 19642 20193 D CameraService: getNumberOfCameras X: ok
08-04 06:28:07.429 19098 19121 I cr_CachingUmaRecorder: Flushed 11 samples from 11 histograms.
08-04 06:28:07.435 19642 20193 D CameraService: getNumberOfCameras E
08-04 06:28:07.436 19642 20193 W ServiceManager: Permission failure: android.permission.SYSTEM_CAMERA from uid=10203 pid=18839
08-04 06:28:07.436 19642 20193 D CameraService: getNumberOfCameras X: ok
08-04 06:28:07.436 19642 21168 D CameraService: getCameraInfo E: 0
08-04 06:28:07.437 19642 21168 W ServiceManager: Permission failure: android.permission.SYSTEM_CAMERA from uid=10203 pid=18839
08-04 06:28:07.437 19642 21168 W ServiceManager: Permission failure: android.permission.SYSTEM_CAMERA from uid=10203 pid=18839
08-04 06:28:07.438 19642 21168 D CameraService: getCameraInfo X
08-04 06:28:07.457 19012 19012 I DynamiteModule: Considering local module com.google.android.gms.permissions:1 and remote module com.google.android.gms.permissions:1
08-04 06:28:07.458 19012 19012 I DynamiteModule: Selected local version of com.google.android.gms.permissions
08-04 06:28:07.467 19642 21168 D CameraService: getNumberOfCameras E
08-04 06:28:07.468 19642 21168 W ServiceManager: Permission failure: android.permission.SYSTEM_CAMERA from uid=10203 pid=18839
08-04 06:28:07.468 19642 21168 D CameraService: getNumberOfCameras X: ok
08-04 06:28:07.468 19642 21168 D CameraService: getCameraInfo E: 1
08-04 06:28:07.469 19642 21168 W ServiceManager: Permission failure: android.permission.SYSTEM_CAMERA from uid=10203 pid=18839
08-04 06:28:07.469 19642 21168 W ServiceManager: Permission failure: android.permission.SYSTEM_CAMERA from uid=10203 pid=18839
08-04 06:28:07.469 19642 21168 D CameraService: getCameraInfo X
08-04 06:28:07.476   646   646 E audit   : type=1400 audit(1659574687.469:737222): avc:  denied  { setattr } for  pid=19098 comm="CrUtilityMain" name="safety_tips.pb" dev="dm-10" ino=185548 scontext=u:r:isolated_app:s0:c512,c768 tcontext=u:object_r:app_data_file:s0:c198,c256,c512,c768 tclass=file permissive=0 SEPF_SM-A135F_12_0001 audit_filtered
08-04 06:28:07.476   646   646 E audit   : type=1300 audit(1659574687.469:737222): arch=40000028 syscall=94 per=8 success=yes exit=4294967283 a0=60 a1=81c0 a2=8180 a3=0 items=1 ppid=16437 pid=19098 auid=4294967295 uid=90002 gid=90002 euid=90002 suid=90002 fsuid=90002 egid=90002 sgid=90002 fsgid=90002 tty=(none) ses=4294967295 comm="CrUtilityMain" exe="/system/bin/app_process32" subj=u:r:isolated_app:s0:c512,c768 key=(null)
08-04 06:28:07.476   646   646 E audit   : type=1302 audit(1659574687.469:737222): item=0 name=(null) inode=185548 dev=fd:0a mode=0100600 ouid=10198 ogid=20198 rdev=00:00 obj=u:object_r:app_data_file:s0:c198,c256,c512,c768 nametype=NORMAL cap_fp=0000000000000000 cap_fi=0000000000000000 cap_fe=0 cap_fver=0
08-04 06:28:07.476   646   646 E audit   : type=1327 audit(1659574687.469:737222): proctitle="com.android.chrome:sandboxed_process0:org.chromium.content.app.SandboxedPro"
08-04 06:28:07.478 19642 21168 D CameraService: getNumberOfCameras E
08-04 06:28:07.478 19642 21168 W ServiceManager: Permission failure: android.permission.SYSTEM_CAMERA from uid=10203 pid=18839
08-04 06:28:07.478 19642 21168 D CameraService: getNumberOfCameras X: ok
08-04 06:28:07.479 19642 21168 D CameraService: getCameraInfo E: 2
08-04 06:28:07.479 19642 21168 W ServiceManager: Permission failure: android.permission.SYSTEM_CAMERA from uid=10203 pid=18839
08-04 06:28:07.480 19642 21168 W ServiceManager: Permission failure: android.permission.SYSTEM_CAMERA from uid=10203 pid=18839
08-04 06:28:07.480 19642 21168 D CameraService: getCameraInfo X
08-04 06:28:07.481 19642 21168 D CameraService: getNumberOfCameras E
08-04 06:28:07.481 19642 21168 W ServiceManager: Permission failure: android.permission.SYSTEM_CAMERA from uid=10203 pid=18839
08-04 06:28:07.481 19642 21168 D CameraService: getNumberOfCameras X: ok
08-04 06:28:07.483 19642 21168 D CameraService: getCameraInfo E: 3
08-04 06:28:07.483 19642 21168 W ServiceManager: Permission failure: android.permission.SYSTEM_CAMERA from uid=10203 pid=18839
08-04 06:28:07.483 19642 21168 W ServiceManager: Permission failure: android.permission.SYSTEM_CAMERA from uid=10203 pid=18839
08-04 06:28:07.484 19642 21168 D CameraService: getCameraInfo X
08-04 06:28:07.491 18839 18839 D CompatibilityChangeReporter: Compat change id reported: 147600208; UID 10203; state: ENABLED
08-04 06:28:07.503 19098 19121 I chromium: [INFO:child_process_service.cc(69)] ChildProcessService: Exiting child process.
08-04 06:28:07.513 19836 19866 I libprocessgroup: Successfully killed process cgroup uid 90002 pid 19098 in 5ms
08-04 06:28:07.532 16175 16175 W chromium: [WARNING:compositor_view.cc(341)] Child process died (type=6) pid=19098)
08-04 06:28:07.533 16437 16437 I Zygote  : Process 19098 exited cleanly (0)
08-04 06:28:07.543 18365 18365 I ViewInteraction: Checking 'MatchesViewAssertion{viewMatcher=(view has effective visibility <VISIBLE> and view.getGlobalVisibleRect() to return non-empty rectangle)}' assertion on view view.getId() is <2131230949/com.example.dogglers:id/horizontal_recycler_view>
08-04 06:28:07.558 19836 20362 I SemDvfsHyPerManager: acquire hyper - AMS_ACT_START/19836@12, type = -999
08-04 06:28:07.559 19652 19680 I HYPER-HAL: [RequestManager.cpp]acquire(): Acquired ID : 196981488  [19836 / 12]    HINT : AMS_ACT_START    list :
08-04 06:28:07.560   752   918 I SurfaceFlinger: id=173886 createSurf (0x0),-1 flag=80004, ActivityRecord{47957e9 u0 com.example.dogglers/androidx.test.core.app.InstrumentationActivityInvoker$EmptyActivity t84}#0
08-04 06:28:07.564 19012 19012 W ProviderHelper: Unknown dynamite feature providerinstaller.dynamite
08-04 06:28:07.564 19012 19012 I DynamiteModule: Considering local module com.google.android.gms.providerinstaller.dynamite:1 and remote module com.google.android.gms.providerinstaller.dynamite:0
08-04 06:28:07.564 19012 19012 I DynamiteModule: Selected local version of com.google.android.gms.providerinstaller.dynamite
08-04 06:28:07.569 19836 19854 D PersonaActivityHelper: Activity not in resumed state, do not run immediate lock
08-04 06:28:07.573 18365 18365 D LifecycleMonitor: Lifecycle status change: com.example.dogglers.HorizontalListActivity@15072f0 in: PAUSED
08-04 06:28:07.575 18365 18365 V ActivityScenario: Activity lifecycle changed event received but ignored because the intent does not match. startActivityIntent=Intent { act=android.intent.action.MAIN cat=[android.intent.category.LAUNCHER] cmp=com.example.dogglers/.MainActivity }, activity.getIntent()=Intent { cmp=com.example.dogglers/.HorizontalListActivity }, activity=com.example.dogglers.HorizontalListActivity@15072f0
08-04 06:28:07.583 19836 21295 D InputDispatcher: Focused application set to (0): 47957e9
08-04 06:28:07.583 19012 19012 V NativeCrypto: Registering com/google/android/gms/org/conscrypt/NativeCrypto's 295 native methods...
08-04 06:28:07.593 19836 19854 I SemPersonaManager: SecureFolder personaId = 10
08-04 06:28:07.601 18365 18365 D LifecycleMonitor: Lifecycle status change: androidx.test.core.app.InstrumentationActivityInvoker$EmptyActivity@710ff4f in: PRE_ON_CREATE
08-04 06:28:07.604 18365 18365 V ActivityScenario: Activity lifecycle changed event received but ignored because the intent does not match. startActivityIntent=Intent { act=android.intent.action.MAIN cat=[android.intent.category.LAUNCHER] cmp=com.example.dogglers/.MainActivity }, activity.getIntent()=Intent { act=android.intent.action.MAIN cat=[android.intent.category.LAUNCHER] flg=0x10000000 cmp=com.example.dogglers/androidx.test.core.app.InstrumentationActivityInvoker$EmptyActivity }, activity=androidx.test.core.app.InstrumentationActivityInvoker$EmptyActivity@710ff4f
08-04 06:28:07.607 19836 19854 D EnterpriseDeviceManagerService: isMdmAdminPresentInternal() : MDM Admin Found - com.samsung.android.knox.containercore
08-04 06:28:07.609 19836 21401 I MediaSessionMonitor: Media session stopped : controllerList empty
08-04 06:28:07.616 19836 22764 D InputDispatcher: Focus left window (0): 3bc6358 com.example.dogglers/com.example.dogglers.HorizontalListActivity
08-04 06:28:07.626 18365 18365 I DecorView: [INFO] isPopOver=false, config=true
08-04 06:28:07.626 18365 18365 I DecorView: updateCaptionType >> DecorView@16853e5[], isFloating=false, isApplication=true, hasWindowControllerCallback=true, hasWindowDecorCaption=false
08-04 06:28:07.626 18365 18365 D DecorView: setCaptionType = 0, this = DecorView@16853e5[]
08-04 06:28:07.635 18365 18365 I DecorView: getCurrentDensityDpi: from real metrics. densityDpi=450 msg=resources_loaded
08-04 06:28:07.637 18365 18365 D LifecycleMonitor: Lifecycle status change: androidx.test.core.app.InstrumentationActivityInvoker$EmptyActivity@710ff4f in: CREATED
08-04 06:28:07.641 18365 18365 V ActivityScenario: Activity lifecycle changed event received but ignored because the intent does not match. startActivityIntent=Intent { act=android.intent.action.MAIN cat=[android.intent.category.LAUNCHER] cmp=com.example.dogglers/.MainActivity }, activity.getIntent()=Intent { act=android.intent.action.MAIN cat=[android.intent.category.LAUNCHER] flg=0x10000000 cmp=com.example.dogglers/androidx.test.core.app.InstrumentationActivityInvoker$EmptyActivity }, activity=androidx.test.core.app.InstrumentationActivityInvoker$EmptyActivity@710ff4f
08-04 06:28:07.644 18365 18365 D LifecycleMonitor: Lifecycle status change: androidx.test.core.app.InstrumentationActivityInvoker$EmptyActivity@710ff4f in: STARTED
08-04 06:28:07.645 18365 18365 V ActivityScenario: Activity lifecycle changed event received but ignored because the intent does not match. startActivityIntent=Intent { act=android.intent.action.MAIN cat=[android.intent.category.LAUNCHER] cmp=com.example.dogglers/.MainActivity }, activity.getIntent()=Intent { act=android.intent.action.MAIN cat=[android.intent.category.LAUNCHER] flg=0x10000000 cmp=com.example.dogglers/androidx.test.core.app.InstrumentationActivityInvoker$EmptyActivity }, activity=androidx.test.core.app.InstrumentationActivityInvoker$EmptyActivity@710ff4f
08-04 06:28:07.648 19012 19012 I ProviderInstaller: Installed default security provider GmsCore_OpenSSL
08-04 06:28:07.648   752   752 I Layer   : id=173881 removeFromCurrentState Surface(name=Dim Layer for - ActivityRecord{ebad9 u0 com.example.dogglers/.MainActivity t84} - animating-dim)/@0x8ea98c2 - animation-leash of dimmer#0 (122)
08-04 06:28:07.648   752   752 I SurfaceFlinger: id=173881 Removed Surface(name=Dim Layer for - ActivityRecord{ebad9 u0 com.example.dogglers/.MainActivity t84} - animating-dim)/@0x8ea98c2 - animation-leash of dimmer#0 (122)
08-04 06:28:07.649 18365 18365 D LifecycleMonitor: Lifecycle status change: androidx.test.core.app.InstrumentationActivityInvoker$EmptyActivity@710ff4f in: RESUMED
08-04 06:28:07.649   752   752 I Layer   : id=173881 Destroyed Surface(name=Dim Layer for - ActivityRecord{ebad9 u0 com.example.dogglers/.MainActivity t84} - animating-dim)/@0x8ea98c2 - animation-leash of dimmer#0
08-04 06:28:07.651 18365 18365 V ActivityScenario: Activity lifecycle changed event received but ignored because the intent does not match. startActivityIntent=Intent { act=android.intent.action.MAIN cat=[android.intent.category.LAUNCHER] cmp=com.example.dogglers/.MainActivity }, activity.getIntent()=Intent { act=android.intent.action.MAIN cat=[android.intent.category.LAUNCHER] flg=0x10000000 cmp=com.example.dogglers/androidx.test.core.app.InstrumentationActivityInvoker$EmptyActivity }, activity=androidx.test.core.app.InstrumentationActivityInvoker$EmptyActivity@710ff4f
08-04 06:28:07.662 19836 21295 D InputTransport: Input channel constructed: 'f0cfec9', fd=635
08-04 06:28:07.662 19836 21295 D InputTransport: Input channel constructed: 'f0cfec9', fd=667
08-04 06:28:07.662 19836 21295 D InputTransport: Input channel constructed: 'f0cfec9', fd=693
08-04 06:28:07.663   752   770 I SurfaceFlinger: id=173887 createSurf (0x0),-1 flag=80004, f0cfec9 com.example.dogglers/androidx.test.core.app.InstrumentationActivityInvoker$EmptyActivity#0
08-04 06:28:07.664 19836 21295 D InputTransport: Input channel destroyed: 'f0cfec9', fd=693
08-04 06:28:07.667 18365 18365 I ViewRootImpl@b19aeba[InstrumentationActivityInvoker$EmptyActivity]: setView = com.android.internal.policy.DecorView@16853e5 TM=true
08-04 06:28:07.669 19724 20053 I bauth_FPBAuthService: pcf : 0x1012, 0 ,2 ,0 ,0 ,0 ,2, 0.0.0.0
08-04 06:28:07.669 19724 20053 I bauth_FPBAuthService: thread id : 2, preenroll_flag : 0, nd cnt : 1, cso : 3, et : 0
08-04 06:28:07.669 19724 20053 I bauth_FPBAuthService: FPBAuthService, 11756
08-04 06:28:07.669 19836 19894 D AnalyticsContainerHandler: handleMessage : { when=0 what=1 target=com.android.server.knox.KnoxAnalyticsContainer$AnalyticsHandler }
08-04 06:28:07.682 19836 22764 V WindowManager: Relayout Window{f0cfec9 u0 com.example.dogglers/androidx.test.core.app.InstrumentationActivityInvoker$EmptyActivity}: viewVisibility=0 req=1080x2408 d0
08-04 06:28:07.683   752   770 I SurfaceFlinger: id=173888 createSurf (1x1),-3 flag=40004, com.example.dogglers/androidx.test.core.app.InstrumentationActivityInvoker$EmptyActivity$_18365#0
08-04 06:28:07.690   752   770 I SurfaceFlinger: id=173889 createSurf (0x0),-1 flag=24000, Surface(name=ac392f8 StatusBar)/@0x2bc773f - animation-leash of insets_animation#0
08-04 06:28:07.691   752   770 I SurfaceFlinger: id=173890 createSurf (0x0),-1 flag=24000, Surface(name=e75ea59 NavigationBar0)/@0x799bb6a - animation-leash of insets_animation#1
08-04 06:28:07.694 19836 22764 V WindowManager: Relayout hash=f0cfec9, pid=18365: mAttrs={(0,0)(fillxfill) sim={adjust=pan forwardNavigation} ty=BASE_APPLICATION wanim=0x1030001
08-04 06:28:07.694 19836 22764 V WindowManager:   fl=1810100
08-04 06:28:07.694 19836 22764 V WindowManager:   pfl=12020040
08-04 06:28:07.694 19836 22764 V WindowManager:   bhv=DEFAULT
08-04 06:28:07.694 19836 22764 V WindowManager:   fitSides= naviIconColor=0}
08-04 06:28:07.694 20522 20560 I RecentModel: onTaskStackChangedBackground
08-04 06:28:07.699 18365 18365 I ViewRootImpl@b19aeba[InstrumentationActivityInvoker$EmptyActivity]: Relayout returned: old=(0,0,1080,2408) new=(0,0,1080,2408) req=(1080,2408)0 dur=15 res=0x7 s={true 3934049280} ch=true fn=-1
08-04 06:28:07.701 18365 18575 D OpenGLRenderer: eglCreateWindowSurface
08-04 06:28:07.706   752   752 D SurfaceFlinger: Display 4633128508267670401 HWC layers:
08-04 06:28:07.706   752   752 D SurfaceFlinger:      DEVICE | 0xe53e5200 | 0102 | RGBA_8888    |    0.0    0.0 1080.0 2408.0 |    0    0 1080 2408 | com.example.dogglers/com.example.dogglers.HorizontalListActivity$_18365#0
08-04 06:28:07.706   752   752 D SurfaceFlinger:      DEVICE | 0xe8f21680 | 0100 | RGBA_8888    |    0.0    0.0 1080.0   66.0 |    0    0 1080   66 | StatusBar$_20135#0
08-04 06:28:07.706   752   752 D SurfaceFlinger:      CLIENT | 0xe8f21080 | 0100 | RGBA_8888    |    0.0    0.0  388.0   42.0 |  692 2366 1080 2408 | SGestureOverlayWindow$_20522#0
08-04 06:28:07.706   752   752 D SurfaceFlinger:      CLIENT | 0xe8f22100 | 0100 | RGBA_8888    |    0.0    0.0 1080.0  135.0 |    0 2273 1080 2408 | NavigationBar0$_20135#0
08-04 06:28:07.706   752   752 D SurfaceFlinger:      DEVICE | 0xe943ff80 | 0108 | RGBA_8888    |    0.0    0.0 1080.0 2408.0 |    0    0 1080 2408 | BlueLightFilter$_20135#0
08-04 06:28:07.706   752   752 D SurfaceFlinger:
08-04 06:28:07.708 18365 18365 I ViewRootImpl@b19aeba[InstrumentationActivityInvoker$EmptyActivity]: [DP] dp(1) 1 android.view.ViewRootImpl.reportNextDraw:11410 android.view.ViewRootImpl.performTraversals:4185 android.view.ViewRootImpl.doTraversal:2911
08-04 06:28:07.709 18365 18365 D ViewRootImpl@b19aeba[InstrumentationActivityInvoker$EmptyActivity]: Creating frameDrawingCallback nextDrawUseBlastSync=false reportNextDraw=true hasBlurUpdates=false
08-04 06:28:07.709 18365 18365 D ViewRootImpl@b19aeba[InstrumentationActivityInvoker$EmptyActivity]: Creating frameCompleteCallback
08-04 06:28:07.715   752   752 I Layer   : id=173877 removeFromCurrentState Surface(name=ac392f8 StatusBar)/@0x2bc773f - animation-leash of insets_animation#1 (125)
08-04 06:28:07.715   752   752 I Layer   : id=173878 removeFromCurrentState Surface(name=e75ea59 NavigationBar0)/@0x799bb6a - animation-leash of insets_animation#0 (125)
08-04 06:28:07.716 18365 18721 D ViewRootImpl@b19aeba[InstrumentationActivityInvoker$EmptyActivity]: Received frameDrawingCallback frameNum=1. Creating transactionCompleteCallback=false
08-04 06:28:07.718 19836 22764 D InputDispatcher: Focus request (0): f0cfec9 com.example.dogglers/androidx.test.core.app.InstrumentationActivityInvoker$EmptyActivity but waiting because NOT_VISIBLE
08-04 06:28:07.721 18365 18575 D ViewRootImpl@b19aeba[InstrumentationActivityInvoker$EmptyActivity]: Received frameCompleteCallback  lastAcquiredFrameNum=1 lastAttemptedDrawFrameNum=1
08-04 06:28:07.723 18365 18365 I ViewRootImpl@b19aeba[InstrumentationActivityInvoker$EmptyActivity]: [DP] pdf(0) 1 android.view.ViewRootImpl.lambda$addFrameCompleteCallbackIfNeeded$3$ViewRootImpl:4987 android.view.ViewRootImpl$$ExternalSyntheticLambda16.run:6 android.os.Handler.handleCallback:938
08-04 06:28:07.723 18365 18365 I ViewRootImpl@b19aeba[InstrumentationActivityInvoker$EmptyActivity]: [DP] rdf()
08-04 06:28:07.723 18365 18365 D ViewRootImpl@b19aeba[InstrumentationActivityInvoker$EmptyActivity]: reportDrawFinished (fn: -1)
08-04 06:28:07.723 18365 18365 I ViewRootImpl@f92d677[HorizontalListActivity]: MSG_WINDOW_FOCUS_CHANGED 0 1
08-04 06:28:07.729   752   918 I SurfaceFlinger: id=173878 Removed Surface(name=e75ea59 NavigationBar0)/@0x799bb6a - animation-leash of insets_animation#0 (125)
08-04 06:28:07.729   752   918 I SurfaceFlinger: id=173877 Removed Surface(name=ac392f8 StatusBar)/@0x2bc773f - animation-leash of insets_animation#1 (125)
08-04 06:28:07.730 18365 18365 D InsetsSourceConsumer: ensureControlAlpha: for ITYPE_NAVIGATION_BAR on com.example.dogglers/androidx.test.core.app.InstrumentationActivityInvoker$EmptyActivity
08-04 06:28:07.732   752   752 I Layer   : id=173879 removeFromCurrentState Surface(name=ActivityRecord{ebad9 u0 com.example.dogglers/.MainActivity t84})/@0x493ce74 - animation-leash of app_transition#0 (125)
08-04 06:28:07.732   752   752 I Layer   : id=173880 removeFromCurrentState Dim Layer for - ActivityRecord{ebad9 u0 com.example.dogglers/.MainActivity t84} - animating-dim#0 (125)
08-04 06:28:07.732   752   752 I Layer   : id=173882 removeFromCurrentState Surface(name=ActivityRecord{ebad9 u0 com.example.dogglers/.MainActivity t84})/@0x493ce74 - animation-bounds#0 (125)
08-04 06:28:07.732   752   752 I Layer   : id=173883 removeFromCurrentState Surface(name=ActivityRecord{ba6ddc5 u0 com.example.dogglers/.HorizontalListActivity t84})/@0xdabcd4b - animation-leash of app_transition#0 (125)
08-04 06:28:07.732   752   752 I Layer   : id=173884 removeFromCurrentState Surface(name=ActivityRecord{ba6ddc5 u0 com.example.dogglers/.HorizontalListActivity t84})/@0xdabcd4b - animation-bounds#0 (125)
08-04 06:28:07.732   752   752 I SurfaceFlinger: id=173880 Removed Dim Layer for - ActivityRecord{ebad9 u0 com.example.dogglers/.MainActivity t84} - animating-dim#0 (125)
08-04 06:28:07.733   752   752 I SurfaceFlinger: id=173882 Removed Surface(name=ActivityRecord{ebad9 u0 com.example.dogglers/.MainActivity t84})/@0x493ce74 - animation-bounds#0 (125)
08-04 06:28:07.733   752   752 I SurfaceFlinger: id=173884 Removed Surface(name=ActivityRecord{ba6ddc5 u0 com.example.dogglers/.HorizontalListActivity t84})/@0xdabcd4b - animation-bounds#0 (125)
08-04 06:28:07.733   752   752 I SurfaceFlinger: id=173883 Removed Surface(name=ActivityRecord{ba6ddc5 u0 com.example.dogglers/.HorizontalListActivity t84})/@0xdabcd4b - animation-leash of app_transition#0 (125)
08-04 06:28:07.733 18365 18365 D InsetsSourceConsumer: ensureControlAlpha: for ITYPE_STATUS_BAR on com.example.dogglers/androidx.test.core.app.InstrumentationActivityInvoker$EmptyActivity
08-04 06:28:07.733   752   752 I SurfaceFlinger: id=173879 Removed Surface(name=ActivityRecord{ebad9 u0 com.example.dogglers/.MainActivity t84})/@0x493ce74 - animation-leash of app_transition#0 (125)
08-04 06:28:07.733   752   752 I Layer   : id=173878 Destroyed Surface(name=e75ea59 NavigationBar0)/@0x799bb6a - animation-leash of insets_animation#0
08-04 06:28:07.733   752   752 I Layer   : id=173877 Destroyed Surface(name=ac392f8 StatusBar)/@0x2bc773f - animation-leash of insets_animation#1
08-04 06:28:07.733   752   752 I Layer   : id=173880 Destroyed Dim Layer for - ActivityRecord{ebad9 u0 com.example.dogglers/.MainActivity t84} - animating-dim#0
08-04 06:28:07.733   752   752 I Layer   : id=173882 Destroyed Surface(name=ActivityRecord{ebad9 u0 com.example.dogglers/.MainActivity t84})/@0x493ce74 - animation-bounds#0
08-04 06:28:07.733   752   752 I Layer   : id=173879 Destroyed Surface(name=ActivityRecord{ebad9 u0 com.example.dogglers/.MainActivity t84})/@0x493ce74 - animation-leash of app_transition#0
08-04 06:28:07.733   752   752 I Layer   : id=173884 Destroyed Surface(name=ActivityRecord{ba6ddc5 u0 com.example.dogglers/.HorizontalListActivity t84})/@0xdabcd4b - animation-bounds#0
08-04 06:28:07.733   752   752 I Layer   : id=173883 Destroyed Surface(name=ActivityRecord{ba6ddc5 u0 com.example.dogglers/.HorizontalListActivity t84})/@0xdabcd4b - animation-leash of app_transition#0
08-04 06:28:07.734 18365 18365 I ViewRootImpl@3b94989[MainActivity]: handleAppVisibility mAppVisible=true visible=false
08-04 06:28:07.735 18839 18955 D CompatibilityChangeReporter: Compat change id reported: 160794467; UID 10203; state: ENABLED
08-04 06:28:07.738 19836 19855 I SemDvfsHyPerManager: acquire hyper - AMS_RESUME_TAIL/19836@14, type = -999
08-04 06:28:07.738 19836 19851 I ActivityTaskManager: Displayed com.example.dogglers/androidx.test.core.app.InstrumentationActivityInvoker$EmptyActivity: +181ms
08-04 06:28:07.738 19652 19680 I HYPER-HAL: [RequestManager.cpp]acquire(): Acquired ID : 197021189  [19836 / 14]    HINT : AMS_RESUME_TAIL    list :
08-04 06:28:07.738 19836 19855 I SemDvfsHyPerManager: acquire hyper - AMS_ACT_LAZY/19836@15, type = -999
08-04 06:28:07.739 19652 19680 I HYPER-HAL: [RequestManager.cpp]releaseLocked(): Released ID : 196981488
08-04 06:28:07.739  1994  1994 E pageboostd: Received HALT command code 2
08-04 06:28:07.743 19012 19012 I bvrq    : Primes not initialized, returning default (no-op) Primes instance which will ignore all calls. Please call Primes.initialize(...) before using any Primes API.
08-04 06:28:07.746 19012 19141 I GMS_MM_Logger: Started.
08-04 06:28:07.749 19836 19849 D InputDispatcher: Focus entered window (0): f0cfec9 com.example.dogglers/androidx.test.core.app.InstrumentationActivityInvoker$EmptyActivity
08-04 06:28:07.752 18365 18575 D OpenGLRenderer: setSurface called with nullptr
08-04 06:28:07.753 18365 18575 D OpenGLRenderer: setSurface() destroyed EGLSurface
08-04 06:28:07.753 18365 18575 D OpenGLRenderer: destroyEglSurface
08-04 06:28:07.753 19012 19140 I Watchcat: Started
08-04 06:28:07.754   752   752 D SurfaceFlinger: Display 4633128508267670401 HWC layers:
08-04 06:28:07.754   752   752 D SurfaceFlinger:      DEVICE | 0xe8aa7600 | 0102 | RGBA_8888    |    0.0    0.0 1080.0 2408.0 |    0    0 1080 2408 | com.example.dogglers/androidx.test.c[...]tivityInvoker$EmptyActivity$_18365#0
08-04 06:28:07.754   752   752 D SurfaceFlinger:      DEVICE | 0xe8f21680 | 0100 | RGBA_8888    |    0.0    0.0 1080.0   66.0 |    0    0 1080   66 | StatusBar$_20135#0
08-04 06:28:07.754   752   752 D SurfaceFlinger:      DEVICE | 0xe8f21080 | 0100 | RGBA_8888    |    0.0    0.0  388.0   42.0 |  692 2366 1080 2408 | SGestureOverlayWindow$_20522#0
08-04 06:28:07.754   752   752 D SurfaceFlinger:      DEVICE | 0xe8f22100 | 0100 | RGBA_8888    |    0.0    0.0 1080.0  135.0 |    0 2273 1080 2408 | NavigationBar0$_20135#0
08-04 06:28:07.754   752   752 D SurfaceFlinger:      DEVICE | 0xe943ff80 | 0108 | RGBA_8888    |    0.0    0.0 1080.0 2408.0 |    0    0 1080 2408 | BlueLightFilter$_20135#0
08-04 06:28:07.754   752   752 D SurfaceFlinger:
08-04 06:28:07.755 19836 22764 V WindowManager: Relayout Window{4bbb614 u0 com.example.dogglers/com.example.dogglers.MainActivity}: viewVisibility=8 req=1080x2408 d0
08-04 06:28:07.760 19836 22764 V WindowManager: Relayout hash=4bbb614, pid=18365: mAttrs={(0,0)(fillxfill) sim={adjust=pan forwardNavigation} ty=BASE_APPLICATION wanim=0x1030303
08-04 06:28:07.760 19836 22764 V WindowManager:   fl=81810100
08-04 06:28:07.760 19836 22764 V WindowManager:   pfl=12020040
08-04 06:28:07.760 19836 22764 V WindowManager:   bhv=DEFAULT
08-04 06:28:07.760 19836 22764 V WindowManager:   fitSides= naviIconColor=0}
08-04 06:28:07.763 19836 20362 I SemDvfsHyPerManager: acquire hyper - AMS_ACT_START/19836@12, type = -999
08-04 06:28:07.763 19652 19680 I HYPER-HAL: [RequestManager.cpp]acquire(): Acquired ID : 196981488  [19836 / 12]    HINT : AMS_ACT_START    list :
08-04 06:28:07.765   752   918 I SurfaceFlinger: id=173891 createSurf (0x0),-1 flag=80004, ActivityRecord{fffbb18 u0 com.example.dogglers/androidx.test.core.app.InstrumentationActivityInvoker$EmptyActivity t84}#0
08-04 06:28:07.766 18365 18365 I ViewRootImpl@3b94989[MainActivity]: Relayout returned: old=(0,0,1080,2408) new=(0,0,1080,2408) req=(1080,2408)8 dur=7 res=0x5 s={false 0} ch=true fn=26
08-04 06:28:07.766 18365 18365 I ViewRootImpl@f92d677[HorizontalListActivity]: handleAppVisibility mAppVisible=true visible=false
08-04 06:28:07.769 18365 18365 I ViewRootImpl@f92d677[HorizontalListActivity]: stopped(true) old=false
08-04 06:28:07.771 18365 18365 D LifecycleMonitor: Lifecycle status change: com.example.dogglers.HorizontalListActivity@15072f0 in: STOPPED
08-04 06:28:07.773 18365 18365 V ActivityScenario: Activity lifecycle changed event received but ignored because the intent does not match. startActivityIntent=Intent { act=android.intent.action.MAIN cat=[android.intent.category.LAUNCHER] cmp=com.example.dogglers/.MainActivity }, activity.getIntent()=Intent { cmp=com.example.dogglers/.HorizontalListActivity }, activity=com.example.dogglers.HorizontalListActivity@15072f0
08-04 06:28:07.778 19836 19854 D PersonaActivityHelper: Activity not in resumed state, do not run immediate lock
08-04 06:28:07.782 18365 18365 I ViewRootImpl@3b94989[MainActivity]: stopped(true) old=false
08-04 06:28:07.783 18365 18365 D LifecycleMonitor: Lifecycle status change: com.example.dogglers.MainActivity@d8184cc in: STOPPED
08-04 06:28:07.785 18365 18365 V ActivityScenario: Update currentActivityStage to STOPPED, currentActivity=com.example.dogglers.MainActivity@d8184cc
08-04 06:28:07.788 18365 18365 D LifecycleMonitor: Lifecycle status change: com.example.dogglers.MainActivity@d8184cc in: DESTROYED
08-04 06:28:07.789 18365 18365 V ActivityScenario: Update currentActivityStage to DESTROYED, currentActivity=null
08-04 06:28:07.794 18365 18575 D OpenGLRenderer: setSurface called with nullptr
08-04 06:28:07.794 18365 18365 I ViewRootImpl@3b94989[MainActivity]: dispatchDetachedFromWindow
08-04 06:28:07.795 19836 22764 D InputTransport: Input channel destroyed: '4bbb614', fd=722
08-04 06:28:07.795 19836 22764 W InputManager-JNI: Input channel object '4bbb614 com.example.dogglers/com.example.dogglers.MainActivity (client)' was disposed without first being removed with the input manager!
08-04 06:28:07.795 19836 22764 D InputTransport: Input channel destroyed: '4bbb614', fd=837
08-04 06:28:07.801 18839 18906 D ConnectivityManager: StackLog: [android.net.ConnectivityManager.sendRequestForNetwork(ConnectivityManager.java:4124)] [android.net.ConnectivityManager.registerDefaultNetworkCallbackForUid(ConnectivityManager.java:4688)] [android.net.ConnectivityManager.registerDefaultNetworkCallback(ConnectivityManager.java:4655)] [android.net.ConnectivityManager.registerDefaultNetworkCallback(ConnectivityManager.java:4629)] [dew.b(PG:2)] [dez.b(PG:3)] [deb.l(PG:1)] [ddy.a(PG:1)] [cuj.<init>(PG:9)] [abho.<init>(PG:1)] [dem.a(PG:2)] [deo.a(PG:23)] [ctn.c(PG:3)] [abgg.a(PG:1)] [skl.b(PG:3)] [eix.run(PG:18)] [svp.run(PG:7)] [npz.run(PG:5)] [nqd.run(PG:23)] [mzg.run(PG:6)] [mzg.run(PG:33)] [com.google.android.apps.youtube.embeddedplayer.service.jar.client.r.run(PG:5)] [java.lang.Thread.run(Thread.java:920)]
08-04 06:28:07.801 18365 18365 D InputTransport: Input channel destroyed: '4bbb614', fd=96
08-04 06:28:07.803 19836 22764 D ConnectivityService: requestNetwork for uid/pid:10203/18839 activeRequest: null callbackRequest: 1034 [NetworkRequest [ REQUEST id=1035, [ Capabilities: INTERNET&NOT_RESTRICTED&TRUSTED&NOT_VCN_MANAGED Uid: 10203 RequestorUid: 10203 RequestorPkg: com.google.android.youtube UnderlyingNetworks: Null] ]] callback flags: 0 order: 2147483647
08-04 06:28:07.803 19836 20005 D ConnectivityService: NetworkReassignment :
08-04 06:28:07.803 19836 20005 D ConnectivityService:   1035 : null → 105
08-04 06:28:07.803 19836 20005 D ConnectivityService:    accepting network in place of null
08-04 06:28:07.807 19836 19989 D WifiNetworkFactory: got request NetworkRequest [ REQUEST id=1035, [ Capabilities: INTERNET&NOT_RESTRICTED&TRUSTED&NOT_VCN_MANAGED Uid: 10203 RequestorUid: 10203 RequestorPkg: com.google.android.youtube UnderlyingNetworks: Null] ]
08-04 06:28:07.807 19836 19989 D UntrustedWifiNetworkFactory: got request NetworkRequest [ REQUEST id=1035, [ Capabilities: INTERNET&NOT_RESTRICTED&TRUSTED&NOT_VCN_MANAGED Uid: 10203 RequestorUid: 10203 RequestorPkg: com.google.android.youtube UnderlyingNetworks: Null] ]
08-04 06:28:07.807 19836 19989 D OemPaidWifiNetworkFactory: got request NetworkRequest [ REQUEST id=1035, [ Capabilities: INTERNET&NOT_RESTRICTED&TRUSTED&NOT_VCN_MANAGED Uid: 10203 RequestorUid: 10203 RequestorPkg: com.google.android.youtube UnderlyingNetworks: Null] ]
08-04 06:28:07.810 18365 18365 I ViewRootImpl@b19aeba[InstrumentationActivityInvoker$EmptyActivity]: MSG_WINDOW_FOCUS_CHANGED 1 1
08-04 06:28:07.812 18365 18365 D InputMethodManager: startInputInner - Id : 0
08-04 06:28:07.812 18365 18365 I InputMethodManager: startInputInner - mService.startInputOrWindowGainedFocus
08-04 06:28:07.814 19836 21295 D InputMethodManagerService: mDesktopModeManager null!
08-04 06:28:07.814 19836 21295 V InputMethodManagerService: getDisplayIdOfInputMethodWindowToBeAdded : 0
08-04 06:28:07.814 19836 21295 D InputMethodManagerService: checkDisplayOfStartInputAndUpdateKeyboard display Id 0last 0
08-04 06:28:07.814 19836 21295 D InputTransport: Input channel constructed: 'ClientS', fd=693
08-04 06:28:07.814 19836 21295 D InputTransport: Input channel destroyed: 'ClientS', fd=693
08-04 06:28:07.815   752   752 I Layer   : id=173868 removeFromCurrentState com.example.dogglers/com.example.dogglers.MainActivity$_18365#0 (119)
08-04 06:28:07.815   752   752 I Layer   : id=173867 removeFromCurrentState 4bbb614 com.example.dogglers/com.example.dogglers.MainActivity#0 (119)
08-04 06:28:07.815   752   752 I SurfaceFlinger: id=173867 Removed 4bbb614 com.example.dogglers/com.example.dogglers.MainActivity#0 (119)
08-04 06:28:07.815   752   752 I SurfaceFlinger: id=173868 Removed com.example.dogglers/com.example.dogglers.MainActivity$_18365#0 (119)
08-04 06:28:07.815   752   752 I Layer   : id=173867 Destroyed 4bbb614 com.example.dogglers/com.example.dogglers.MainActivity#0
08-04 06:28:07.815   752   752 I Layer   : id=173868 Destroyed com.example.dogglers/com.example.dogglers.MainActivity$_18365#0
08-04 06:28:07.816 28133 28133 I HBD     : HoneyBoardService onFinishInput
08-04 06:28:07.816 28133 28133 I HBD     : a IC have been unbinding,  InputConnectionWrapper{idHash=#9ba1e52 mMissingMethods=}
08-04 06:28:07.817 28133 28133 I HBD     : HoneyBoardService [PF_CL][onFinishInput]  685461 ns
08-04 06:28:07.817 28133 28133 I HBD     : HoneyBoardService [IMI] onStartInput - caller pid : 18365 , caller uid : 10292
08-04 06:28:07.817 28133 28133 I HBD     : j updateConfigs
08-04 06:28:07.817 28133 28133 I HBD     : j isEnabledNightMode : true
08-04 06:28:07.817 28133 28133 I HBD     : a IC have been binding, InputConnectionWrapper{idHash=#9ba1e52 mMissingMethods=}
08-04 06:28:07.817 18365 18575 D OpenGLRenderer: setSurface called with nullptr
08-04 06:28:07.817 28133 28133 I HBD     : h [EditorInputType]setPrivateImeOptionsToTable privateImeOptions ( null )
08-04 06:28:07.817 18365 18575 D OpenGLRenderer: setSurface() destroyed EGLSurface
08-04 06:28:07.817 18365 18575 D OpenGLRenderer: destroyEglSurface
08-04 06:28:07.818   752   918 I SurfaceFlinger: id=173892 createSurf (0x0),-1 flag=24004, Surface(name=a73f97f InputMethod)/@0x1e1d195 - animation-leash of insets_animation#1
08-04 06:28:07.819 28133 28133 I HBD     : b incognitoMode : false
08-04 06:28:07.820 28133 28133 I HBD     : a needOff = true , isForceOff = false, isNullInputClass : true
08-04 06:28:07.821 28133 28133 I HBD     : h getDefaultInputRange : UNKNOWN
08-04 06:28:07.821 28133 28133 I HBD     : h getDefaultInputRange : UNKNOWN
08-04 06:28:07.821 28133 28133 I HBD     : h getDefaultInputRange : UNKNOWN
08-04 06:28:07.823 19836 21295 V WindowManager: Relayout Window{3bc6358 u0 com.example.dogglers/com.example.dogglers.HorizontalListActivity}: viewVisibility=8 req=1080x2408 d0
08-04 06:28:07.827 19836 21295 V WindowManager: Relayout hash=3bc6358, pid=18365: mAttrs={(0,0)(fillxfill) sim={adjust=pan} ty=BASE_APPLICATION wanim=0x1030303
08-04 06:28:07.827 19836 21295 V WindowManager:   fl=81810100
08-04 06:28:07.827 19836 21295 V WindowManager:   pfl=12020040
08-04 06:28:07.827 19836 21295 V WindowManager:   bhv=DEFAULT
08-04 06:28:07.827 19836 21295 V WindowManager:   fitSides= naviIconColor=0}
08-04 06:28:07.829 28133 28133 I HBD     : h getDefaultInputRange : UNKNOWN
08-04 06:28:07.830 28133 28133 I HBD     : a currentState : 0
08-04 06:28:07.831   752   752 I Layer   : id=173866 removeFromCurrentState ActivityRecord{ebad9 u0 com.example.dogglers/.MainActivity t84}#0 (118)
08-04 06:28:07.831 28133 28133 I HBD     : h load selected json path : /data/user/0/com.samsung.android.honeyboard/files/selected.json
08-04 06:28:07.831 28133 28133 I HBD     : h load selected json info : {"version":"4.1","currentLanguageOrder":0,"selected":[{"activeOptionList":["auto_spacing"],"engName":"English(India)","id":65555,"inputType":"qwerty","isUsed":true}]}
08-04 06:28:07.832   752   752 I Layer   : id=173885 removeFromCurrentState Surface(name=a73f97f InputMethod)/@0x1e1d195 - animation-leash of insets_animation#0 (118)
08-04 06:28:07.832   752   752 I SurfaceFlinger: id=173885 Removed Surface(name=a73f97f InputMethod)/@0x1e1d195 - animation-leash of insets_animation#0 (118)
08-04 06:28:07.832   752   752 I SurfaceFlinger: id=173866 Removed ActivityRecord{ebad9 u0 com.example.dogglers/.MainActivity t84}#0 (118)
08-04 06:28:07.832   752   752 I Layer   : id=173885 Destroyed Surface(name=a73f97f InputMethod)/@0x1e1d195 - animation-leash of insets_animation#0
08-04 06:28:07.832   752   752 I Layer   : id=173866 Destroyed ActivityRecord{ebad9 u0 com.example.dogglers/.MainActivity t84}#0
08-04 06:28:07.832 18365 18365 I ViewRootImpl@f92d677[HorizontalListActivity]: Relayout returned: old=(0,0,1080,2408) new=(0,0,1080,2408) req=(1080,2408)8 dur=9 res=0x5 s={false 0} ch=false fn=-1
08-04 06:28:07.833 28133 28133 I HBD     : a [UpdatePolicy] [post] a: 0 cl: 65555 kit: [0/0] vt: 0 ir: 1
08-04 06:28:07.836 18365 18365 D LifecycleMonitor: Lifecycle status change: androidx.test.core.app.InstrumentationActivityInvoker$EmptyActivity@710ff4f in: PAUSED
08-04 06:28:07.836 28133 28133 I HBD     : HoneyBoardService [PF_OP][onStartInput]  19714615 ns
08-04 06:28:07.838 18365 18365 V ActivityScenario: Activity lifecycle changed event received but ignored because the intent does not match. startActivityIntent=Intent { act=android.intent.action.MAIN cat=[android.intent.category.LAUNCHER] cmp=com.example.dogglers/.MainActivity }, activity.getIntent()=Intent { act=android.intent.action.MAIN cat=[android.intent.category.LAUNCHER] flg=0x10000000 cmp=com.example.dogglers/androidx.test.core.app.InstrumentationActivityInvoker$EmptyActivity }, activity=androidx.test.core.app.InstrumentationActivityInvoker$EmptyActivity@710ff4f
08-04 06:28:07.843 19012 19012 D BoundBrokerSvc: onBind: Intent { act=com.google.android.gms.gservices.START pkg=com.google.android.gms }
08-04 06:28:07.844 19012 19012 D BoundBrokerSvc: Loading bound service for intent: Intent { act=com.google.android.gms.gservices.START pkg=com.google.android.gms }
08-04 06:28:07.847 19836 22764 D InputDispatcher: Focused application set to (0): fffbb18
08-04 06:28:07.857 19836 19854 I SemPersonaManager: SecureFolder personaId = 10
08-04 06:28:07.860 18839 18850 W android.youtub: Suspending all threads took: 5.397ms
08-04 06:28:07.866 19836 19854 D EnterpriseDeviceManagerService: isMdmAdminPresentInternal() : MDM Admin Found - com.samsung.android.knox.containercore
08-04 06:28:07.867 19836 21401 I MediaSessionMonitor: Media session stopped : controllerList empty
08-04 06:28:07.876 18365 18365 D LifecycleMonitor: Lifecycle status change: androidx.test.core.app.InstrumentationActivityInvoker$BootstrapActivity@2ce9446 in: DESTROYED
08-04 06:28:07.878 18365 18365 V ActivityScenario: Activity lifecycle changed event received but ignored because the intent does not match. startActivityIntent=Intent { act=android.intent.action.MAIN cat=[android.intent.category.LAUNCHER] cmp=com.example.dogglers/.MainActivity }, activity.getIntent()=Intent { act=android.intent.action.MAIN cat=[android.intent.category.LAUNCHER] flg=0x10008000 cmp=com.example.dogglers/androidx.test.core.app.InstrumentationActivityInvoker$BootstrapActivity (has extras) }, activity=androidx.test.core.app.InstrumentationActivityInvoker$BootstrapActivity@2ce9446
08-04 06:28:07.881   752   752 I Layer   : id=173876 removeFromCurrentState com.example.dogglers/com.example.dogglers.HorizontalListActivity$_18365#0 (116)
08-04 06:28:07.881 19836 19849 D InputMethodManagerServicePhysicalKey: isConnectedDexOnPC false
08-04 06:28:07.881   752   752 I SurfaceFlinger: id=173876 Removed com.example.dogglers/com.example.dogglers.HorizontalListActivity$_18365#0 (116)
08-04 06:28:07.882   752   752 I Layer   : id=173876 Destroyed com.example.dogglers/com.example.dogglers.HorizontalListActivity$_18365#0
08-04 06:28:07.885 19836 22301 D InputDispatcher: Focus left window (0): f0cfec9 com.example.dogglers/androidx.test.core.app.InstrumentationActivityInvoker$EmptyActivity
