08-04 06:28:15.012 18365 18539 I TestRunner: started: horizontal_list_button_is_displayed(com.example.dogglers.ButtonTests)
08-04 06:28:15.024 18365 18575 D OpenGLRenderer: setSurface called with nullptr
08-04 06:28:15.025 18365 18365 I ViewRootImpl@8494825[VerticalListActivity]: dispatchDetachedFromWindow
08-04 06:28:15.026 19836 19849 D InputTransport: Input channel destroyed: '4752d6a', fd=873
08-04 06:28:15.026 19836 19849 W InputManager-JNI: Input channel object '4752d6a com.example.dogglers/com.example.dogglers.VerticalListActivity (client)' was disposed without first being removed with the input manager!
08-04 06:28:15.027 19836 19849 D InputTransport: Input channel destroyed: '4752d6a', fd=874
08-04 06:28:15.035 18365 18365 D InputTransport: Input channel destroyed: '4752d6a', fd=115
08-04 06:28:15.036   752   752 I Layer   : id=174016 removeFromCurrentState com.example.dogglers/com.example.dogglers.VerticalListActivity$_18365#0 (116)
08-04 06:28:15.036   752   752 I Layer   : id=173993 removeFromCurrentState 4752d6a com.example.dogglers/com.example.dogglers.VerticalListActivity#0 (116)
08-04 06:28:15.036   752   752 I SurfaceFlinger: id=173993 Removed 4752d6a com.example.dogglers/com.example.dogglers.VerticalListActivity#0 (116)
08-04 06:28:15.037   752   752 I SurfaceFlinger: id=174016 Removed com.example.dogglers/com.example.dogglers.VerticalListActivity$_18365#0 (116)
08-04 06:28:15.037   752   752 I Layer   : id=173993 Destroyed 4752d6a com.example.dogglers/com.example.dogglers.VerticalListActivity#0
08-04 06:28:15.037   752   752 I Layer   : id=174016 Destroyed com.example.dogglers/com.example.dogglers.VerticalListActivity$_18365#0
08-04 06:28:15.041   752  1103 I SurfaceFlinger: id=174032 createSurf (0x0),-1 flag=24004, Task=86#1
08-04 06:28:15.054 18365 18539 W Settings: Setting always_finish_activities has moved from android.provider.Settings.System to android.provider.Settings.Global, returning read-only value.
08-04 06:28:15.063 20522 20522 I RecentsView: onTaskRemoved() taskId : 86
08-04 06:28:15.069   752   752 I Layer   : id=173992 removeFromCurrentState ActivityRecord{ff68fc8 u0 com.example.dogglers/.VerticalListActivity t86}#0 (115)
08-04 06:28:15.069   752   752 I Layer   : id=173973 removeFromCurrentState Task=86#0 (115)
08-04 06:28:15.070   752   752 I Layer   : id=174032 removeFromCurrentState Task=86#1 (115)
08-04 06:28:15.070   752   752 I SurfaceFlinger: id=173992 Removed ActivityRecord{ff68fc8 u0 com.example.dogglers/.VerticalListActivity t86}#0 (115)
08-04 06:28:15.070   752   752 I SurfaceFlinger: id=174032 Removed Task=86#1 (115)
08-04 06:28:15.070   752   752 I Layer   : id=173992 Destroyed ActivityRecord{ff68fc8 u0 com.example.dogglers/.VerticalListActivity t86}#0
08-04 06:28:15.070   752   752 I Layer   : id=174032 Destroyed Task=86#1
08-04 06:28:15.070 20522 20522 I RecentsView: onTaskRemoved() taskId : 86
08-04 06:28:15.075 19836 20477 I SemDvfsHyPerManager: acquire hyper - AMS_APP_SWITCH/19836@27, type = -999
08-04 06:28:15.076 19652 19680 I HYPER-HAL: [RequestManager.cpp]acquire(): Acquired ID : 197279343  [19836 / 27]    HINT : AMS_APP_SWITCH    list :
08-04 06:28:15.077   752   770 I SurfaceFlinger: id=174033 createSurf (0x0),-1 flag=24004, Task=87#0
08-04 06:28:15.082 21715 21715 I SemDvfsHyPerManager: acquire hyper - APP_START_SHORT/21715@15, type = -999
08-04 06:28:15.082 19652 19680 I HYPER-HAL: [RequestManager.cpp]acquire(): Acquired ID : 236107330  [21715 / 15]    HINT : APP_START    list : [TIMEOUT / 1500]
08-04 06:28:15.083   752   770 I SurfaceFlinger: id=174034 createSurf (0x0),-1 flag=80004, ActivityRecord{15a16c u0 com.example.dogglers/androidx.test.core.app.InstrumentationActivityInvoker$BootstrapActivity t87}#0
08-04 06:28:15.085 19836 21257 D PkgPredictorService-IpmAdcpController: create a new DexPreloadTask pkg:com.example.dogglers  path:/data/app/~~vQIvKN_RSJn-oLUn5uy7_Q==/com.example.dogglers-lPO3UNkPc9qmscuVL_QpJA==
08-04 06:28:15.105 19578 19578 V GraphicsEnvironment: ANGLE Developer option for 'com.android.vending' set to: 'default'
08-04 06:28:15.105 19578 19578 V GraphicsEnvironment: Neither updatable production driver nor prerelease driver is supported.
08-04 06:28:15.116 19836 21294 I SemDvfsHyPerManager: acquire hyper - AMS_APP_LAUNCH/19836@13, type = -999
08-04 06:28:15.116 19652 19680 I HYPER-HAL: [RequestManager.cpp]acquire(): Acquired ID : 197001338  [19836 / 13]    HINT : AMS_APP_LAUNCH    list :
08-04 06:28:15.117 19578 19578 D NetworkSecurityConfig: No Network Security Config specified, using platform default
08-04 06:28:15.117 21715 21715 I SemDvfsHyPerManager: acquire hyper - APP_START/21715@16, type = -999
08-04 06:28:15.118 19652 19680 I HYPER-HAL: [RequestManager.cpp]acquire(): Acquired ID : 236129062  [21715 / 16]    HINT : APP_START    list :
08-04 06:28:15.128 19836 21294 D InputTransport: Input channel constructed: 'dd4d296', fd=828
08-04 06:28:15.128 19836 21294 D InputTransport: Input channel constructed: 'dd4d296', fd=842
08-04 06:28:15.129 19836 21294 D InputTransport: Input channel constructed: 'dd4d296', fd=847
08-04 06:28:15.130   752   918 I SurfaceFlinger: id=174035 createSurf (0x0),-1 flag=80004, dd4d296 Splash Screen com.example.dogglers#0
08-04 06:28:15.131 19836 21294 D InputTransport: Input channel destroyed: 'dd4d296', fd=847
08-04 06:28:15.132 20135 20264 I ViewRootImpl@4b5ae5d[dogglers]: setView = android.widget.FrameLayout@aedbba0 TM=true
08-04 06:28:15.133 16175 16175 I IMM_LC  : hsifw() - flags=0, caller=android.view.inputmethod.InputMethodManager.hideSoftInputFromWindow:1858 Sm1.c:174 org.chromium.content.browser.input.ImeAdapterImpl.j:608 org.chromium.content.browser.input.ImeAdapterImpl.n:721 org.chromium.content.browser.input.ImeAdapterImpl.p:689
08-04 06:28:15.133 16175 16175 I IMM_LC  : hideSoftInputFromWindow - mService.hideSoftInput
08-04 06:28:15.152 19836 20321 D InputDispatcher: Focused application set to (0): 15a16c
08-04 06:28:15.152 19578 19578 D NetworkSecurityConfig: No Network Security Config specified, using platform default
08-04 06:28:15.165 19836 19849 V WindowManager: Relayout Window{dd4d296 u0 Splash Screen com.example.dogglers}: viewVisibility=0 req=1080x2408 d0
08-04 06:28:15.166   752  1238 I SurfaceFlinger: id=174036 createSurf (1080x2408),-3 flag=40004, Splash Screen com.example.dogglers$_20135#0
08-04 06:28:15.182 19836 19854 I SemPersonaManager: SecureFolder personaId = 10
08-04 06:28:15.188 19836 22301 D InputDispatcher: Focus left window (0): d1e5015 com.android.chrome/org.chromium.chrome.browser.customtabs.CustomTabActivity
08-04 06:28:15.191 18365 18365 D LifecycleMonitor: Lifecycle status change: androidx.test.core.app.InstrumentationActivityInvoker$BootstrapActivity@4623037 in: PRE_ON_CREATE
08-04 06:28:15.192 16175 16175 I ViewRootImpl@6011630[CustomTabActivity]: MSG_WINDOW_FOCUS_CHANGED 0 1
08-04 06:28:15.194 19836 19849 V WindowManager: Relayout hash=dd4d296, pid=20135: mAttrs={(0,0)(fillxfill) sim={adjust=pan} ty=APPLICATION_STARTING fmt=TRANSLUCENT wanim=0x1030001
08-04 06:28:15.194 19836 19849 V WindowManager:   fl=81030118
08-04 06:28:15.194 19836 19849 V WindowManager:   pfl=36000010
08-04 06:28:15.194 19836 19849 V WindowManager:   bhv=DEFAULT
08-04 06:28:15.194 19836 19849 V WindowManager:   fitSides= naviIconColor=0}
08-04 06:28:15.195 18365 18365 V ActivityScenario: Activity lifecycle changed event received but ignored because the intent does not match. startActivityIntent=Intent { act=android.intent.action.MAIN cat=[android.intent.category.LAUNCHER] cmp=com.example.dogglers/.MainActivity }, activity.getIntent()=Intent { act=android.intent.action.MAIN cat=[android.intent.category.LAUNCHER] flg=0x10008000 cmp=com.example.dogglers/androidx.test.core.app.InstrumentationActivityInvoker$BootstrapActivity (has extras) }, activity=androidx.test.core.app.InstrumentationActivityInvoker$BootstrapActivity@4623037
08-04 06:28:15.196 20135 20264 I ViewRootImpl@4b5ae5d[dogglers]: Relayout returned: old=(0,0,1080,2408) new=(0,0,1080,2408) req=(1080,2408)0 dur=37 res=0x7 s={true 3038036992} ch=true fn=-1
08-04 06:28:15.198 20135 20264 I ViewRootImpl@4b5ae5d[dogglers]: [DP] dp(1) 0 android.view.ViewRootImpl.reportNextDraw:11410 android.view.ViewRootImpl.performTraversals:4185 android.view.ViewRootImpl.doTraversal:2911
08-04 06:28:15.198 20135 20264 D ViewRootImpl@4b5ae5d[dogglers]: Creating frameDrawingCallback nextDrawUseBlastSync=false reportNextDraw=true hasBlurUpdates=false
08-04 06:28:15.198 20135 20264 D ViewRootImpl@4b5ae5d[dogglers]: Creating frameCompleteCallback
08-04 06:28:15.198 20135 20316 D OpenGLRenderer: eglCreateWindowSurface
08-04 06:28:15.199 19836 19854 D EnterpriseDeviceManagerService: isMdmAdminPresentInternal() : MDM Admin Found - com.samsung.android.knox.containercore
08-04 06:28:15.200 19836 21401 I MediaSessionMonitor: Media session stopped : controllerList empty
08-04 06:28:15.224 20135 20795 D ViewRootImpl@4b5ae5d[dogglers]: Received frameDrawingCallback frameNum=1. Creating transactionCompleteCallback=false
08-04 06:28:15.225 18365 18365 I DecorView: [INFO] isPopOver=false, config=true
08-04 06:28:15.225 18365 18365 I DecorView: updateCaptionType >> DecorView@1f0f30d[], isFloating=false, isApplication=true, hasWindowControllerCallback=true, hasWindowDecorCaption=false
08-04 06:28:15.226 18365 18365 D DecorView: setCaptionType = 0, this = DecorView@1f0f30d[]
08-04 06:28:15.234 18365 18365 I DecorView: getCurrentDensityDpi: from real metrics. densityDpi=450 msg=resources_loaded
08-04 06:28:15.234 20135 20316 D ViewRootImpl@4b5ae5d[dogglers]: Received frameCompleteCallback  lastAcquiredFrameNum=1 lastAttemptedDrawFrameNum=1
08-04 06:28:15.236 18365 18365 D LifecycleMonitor: Lifecycle status change: androidx.test.core.app.InstrumentationActivityInvoker$BootstrapActivity@4623037 in: CREATED
08-04 06:28:15.237 18365 18365 V ActivityScenario: Activity lifecycle changed event received but ignored because the intent does not match. startActivityIntent=Intent { act=android.intent.action.MAIN cat=[android.intent.category.LAUNCHER] cmp=com.example.dogglers/.MainActivity }, activity.getIntent()=Intent { act=android.intent.action.MAIN cat=[android.intent.category.LAUNCHER] flg=0x10008000 cmp=com.example.dogglers/androidx.test.core.app.InstrumentationActivityInvoker$BootstrapActivity (has extras) }, activity=androidx.test.core.app.InstrumentationActivityInvoker$BootstrapActivity@4623037
08-04 06:28:15.237 19578 19578 I Finsky  : [2] fph.j(6): Process created at version: 31.6.13-21 [0] [PR] 462679837
08-04 06:28:15.241 18365 18365 D LifecycleMonitor: Lifecycle status change: androidx.test.core.app.InstrumentationActivityInvoker$BootstrapActivity@4623037 in: STARTED
08-04 06:28:15.243 18365 18365 V ActivityScenario: Activity lifecycle changed event received but ignored because the intent does not match. startActivityIntent=Intent { act=android.intent.action.MAIN cat=[android.intent.category.LAUNCHER] cmp=com.example.dogglers/.MainActivity }, activity.getIntent()=Intent { act=android.intent.action.MAIN cat=[android.intent.category.LAUNCHER] flg=0x10008000 cmp=com.example.dogglers/androidx.test.core.app.InstrumentationActivityInvoker$BootstrapActivity (has extras) }, activity=androidx.test.core.app.InstrumentationActivityInvoker$BootstrapActivity@4623037
08-04 06:28:15.245 20135 20264 I ViewRootImpl@4b5ae5d[dogglers]: [DP] pdf(0) 0 android.view.ViewRootImpl.lambda$addFrameCompleteCallbackIfNeeded$3$ViewRootImpl:4987 android.view.ViewRootImpl$$ExternalSyntheticLambda16.run:6 android.os.Handler.handleCallback:938
08-04 06:28:15.245 20135 20264 I ViewRootImpl@4b5ae5d[dogglers]: [DP] rdf()
08-04 06:28:15.245 20135 20264 D ViewRootImpl@4b5ae5d[dogglers]: reportDrawFinished (fn: -1)
08-04 06:28:15.250   752   770 I SurfaceFlinger: id=174037 createSurf (0x0),-1 flag=80004, ActivityRecord{bbb9788 u0 com.example.dogglers/.MainActivity t87}#0
08-04 06:28:15.252 21715 21845 E libperflog: [LIBPERFLOG] socket_local_client fail = -1
08-04 06:28:15.260 18365 18365 D LifecycleMonitor: Lifecycle status change: androidx.test.core.app.InstrumentationActivityInvoker$BootstrapActivity@4623037 in: RESUMED
08-04 06:28:15.262 18365 18365 V ActivityScenario: Activity lifecycle changed event received but ignored because the intent does not match. startActivityIntent=Intent { act=android.intent.action.MAIN cat=[android.intent.category.LAUNCHER] cmp=com.example.dogglers/.MainActivity }, activity.getIntent()=Intent { act=android.intent.action.MAIN cat=[android.intent.category.LAUNCHER] flg=0x10008000 cmp=com.example.dogglers/androidx.test.core.app.InstrumentationActivityInvoker$BootstrapActivity (has extras) }, activity=androidx.test.core.app.InstrumentationActivityInvoker$BootstrapActivity@4623037
08-04 06:28:15.262 19836 19854 D PersonaActivityHelper: Activity not in resumed state, do not run immediate lock
08-04 06:28:15.263 20522 20793 I RecentModel: onTaskStackChangedBackground
08-04 06:28:15.270 18365 18365 D LifecycleMonitor: Lifecycle status change: androidx.test.core.app.InstrumentationActivityInvoker$BootstrapActivity@4623037 in: PAUSED
08-04 06:28:15.271 18365 18365 V ActivityScenario: Activity lifecycle changed event received but ignored because the intent does not match. startActivityIntent=Intent { act=android.intent.action.MAIN cat=[android.intent.category.LAUNCHER] cmp=com.example.dogglers/.MainActivity }, activity.getIntent()=Intent { act=android.intent.action.MAIN cat=[android.intent.category.LAUNCHER] flg=0x10008000 cmp=com.example.dogglers/androidx.test.core.app.InstrumentationActivityInvoker$BootstrapActivity (has extras) }, activity=androidx.test.core.app.InstrumentationActivityInvoker$BootstrapActivity@4623037
08-04 06:28:15.274 20135 20135 D FullscreenTaskListener: Fullscreen Task Appeared: #87, caller=com.android.wm.shell.ShellTaskOrganizer.onTaskAppeared:387 com.android.wm.shell.ShellTaskOrganizer.onTaskAppeared:376 android.window.TaskOrganizer$1.lambda$onTaskAppeared$4$TaskOrganizer$1:297
08-04 06:28:15.282 19836 19849 D InputDispatcher: Focused application set to (0): bbb9788
08-04 06:28:15.296   752   918 I SurfaceFlinger: id=174038 createSurf (0x0),-1 flag=24000, Surface(name=Task=82)/@0xa615068 - animation-leash of app_transition#0
08-04 06:28:15.298   752   918 I SurfaceFlinger: id=174039 createSurf (0x0),-1 flag=20004, Dim Layer for - Task=82 - animating-dim#0
08-04 06:28:15.301   752   918 I SurfaceFlinger: id=174040 createSurf (0x0),-1 flag=24000, Surface(name=Dim Layer for - Task=82 - animating-dim)/@0x4c27f1e - animation-leash of dimmer#0
08-04 06:28:15.306   752   918 I SurfaceFlinger: id=174041 createSurf (0x0),-1 flag=24004, Surface(name=Task=87)/@0xccb2ccd - animation-leash of app_transition#0
08-04 06:28:15.320   752   752 I Layer   : id=174042 Destroyed Screenshot Parent
08-04 06:28:15.326 19578 19621 I Finsky  : [1416] ppv.c(20): Finished reading experiment flags from file [0tGUNCGIkbk4o6-fQ335kUYSKwVj4lusnHT-A5Dsy08].
08-04 06:28:15.328   752  1238 I SurfaceFlinger: id=174043 createSurf (0x0),-1 flag=24000, Surface(name=ac392f8 StatusBar)/@0x2bc773f - animation-leash of insets_animation#0
08-04 06:28:15.331   752  1238 I SurfaceFlinger: id=174044 createSurf (0x0),-1 flag=24000, Surface(name=e75ea59 NavigationBar0)/@0x799bb6a - animation-leash of insets_animation#1
08-04 06:28:15.336   752   752 I Layer   : id=174020 removeFromCurrentState Surface(name=ac392f8 StatusBar)/@0x2bc773f - animation-leash of insets_animation#1 (124)
08-04 06:28:15.337   752   752 I Layer   : id=174021 removeFromCurrentState Surface(name=e75ea59 NavigationBar0)/@0x799bb6a - animation-leash of insets_animation#0 (124)
08-04 06:28:15.337 19578 19621 I Finsky  : [1416] ppv.c(20): Finished reading experiment flags from file [Se-xCc4LzNyh3UrKMIU2sUf-PUKz4oQEbpKZDMuaFno].
08-04 06:28:15.341   752   918 I SurfaceFlinger: id=174021 Removed Surface(name=e75ea59 NavigationBar0)/@0x799bb6a - animation-leash of insets_animation#0 (124)
08-04 06:28:15.341   752   918 I SurfaceFlinger: id=174020 Removed Surface(name=ac392f8 StatusBar)/@0x2bc773f - animation-leash of insets_animation#1 (124)
08-04 06:28:15.343 19836 19854 I SemPersonaManager: SecureFolder personaId = 10
08-04 06:28:15.345 20135 13481 I ViewRootImpl@4b5ae5d[dogglers]: Resizing android.view.ViewRootImpl@423d359: frame=[0,0][1080,2408] reportDraw=false forceLayout=false backDropFrame=Rect(0, 0 - 1080, 2408)
08-04 06:28:15.345 20135 20264 D InsetsSourceConsumer: ensureControlAlpha: for ITYPE_NAVIGATION_BAR on Splash Screen com.example.dogglers
08-04 06:28:15.346 20135 20264 D InsetsSourceConsumer: ensureControlAlpha: for ITYPE_STATUS_BAR on Splash Screen com.example.dogglers
08-04 06:28:15.347 20135 20264 I ViewRootImpl@4b5ae5d[dogglers]: handleResized, msg = 4 frames=ClientWindowFrames{frame=[0,0][1080,2408] display=[0,0][1080,2408] backdrop=[0,0][1080,2408]} forceNextWindowRelayout=false displayId=0 frameChanged=false backdropFrameChanged=false configChanged=false displayChanged=false mNextDrawUseBlastSync=false mergedConfiguration={mGlobalConfig={0.9 404mcc40mnc [en_IN] ldltr sw384dp w384dp h817dp 450dpi nrml long port night finger -keyb/v/h -nav/h winConfig={ mBounds=Rect(0, 0 - 1080, 2408) mAppBounds=Rect(0, 65 - 1080, 2366) mMaxBounds=Rect(0, 0 - 1080, 2408) mWindowingMode=fullscreen mDisplayWindowingMode=fullscreen mActivityType=undefined mAlwaysOnTop=undefined mRotation=ROTATION_0 mPopOver=undefined mFreeformTaskPinningState=undefined} s.224 fontWeightAdjustment=0 ff=0 bf=0 bts=0 enb/d themeSeq=0} mOverrideConfig={0.9 404mcc40mnc [en_IN] ldltr sw384dp w384dp h817dp 450dpi nrml long port night finger -keyb/v/h -nav/h winConfig={ mBounds=Rect(0, 0 - 1080, 2408) mAppBounds=Rect(0, 65 - 1080, 2366) mMaxBounds=Rect(0, 0 - 1080, 2408) mWindowingMode=fullscreen mDisplayWindowingMode=fullscreen mActivityType=standard mAlwaysOnTop=undefined mRotation=ROTATION_0 mPopOver=off mFreeformTaskPinningState=unpinned} s.1 fontWeightAdjustment=0 ff=0 bf=0 bts=0 enb/d themeSeq=0}}
08-04 06:28:15.352 18365 18365 D LifecycleMonitor: Lifecycle status change: com.example.dogglers.MainActivity@29d290e in: PRE_ON_CREATE
08-04 06:28:15.352   752   752 I Layer   : id=174021 Destroyed Surface(name=e75ea59 NavigationBar0)/@0x799bb6a - animation-leash of insets_animation#0
08-04 06:28:15.353   752   752 I Layer   : id=174020 Destroyed Surface(name=ac392f8 StatusBar)/@0x2bc773f - animation-leash of insets_animation#1
08-04 06:28:15.354 18365 18365 V ActivityScenario: Activity lifecycle changed event received but ignored because the reported transition was not ON_CREATE while the last known transition was PRE_ON_CREATE
08-04 06:28:15.362   752   752 D SurfaceFlinger: Display 4633128508267670401 HWC layers:
08-04 06:28:15.362   752   752 D SurfaceFlinger:      DEVICE | 0xea58c100 | 0002 | RGBA_8888    |    0.0    0.0 1080.0 2300.0 |    0   58 1080 2358 | com.android.chrome/ChromeChildSurface#0
08-04 06:28:15.362   752   752 D SurfaceFlinger:      DEVICE | 0xe8aa8680 | 0100 | RGBA_8888    |    0.0    8.0 1080.0 2408.0 |    0    0 1080 2400 | com.android.chrome/org.chromium.chro[...]ustomtabs.CustomTabActivity$_16175#0
08-04 06:28:15.362   752   752 D SurfaceFlinger:      CLIENT |              | 0000 |  Unknown  |    0.0    0.0    0.0    0.0 |    0    0 1080 2400 | Dim Layer for - Task=82 - animating-dim#0
08-04 06:28:15.362   752   752 D SurfaceFlinger:      CLIENT | 0xe9a83e00 | 0100 | RGBA_8888    |    0.0    0.0 1080.0 2008.0 |    0  400 1080 2408 | Splash Screen com.example.dogglers$_20135#0
08-04 06:28:15.362   752   752 D SurfaceFlinger:      CLIENT | 0xe9a83b00 | 0100 | RGBA_8888    |    0.0    0.0 1080.0   66.0 |    0    0 1080   66 | StatusBar$_20135#0
08-04 06:28:15.362   752   752 D SurfaceFlinger:      CLIENT | 0xe8f21080 | 0100 | RGBA_8888    |    0.0    0.0  388.0   42.0 |  692 2366 1080 2408 | SGestureOverlayWindow$_20522#0
08-04 06:28:15.362   752   752 D SurfaceFlinger:      CLIENT | 0xe8f22100 | 0100 | RGBA_8888    |    0.0    0.0 1080.0  135.0 |    0 2273 1080 2408 | NavigationBar0$_20135#0
08-04 06:28:15.362   752   752 D SurfaceFlinger:
08-04 06:28:15.362   752   752 D SurfaceFlinger:      DEVICE | 0xe943ff80 | 0108 | RGBA_8888    |    0.0    0.0 1080.0 2408.0 |    0    0 1080 2408 | BlueLightFilter$_20135#0
08-04 06:28:15.362   752   752 D SurfaceFlinger:
08-04 06:28:15.365 19836 19854 D EnterpriseDeviceManagerService: isMdmAdminPresentInternal() : MDM Admin Found - com.samsung.android.knox.containercore
08-04 06:28:15.365 19836 21401 I MediaSessionMonitor: Media session stopped : controllerList empty
08-04 06:28:15.387 20522 20569 I RecentModel: onTaskStackChangedBackground
08-04 06:28:15.419 18365 18365 I DecorView: [INFO] isPopOver=false, config=true
08-04 06:28:15.419 18365 18365 I DecorView: updateCaptionType >> DecorView@cd6f4cd[], isFloating=false, isApplication=true, hasWindowControllerCallback=true, hasWindowDecorCaption=false
08-04 06:28:15.419 18365 18365 D DecorView: setCaptionType = 0, this = DecorView@cd6f4cd[]
08-04 06:28:15.423 18365 18365 I DecorView: getCurrentDensityDpi: from real metrics. densityDpi=450 msg=resources_loaded
08-04 06:28:15.437 19578 19623 I Finsky  : [1418] ppv.c(20): Finished reading experiment flags from file [hXWMyhfaSaqv2mtIOo81ovquRMqu7MsBorJ6uIGu35A].
08-04 06:28:15.445 19578 19623 I Finsky  : [1418] ppv.c(20): Finished reading experiment flags from file [cpXnlkjZIS7Le4du7JD3TtXjlC8ewukCqcyucZ_8tmI].
08-04 06:28:15.451 19578 19620 I Finsky  : [1415] fmy.P(1): pcsi: PROCESS_START
08-04 06:28:15.464 18365 18365 D LifecycleMonitor: Lifecycle status change: com.example.dogglers.MainActivity@29d290e in: CREATED
08-04 06:28:15.465 18365 18365 V ActivityScenario: Update currentActivityStage to CREATED, currentActivity=com.example.dogglers.MainActivity@29d290e
08-04 06:28:15.471 18365 18365 D LifecycleMonitor: Lifecycle status change: com.example.dogglers.MainActivity@29d290e in: STARTED
08-04 06:28:15.472 18365 18365 V ActivityScenario: Update currentActivityStage to STARTED, currentActivity=com.example.dogglers.MainActivity@29d290e
08-04 06:28:15.477 18365 18365 D LifecycleMonitor: Lifecycle status change: com.example.dogglers.MainActivity@29d290e in: RESUMED
08-04 06:28:15.479 18365 18365 V ActivityScenario: Update currentActivityStage to RESUMED, currentActivity=com.example.dogglers.MainActivity@29d290e
08-04 06:28:15.487 19578 19622 I Finsky  : [1417] hdt.m(2): Subscription detail: DataSubscriptionInfo{groupIdLevel1=FFFFFFFF, serviceProviderName=[hwNCO29L08SXpBqVtNdP6xmLtzD0IBvlOrAQYFrxU5M], simCarrierId=1961}
08-04 06:28:15.491 19836 22349 D InputTransport: Input channel constructed: 'ffa02c4', fd=875
08-04 06:28:15.491 19836 22349 D InputTransport: Input channel constructed: 'ffa02c4', fd=876
08-04 06:28:15.491 19836 22349 D InputTransport: Input channel constructed: 'ffa02c4', fd=878
08-04 06:28:15.493   752   769 I SurfaceFlinger: id=174045 createSurf (0x0),-1 flag=80004, ffa02c4 com.example.dogglers/com.example.dogglers.MainActivity#0
08-04 06:28:15.496 19836 22349 D InputTransport: Input channel destroyed: 'ffa02c4', fd=878
08-04 06:28:15.497 19836 21294 D PackageManager: setEnabledSetting : userId = 0 packageName = com.android.vending cmp = com.android.vending.AssetBrowserActivity newState = 1 callingPackage = 10186/com.android.vending
08-04 06:28:15.498 18365 18365 I ViewRootImpl@fdbab3d[MainActivity]: setView = com.android.internal.policy.DecorView@cd6f4cd TM=true
08-04 06:28:15.498 19836 20059 D SemNscXgbMsL1: Probability - Cloud gaming: [0.03279021]
08-04 06:28:15.499 19836 20059 D SemNscXgbMsL1: Probability - Real time: [0.6301191]
08-04 06:28:15.499 19836 20059 D SemNscXgbMsL1: Probability - Non real time: [0.9390901]
08-04 06:28:15.499 19836 20059 D SemNscXgbMsL1: 1 sample inference time: 0.573116 msecs
08-04 06:28:15.500 19836 19894 D AnalyticsContainerHandler: handleMessage : { when=0 what=1 target=com.android.server.knox.KnoxAnalyticsContainer$AnalyticsHandler }
08-04 06:28:15.501 19836 20059 D SemNscXgbL2Rt: L2 RT 1 sample inference time: 1.523692 msecs
08-04 06:28:15.501 19578 19622 I Finsky  : [1417] pmi.<init>(3): PackageMonitorReceiverImpl - Registering in memory receiver for android.intent.action.PACKAGE_ADDED and android.intent.action.PACKAGE_REMOVED
08-04 06:28:15.502 19836 21294 D PackageManager: setEnabledSetting : userId = 0 packageName = com.android.vending cmp = com.google.android.finsky.prewarmservice.PrewarmService newState = 1 callingPackage = 10186/com.android.vending
08-04 06:28:15.504 19836 20059 D SemNscXgbL2Nrt: L2 NRT 1 sample inference time: 3.707077 msecs
08-04 06:28:15.513 19836 21294 D PackageManager: setEnabledSetting : userId = 0 packageName = com.android.vending cmp = com.google.android.finsky.activities.DebugActivity newState = 2 callingPackage = 10186/com.android.vending
08-04 06:28:15.533 19836 19849 V WindowManager: Relayout Window{ffa02c4 u0 com.example.dogglers/com.example.dogglers.MainActivity}: viewVisibility=0 req=1080x2408 d0
08-04 06:28:15.534   752   770 I SurfaceFlinger: id=174046 createSurf (1x1),-3 flag=40004, com.example.dogglers/com.example.dogglers.MainActivity$_18365#0
08-04 06:28:15.539   752   770 I SurfaceFlinger: id=174047 createSurf (0x0),-1 flag=24000, Surface(name=ac392f8 StatusBar)/@0x2bc773f - animation-leash of insets_animation#1
08-04 06:28:15.541   752   770 I SurfaceFlinger: id=174048 createSurf (0x0),-1 flag=24000, Surface(name=e75ea59 NavigationBar0)/@0x799bb6a - animation-leash of insets_animation#0
08-04 06:28:15.545 19836 19849 V WindowManager: Relayout hash=ffa02c4, pid=18365: mAttrs={(0,0)(fillxfill) sim={adjust=pan forwardNavigation} ty=BASE_APPLICATION wanim=0x1030303
08-04 06:28:15.545 19836 19849 V WindowManager:   fl=81810100
08-04 06:28:15.545 19836 19849 V WindowManager:   pfl=12020040
08-04 06:28:15.545 19836 19849 V WindowManager:   bhv=DEFAULT
08-04 06:28:15.545 19836 19849 V WindowManager:   fitSides= naviIconColor=0}
08-04 06:28:15.549 18365 18365 I ViewRootImpl@fdbab3d[MainActivity]: Relayout returned: old=(0,0,1080,2408) new=(0,0,1080,2408) req=(1080,2408)0 dur=15 res=0x7 s={true 3056965632} ch=true fn=-1
08-04 06:28:15.551 18365 18575 D OpenGLRenderer: eglCreateWindowSurface
08-04 06:28:15.557 19836 20077 D NetdEventListenerService: DNS Requested by : 105, 10186, 0
08-04 06:28:15.567 18365 18365 I ViewRootImpl@fdbab3d[MainActivity]: [DP] dp(1) 1 android.view.ViewRootImpl.reportNextDraw:11410 android.view.ViewRootImpl.performTraversals:4185 android.view.ViewRootImpl.doTraversal:2911
08-04 06:28:15.568 18365 18365 D ViewRootImpl@fdbab3d[MainActivity]: Creating frameDrawingCallback nextDrawUseBlastSync=false reportNextDraw=true hasBlurUpdates=false
08-04 06:28:15.568 18365 18365 D ViewRootImpl@fdbab3d[MainActivity]: Creating frameCompleteCallback
08-04 06:28:15.569   752   752 I Layer   : id=174043 removeFromCurrentState Surface(name=ac392f8 StatusBar)/@0x2bc773f - animation-leash of insets_animation#0 (126)
08-04 06:28:15.569   752   752 I Layer   : id=174044 removeFromCurrentState Surface(name=e75ea59 NavigationBar0)/@0x799bb6a - animation-leash of insets_animation#1 (126)
08-04 06:28:15.569   752   752 I SurfaceFlinger: id=174043 Removed Surface(name=ac392f8 StatusBar)/@0x2bc773f - animation-leash of insets_animation#0 (126)
08-04 06:28:15.569   752   752 I SurfaceFlinger: id=174044 Removed Surface(name=e75ea59 NavigationBar0)/@0x799bb6a - animation-leash of insets_animation#1 (126)
08-04 06:28:15.570   752   752 I Layer   : id=174043 Destroyed Surface(name=ac392f8 StatusBar)/@0x2bc773f - animation-leash of insets_animation#0
08-04 06:28:15.570   752   752 I Layer   : id=174044 Destroyed Surface(name=e75ea59 NavigationBar0)/@0x799bb6a - animation-leash of insets_animation#1
08-04 06:28:15.574 19836 19849 D InputDispatcher: Focus request (0): ffa02c4 com.example.dogglers/com.example.dogglers.MainActivity but waiting because NOT_VISIBLE
08-04 06:28:15.590 19836 20077 D NetdEventListenerService: DNS Requested by : 105, 10186, 0
08-04 06:28:15.602 19836 20077 D NetdEventListenerService: DNS Requested by : 105, 10186, 0
08-04 06:28:15.608 18365 18721 D ViewRootImpl@fdbab3d[MainActivity]: Received frameDrawingCallback frameNum=1. Creating transactionCompleteCallback=false
08-04 06:28:15.614 18365 18575 D ViewRootImpl@fdbab3d[MainActivity]: Received frameCompleteCallback  lastAcquiredFrameNum=1 lastAttemptedDrawFrameNum=1
08-04 06:28:15.616 18365 18365 I ViewRootImpl@fdbab3d[MainActivity]: [DP] pdf(0) 1 android.view.ViewRootImpl.lambda$addFrameCompleteCallbackIfNeeded$3$ViewRootImpl:4987 android.view.ViewRootImpl$$ExternalSyntheticLambda16.run:6 android.os.Handler.handleCallback:938
08-04 06:28:15.616 18365 18365 I ViewRootImpl@fdbab3d[MainActivity]: [DP] rdf()
08-04 06:28:15.616 18365 18365 D ViewRootImpl@fdbab3d[MainActivity]: reportDrawFinished (fn: -1)
08-04 06:28:15.624 19836 19851 E libperflog: [LIBPERFLOG] socket_local_client fail = -1
08-04 06:28:15.624 19836 19851 I PkgPredictorService-SecIpmManagerServiceImpl: reportToNAP uid:10292 com.example.dogglers/com.example.dogglers.MainActivity thisTime:552
08-04 06:28:15.625   752   770 I SurfaceFlinger: id=174049 createSurf (0x0),-1 flag=24000, Surface(name=ffa02c4 com.example.dogglers/com.example.dogglers.MainActivity)/@0x621c41d - animation-leash of starting_reveal#0
08-04 06:28:15.626 19836 19851 I ActivityTaskManager: Displayed com.example.dogglers/.MainActivity: +552ms
08-04 06:28:15.628  1994  1994 E pageboostd: Received HALT command code 2
08-04 06:28:15.636 18365 18365 D InsetsSourceConsumer: ensureControlAlpha: for ITYPE_NAVIGATION_BAR on com.example.dogglers/com.example.dogglers.MainActivity
08-04 06:28:15.637 19836 21294 D InputDispatcher: Focus entered window (0): ffa02c4 com.example.dogglers/com.example.dogglers.MainActivity
08-04 06:28:15.637 18365 18365 D InsetsSourceConsumer: ensureControlAlpha: for ITYPE_STATUS_BAR on com.example.dogglers/com.example.dogglers.MainActivity
08-04 06:28:15.640 20135 20794 I ViewRootImpl@4b5ae5d[dogglers]: mWNT: t = android.view.SurfaceControl$Transaction@4034fff fN = 2 android.view.SyncRtSurfaceTransactionApplier.applyTransaction:94 android.view.SyncRtSurfaceTransactionApplier.lambda$scheduleApply$0$SyncRtSurfaceTransactionApplier:71 android.view.SyncRtSurfaceTransactionApplier$$ExternalSyntheticLambda0.onFrameDraw:4
08-04 06:28:15.640 20135 20794 I ViewRootImpl@4b5ae5d[dogglers]: mWNT: merge t to BBQ
08-04 06:28:15.640 20135 20794 I ViewRootImpl@4b5ae5d[dogglers]: mWNT: t = android.view.SurfaceControl$Transaction@602f1cc fN = 2 android.view.SyncRtSurfaceTransactionApplier.applyTransaction:94 android.view.SyncRtSurfaceTransactionApplier.lambda$scheduleApply$0$SyncRtSurfaceTransactionApplier:71 android.view.SyncRtSurfaceTransactionApplier$$ExternalSyntheticLambda0.onFrameDraw:4
08-04 06:28:15.640 20135 20794 I ViewRootImpl@4b5ae5d[dogglers]: mWNT: merge t to BBQ
08-04 06:28:15.641 18365 18365 D RootViewPicker: Root not ready - waiting: 10ms for one to appear.
08-04 06:28:15.644 18365 18365 I ViewRootImpl@fdbab3d[MainActivity]: MSG_WINDOW_FOCUS_CHANGED 1 1
08-04 06:28:15.647   752   752 D SurfaceFlinger: Display 4633128508267670401 HWC layers:
08-04 06:28:15.647   752   752 D SurfaceFlinger:      DEVICE | 0xea58c100 | 0002 | RGBA_8888    |    0.0    5.0 1080.0 2300.0 |    0    0 1080 2295 | com.android.chrome/ChromeChildSurface#0
08-04 06:28:15.647   752   752 D SurfaceFlinger:      DEVICE | 0xe8aa8680 | 0100 | RGBA_8888    |    0.0   71.0 1080.0 2408.0 |    0    0 1080 2337 | com.android.chrome/org.chromium.chro[...]ustomtabs.CustomTabActivity$_16175#0
08-04 06:28:15.647   752   752 D SurfaceFlinger:      CLIENT |              | 0000 |  Unknown  |    0.0    0.0    0.0    0.0 |    0    0 1080 2337 | Dim Layer for - Task=82 - animating-dim#0
08-04 06:28:15.647   752   752 D SurfaceFlinger:      CLIENT | 0xe53e4f00 | 0102 | RGBA_8888    |    0.0    0.0 1080.0 2402.0 |    0    6 1080 2408 | com.example.dogglers/com.example.dogglers.MainActivity$_18365#0
08-04 06:28:15.647   752   752 D SurfaceFlinger:      CLIENT | 0xe9a83e00 | 0100 | RGBA_8888    |    0.0    0.0 1080.0 2402.0 |    0    6 1080 2408 | Splash Screen com.example.dogglers$_20135#0
08-04 06:28:15.647   752   752 D SurfaceFlinger:      CLIENT | 0xe9a83b00 | 0100 | RGBA_8888    |    0.0    0.0 1080.0   66.0 |    0    0 1080   66 | StatusBar$_20135#0
08-04 06:28:15.647   752   752 D SurfaceFlinger:      CLIENT | 0xe8f21080 | 0100 | RGBA_8888    |    0.0    0.0  388.0   42.0 |  692 2366 10
08-04 06:28:15.648   752   752 D SurfaceFlinger: 80 2408 | SGestureOverlayWindow$_20522#0
08-04 06:28:15.648   752   752 D SurfaceFlinger:      CLIENT | 0xe8aa8800 | 0100 | RGBA_8888    |    0.0    0.0 1080.0  135.0 |    0 2273 1080 2408 | NavigationBar0$_20135#0
08-04 06:28:15.648   752   752 D SurfaceFlinger:      DEVICE | 0xe943ff80 | 0108 | RGBA_8888    |    0.0    0.0 1080.0 2408.0 |    0    0 1080 2408 | BlueLightFilter$_20135#0
08-04 06:28:15.648   752   752 D SurfaceFlinger:
08-04 06:28:15.652 18365 18365 D InputMethodManager: startInputInner - Id : 0
08-04 06:28:15.652 18365 18365 I InputMethodManager: startInputInner - mService.startInputOrWindowGainedFocus
08-04 06:28:15.655 19836 21294 D InputMethodManagerService: mDesktopModeManager null!
08-04 06:28:15.655 19836 21294 V InputMethodManagerService: getDisplayIdOfInputMethodWindowToBeAdded : 0
08-04 06:28:15.655 19836 21294 D InputMethodManagerService: checkDisplayOfStartInputAndUpdateKeyboard display Id 0last 0
08-04 06:28:15.655 19836 21294 D InputTransport: Input channel constructed: 'ClientS', fd=880
08-04 06:28:15.655 19836 21294 D InputTransport: Input channel destroyed: 'ClientS', fd=880
08-04 06:28:15.657 16175 16175 D InputTransport: Input channel destroyed: 'ClientS', fd=243
08-04 06:28:15.662 28133 28133 I HBD     : HoneyBoardService onFinishInput
08-04 06:28:15.663 20135 20795 I ViewRootImpl@4b5ae5d[dogglers]: mWNT: t = android.view.SurfaceControl$Transaction@4b54c15 fN = 3 android.view.SyncRtSurfaceTransactionApplier.applyTransaction:94 android.view.SyncRtSurfaceTransactionApplier.lambda$scheduleApply$0$SyncRtSurfaceTransactionApplier:71 android.view.SyncRtSurfaceTransactionApplier$$ExternalSyntheticLambda0.onFrameDraw:4
08-04 06:28:15.663 20135 20795 I ViewRootImpl@4b5ae5d[dogglers]: mWNT: merge t to BBQ
08-04 06:28:15.663 28133 28133 I HBD     : a IC have been unbinding,  InputConnectionWrapper{idHash=#a13d4d mMissingMethods=}
08-04 06:28:15.663 28133 28133 I HBD     : HoneyBoardService [PF_CL][onFinishInput]  1033308 ns
08-04 06:28:15.664 28133 28133 I HBD     : HoneyBoardService [IMI] onStartInput - caller pid : 18365 , caller uid : 10292
08-04 06:28:15.664 28133 28133 I HBD     : j updateConfigs
08-04 06:28:15.664 28133 28133 I HBD     : j isEnabledNightMode : true
08-04 06:28:15.666 28133 28133 I HBD     : a IC have been binding, InputConnectionWrapper{idHash=#9988d13 mMissingMethods=}
08-04 06:28:15.667 28133 28133 I HBD     : h [EditorInputType]setPrivateImeOptionsToTable privateImeOptions ( null )
08-04 06:28:15.667 28133 28133 I HBD     : b incognitoMode : false
08-04 06:28:15.667 28133 28133 I HBD     : a needOff = true , isForceOff = false, isNullInputClass : true
08-04 06:28:15.668 28133 28133 I HBD     : h getDefaultInputRange : UNKNOWN
08-04 06:28:15.668 28133 28133 I HBD     : h getDefaultInputRange : UNKNOWN
08-04 06:28:15.668 28133 28133 I HBD     : h getDefaultInputRange : UNKNOWN
08-04 06:28:15.668   752   769 I SurfaceFlinger: id=174050 createSurf (0x0),-1 flag=24004, Surface(name=a73f97f InputMethod)/@0x1e1d195 - animation-leash of insets_animation#0
08-04 06:28:15.668   752   752 I Layer   : id=174040 removeFromCurrentState Surface(name=Dim Layer for - Task=82 - animating-dim)/@0x4c27f1e - animation-leash of dimmer#0 (126)
08-04 06:28:15.669   752   752 I SurfaceFlinger: id=174040 Removed Surface(name=Dim Layer for - Task=82 - animating-dim)/@0x4c27f1e - animation-leash of dimmer#0 (126)
08-04 06:28:15.669   752   752 I Layer   : id=174040 Destroyed Surface(name=Dim Layer for - Task=82 - animating-dim)/@0x4c27f1e - animation-leash of dimmer#0
08-04 06:28:15.674 19724 20053 I bauth_FPBAuthService: pcf : 0x1012, 0 ,2 ,0 ,0 ,0 ,2, 0.0.0.0
08-04 06:28:15.674 19724 20053 I bauth_FPBAuthService: thread id : 2, preenroll_flag : 0, nd cnt : 1, cso : 3, et : 0
08-04 06:28:15.674 19724 20053 I bauth_FPBAuthService: FPBAuthService, 11756
08-04 06:28:15.674 18365 18365 I ViewInteraction: Checking 'MatchesViewAssertion{viewMatcher=(view has effective visibility <VISIBLE> and view.getGlobalVisibleRect() to return non-empty rectangle)}' assertion on view view.getId() is <2131230947/com.example.dogglers:id/horizontal_btn>
08-04 06:28:15.680 19836 21294 D InputMethodManagerServicePhysicalKey: isConnectedDexOnPC false
08-04 06:28:15.680 19836 21294 D InputMethodManagerService: isImeSwitcherDisabledPackage : false
08-04 06:28:15.681 20135 20794 I ViewRootImpl@4b5ae5d[dogglers]: mWNT: t = android.view.SurfaceControl$Transaction@b9dfb2a fN = 4 android.view.SyncRtSurfaceTransactionApplier.applyTransaction:94 android.view.SyncRtSurfaceTransactionApplier.lambda$scheduleApply$0$SyncRtSurfaceTransactionApplier:71 android.view.SyncRtSurfaceTransactionApplier$$ExternalSyntheticLambda0.onFrameDraw:4
08-04 06:28:15.681 20135 20794 I ViewRootImpl@4b5ae5d[dogglers]: mWNT: merge t to BBQ
08-04 06:28:15.681 19836 19849 I SemDvfsHyPerManager: acquire hyper - AMS_RESUME_TAIL/19836@14, type = -999
08-04 06:28:15.681 19836 19849 I SemDvfsHyPerManager: acquire hyper - AMS_ACT_LAZY/19836@15, type = -999
08-04 06:28:15.682 19652 19680 I HYPER-HAL: [RequestManager.cpp]acquire(): Acquired ID : 197021189  [19836 / 14]    HINT : AMS_RESUME_TAIL    list :
08-04 06:28:15.684 19652 19680 I HYPER-HAL: [RequestManager.cpp]releaseLocked(): Released ID : 197279343
08-04 06:28:15.685   752   752 I Layer   : id=174031 removeFromCurrentState Surface(name=a73f97f InputMethod)/@0x1e1d195 - animation-leash of insets_animation#1 (125)
08-04 06:28:15.686   752   752 I SurfaceFlinger: id=174031 Removed Surface(name=a73f97f InputMethod)/@0x1e1d195 - animation-leash of insets_animation#1 (125)
08-04 06:28:15.686   752   752 I Layer   : id=174031 Destroyed Surface(name=a73f97f InputMethod)/@0x1e1d195 - animation-leash of insets_animation#1
08-04 06:28:15.694 28133 28133 I HBD     : h getDefaultInputRange : UNKNOWN
08-04 06:28:15.695 28133 28133 I HBD     : a currentState : 0
08-04 06:28:15.704 20135 20316 D OpenGLRenderer: setSurface called with nullptr
08-04 06:28:15.704 20135 20316 D OpenGLRenderer: setSurface() destroyed EGLSurface
08-04 06:28:15.704 20135 20316 D OpenGLRenderer: destroyEglSurface
08-04 06:28:15.705 28133 28133 I HBD     : h load selected json path : /data/user/0/com.samsung.android.honeyboard/files/selected.json
08-04 06:28:15.705 28133 28133 I HBD     : h load selected json info : {"version":"4.1","currentLanguageOrder":0,"selected":[{"activeOptionList":["auto_spacing"],"engName":"English(India)","id":65555,"inputType":"qwerty","isUsed":true}]}
08-04 06:28:15.707 19836 22306 V WindowManager: Relayout Window{dd4d296 u0 Splash Screen com.example.dogglers}: viewVisibility=8 req=1080x2408 d0
08-04 06:28:15.707 28133 28133 I HBD     : a [UpdatePolicy] [post] a: 0 cl: 65555 kit: [0/0] vt: 0 ir: 1
08-04 06:28:15.709   752   769 I SurfaceFlinger: id=174051 createSurf (0x0),-1 flag=24000, Surface(name=dd4d296 Splash Screen com.example.dogglers)/@0x23b2521 - animation-leash of window_animation#0
08-04 06:28:15.712 28133 28133 I HBD     : HoneyBoardService [PF_OP][onStartInput]  48410731 ns
08-04 06:28:15.718 19836 22306 V WindowManager: Relayout hash=dd4d296, pid=20135: mAttrs={(0,0)(fillxfill) sim={adjust=pan} ty=APPLICATION_STARTING fmt=TRANSLUCENT wanim=0x1030001
08-04 06:28:15.718 19836 22306 V WindowManager:   fl=81030118
08-04 06:28:15.718 19836 22306 V WindowManager:   pfl=36000010
08-04 06:28:15.718 19836 22306 V WindowManager:   bhv=DEFAULT
08-04 06:28:15.718 19836 22306 V WindowManager:   fitSides= naviIconColor=0}
08-04 06:28:15.724 20135 20264 I ViewRootImpl@4b5ae5d[dogglers]: Relayout returned: old=(0,0,1080,2408) new=(0,0,1080,2408) req=(1080,2408)8 dur=13 res=0x5 s={false 0} ch=true fn=5
08-04 06:28:15.724 20135 20264 I ViewRootImpl@4b5ae5d[dogglers]: dispatchDetachedFromWindow
08-04 06:28:15.726 19836 21294 D InputTransport: Input channel destroyed: 'dd4d296', fd=828
08-04 06:28:15.727 19836 21294 W InputManager-JNI: Input channel object 'dd4d296 Splash Screen com.example.dogglers (client)' was disposed without first being removed with the input manager!
08-04 06:28:15.727 19836 21294 D InputTransport: Input channel destroyed: 'dd4d296', fd=842
08-04 06:28:15.731 20135 20264 D InputTransport: Input channel destroyed: 'dd4d296', fd=214
08-04 06:28:15.735   752   752 I Layer   : id=174049 removeFromCurrentState Surface(name=ffa02c4 com.example.dogglers/com.example.dogglers.MainActivity)/@0x621c41d - animation-leash of starting_reveal#0 (125)
08-04 06:28:15.737 19836 22306 I SemDvfsHyPerManager: acquire hyper - AMS_ACT_START/19836@12, type = -999
08-04 06:28:15.738 19652 19680 I HYPER-HAL: [RequestManager.cpp]acquire(): Acquired ID : 196981488  [19836 / 12]    HINT : AMS_ACT_START    list :
08-04 06:28:15.738   752   769 I SurfaceFlinger: id=174052 createSurf (0x0),-1 flag=80004, ActivityRecord{aa50eaf u0 com.example.dogglers/androidx.test.core.app.InstrumentationActivityInvoker$EmptyActivity t87}#0
08-04 06:28:15.747   752   752 D SurfaceFlinger: Display 4633128508267670401 HWC layers:
08-04 06:28:15.747   752   752 D SurfaceFlinger:      DEVICE | 0xe8aa8980 | 0102 | RGBA_8888    |    0.0    0.0 1080.0 2408.0 |    0    0 1080 2408 | com.example.dogglers/com.example.dogglers.MainActivity$_18365#0
08-04 06:28:15.747   752   752 D SurfaceFlinger:      DEVICE | 0xe9a83e00 | 0100 | RGBA_8888    |    0.0    0.0 1080.0 2408.0 |    0    0 1080 2408 | Splash Screen com.example.dogglers$_20135#0
08-04 06:28:15.747   752   752 D SurfaceFlinger:      CLIENT | 0xe9a83b00 | 0100 | RGBA_8888    |    0.0    0.0 1080.0   66.0 |    0    0 1080   66 | StatusBar$_20135#0
08-04 06:28:15.747   752   752 D SurfaceFlinger:      CLIENT | 0xe8f21080 | 0100 | RGBA_8888    |    0.0    0.0  388.0   42.0 |  692 2366 1080 2408 | SGestureOverlayWindow$_20522#0
08-04 06:28:15.747   752   752 D SurfaceFlinger:      CLIENT | 0xe8aa8800 | 0100 | RGBA_8888    |    0.0    0.0 1080.0  135.0 |    0 2273 1080 2408 | NavigationBar0$_20135#0
08-04 06:28:15.747   752   752 D SurfaceFlinger:      DEVICE | 0xe943ff80 | 0108 | RGBA_8888    |    0.0    0.0 1080.0 2408.0 |    0    0 1080 2408 | BlueLightFilter$_20135#0
08-04 06:28:15.747   752   752 D SurfaceFlinger:
08-04 06:28:15.749 19836 19854 D PersonaActivityHelper: Activity not in resumed state, do not run immediate lock
08-04 06:28:15.751 18365 18365 D LifecycleMonitor: Lifecycle status change: com.example.dogglers.MainActivity@29d290e in: PAUSED
08-04 06:28:15.753 18365 18365 V ActivityScenario: Update currentActivityStage to PAUSED, currentActivity=com.example.dogglers.MainActivity@29d290e
08-04 06:28:15.753 16175 16175 I ViewRootImpl@6011630[CustomTabActivity]: handleAppVisibility mAppVisible=true visible=false
08-04 06:28:15.753 19836 19855 I SemDvfsHyPerManager: acquire hyper - AMS_RESUME_TAIL/19836@14, type = -999
08-04 06:28:15.753 19836 19855 I SemDvfsHyPerManager: acquire hyper - AMS_ACT_LAZY/19836@15, type = -999
08-04 06:28:15.755 19652 19680 I HYPER-HAL: [RequestManager.cpp]acquire(): Acquired ID : 197021189  [19836 / 14]    HINT : AMS_RESUME_TAIL    list :
08-04 06:28:15.755 19836 22306 I SemDvfsHyPerManager: acquire hyper - AMS_ACT_RESUME/19836@16, type = -999
08-04 06:28:15.755 19652 19680 I HYPER-HAL: [RequestManager.cpp]releaseLocked(): Released ID : 196981488
08-04 06:28:15.755 19652 19680 I HYPER-HAL: [RequestManager.cpp]acquire(): Acquired ID : 197060894  [19836 / 16]    HINT : AMS_ACT_RESUME    list :
08-04 06:28:15.765 19836 22306 D InputDispatcher: Focused application set to (0): aa50eaf
08-04 06:28:15.768   752   769 I SurfaceFlinger: id=174053 createSurf (0x0),-1 flag=24000, Surface(name=ac392f8 StatusBar)/@0x2bc773f - animation-leash of insets_animation#0
08-04 06:28:15.769 16175 16175 I SurfaceView@3a27ac: onWindowVisibilityChanged(8) false android.view.SurfaceView{3a27ac V.E...... ........ 0,0-1080,2300} of ViewRootImpl@6011630[CustomTabActivity]
08-04 06:28:15.769 16175 16175 I SurfaceView@3a27ac: pST: mTmpTransaction.apply, mTmpTransaction = android.view.SurfaceControl$Transaction@d968a7c
08-04 06:28:15.770 16175 16175 I SurfaceView@3a27ac: surfaceDestroyed callback.size 1 #2 android.view.SurfaceView{3a27ac V.E...... ........ 0,0-1080,2300}
08-04 06:28:15.770 16175 16175 E cr_CompositorSurfaceMgr: surfaceDestroyed format : 4
08-04 06:28:15.771   752  1103 I SurfaceFlinger: id=174054 createSurf (0x0),-1 flag=24000, Surface(name=e75ea59 NavigationBar0)/@0x799bb6a - animation-leash of insets_animation#1
08-04 06:28:15.780 19578 19619 I cr_CronetLibraryLoader: Cronet version: 105.0.5135.3, arch: armv8l
08-04 06:28:15.784   752   918 I SurfaceFlinger: id=174026 Removed com.android.chrome/ChromeNativeWindowSurface#0 (128)
08-04 06:28:15.789   752  1103 I SurfaceFlinger: id=174027 Removed com.android.chrome/ChromeChildSurface#0 (128)
08-04 06:28:15.790 16516 16560 W cr_MediaCodecBridge: Releasing: OMX.Exynos.avc.dec
08-04 06:28:15.790 16516 19596 D SurfaceUtils: connecting to surface 0xdd585c08, reason connectToSurface
08-04 06:28:15.790 16516 19596 I MediaCodec: [OMX.Exynos.avc.dec] setting surface generation to 16912394
08-04 06:28:15.790 16516 19596 D SurfaceUtils: disconnecting from surface 0xdd585c08, reason connectToSurface(reconnect)
08-04 06:28:15.790 16516 19596 D SurfaceUtils: connecting to surface 0xdd585c08, reason connectToSurface(reconnect)
08-04 06:28:15.794 19836 19854 I SemPersonaManager: SecureFolder personaId = 10
08-04 06:28:15.795   752   752 D SurfaceFlinger: Display 4633128508267670401 HWC layers:
08-04 06:28:15.795   752   752 D SurfaceFlinger:      DEVICE | 0xe8aa8980 | 0102 | RGBA_8888    |    0.0    0.0 1080.0 2408.0 |    0    0 1080 2408 | com.example.dogglers/com.example.dogglers.MainActivity$_18365#0
08-04 06:28:15.795   752   752 D SurfaceFlinger:      DEVICE | 0xe9a83b00 | 0100 | RGBA_8888    |    0.0    0.0 1080.0   66.0 |    0    0 1080   66 | StatusBar$_20135#0
08-04 06:28:15.795   752   752 D SurfaceFlinger:      CLIENT | 0xe8f21080 | 0100 | RGBA_8888    |    0.0    0.0  388.0   42.0 |  692 2366 1080 2408 | SGestureOverlayWindow$_20522#0
08-04 06:28:15.795   752   752 D SurfaceFlinger:      CLIENT | 0xe8aa8800 | 0100 | RGBA_8888    |    0.0    0.0 1080.0  135.0 |    0 2273 1080 2408 | NavigationBar0$_20135#0
08-04 06:28:15.795   752   752 D SurfaceFlinger:      DEVICE | 0xe943ff80 | 0108 | RGBA_8888    |    0.0    0.0 1080.0 2408.0 |    0    0 1080 2408 | BlueLightFilter$_20135#0
08-04 06:28:15.795   752   752 D SurfaceFlinger:
08-04 06:28:15.802   752   752 I Layer   : id=174038 removeFromCurrentState Surface(name=Task=82)/@0xa615068 - animation-leash of app_transition#0 (128)
08-04 06:28:15.802   752   752 I Layer   : id=174041 removeFromCurrentState Surface(name=Task=87)/@0xccb2ccd - animation-leash of app_transition#0 (128)
08-04 06:28:15.802   752   752 I Layer   : id=174033 removeFromCurrentState Task=87#0 (128)
08-04 06:28:15.803   752   752 I Layer   : id=174034 removeFromCurrentState ActivityRecord{15a16c u0 com.example.dogglers/androidx.test.core.app.InstrumentationActivityInvoker$BootstrapActivity t87}#0 (128)
08-04 06:28:15.803   752   752 I Layer   : id=174037 removeFromCurrentState ActivityRecord{bbb9788 u0 com.example.dogglers/.MainActivity t87}#0 (128)
08-04 06:28:15.803   752   752 I Layer   : id=174045 removeFromCurrentState ffa02c4 com.example.dogglers/com.example.dogglers.MainActivity#0 (128)
08-04 06:28:15.803   752   752 I Layer   : id=174046 removeFromCurrentState com.example.dogglers/com.example.dogglers.MainActivity$_18365#0 (128)
08-04 06:28:15.803   752   752 I Layer   : id=173439 removeFromCurrentState ImeContainer#0 (128)
08-04 06:28:15.804   752   752 I Layer   : id=173542 removeFromCurrentState WindowToken{35488ae android.os.Binder@74d29}#0 (128)
08-04 06:28:15.804   752   752 I Layer   : id=174050 removeFromCurrentState Surface(name=a73f97f InputMethod)/@0x1e1d195 - animation-leash of insets_animation#0 (128)
08-04 06:28:15.804   752   752 I Layer   : id=173543 removeFromCurrentState a73f97f InputMethod#0 (128)
08-04 06:28:15.804   752   752 I Layer   : id=174051 removeFromCurrentState Surface(name=dd4d296 Splash Screen com.example.dogglers)/@0x23b2521 - animation-leash of window_animation#0 (128)
08-04 06:28:15.804   752   752 I Layer   : id=174035 removeFromCurrentState dd4d296 Splash Screen com.example.dogglers#0 (128)
08-04 06:28:15.804   752   752 I Layer   : id=174036 removeFromCurrentState Splash Screen com.example.dogglers$_20135#0 (128)
08-04 06:28:15.804   752   752 I Layer   : id=174052 removeFromCurrentState ActivityRecord{aa50eaf u0 com.example.dogglers/androidx.test.core.app.InstrumentationActivityInvoker$EmptyActivity t87}#0 (128)
08-04 06:28:15.804   752   752 I Layer   : id=174039 removeFromCurrentState Dim Layer for - Task=82 - animating-dim#0 (128)
08-04 06:28:15.804   752   752 I Layer   : id=174033 addToCurrentState Task=87#0 (128)
08-04 06:28:15.804   752   752 I Layer   : id=174034 addToCurrentState ActivityRecord{15a16c u0 com.example.dogglers/androidx.test.core.app.InstrumentationActivityInvoker$BootstrapActivity t87}#0 (128)
08-04 06:28:15.804   752   752 I Layer   : id=174037 addToCurrentState ActivityRecord{bbb9788 u0 com.example.dogglers/.MainActivity t87}#0 (128)
08-04 06:28:15.804   752   752 I Layer   : id=174045 addToCurrentState ffa02c4 com.example.dogglers/com.example.dogglers.MainActivity#0 (128)
08-04 06:28:15.804   752   752 I Layer   : id=174046 addToCurrentState com.example.dogglers/com.example.dogglers.MainActivity$_18365#0 (128)
