08-04 06:28:03.330 19836 20059 D SemNscXgbL2Nrt: L2 NRT 1 sample inference time: 0.8365 msecs
08-04 06:28:03.332 16175 16175 D InputTransport: Input channel destroyed: 'ClientS', fd=238
08-04 06:28:03.339 19836 22301 W InputMethodManagerService: onSessionCreated
08-04 06:28:03.341 18557 18557 I Finsky  : [2] adwk.c(2): registerListener
08-04 06:28:03.342 19836 22301 D InputMethodManagerService: checkDisplayOfStartInputAndUpdateKeyboard display Id 0last 0
08-04 06:28:03.342 19836 22301 D InputTransport: Input channel constructed: 'ClientS', fd=958
08-04 06:28:03.342 18365 18365 W xample.doggler: Accessing hidden method Landroid/os/MessageQueue;->next()Landroid/os/Message; (unsupported, reflection, allowed)
08-04 06:28:03.342 18365 18365 W xample.doggler: Accessing hidden field Landroid/os/MessageQueue;->mMessages:Landroid/os/Message; (unsupported, reflection, allowed)
08-04 06:28:03.342 19836 22301 D InputTransport: Input channel destroyed: 'ClientS', fd=958
08-04 06:28:03.342 18365 18365 W xample.doggler: Accessing hidden method Landroid/os/Message;->recycleUnchecked()V (unsupported, reflection, allowed)
08-04 06:28:03.345 18365 18365 D InputMethodManager: startInputInner - Id : 0
08-04 06:28:03.347   752   769 I SurfaceFlinger: id=173827 createSurf (0x0),-1 flag=24004, Surface(name=a73f97f InputMethod)/@0x1e1d195 - animation-leash of insets_animation#0
08-04 06:28:03.348 28133 28133 I HBD     : HoneyBoardService onFinishInput
08-04 06:28:03.348 18708 18708 I CarUiInstaller: CarUiInstaller started for com.google.android.gsf
08-04 06:28:03.351 18365 18365 W xample.doggler: Accessing hidden method Landroid/view/WindowManagerGlobal;->getInstance()Landroid/view/WindowManagerGlobal; (unsupported, reflection, allowed)
08-04 06:28:03.351 18365 18365 W xample.doggler: Accessing hidden field Landroid/view/WindowManagerGlobal;->mViews:Ljava/util/ArrayList; (unsupported, reflection, allowed)
08-04 06:28:03.351 18365 18365 W xample.doggler: Accessing hidden field Landroid/view/WindowManagerGlobal;->mParams:Ljava/util/ArrayList; (unsupported, reflection, allowed)
08-04 06:28:03.356   752   752 I Layer   : id=173808 removeFromCurrentState Surface(name=a73f97f InputMethod)/@0x1e1d195 - animation-leash of insets_animation#1 (115)
08-04 06:28:03.356   752   752 I SurfaceFlinger: id=173808 Removed Surface(name=a73f97f InputMethod)/@0x1e1d195 - animation-leash of insets_animation#1 (115)
08-04 06:28:03.356   752   752 I Layer   : id=173808 Destroyed Surface(name=a73f97f InputMethod)/@0x1e1d195 - animation-leash of insets_animation#1
08-04 06:28:03.364 18365 18365 I ViewInteraction: Checking 'MatchesViewAssertion{viewMatcher=(view has effective visibility <VISIBLE> and view.getGlobalVisibleRect() to return non-empty rectangle)}' assertion on view view.getId() is <2131230936/com.example.dogglers:id/grid_btn>
08-04 06:28:03.367 19836 22301 D InputMethodManagerServicePhysicalKey: isConnectedDexOnPC false
08-04 06:28:03.367 19836 22301 D InputMethodManagerService: isImeSwitcherDisabledPackage : false
08-04 06:28:03.372   752   752 I Layer   : id=173812 removeFromCurrentState Splash Screen com.example.dogglers$_20135#0 (114)
08-04 06:28:03.372   752   752 I Layer   : id=173811 removeFromCurrentState 2e9a2eb Splash Screen com.example.dogglers#0 (114)
08-04 06:28:03.372   752   752 I Layer   : id=173826 removeFromCurrentState Surface(name=2e9a2eb Splash Screen com.example.dogglers)/@0x198315f - animation-leash of window_animation#0 (114)
08-04 06:28:03.372   752   752 I SurfaceFlinger: id=173811 Removed 2e9a2eb Splash Screen com.example.dogglers#0 (114)
08-04 06:28:03.372   752   752 I SurfaceFlinger: id=173812 Removed Splash Screen com.example.dogglers$_20135#0 (114)
08-04 06:28:03.372   752   752 I SurfaceFlinger: id=173826 Removed Surface(name=2e9a2eb Splash Screen com.example.dogglers)/@0x198315f - animation-leash of window_animation#0 (114)
08-04 06:28:03.373   752   752 I Layer   : id=173826 Destroyed Surface(name=2e9a2eb Splash Screen com.example.dogglers)/@0x198315f - animation-leash of window_animation#0
08-04 06:28:03.373   752   752 I Layer   : id=173811 Destroyed 2e9a2eb Splash Screen com.example.dogglers#0
08-04 06:28:03.375   752   752 I Layer   : id=173812 Destroyed Splash Screen com.example.dogglers$_20135#0
08-04 06:28:03.378   752   752 D SurfaceFlinger: Display 4633128508267670401 HWC layers:
08-04 06:28:03.378   752   752 D SurfaceFlinger:      DEVICE | 0xe9789e80 | 0102 | RGBA_8888    |    0.0    0.0 1080.0 2408.0 |    0    0 1080 2408 | com.example.dogglers/com.example.dogglers.MainActivity$_18365#0
08-04 06:28:03.378   752   752 D SurfaceFlinger:      DEVICE | 0xe53e4600 | 0100 | RGBA_8888    |    0.0    0.0 1080.0   66.0 |    0    0 1080   66 | StatusBar$_20135#0
08-04 06:28:03.378   752   752 D SurfaceFlinger:      CLIENT | 0xe8f21080 | 0100 | RGBA_8888    |    0.0    0.0  388.0   42.0 |  692 2366 1080 2408 | SGestureOverlayWindow$_20522#0
08-04 06:28:03.378   752   752 D SurfaceFlinger:      CLIENT | 0xe8f22100 | 0100 | RGBA_8888    |    0.0    0.0 1080.0  135.0 |    0 2273 1080 2408 | NavigationBar0$_20135#0
08-04 06:28:03.378   752   752 D SurfaceFlinger:      DEVICE | 0xe943ff80 | 0108 | RGBA_8888    |    0.0    0.0 1080.0 2408.0 |    0    0 1080 2408 | BlueLightFilter$_20135#0
08-04 06:28:03.378   752   752 D SurfaceFlinger:
08-04 06:28:03.388 18557 18557 I Finsky  : [2] lit.<init>(19): Initializing pausers from value store.
08-04 06:28:03.398 19836 22762 I SemDvfsHyPerManager: acquire hyper - AMS_ACT_START/19836@12, type = -999
08-04 06:28:03.399 19652 19680 I HYPER-HAL: [RequestManager.cpp]acquire(): Acquired ID : 196981488  [19836 / 12]    HINT : AMS_ACT_START    list :
08-04 06:28:03.403   752   770 I SurfaceFlinger: id=173828 createSurf (0x0),-1 flag=80004, ActivityRecord{c55bf21 u0 com.example.dogglers/androidx.test.core.app.InstrumentationActivityInvoker$EmptyActivity t83}#0
08-04 06:28:03.412 18709 18709 W android.vendin: JIT profile information will not be recorded: profile file does not exist.
08-04 06:28:03.416 19836 19854 D PersonaActivityHelper: Activity not in resumed state, do not run immediate lock
08-04 06:28:03.419 18365 18365 D LifecycleMonitor: Lifecycle status change: com.example.dogglers.MainActivity@37a3378 in: PAUSED
08-04 06:28:03.423 18557 18557 I Finsky  : [2] lit.<init>(22): Get the following callers from value store [].
08-04 06:28:03.424 18365 18365 V ActivityScenario: Update currentActivityStage to PAUSED, currentActivity=com.example.dogglers.MainActivity@37a3378
08-04 06:28:03.427 18557 18660 I Finsky  : [1386] nlu.o(20): Loaded library for account: [X60UCnLIWLZ2FNWhXqtnGFvQAVAVII3fyimLN6bCmjM]
08-04 06:28:03.427 18557 18660 I Finsky  : [1386] nlu.o(24): Finished loading 1 libraries.
08-04 06:28:03.429 18557 18557 I Finsky  : [2] sbe.onStartJob(4): SCH: job service start with id 9551.
08-04 06:28:03.437   334   334 I lmkd    : 1(delay),0(swap), 0(freelimit) memory pressure events were skipped after a kill!
08-04 06:28:03.437   334   334 I lmkd    : cached 0, sandbox(not0) 0
08-04 06:28:03.438 19836 20357 D InputDispatcher: Focused application set to (0): c55bf21
08-04 06:28:03.440 18557 18557 I Finsky  : [2] hds.onSubscriptionsChanged(1): onSubscriptionsChanged
08-04 06:28:03.442 18634 18634 W ProviderHelper: Unknown dynamite feature providerinstaller.dynamite
08-04 06:28:03.442 18634 18634 I DynamiteModule: Considering local module com.google.android.gms.providerinstaller.dynamite:1 and remote module com.google.android.gms.providerinstaller.dynamite:0
08-04 06:28:03.442 18634 18634 I DynamiteModule: Selected local version of com.google.android.gms.providerinstaller.dynamite
08-04 06:28:03.449 19836 19854 I SemPersonaManager: SecureFolder personaId = 10
08-04 06:28:03.456 28133 28133 I HBD     : a IC have been unbinding,  InputConnectionWrapper{idHash=#f5049fa mMissingMethods=}
08-04 06:28:03.458 18557 18557 I Finsky  : [2] lal.S(1): Installer: Installer kick - no action, not running yet
08-04 06:28:03.459 18365 18365 D LifecycleMonitor: Lifecycle status change: androidx.test.core.app.InstrumentationActivityInvoker$EmptyActivity@5cca43b in: PRE_ON_CREATE
08-04 06:28:03.459 19836 19854 D EnterpriseDeviceManagerService: isMdmAdminPresentInternal() : MDM Admin Found - com.samsung.android.knox.containercore
08-04 06:28:03.462 19836 21401 I MediaSessionMonitor: Media session stopped : controllerList empty
08-04 06:28:03.462 18365 18365 V ActivityScenario: Activity lifecycle changed event received but ignored because the intent does not match. startActivityIntent=Intent { act=android.intent.action.MAIN cat=[android.intent.category.LAUNCHER] cmp=com.example.dogglers/.MainActivity }, activity.getIntent()=Intent { act=android.intent.action.MAIN cat=[android.intent.category.LAUNCHER] flg=0x10000000 cmp=com.example.dogglers/androidx.test.core.app.InstrumentationActivityInvoker$EmptyActivity }, activity=androidx.test.core.app.InstrumentationActivityInvoker$EmptyActivity@5cca43b
08-04 06:28:03.467 28133 28133 I HBD     : HoneyBoardService [PF_CL][onFinishInput]  115330961 ns
08-04 06:28:03.468 18634 18634 V NativeCrypto: Registering com/google/android/gms/org/conscrypt/NativeCrypto's 295 native methods...
08-04 06:28:03.468 18709 18709 W android.vendin: JIT profile information will not be recorded: profile file does not exist.
08-04 06:28:03.469 18709 18709 W android.vendin: JIT profile information will not be recorded: profile file does not exist.
08-04 06:28:03.469 18709 18709 W android.vendin: JIT profile information will not be recorded: profile file does not exist.
08-04 06:28:03.472 28133 28133 I HBD     : HoneyBoardService onInlineSuggestionsResponse
08-04 06:28:03.473 19836 20357 D InputDispatcher: Focus left window (0): 723122b com.example.dogglers/com.example.dogglers.MainActivity
08-04 06:28:03.476 18365 18365 I DecorView: [INFO] isPopOver=false, config=true
08-04 06:28:03.476 18365 18365 I DecorView: updateCaptionType >> DecorView@2ecf0b1[], isFloating=false, isApplication=true, hasWindowControllerCallback=true, hasWindowDecorCaption=false
08-04 06:28:03.476 18365 18365 D DecorView: setCaptionType = 0, this = DecorView@2ecf0b1[]
08-04 06:28:03.481 28133 28133 I HBD     : HoneyBoardService [IMI] onStartInput - caller pid : 18365 , caller uid : 10292
08-04 06:28:03.481 28133 28133 I HBD     : j updateConfigs
08-04 06:28:03.486 18365 18365 I DecorView: getCurrentDensityDpi: from real metrics. densityDpi=450 msg=resources_loaded
08-04 06:28:03.488 18365 18365 D LifecycleMonitor: Lifecycle status change: androidx.test.core.app.InstrumentationActivityInvoker$EmptyActivity@5cca43b in: CREATED
08-04 06:28:03.490 18365 18365 V ActivityScenario: Activity lifecycle changed event received but ignored because the intent does not match. startActivityIntent=Intent { act=android.intent.action.MAIN cat=[android.intent.category.LAUNCHER] cmp=com.example.dogglers/.MainActivity }, activity.getIntent()=Intent { act=android.intent.action.MAIN cat=[android.intent.category.LAUNCHER] flg=0x10000000 cmp=com.example.dogglers/androidx.test.core.app.InstrumentationActivityInvoker$EmptyActivity }, activity=androidx.test.core.app.InstrumentationActivityInvoker$EmptyActivity@5cca43b
08-04 06:28:03.497 18365 18365 D LifecycleMonitor: Lifecycle status change: androidx.test.core.app.InstrumentationActivityInvoker$EmptyActivity@5cca43b in: STARTED
08-04 06:28:03.498 28133 28133 I HBD     : j isEnabledNightMode : true
08-04 06:28:03.499 18365 18365 V ActivityScenario: Activity lifecycle changed event received but ignored because the intent does not match. startActivityIntent=Intent { act=android.intent.action.MAIN cat=[android.intent.category.LAUNCHER] cmp=com.example.dogglers/.MainActivity }, activity.getIntent()=Intent { act=android.intent.action.MAIN cat=[android.intent.category.LAUNCHER] flg=0x10000000 cmp=com.example.dogglers/androidx.test.core.app.InstrumentationActivityInvoker$EmptyActivity }, activity=androidx.test.core.app.InstrumentationActivityInvoker$EmptyActivity@5cca43b
08-04 06:28:03.509 18557 18663 I Finsky  : [1389] rsp.apply(9): SCH: Scheduling 0 system job(s)
08-04 06:28:03.520 18634 18634 I ProviderInstaller: Installed default security provider GmsCore_OpenSSL
08-04 06:28:03.544 18023 18527 W earchbox:searc: Long monitor contention with owner Blocking Thread #10 (18530) at java.util.Map com.google.android.libraries.phenotype.client.stable.ab.a(android.content.Context)(PG:14) waiters=0 in java.util.Map com.google.android.libraries.phenotype.client.stable.ab.a(android.content.Context) for 253ms
08-04 06:28:03.545 20522 20560 I RecentModel: onTaskStackChangedBackground
08-04 06:28:03.548 28133 28133 I HBD     : a IC have been binding, InputConnectionWrapper{idHash=#c7ed208 mMissingMethods=}
08-04 06:28:03.548 18023 18531 W earchbox:searc: Long monitor contention with owner Blocking Thread #10 (18530) at java.util.Map com.google.android.libraries.phenotype.client.stable.ab.a(android.content.Context)(PG:14) waiters=1 in java.util.Map com.google.android.libraries.phenotype.client.stable.ab.a(android.content.Context) for 244ms
08-04 06:28:03.550   334   334 I lmkd    : 1(delay),0(swap), 0(freelimit) memory pressure events were skipped after a kill!
08-04 06:28:03.550   334   334 I lmkd    : cached 0, sandbox(not0) 0
08-04 06:28:03.552 28133 28133 I HBD     : h [EditorInputType]setPrivateImeOptionsToTable privateImeOptions ( null )
08-04 06:28:03.555 18557 18677 I Finsky  : [1392] rsy.a(9): SCH: Satisfied jobs for 9551 are: 29-29
08-04 06:28:03.557 28133 28133 I HBD     : b incognitoMode : false
08-04 06:28:03.561 28133 28133 I HBD     : a needOff = true , isForceOff = false, isNullInputClass : true
08-04 06:28:03.563 19836 20077 D NetdEventListenerService: DNS Requested by : 105, 1010186, 0
08-04 06:28:03.564 18023 18532 W earchbox:searc: Long monitor contention with owner Blocking Thread #10 (18530) at java.util.Map com.google.android.libraries.phenotype.client.stable.ab.a(android.content.Context)(PG:14) waiters=2 in java.util.Map com.google.android.libraries.phenotype.client.stable.ab.a(android.content.Context) for 257ms
08-04 06:28:03.587 18557 18771 I Finsky  : [1416] saa.accept(66): SCH: Job 29-29 starting
08-04 06:28:03.587 28133 28133 I HBD     : h getDefaultInputRange : UNKNOWN
08-04 06:28:03.587 28133 28133 I HBD     : h getDefaultInputRange : UNKNOWN
08-04 06:28:03.587 28133 28133 I HBD     : h getDefaultInputRange : UNKNOWN
08-04 06:28:03.601 18557 18773 I Finsky  : [1418] wvo.e(0): ProcessRecoveryLogsUtil: No files in recovery directory
08-04 06:28:03.602 18557 18773 I Finsky  : [1418] rzk.r(4): SCH: jobFinished: 29-29. TimeElapsed: 12ms.
08-04 06:28:03.605 28133 28133 I HBD     : h getDefaultInputRange : UNKNOWN
08-04 06:28:03.606 28133 28133 I HBD     : a currentState : 0
08-04 06:28:03.606 18365 18365 D LifecycleMonitor: Lifecycle status change: androidx.test.core.app.InstrumentationActivityInvoker$EmptyActivity@5cca43b in: RESUMED
08-04 06:28:03.608 18365 18365 V ActivityScenario: Activity lifecycle changed event received but ignored because the intent does not match. startActivityIntent=Intent { act=android.intent.action.MAIN cat=[android.intent.category.LAUNCHER] cmp=com.example.dogglers/.MainActivity }, activity.getIntent()=Intent { act=android.intent.action.MAIN cat=[android.intent.category.LAUNCHER] flg=0x10000000 cmp=com.example.dogglers/androidx.test.core.app.InstrumentationActivityInvoker$EmptyActivity }, activity=androidx.test.core.app.InstrumentationActivityInvoker$EmptyActivity@5cca43b
08-04 06:28:03.621 19836 20357 D InputTransport: Input channel constructed: 'b2f727d', fd=983
08-04 06:28:03.621 19836 20357 D InputTransport: Input channel constructed: 'b2f727d', fd=984
08-04 06:28:03.622 19836 20357 D InputTransport: Input channel constructed: 'b2f727d', fd=985
08-04 06:28:03.623   752   770 I SurfaceFlinger: id=173829 createSurf (0x0),-1 flag=80004, b2f727d com.example.dogglers/androidx.test.core.app.InstrumentationActivityInvoker$EmptyActivity#0
08-04 06:28:03.624 18709 18709 V GraphicsEnvironment: ANGLE Developer option for 'com.android.vending' set to: 'default'
08-04 06:28:03.624 18709 18709 V GraphicsEnvironment: Neither updatable production driver nor prerelease driver is supported.
08-04 06:28:03.624 19836 20357 D InputTransport: Input channel destroyed: 'b2f727d', fd=985
08-04 06:28:03.627 18709 18709 D NetworkSecurityConfig: No Network Security Config specified, using platform default
08-04 06:28:03.627 18365 18365 I ViewRootImpl@a1e9996[InstrumentationActivityInvoker$EmptyActivity]: setView = com.android.internal.policy.DecorView@2ecf0b1 TM=true
08-04 06:28:03.629 19836 19894 D AnalyticsContainerHandler: handleMessage : { when=0 what=1 target=com.android.server.knox.KnoxAnalyticsContainer$AnalyticsHandler }
08-04 06:28:03.647 18709 18709 D NetworkSecurityConfig: No Network Security Config specified, using platform default
08-04 06:28:03.654 19836 20357 V WindowManager: Relayout Window{b2f727d u0 com.example.dogglers/androidx.test.core.app.InstrumentationActivityInvoker$EmptyActivity}: viewVisibility=0 req=1080x2408 d0
08-04 06:28:03.655   752   770 I SurfaceFlinger: id=173830 createSurf (1x1),-3 flag=40004, com.example.dogglers/androidx.test.core.app.InstrumentationActivityInvoker$EmptyActivity$_18365#0
08-04 06:28:03.656 19652 18754 I HYPER-HAL: [RequestManager.cpp]releaseLocked(): Released ID : 197021189
08-04 06:28:03.659 18634 18777 I Watchcat: Started
08-04 06:28:03.663 18634 18634 I bvrq    : Primes not initialized, returning default (no-op) Primes instance which will ignore all calls. Please call Primes.initialize(...) before using any Primes API.
08-04 06:28:03.663   752   770 I SurfaceFlinger: id=173831 createSurf (0x0),-1 flag=24000, Surface(name=ac392f8 StatusBar)/@0x2bc773f - animation-leash of insets_animation#0
08-04 06:28:03.663   334   334 I lmkd    : 1(delay),0(swap), 0(freelimit) memory pressure events were skipped after a kill!
08-04 06:28:03.664   334   334 I lmkd    : cached 0, sandbox(not0) 0
08-04 06:28:03.664 18634 18779 I GMS_MM_Logger: Started.
08-04 06:28:03.665   752   770 I SurfaceFlinger: id=173832 createSurf (0x0),-1 flag=24000, Surface(name=e75ea59 NavigationBar0)/@0x799bb6a - animation-leash of insets_animation#1
08-04 06:28:03.668 19836 20357 V WindowManager: Relayout hash=b2f727d, pid=18365: mAttrs={(0,0)(fillxfill) sim={adjust=pan forwardNavigation} ty=BASE_APPLICATION wanim=0x1030001
08-04 06:28:03.668 19836 20357 V WindowManager:   fl=1810100
08-04 06:28:03.668 19836 20357 V WindowManager:   pfl=12020040
08-04 06:28:03.668 19836 20357 V WindowManager:   bhv=DEFAULT
08-04 06:28:03.668 19836 20357 V WindowManager:   fitSides= naviIconColor=0}
08-04 06:28:03.668 19724 20053 I bauth_FPBAuthService: pcf : 0x1012, 0 ,2 ,0 ,0 ,0 ,2, 0.0.0.0
08-04 06:28:03.668 19724 20053 I bauth_FPBAuthService: thread id : 2, preenroll_flag : 0, nd cnt : 1, cso : 3, et : 0
08-04 06:28:03.668 19724 20053 I bauth_FPBAuthService: FPBAuthService, 11756
08-04 06:28:03.668 28133 28133 I HBD     : h load selected json path : /data/user/0/com.samsung.android.honeyboard/files/selected.json
08-04 06:28:03.668 28133 28133 I HBD     : h load selected json info : {"version":"4.1","currentLanguageOrder":0,"selected":[{"activeOptionList":["auto_spacing"],"engName":"English(India)","id":65555,"inputType":"qwerty","isUsed":true}]}
08-04 06:28:03.674 18365 18365 I ViewRootImpl@a1e9996[InstrumentationActivityInvoker$EmptyActivity]: Relayout returned: old=(0,0,1080,2408) new=(0,0,1080,2408) req=(1080,2408)0 dur=17 res=0x7 s={true 3934049280} ch=true fn=-1
08-04 06:28:03.676 18365 18575 D OpenGLRenderer: eglCreateWindowSurface
08-04 06:28:03.682 18365 18365 I ViewRootImpl@a1e9996[InstrumentationActivityInvoker$EmptyActivity]: [DP] dp(1) 1 android.view.ViewRootImpl.reportNextDraw:11410 android.view.ViewRootImpl.performTraversals:4185 android.view.ViewRootImpl.doTraversal:2911
08-04 06:28:03.683 18365 18365 D ViewRootImpl@a1e9996[InstrumentationActivityInvoker$EmptyActivity]: Creating frameDrawingCallback nextDrawUseBlastSync=false reportNextDraw=true hasBlurUpdates=false
08-04 06:28:03.683 18365 18365 D ViewRootImpl@a1e9996[InstrumentationActivityInvoker$EmptyActivity]: Creating frameCompleteCallback
08-04 06:28:03.688   752   752 I Layer   : id=173823 removeFromCurrentState Surface(name=ac392f8 StatusBar)/@0x2bc773f - animation-leash of insets_animation#1 (116)
08-04 06:28:03.689   752   752 I Layer   : id=173824 removeFromCurrentState Surface(name=e75ea59 NavigationBar0)/@0x799bb6a - animation-leash of insets_animation#0 (116)
08-04 06:28:03.691 19836 22301 D InputDispatcher: Focus request (0): b2f727d com.example.dogglers/androidx.test.core.app.InstrumentationActivityInvoker$EmptyActivity but waiting because NOT_VISIBLE
08-04 06:28:03.695 18365 18720 D ViewRootImpl@a1e9996[InstrumentationActivityInvoker$EmptyActivity]: Received frameDrawingCallback frameNum=1. Creating transactionCompleteCallback=false
08-04 06:28:03.717 19836 22762 D EnterpriseUtils: getCallingOrCurrentUserId(): move: cxtInfo.mContainerId = 10
08-04 06:28:03.717 19836 22762 D EnterpriseUtils: getCallingOrCurrentUserId(): move: cxtInfo.mContainerId = 10
08-04 06:28:03.729 28133 28133 I HBD     : a [UpdatePolicy] [post] a: 0 cl: 65555 kit: [0/0] vt: 0 ir: 1
08-04 06:28:03.732  5129  5193 W BillingClient: Client is already in the process of connecting to billing service.
08-04 06:28:03.749 18709 18709 I Finsky  : [2] fph.j(6): Process created at version: 31.6.13-21 [0] [PR] 462679837
08-04 06:28:03.765 28133 28133 I HBD     : HoneyBoardService [PF_OP][onStartInput]  288555653 ns
08-04 06:28:03.769 18365 18575 D ViewRootImpl@a1e9996[InstrumentationActivityInvoker$EmptyActivity]: Received frameCompleteCallback  lastAcquiredFrameNum=1 lastAttemptedDrawFrameNum=1
08-04 06:28:03.771 18365 18365 I ViewRootImpl@a1e9996[InstrumentationActivityInvoker$EmptyActivity]: [DP] pdf(0) 1 android.view.ViewRootImpl.lambda$addFrameCompleteCallbackIfNeeded$3$ViewRootImpl:4987 android.view.ViewRootImpl$$ExternalSyntheticLambda16.run:6 android.os.Handler.handleCallback:938
08-04 06:28:03.771 18365 18365 I ViewRootImpl@a1e9996[InstrumentationActivityInvoker$EmptyActivity]: [DP] rdf()
08-04 06:28:03.771 18365 18365 D ViewRootImpl@a1e9996[InstrumentationActivityInvoker$EmptyActivity]: reportDrawFinished (fn: -1)
08-04 06:28:03.772 18365 18365 I ViewRootImpl@17aec0c[MainActivity]: MSG_WINDOW_FOCUS_CHANGED 0 1
08-04 06:28:03.783 19836 19855 I SemDvfsHyPerManager: acquire hyper - AMS_RESUME_TAIL/19836@14, type = -999
08-04 06:28:03.783 19836 19851 I ActivityTaskManager: Displayed com.example.dogglers/androidx.test.core.app.InstrumentationActivityInvoker$EmptyActivity: +388ms
08-04 06:28:03.783 19836 19855 I SemDvfsHyPerManager: acquire hyper - AMS_ACT_LAZY/19836@15, type = -999
08-04 06:28:03.783 19652 19680 I HYPER-HAL: [RequestManager.cpp]acquire(): Acquired ID : 197021189  [19836 / 14]    HINT : AMS_RESUME_TAIL    list :
08-04 06:28:03.783  1994  1994 E pageboostd: Received HALT command code 2
08-04 06:28:03.784 19652 19680 I HYPER-HAL: [RequestManager.cpp]releaseLocked(): Released ID : 196981488
08-04 06:28:03.790 19836 20362 D InputDispatcher: Focus entered window (0): b2f727d com.example.dogglers/androidx.test.core.app.InstrumentationActivityInvoker$EmptyActivity
08-04 06:28:03.794   752   752 D SurfaceFlinger: Display 4633128508267670401 HWC layers:
08-04 06:28:03.794   752   752 D SurfaceFlinger:      DEVICE | 0xe9a84580 | 0102 | RGBA_8888    |    0.0    0.0 1080.0 2408.0 |    0    0 1080 2408 | com.example.dogglers/androidx.test.c[...]tivityInvoker$EmptyActivity$_18365#0
08-04 06:28:03.794   752   752 D SurfaceFlinger:      DEVICE | 0xe53e4600 | 0100 | RGBA_8888    |    0.0    0.0 1080.0   66.0 |    0    0 1080   66 | StatusBar$_20135#0
08-04 06:28:03.794   752   752 D SurfaceFlinger:      DEVICE | 0xe8f21080 | 0100 | RGBA_8888    |    0.0    0.0  388.0   42.0 |  692 2366 1080 2408 | SGestureOverlayWindow$_20522#0
08-04 06:28:03.794   752   752 D SurfaceFlinger:      DEVICE | 0xe8f22100 | 0100 | RGBA_8888    |    0.0    0.0 1080.0  135.0 |    0 2273 1080 2408 | NavigationBar0$_20135#0
08-04 06:28:03.794   752   752 D SurfaceFlinger:      DEVICE | 0xe943ff80 | 0108 | RGBA_8888    |    0.0    0.0 1080.0 2408.0 |    0    0 1080 2408 | BlueLightFilter$_20135#0
08-04 06:28:03.794   752   752 D SurfaceFlinger:
08-04 06:28:03.796   752   769 I SurfaceFlinger: id=173824 Removed Surface(name=e75ea59 NavigationBar0)/@0x799bb6a - animation-leash of insets_animation#0 (116)
08-04 06:28:03.796   752  1103 I SurfaceFlinger: id=173823 Removed Surface(name=ac392f8 StatusBar)/@0x2bc773f - animation-leash of insets_animation#1 (116)
08-04 06:28:03.798 18365 18365 D InsetsSourceConsumer: ensureControlAlpha: for ITYPE_NAVIGATION_BAR on com.example.dogglers/androidx.test.core.app.InstrumentationActivityInvoker$EmptyActivity
08-04 06:28:03.799 18365 18365 D InsetsSourceConsumer: ensureControlAlpha: for ITYPE_STATUS_BAR on com.example.dogglers/androidx.test.core.app.InstrumentationActivityInvoker$EmptyActivity
08-04 06:28:03.805   752   752 I Layer   : id=173824 Destroyed Surface(name=e75ea59 NavigationBar0)/@0x799bb6a - animation-leash of insets_animation#0
08-04 06:28:03.805   752   752 I Layer   : id=173823 Destroyed Surface(name=ac392f8 StatusBar)/@0x2bc773f - animation-leash of insets_animation#1
08-04 06:28:03.805 18634 18634 D BoundBrokerSvc: onBind: Intent { act=com.google.android.gms.gservices.START pkg=com.google.android.gms }
08-04 06:28:03.805 18634 18634 D BoundBrokerSvc: Loading bound service for intent: Intent { act=com.google.android.gms.gservices.START pkg=com.google.android.gms }
08-04 06:28:03.806 18365 18365 I ViewRootImpl@17aec0c[MainActivity]: handleAppVisibility mAppVisible=true visible=false
08-04 06:28:03.808 18365 18365 I ViewRootImpl@17aec0c[MainActivity]: stopped(true) old=false
08-04 06:28:03.811 18365 18365 D LifecycleMonitor: Lifecycle status change: com.example.dogglers.MainActivity@37a3378 in: STOPPED
08-04 06:28:03.813 18365 18365 V ActivityScenario: Update currentActivityStage to STOPPED, currentActivity=com.example.dogglers.MainActivity@37a3378
08-04 06:28:03.821 18365 18365 D LifecycleMonitor: Lifecycle status change: com.example.dogglers.MainActivity@37a3378 in: DESTROYED
08-04 06:28:03.823 18365 18365 V ActivityScenario: Update currentActivityStage to DESTROYED, currentActivity=null
08-04 06:28:03.831 19836 20059 D SemNscXgbMsL1: Probability - Cloud gaming: [0.046361]
08-04 06:28:03.831 19836 20059 D SemNscXgbMsL1: Probability - Real time: [0.23509349]
08-04 06:28:03.832 19836 20059 D SemNscXgbMsL1: Probability - Non real time: [0.88276356]
08-04 06:28:03.832 19836 20059 D SemNscXgbMsL1: 1 sample inference time: 1.074346 msecs
08-04 06:28:03.834 19836 20059 D SemNscXgbL2Rt: L2 RT 1 sample inference time: 2.452423 msecs
08-04 06:28:03.836 18557 18655 I Finsky  : [1381] rtb.accept(46): SCH: Scheduling phonesky job Id: 26-1414141414, CT: 1659554305459, Constraints: [{ L: 43200000, D: 44100000, C: 1, I: 1, N: 0 }]
08-04 06:28:03.838 18365 18575 D OpenGLRenderer: setSurface called with nullptr
08-04 06:28:03.838 18365 18575 D OpenGLRenderer: setSurface() destroyed EGLSurface
08-04 06:28:03.838 18365 18575 D OpenGLRenderer: destroyEglSurface
08-04 06:28:03.839 19836 20059 D SemNscXgbL2Nrt: L2 NRT 1 sample inference time: 4.452308 msecs
08-04 06:28:03.839 19836 20059 I SemWifiServiceDetector: NSD results: [0, 1, 2, 0, 0, 1, 1, 0] Traff. type 1 Thr 14
08-04 06:28:03.841 19836 20062 D SemWifiOptimizer: enable=0 state=0x10 prev=0x10 new=0x00 force=0
08-04 06:28:03.841 18365 18365 I ViewRootImpl@17aec0c[MainActivity]: dispatchDetachedFromWindow
08-04 06:28:03.843 19836 22306 D InputTransport: Input channel destroyed: '723122b', fd=979
08-04 06:28:03.843 19836 22306 W InputManager-JNI: Input channel object '723122b com.example.dogglers/com.example.dogglers.MainActivity (client)' was disposed without first being removed with the input manager!
08-04 06:28:03.843 19836 22306 D InputTransport: Input channel destroyed: '723122b', fd=980
08-04 06:28:03.846 18709 18792 I Finsky  : [1386] ppv.c(20): Finished reading experiment flags from file [0tGUNCGIkbk4o6-fQ335kUYSKwVj4lusnHT-A5Dsy08].
08-04 06:28:03.850   752   769 I SurfaceFlinger: id=173833 createSurf (0x0),-1 flag=24004, Surface(name=a73f97f InputMethod)/@0x1e1d195 - animation-leash of insets_animation#1
08-04 06:28:03.868 18709 18792 I Finsky  : [1386] ppv.c(20): Finished reading experiment flags from file [Se-xCc4LzNyh3UrKMIU2sUf-PUKz4oQEbpKZDMuaFno].
08-04 06:28:03.871   752   752 I Layer   : id=173822 removeFromCurrentState com.example.dogglers/com.example.dogglers.MainActivity$_18365#0 (115)
08-04 06:28:03.871   752   752 I SurfaceFlinger: id=173822 Removed com.example.dogglers/com.example.dogglers.MainActivity$_18365#0 (115)
08-04 06:28:03.872   752   752 I Layer   : id=173822 Destroyed com.example.dogglers/com.example.dogglers.MainActivity$_18365#0
08-04 06:28:03.877 18557 18675 I Finsky  : [1391] rsp.apply(9): SCH: Scheduling 1 system job(s)
08-04 06:28:03.879 19652 18549 I HYPER-HAL: [RequestManager.cpp]releaseLocked(): Released ID : 197001338
08-04 06:28:03.881 18365 18365 D InputTransport: Input channel destroyed: '723122b', fd=92
08-04 06:28:03.885 18365 18365 I ViewRootImpl@a1e9996[InstrumentationActivityInvoker$EmptyActivity]: MSG_WINDOW_FOCUS_CHANGED 1 1
08-04 06:28:03.888   752   752 I Layer   : id=173821 removeFromCurrentState 723122b com.example.dogglers/com.example.dogglers.MainActivity#0 (114)
08-04 06:28:03.888   752   752 I Layer   : id=173827 removeFromCurrentState Surface(name=a73f97f InputMethod)/@0x1e1d195 - animation-leash of insets_animation#0 (114)
08-04 06:28:03.888 18365 18365 D InputMethodManager: startInputInner - Id : 0
08-04 06:28:03.888   752   752 I SurfaceFlinger: id=173821 Removed 723122b com.example.dogglers/com.example.dogglers.MainActivity#0 (114)
08-04 06:28:03.888   752   752 I SurfaceFlinger: id=173827 Removed Surface(name=a73f97f InputMethod)/@0x1e1d195 - animation-leash of insets_animation#0 (114)
08-04 06:28:03.888 18365 18365 I InputMethodManager: startInputInner - mService.startInputOrWindowGainedFocus
08-04 06:28:03.889   752   752 I Layer   : id=173821 Destroyed 723122b com.example.dogglers/com.example.dogglers.MainActivity#0
08-04 06:28:03.889   752   752 I Layer   : id=173827 Destroyed Surface(name=a73f97f InputMethod)/@0x1e1d195 - animation-leash of insets_animation#0
08-04 06:28:03.890 18557 18675 I Finsky  : [1391] rsp.apply(15): SCH: Scheduling system job Id: 9598, L: 22821582, D: 23721582, C: false, I: false, N: 0
08-04 06:28:03.897 19836 20356 D InputMethodManagerService: mDesktopModeManager null!
08-04 06:28:03.897 19836 20356 V InputMethodManagerService: getDisplayIdOfInputMethodWindowToBeAdded : 0
08-04 06:28:03.904   752   752 I Layer   : id=173820 removeFromCurrentState ActivityRecord{27c55fe u0 com.example.dogglers/.MainActivity t83}#0 (112)
08-04 06:28:03.904   752   752 I SurfaceFlinger: id=173820 Removed ActivityRecord{27c55fe u0 com.example.dogglers/.MainActivity t83}#0 (112)
08-04 06:28:03.905   752   752 I Layer   : id=173820 Destroyed ActivityRecord{27c55fe u0 com.example.dogglers/.MainActivity t83}#0
08-04 06:28:03.952 18557 18801 I Finsky  : [1420] hbe.a(1): DL: Creating dataloader logger using a new logging context.
08-04 06:28:03.956 18557 18753 I Finsky  : [1411] kdh.apply(52): Installer: Registering atomic install listeners with package installer
08-04 06:28:03.957 18557 18763 I Finsky  : [1414] kzg.a(69): Installer: Checking for orphaned groups
08-04 06:28:03.962 18557 18753 I Finsky  : [1411] irn.g(1): getDownloads()
08-04 06:28:03.986 19836 22301 W system_server: Long monitor contention with owner pm.handler2 (19898) at void com.android.server.pm.PackageManagerService$PackageManagerInternalImpl.forEachPackageSetting(java.util.function.Consumer)(PackageManagerService.java:33965) waiters=0 in void com.android.server.pm.PackageManagerService$PackageManagerInternalImpl.grantImplicitAccess(int, android.content.Intent, int, int, boolean) for 179ms
08-04 06:28:03.988 19836 20362 W system_server: Long monitor contention with owner pm.handler2 (19898) at void com.android.server.pm.PackageManagerService$PackageManagerInternalImpl.forEachPackageSetting(java.util.function.Consumer)(PackageManagerService.java:33965) waiters=1 in android.content.pm.ProviderInfo com.android.server.pm.ComponentResolver.queryProvider(java.lang.String, int, int) for 172ms
08-04 06:28:03.990 18634 18800 W gle.android.gm: Long monitor contention with owner main (18634) at bwmf bwmf.a(android.content.ContentResolver, android.net.Uri, java.lang.Runnable)(:com.google.android.gms@222615042@22.26.15 (190300-461192076):3) waiters=0 in bwmf bwmf.a(android.content.ContentResolver, android.net.Uri, java.lang.Runnable) for 127ms
08-04 06:28:03.992 19836 20157 W system_server: Long monitor contention with owner pm.handler2 (19898) at void com.android.server.pm.PackageManagerService$PackageManagerInternalImpl.forEachPackageSetting(java.util.function.Consumer)(PackageManagerService.java:33965) waiters=3 in int com.android.server.pm.PackageManagerService$ComputerLocked.getPackageUidInternal(java.lang.String, int, int, int) for 131ms
08-04 06:28:03.995 19836 20356 D InputMethodManagerService: checkDisplayOfStartInputAndUpdateKeyboard display Id 0last 0
08-04 06:28:03.995 19836 20356 D InputTransport: Input channel constructed: 'ClientS', fd=979
08-04 06:28:03.995 19836 20356 D InputTransport: Input channel destroyed: 'ClientS', fd=979
08-04 06:28:03.995 28133 28133 I HBD     : HoneyBoardService onFinishInput
08-04 06:28:03.996 28133 28133 I HBD     : a IC have been unbinding,  InputConnectionWrapper{idHash=#c7ed208 mMissingMethods=}
08-04 06:28:03.996 28133 28133 I HBD     : HoneyBoardService [PF_CL][onFinishInput]  539961 ns
08-04 06:28:03.996 28133 28133 I HBD     : HoneyBoardService [IMI] onStartInput - caller pid : 18365 , caller uid : 10292
08-04 06:28:03.996 28133 28133 I HBD     : j updateConfigs
08-04 06:28:03.997 28133 28133 I HBD     : j isEnabledNightMode : true
08-04 06:28:03.997 28133 28133 I HBD     : a IC have been binding, InputConnectionWrapper{idHash=#c7ed208 mMissingMethods=}
08-04 06:28:03.997 28133 28133 I HBD     : h [EditorInputType]setPrivateImeOptionsToTable privateImeOptions ( null )
08-04 06:28:03.997 28133 28133 I HBD     : b incognitoMode : false
08-04 06:28:03.997   752   770 I SurfaceFlinger: id=173834 createSurf (0x0),-1 flag=24004, Surface(name=a73f97f InputMethod)/@0x1e1d195 - animation-leash of insets_animation#0
08-04 06:28:03.997 28133 28133 I HBD     : a needOff = true , isForceOff = false, isNullInputClass : true
08-04 06:28:03.998 28133 28133 I HBD     : h getDefaultInputRange : UNKNOWN
08-04 06:28:03.998 28133 28133 I HBD     : h getDefaultInputRange : UNKNOWN
08-04 06:28:03.998 28133 28133 I HBD     : h getDefaultInputRange : UNKNOWN
08-04 06:28:04.005   752   752 I Layer   : id=173833 removeFromCurrentState Surface(name=a73f97f InputMethod)/@0x1e1d195 - animation-leash of insets_animation#1 (112)
08-04 06:28:04.006 18023 18785 I DynamiteModule: Considering local module com.google.android.gms.measurement.dynamite:78 and remote module com.google.android.gms.measurement.dynamite:75
08-04 06:28:04.006 18023 18785 I DynamiteModule: Selected local version of com.google.android.gms.measurement.dynamite
08-04 06:28:04.007 19836 20356 D InputMethodManagerServicePhysicalKey: isConnectedDexOnPC false
08-04 06:28:04.009 19836 20356 D InputMethodManagerService: isImeSwitcherDisabledPackage : false
08-04 06:28:04.013 28133 28133 I HBD     : h getDefaultInputRange : UNKNOWN
08-04 06:28:04.013 28133 28133 I HBD     : a currentState : 0
08-04 06:28:04.015 28133 28133 I HBD     : h load selected json path : /data/user/0/com.samsung.android.honeyboard/files/selected.json
08-04 06:28:04.015 28133 28133 I HBD     : h load selected json info : {"version":"4.1","currentLanguageOrder":0,"selected":[{"activeOptionList":["auto_spacing"],"engName":"English(India)","id":65555,"inputType":"qwerty","isUsed":true}]}
08-04 06:28:04.017 28133 28133 I HBD     : a [UpdatePolicy] [post] a: 0 cl: 65555 kit: [0/0] vt: 0 ir: 1
08-04 06:28:04.018 28133 28133 I HBD     : HoneyBoardService [PF_OP][onStartInput]  22127077 ns
08-04 06:28:04.030 18023 18280 I FirebaseApp: Device unlocked: initializing all Firebase APIs for app [DEFAULT]
08-04 06:28:04.173 19836 22349 W system_server: Long monitor contention with owner pm.handler2 (19898) at void com.android.server.pm.PackageManagerService$PackageManagerInternalImpl.forEachPackageSetting(java.util.function.Consumer)(PackageManagerService.java:33965) waiters=5 in android.content.pm.ServiceInfo com.android.server.pm.PackageManagerService$ComputerLocked.getServiceInfoBody(android.content.ComponentName, int, int, int) for 281ms
08-04 06:28:04.181 18557 18771 I Finsky  : [1416] sbe.a(16): SCH: job service finished with id 9551.
08-04 06:28:04.182 18365 18365 D LifecycleMonitor: Lifecycle status change: androidx.test.core.app.InstrumentationActivityInvoker$BootstrapActivity@daf46e1 in: DESTROYED
08-04 06:28:04.185 18365 18365 V ActivityScenario: Activity lifecycle changed event received but ignored because the intent does not match. startActivityIntent=Intent { act=android.intent.action.MAIN cat=[android.intent.category.LAUNCHER] cmp=com.example.dogglers/.MainActivity }, activity.getIntent()=Intent { act=android.intent.action.MAIN cat=[android.intent.category.LAUNCHER] flg=0x10008000 cmp=com.example.dogglers/androidx.test.core.app.InstrumentationActivityInvoker$BootstrapActivity (has extras) }, activity=androidx.test.core.app.InstrumentationActivityInvoker$BootstrapActivity@daf46e1
08-04 06:28:04.185 19640 19640 W Zygote  : forkRepeatedly terminated due to non-simple command
08-04 06:28:04.185 19640 19640 D Zygote  : mbuffer starts with 18, nice name is , mEnd = 946, mNext = 35, mLinesLeft = 16, mFd = 57
08-04 06:28:04.187 18557 18655 I Finsky  : [1381] rtb.accept(46): SCH: Scheduling phonesky job Id: 29-29, CT: 1659574682670, Constraints: [{ L: 30000, D: 60000, C: 1, I: 1, N: 0 }]
08-04 06:28:04.204   752   752 I Layer   : id=173810 removeFromCurrentState ActivityRecord{2ff62c u0 com.example.dogglers/androidx.test.core.app.InstrumentationActivityInvoker$BootstrapActivity t83}#0 (112)
08-04 06:28:04.204 18634 18634 D BoundBrokerSvc: onBind: Intent { act=com.google.android.gms.safetynet.service.START pkg=com.google.android.gms }
08-04 06:28:04.204 18634 18634 D BoundBrokerSvc: Loading bound service for intent: Intent { act=com.google.android.gms.safetynet.service.START pkg=com.google.android.gms }
08-04 06:28:04.204   752   752 I SurfaceFlinger: id=173810 Removed ActivityRecord{2ff62c u0 com.example.dogglers/androidx.test.core.app.InstrumentationActivityInvoker$BootstrapActivity t83}#0 (112)
08-04 06:28:04.204   752   752 I Layer   : id=173810 Destroyed ActivityRecord{2ff62c u0 com.example.dogglers/androidx.test.core.app.InstrumentationActivityInvoker$BootstrapActivity t83}#0
08-04 06:28:04.210 18557 18675 I Finsky  : [1391] rsp.apply(9): SCH: Scheduling 1 system job(s)
08-04 06:28:04.210 19640 19640 D Zygote  : Forked child process 18822
08-04 06:28:04.211 18557 18675 I Finsky  : [1391] rsp.apply(15): SCH: Scheduling system job Id: 9598, L: 28460, D: 58460, C: false, I: false, N: 0
08-04 06:28:04.224  5129  5200 D OpenGLRenderer: setSurface called with nullptr
08-04 06:28:04.234 19652 18795 I HYPER-HAL: [RequestManager.cpp]releaseLocked(): Released ID : 197021189
08-04 06:28:04.243 19836 22762 I SemDvfsHyPerManager: acquire hyper - AMS_ACT_START/19836@12, type = -999
08-04 06:28:04.243 19652 19680 I HYPER-HAL: [RequestManager.cpp]acquire(): Acquired ID : 196981488  [19836 / 12]    HINT : AMS_ACT_START    list :
08-04 06:28:04.246 18822 18822 E ding:backgroun: Not starting debugger since process cannot load the jdwp agent.
08-04 06:28:04.248   752   769 I SurfaceFlinger: id=173835 createSurf (0x0),-1 flag=80004, ActivityRecord{5bf800b u0 com.example.dogglers/androidx.test.core.app.InstrumentationActivityInvoker$EmptyActivity t83}#0
08-04 06:28:04.252 18822 18822 E USNET   : USNET: appName: com.android.vending:background
08-04 06:28:04.254 18822 18822 D ProcessState: Binder ioctl to enable oneway spam detection failed: Invalid argument
08-04 06:28:04.260 18822 18822 D ActivityThread: setConscryptValidator
08-04 06:28:04.260 18822 18822 D ActivityThread: setConscryptValidator - put
08-04 06:28:04.263 18365 18365 D LifecycleMonitor: Lifecycle status change: androidx.test.core.app.InstrumentationActivityInvoker$EmptyActivity@5cca43b in: PAUSED
08-04 06:28:04.264 19836 19854 D PersonaActivityHelper: Activity not in resumed state, do not run immediate lock
08-04 06:28:04.266 18365 18365 V ActivityScenario: Activity lifecycle changed event received but ignored because the intent does not match. startActivityIntent=Intent { act=android.intent.action.MAIN cat=[android.intent.category.LAUNCHER] cmp=com.example.dogglers/.MainActivity }, activity.getIntent()=Intent { act=android.intent.action.MAIN cat=[android.intent.category.LAUNCHER] flg=0x10000000 cmp=com.example.dogglers/androidx.test.core.app.InstrumentationActivityInvoker$EmptyActivity }, activity=androidx.test.core.app.InstrumentationActivityInvoker$EmptyActivity@5cca43b
08-04 06:28:04.275 19836 22301 D InputDispatcher: Focused application set to (0): 5bf800b
08-04 06:28:04.301 19836 19836 E libperflog: [LIBPERFLOG] socket_local_client fail = -1
08-04 06:28:04.306 19836 20357 D InputDispatcher: Focus left window (0): b2f727d com.example.dogglers/androidx.test.core.app.InstrumentationActivityInvoker$EmptyActivity
08-04 06:28:04.311 18365 18365 D LifecycleMonitor: Lifecycle status change: androidx.test.core.app.InstrumentationActivityInvoker$EmptyActivity@357456e in: PRE_ON_CREATE
08-04 06:28:04.312 19836 19854 I SemPersonaManager: SecureFolder personaId = 10
08-04 06:28:04.314 18365 18365 V ActivityScenario: Activity lifecycle changed event received but ignored because the intent does not match. startActivityIntent=Intent { act=android.intent.action.MAIN cat=[android.intent.category.LAUNCHER] cmp=com.example.dogglers/.MainActivity }, activity.getIntent()=Intent { act=android.intent.action.MAIN cat=[android.intent.category.LAUNCHER] flg=0x10000000 cmp=com.example.dogglers/androidx.test.core.app.InstrumentationActivityInvoker$EmptyActivity }, activity=androidx.test.core.app.InstrumentationActivityInvoker$EmptyActivity@357456e
08-04 06:28:04.314 18023 18811 I FA      : App measurement initialized, version: 68017
08-04 06:28:04.314 18023 18811 I FA      : To enable debug logging run: adb shell setprop log.tag.FA VERBOSE
08-04 06:28:04.316 18023 18811 I FA      : To enable faster debug mode event logging run:
08-04 06:28:04.316 18023 18811 I FA      :   adb shell setprop debug.firebase.analytics.app com.google.android.googlequicksearchbox
08-04 06:28:04.316 19640 19640 D Zygote  : Forked child process 18839
08-04 06:28:04.323 18634 18651 I DynamiteModule: Considering local module com.google.android.gms.googlecertificates:7 and remote module com.google.android.gms.googlecertificates:7
08-04 06:28:04.323 18634 18651 I DynamiteModule: Selected local version of com.google.android.gms.googlecertificates
08-04 06:28:04.329 19836 19854 D EnterpriseDeviceManagerService: isMdmAdminPresentInternal() : MDM Admin Found - com.samsung.android.knox.containercore
08-04 06:28:04.330 19836 21401 I MediaSessionMonitor: Media session stopped : controllerList empty
08-04 06:28:04.335 18023 18073 V ClearcutMetricXmitter: Transmission is done.
08-04 06:28:04.341 18023 18073 V ClearcutMetricXmitter: Transmission is done.
08-04 06:28:04.343 19836 20059 D SemNscXgbMsL1: Probability - Cloud gaming: [0.032985568]
08-04 06:28:04.343 19836 20059 D SemNscXgbMsL1: Probability - Real time: [0.58728504]
08-04 06:28:04.343 19836 20059 D SemNscXgbMsL1: Probability - Non real time: [0.9037753]
08-04 06:28:04.343 19836 20059 D SemNscXgbMsL1: 1 sample inference time: 0.589846 msecs
08-04 06:28:04.344 18023 18073 V ClearcutMetricXmitter: Transmission is done.
08-04 06:28:04.346 19836 20059 D SemNscXgbL2Rt: L2 RT 1 sample inference time: 2.826308 msecs
08-04 06:28:04.347 18023 18073 V ClearcutMetricXmitter: Transmission is done.
08-04 06:28:04.347 19836 20059 D SemNscXgbL2Nrt: L2 NRT 1 sample inference time: 0.837 msecs
08-04 06:28:04.360 19836 19845 I system_server: Background concurrent copying GC freed 249039(12MB) AllocSpace objects, 25(1116KB) LOS objects, 12% free, 85MB/97MB, paused 430us,768us total 539.567ms
08-04 06:28:04.361 18365 18365 I DecorView: [INFO] isPopOver=false, config=true
08-04 06:28:04.361 18365 18365 I DecorView: updateCaptionType >> DecorView@e07bc9c[], isFloating=false, isApplication=true, hasWindowControllerCallback=true, hasWindowDecorCaption=false
08-04 06:28:04.361 18365 18365 D DecorView: setCaptionType = 0, this = DecorView@e07bc9c[]
08-04 06:28:04.366 18839 18839 E android.youtub: Not starting debugger since process cannot load the jdwp agent.
08-04 06:28:04.372 18839 18839 E USNET   : USNET: appName: com.google.android.youtube
08-04 06:28:04.374 18839 18839 D ProcessState: Binder ioctl to enable oneway spam detection failed: Invalid argument
08-04 06:28:04.374 18365 18365 I DecorView: getCurrentDensityDpi: from real metrics. densityDpi=450 msg=resources_loaded
08-04 06:28:04.375 18822 18822 D CompatibilityChangeReporter: Compat change id reported: 171979766; UID 1010186; state: ENABLED
08-04 06:28:04.377 18365 18365 D LifecycleMonitor: Lifecycle status change: androidx.test.core.app.InstrumentationActivityInvoker$EmptyActivity@357456e in: CREATED
08-04 06:28:04.379 18839 18839 D ActivityThread: setConscryptValidator
08-04 06:28:04.379 18839 18839 D ActivityThread: setConscryptValidator - put
08-04 06:28:04.380 18365 18365 V ActivityScenario: Activity lifecycle changed event received but ignored because the intent does not match. startActivityIntent=Intent { act=android.intent.action.MAIN cat=[android.intent.category.LAUNCHER] cmp=com.example.dogglers/.MainActivity }, activity.getIntent()=Intent { act=android.intent.action.MAIN cat=[android.intent.category.LAUNCHER] flg=0x10000000 cmp=com.example.dogglers/androidx.test.core.app.InstrumentationActivityInvoker$EmptyActivity }, activity=androidx.test.core.app.InstrumentationActivityInvoker$EmptyActivity@357456e
08-04 06:28:04.387 18365 18365 D LifecycleMonitor: Lifecycle status change: androidx.test.core.app.InstrumentationActivityInvoker$EmptyActivity@357456e in: STARTED
08-04 06:28:04.387 20522 20560 I RecentModel: onTaskStackChangedBackground
08-04 06:28:04.388 19836 19847 W System  : A resource failed to call release.
08-04 06:28:04.390 18365 18365 V ActivityScenario: Activity lifecycle changed event received but ignored because the intent does not match. startActivityIntent=Intent { act=android.intent.action.MAIN cat=[android.intent.category.LAUNCHER] cmp=com.example.dogglers/.MainActivity }, activity.getIntent()=Intent { act=android.intent.action.MAIN cat=[android.intent.category.LAUNCHER] flg=0x10000000 cmp=com.example.dogglers/androidx.test.core.app.InstrumentationActivityInvoker$EmptyActivity }, activity=androidx.test.core.app.InstrumentationActivityInvoker$EmptyActivity@357456e
08-04 06:28:04.390 19836 19847 W System  : A resource failed to call end.
08-04 06:28:04.406 18365 18365 D LifecycleMonitor: Lifecycle status change: androidx.test.core.app.InstrumentationActivityInvoker$EmptyActivity@357456e in: RESUMED
08-04 06:28:04.408 18365 18365 V ActivityScenario: Activity lifecycle changed event received but ignored because the intent does not match. startActivityIntent=Intent { act=android.intent.action.MAIN cat=[android.intent.category.LAUNCHER] cmp=com.example.dogglers/.MainActivity }, activity.getIntent()=Intent { act=android.intent.action.MAIN cat=[android.intent.category.LAUNCHER] flg=0x10000000 cmp=com.example.dogglers/androidx.test.core.app.InstrumentationActivityInvoker$EmptyActivity }, activity=androidx.test.core.app.InstrumentationActivityInvoker$EmptyActivity@357456e
08-04 06:28:04.417 19836 20362 D InputTransport: Input channel constructed: '5912402', fd=667
08-04 06:28:04.417 19836 20362 D InputTransport: Input channel constructed: '5912402', fd=684
08-04 06:28:04.418 19836 20362 D InputTransport: Input channel constructed: '5912402', fd=693
08-04 06:28:04.418   752   769 I SurfaceFlinger: id=173836 createSurf (0x0),-1 flag=80004, 5912402 com.example.dogglers/androidx.test.core.app.InstrumentationActivityInvoker$EmptyActivity#0
08-04 06:28:04.419 18839 18839 D CompatibilityChangeReporter: Compat change id reported: 171979766; UID 10203; state: ENABLED
08-04 06:28:04.419 19836 20362 D InputTransport: Input channel destroyed: '5912402', fd=693
08-04 06:28:04.423 18365 18365 I ViewRootImpl@16b06a5[InstrumentationActivityInvoker$EmptyActivity]: setView = com.android.internal.policy.DecorView@e07bc9c TM=true
08-04 06:28:04.425 19836 19894 D AnalyticsContainerHandler: handleMessage : { when=-1ms what=1 target=com.android.server.knox.KnoxAnalyticsContainer$AnalyticsHandler }
08-04 06:28:04.435 18709 18797 I Finsky  : [1389] ppv.c(20): Finished reading experiment flags from file [hXWMyhfaSaqv2mtIOo81ovquRMqu7MsBorJ6uIGu35A].
08-04 06:28:04.443 19836 22762 V WindowManager: Relayout Window{5912402 u0 com.example.dogglers/androidx.test.core.app.InstrumentationActivityInvoker$EmptyActivity}: viewVisibility=0 req=1080x2408 d0
08-04 06:28:04.445   752   770 I SurfaceFlinger: id=173837 createSurf (1x1),-3 flag=40004, com.example.dogglers/androidx.test.core.app.InstrumentationActivityInvoker$EmptyActivity$_18365#1
08-04 06:28:04.445 18709 18792 I Finsky  : [1386] fmy.P(1): pcsi: PROCESS_START
08-04 06:28:04.452   752   770 I SurfaceFlinger: id=173838 createSurf (0x0),-1 flag=24000, Surface(name=ac392f8 StatusBar)/@0x2bc773f - animation-leash of insets_animation#1
