08-04 06:28:10.613 19836 20005 D ConnectivityService: releasing NetworkRequest [ REQUEST id=1033, [ Capabilities: INTERNET&NOT_RESTRICTED&TRUSTED&NOT_VCN_MANAGED Uid: 10203 RequestorUid: 10203 RequestorPkg: com.google.android.youtube UnderlyingNetworks: Null] ] (release request)
08-04 06:28:10.613 18365 18575 D ViewRootImpl@f18cefd[GridListActivity]: Received frameCompleteCallback  lastAcquiredFrameNum=1 lastAttemptedDrawFrameNum=1
08-04 06:28:10.613 19836 20005 D ConnectivityService:  Removing from current network [105 WIFI], leaving 137 requests.
08-04 06:28:10.613 19836 20005 D ConnectivityService: releasing NetworkRequest [ REQUEST id=1042, [ Capabilities: INTERNET&NOT_RESTRICTED&TRUSTED&NOT_VCN_MANAGED Uid: 10203 RequestorUid: 10203 RequestorPkg: com.google.android.youtube UnderlyingNetworks: Null] ] (release request)
08-04 06:28:10.614 19836 20005 D ConnectivityService:  Removing from current network [105 WIFI], leaving 136 requests.
08-04 06:28:10.614 19836 19866 I libprocessgroup: Successfully killed process cgroup uid 10203 pid 18839 in 0ms
08-04 06:28:10.614 19836 20005 D ConnectivityService: releasing NetworkRequest [ REQUEST id=1035, [ Capabilities: INTERNET&NOT_RESTRICTED&TRUSTED&NOT_VCN_MANAGED Uid: 10203 RequestorUid: 10203 RequestorPkg: com.google.android.youtube UnderlyingNetworks: Null] ] (release request)
08-04 06:28:10.614 19836 20005 D ConnectivityService:  Removing from current network [105 WIFI], leaving 135 requests.
08-04 06:28:10.615 19836 20005 D ConnectivityService: releasing NetworkRequest [ REQUEST id=1030, [ Capabilities: INTERNET&NOT_RESTRICTED&TRUSTED&NOT_VCN_MANAGED Uid: 10203 RequestorUid: 10203 RequestorPkg: com.google.android.youtube UnderlyingNetworks: Null] ] (release request)
08-04 06:28:10.615 19836 20005 D ConnectivityService:  Removing from current network [105 WIFI], leaving 134 requests.
08-04 06:28:10.616 18365 18365 I ViewRootImpl@f18cefd[GridListActivity]: [DP] pdf(0) 1 android.view.ViewRootImpl.lambda$addFrameCompleteCallbackIfNeeded$3$ViewRootImpl:4987 android.view.ViewRootImpl$$ExternalSyntheticLambda16.run:6 android.os.Handler.handleCallback:938
08-04 06:28:10.616 18365 18365 I ViewRootImpl@f18cefd[GridListActivity]: [DP] rdf()
08-04 06:28:10.616 18365 18365 D ViewRootImpl@f18cefd[GridListActivity]: reportDrawFinished (fn: -1)
08-04 06:28:10.619 18365 18365 I ViewRootImpl@fdf82fb[MainActivity]: MSG_WINDOW_FOCUS_CHANGED 0 1
08-04 06:28:10.624   752  1103 I SurfaceFlinger: id=173939 createSurf (0x0),-1 flag=24000, Surface(name=ActivityRecord{21bf5c9 u0 com.example.dogglers/.MainActivity t85})/@0xc77ca65 - animation-leash of app_transition#0
08-04 06:28:10.625   752  1103 I SurfaceFlinger: id=173940 createSurf (0x0),-1 flag=20004, Dim Layer for - ActivityRecord{21bf5c9 u0 com.example.dogglers/.MainActivity t85} - animating-dim#0
08-04 06:28:10.626   752  1103 I SurfaceFlinger: id=173941 createSurf (0x0),-1 flag=24000, Surface(name=Dim Layer for - ActivityRecord{21bf5c9 u0 com.example.dogglers/.MainActivity t85} - animating-dim)/@0x3aa93a3 - animation-leash of dimmer#0
08-04 06:28:10.627   752  1103 I SurfaceFlinger: id=173942 createSurf (0x0),-1 flag=80004, Surface(name=ActivityRecord{21bf5c9 u0 com.example.dogglers/.MainActivity t85})/@0xc77ca65 - animation-bounds#0
08-04 06:28:10.632   752  1103 I SurfaceFlinger: id=173943 createSurf (0x0),-1 flag=24004, Surface(name=ActivityRecord{365e553 u0 com.example.dogglers/.GridListActivity t85})/@0xd6cd41b - animation-leash of app_transition#0
08-04 06:28:10.633   752  1103 I SurfaceFlinger: id=173944 createSurf (0x0),-1 flag=80004, Surface(name=ActivityRecord{365e553 u0 com.example.dogglers/.GridListActivity t85})/@0xd6cd41b - animation-bounds#0
08-04 06:28:10.634 18365 18365 I Choreographer: Skipped 30 frames!  The application may be doing too much work on its main thread.
08-04 06:28:10.641 19836 19851 I ActivityTaskManager: Displayed com.example.dogglers/.GridListActivity: +749ms
08-04 06:28:10.641  1994  1994 E pageboostd: Received HALT command code 2
08-04 06:28:10.648 19836 20321 D InputDispatcher: Focus entered window (0): da21dbb com.example.dogglers/com.example.dogglers.GridListActivity
08-04 06:28:10.650 19836 19836 D SemWifiP2pService: GopsReceiver : received : com.samsung.intent.action.CHECK_SIOP_LEVEL
08-04 06:28:10.650 19836 19836 I SemWifiP2pService: siop_level = 1
08-04 06:28:10.651 19836 19836 D SemWifiP2pService: GopsReceiver : received : com.samsung.intent.action.CHECK_SIOP_LEVEL time : 1ms
08-04 06:28:10.656 18365 18365 D InsetsSourceConsumer: ensureControlAlpha: for ITYPE_NAVIGATION_BAR on com.example.dogglers/com.example.dogglers.GridListActivity
08-04 06:28:10.657 18365 18365 D InsetsSourceConsumer: ensureControlAlpha: for ITYPE_STATUS_BAR on com.example.dogglers/com.example.dogglers.GridListActivity
08-04 06:28:10.659   752  1238 I SurfaceFlinger: id=173930 Removed Surface(name=e75ea59 NavigationBar0)/@0x799bb6a - animation-leash of insets_animation#0 (123)
08-04 06:28:10.659   752  1238 I SurfaceFlinger: id=173929 Removed Surface(name=ac392f8 StatusBar)/@0x2bc773f - animation-leash of insets_animation#1 (123)
08-04 06:28:10.660   752   752 I Layer   : id=173930 Destroyed Surface(name=e75ea59 NavigationBar0)/@0x799bb6a - animation-leash of insets_animation#0
08-04 06:28:10.660   752   752 I Layer   : id=173929 Destroyed Surface(name=ac392f8 StatusBar)/@0x2bc773f - animation-leash of insets_animation#1
08-04 06:28:10.660 18365 18365 I ViewRootImpl@f18cefd[GridListActivity]: MSG_WINDOW_FOCUS_CHANGED 1 1
08-04 06:28:10.665 18365 18365 D InputMethodManager: startInputInner - Id : 0
08-04 06:28:10.665 18365 18365 I InputMethodManager: startInputInner - mService.startInputOrWindowGainedFocus
08-04 06:28:10.666   752   752 D SurfaceFlinger: Display 4633128508267670401 HWC layers:
08-04 06:28:10.666   752   752 D SurfaceFlinger:      DEVICE | 0xe53e5c80 | 0102 | RGBA_8888    |    0.0    8.0 1080.0 2408.0 |    0    0 1080 2400 | com.example.dogglers/com.example.dogglers.MainActivity$_18365#0
08-04 06:28:10.666   752   752 D SurfaceFlinger:      DEVICE | 0xe8f21b00 | 0102 | RGBA_8888    |    0.0    0.0 1080.0 2004.0 |    0  404 1080 2408 | com.example.dogglers/com.example.dogglers.GridListActivity$_18365#0
08-04 06:28:10.666   752   752 D SurfaceFlinger:      CLIENT | 0xe8f21680 | 0100 | RGBA_8888    |    0.0    0.0 1080.0   66.0 |    0    0 1080   66 | StatusBar$_20135#0
08-04 06:28:10.666   752   752 D SurfaceFlinger:      CLIENT | 0xe8f21080 | 0100 | RGBA_8888    |    0.0    0.0  388.0   42.0 |  692 2366 1080 2408 | SGestureOverlayWindow$_20522#0
08-04 06:28:10.666   752   752 D SurfaceFlinger:      CLIENT | 0xe8f22100 | 0100 | RGBA_8888    |    0.0    0.0 1080.0  135.0 |    0 2273 1080 2408 | NavigationBar0$_20135#0
08-04 06:28:10.666   752   752 D SurfaceFlinger:      DEVICE | 0xe943ff80 | 0108 | RGBA_8888    |    0.0    0.0 1080.0 2408.0 |    0    0 1080 2408 | BlueLightFilter$_20135#0
08-04 06:28:10.666   752   752 D SurfaceFlinger:
08-04 06:28:10.666 19836 22347 D InputMethodManagerService: mDesktopModeManager null!
08-04 06:28:10.666 19836 22347 V InputMethodManagerService: getDisplayIdOfInputMethodWindowToBeAdded : 0
08-04 06:28:10.667 19836 22347 D InputMethodManagerService: checkDisplayOfStartInputAndUpdateKeyboard display Id 0last 0
08-04 06:28:10.667 19836 22347 D InputTransport: Input channel constructed: 'ClientS', fd=592
08-04 06:28:10.667 19836 22347 D InputTransport: Input channel destroyed: 'ClientS', fd=592
08-04 06:28:10.668 28133 28133 I HBD     : HoneyBoardService onFinishInput
08-04 06:28:10.669 28133 28133 I HBD     : a IC have been unbinding,  InputConnectionWrapper{idHash=#cec784c mMissingMethods=}
08-04 06:28:10.669 28133 28133 I HBD     : HoneyBoardService [PF_CL][onFinishInput]  445500 ns
08-04 06:28:10.669 28133 28133 I HBD     : HoneyBoardService [IMI] onStartInput - caller pid : 18365 , caller uid : 10292
08-04 06:28:10.669 28133 28133 I HBD     : j updateConfigs
08-04 06:28:10.669   752  1238 I SurfaceFlinger: id=173945 createSurf (0x0),-1 flag=24004, Surface(name=a73f97f InputMethod)/@0x1e1d195 - animation-leash of insets_animation#1
08-04 06:28:10.669 28133 28133 I HBD     : j isEnabledNightMode : true
08-04 06:28:10.669 28133 28133 I HBD     : a IC have been binding, InputConnectionWrapper{idHash=#cec784c mMissingMethods=}
08-04 06:28:10.669 28133 28133 I HBD     : h [EditorInputType]setPrivateImeOptionsToTable privateImeOptions ( null )
08-04 06:28:10.669 28133 28133 I HBD     : b incognitoMode : false
08-04 06:28:10.670 28133 28133 I HBD     : a needOff = true , isForceOff = false, isNullInputClass : true
08-04 06:28:10.672 28133 28133 I HBD     : h getDefaultInputRange : UNKNOWN
08-04 06:28:10.672 28133 28133 I HBD     : h getDefaultInputRange : UNKNOWN
08-04 06:28:10.672 28133 28133 I HBD     : h getDefaultInputRange : UNKNOWN
08-04 06:28:10.673 19724 20053 I bauth_FPBAuthService: pcf : 0x1012, 0 ,2 ,0 ,0 ,0 ,2, 0.0.0.0
08-04 06:28:10.673 19724 20053 I bauth_FPBAuthService: thread id : 2, preenroll_flag : 0, nd cnt : 1, cso : 3, et : 0
08-04 06:28:10.673 19836 22347 I SemDvfsHyPerManager: acquire hyper - AMS_RESUME_TAIL/19836@14, type = -999
08-04 06:28:10.673 19724 20053 I bauth_FPBAuthService: FPBAuthService, 11756
08-04 06:28:10.673 19836 22347 I SemDvfsHyPerManager: acquire hyper - AMS_ACT_LAZY/19836@15, type = -999
08-04 06:28:10.673 19652 19680 I HYPER-HAL: [RequestManager.cpp]acquire(): Acquired ID : 197021189  [19836 / 14]    HINT : AMS_RESUME_TAIL    list :
08-04 06:28:10.674 19652 19680 I HYPER-HAL: [RequestManager.cpp]releaseLocked(): Released ID : 196981488
08-04 06:28:10.675 19836 20321 D InputMethodManagerServicePhysicalKey: isConnectedDexOnPC false
08-04 06:28:10.677   752   752 I Layer   : id=173932 removeFromCurrentState Surface(name=a73f97f InputMethod)/@0x1e1d195 - animation-leash of insets_animation#0 (122)
08-04 06:28:10.677   752   752 I SurfaceFlinger: id=173932 Removed Surface(name=a73f97f InputMethod)/@0x1e1d195 - animation-leash of insets_animation#0 (122)
08-04 06:28:10.677   752   752 I Layer   : id=173932 Destroyed Surface(name=a73f97f InputMethod)/@0x1e1d195 - animation-leash of insets_animation#0
08-04 06:28:10.678 19836 20321 D InputMethodManagerService: isImeSwitcherDisabledPackage : false
08-04 06:28:10.679 28133 28133 I HBD     : h getDefaultInputRange : UNKNOWN
08-04 06:28:10.679 28133 28133 I HBD     : a currentState : 0
08-04 06:28:10.681 19173 19173 I Finsky  : [2] lit.<init>(19): Initializing pausers from value store.
08-04 06:28:10.682 19173 19173 I Finsky  : [2] lit.<init>(22): Get the following callers from value store [].
08-04 06:28:10.685   752   752 D SurfaceFlinger: Display 4633128508267670401 HWC layers:
08-04 06:28:10.685   752   752 D SurfaceFlinger:      DEVICE | 0xe53e5c80 | 0102 | RGBA_8888    |    0.0   19.0 1080.0 2408.0 |    0    0 1080 2389 | com.example.dogglers/com.example.dogglers.MainActivity$_18365#0
08-04 06:28:10.685   752   752 D SurfaceFlinger:  SOLID_COLOR |              | 0000 |  Unknown  |    0.0    0.0    0.0    0.0 |    0    0 1080 2389 | Dim Layer for - ActivityRecord{21bf5[...].MainActivity t85} - animating-dim#0
08-04 06:28:10.685   752   752 D SurfaceFlinger:      CLIENT | 0xe8f21b00 | 0102 | RGBA_8888    |    0.0    0.0 1080.0 2073.0 |    0  335 1080 2408 | com.example.dogglers/com.example.dogglers.GridListActivity$_18365#0
08-04 06:28:10.685   752   752 D SurfaceFlinger:      CLIENT | 0xe8f21680 | 0100 | RGBA_8888    |    0.0    0.0 1080.0   66.0 |    0    0 1080   66 | StatusBar$_20135#0
08-04 06:28:10.685   752   752 D SurfaceFlinger:      CLIENT | 0xe8f21080 | 0100 | RGBA_8888    |    0.0    0.0  388.0   42.0 |  692 2366 1080 2408 | SGestureOverlayWindow$_20522#0
08-04 06:28:10.685   752   752 D SurfaceFlinger:      CLIENT | 0xe8f22100 | 0100 | RGBA_8888    |    0.0    0.0 1080.0  135.0 |    0 2273 1080 2408 | NavigationBar0$_20135#0
08-04 06:28:10.685   752   752 D SurfaceFlinger:      DEVICE | 0xe943ff80 | 0108 | RGBA_8888    |    0.0    0.0 1080.0 2408.0 |    0    0 1080
08-04 06:28:10.685   752   752 D SurfaceFlinger:  2408 | BlueLightFilter$_20135#0
08-04 06:28:10.685   752   752 D SurfaceFlinger:
08-04 06:28:10.686 28133 28133 I HBD     : h load selected json path : /data/user/0/com.samsung.android.honeyboard/files/selected.json
08-04 06:28:10.686 28133 28133 I HBD     : h load selected json info : {"version":"4.1","currentLanguageOrder":0,"selected":[{"activeOptionList":["auto_spacing"],"engName":"English(India)","id":65555,"inputType":"qwerty","isUsed":true}]}
08-04 06:28:10.687 28133 28133 I HBD     : a [UpdatePolicy] [post] a: 0 cl: 65555 kit: [0/0] vt: 0 ir: 1
08-04 06:28:10.688 28133 28133 I HBD     : HoneyBoardService [PF_OP][onStartInput]  19694115 ns
08-04 06:28:10.704 19173 19262 I Finsky  : [1413] rtb.accept(46): SCH: Scheduling phonesky job Id: 1-1337, CT: 1659563049828, Constraints: [{ L: 41656671, D: 84856671, C: 1, I: 1, N: 1 }]
08-04 06:28:10.705 19173 19262 I Finsky  : [1413] rtb.accept(46): SCH: Scheduling phonesky job Id: 3-9632, CT: 1659574626411, Constraints: [{ L: 0, D: 86400000, C: 2, I: 2, N: 2 }]
08-04 06:28:10.705 19173 19262 I Finsky  : [1413] rtb.accept(46): SCH: Scheduling phonesky job Id: 3-9633, CT: 1659574626411, Constraints: [{ L: 0, D: 86400000, C: 2, I: 2, N: 2 }]
08-04 06:28:10.705 19173 19262 I Finsky  : [1413] rtb.accept(46): SCH: Scheduling phonesky job Id: 20-23232323, CT: 1659563051293, Constraints: [{ L: 0, D: 82800000, C: 2, I: 1, N: 2 }]
08-04 06:28:10.706 19173 19262 I Finsky  : [1413] rtb.accept(46): SCH: Scheduling phonesky job Id: 26-1414141414, CT: 1659541447570, Constraints: [{ L: 43200000, D: 44100000, C: 1, I: 1, N: 0 }]
08-04 06:28:10.706 19173 19262 I Finsky  : [1413] rtb.accept(46): SCH: Scheduling phonesky job Id: 34-379, CT: 1659563057372, Constraints: [{ L: 14937164, D: 1310937164, C: 2, I: 2, N: 2 }, { L: 14937164, D: 1310937164, C: 1, I: 2, N: 2 }]
08-04 06:28:10.706 19173 19262 I Finsky  : [1413] rtb.accept(46): SCH: Scheduling phonesky job Id: 34-380, CT: 1659563085771, Constraints: [{ L: 79199433, D: 1375199433, C: 1, I: 1, N: 1 }]
08-04 06:28:10.710 19173 19262 I Finsky  : [1413] rtb.accept(46): SCH: Scheduling phonesky job Id: 34-381, CT: 1659563085366, Constraints: [{ L: 0, D: 1296000000, C: 2, I: 2, N: 2 }, { L: 0, D: 1296000000, C: 1, I: 2, N: 2 }]
08-04 06:28:10.717 19173 19173 I Finsky  : [2] hds.onSubscriptionsChanged(1): onSubscriptionsChanged
08-04 06:28:10.718 19173 19173 I Finsky  : [2] nwh.onTrimMemory(1): Memory trim requested to level 60
08-04 06:28:10.719 19173 19173 I Finsky  : [2] lio.accept(9): Flushing in-memory image cache
08-04 06:28:10.742 19173 19173 I Finsky  : [2] lal.S(1): Installer: Installer kick - no action, not running yet
08-04 06:28:10.793 19173 19383 W android.vendin: Long monitor contention with owner FinskyEventLog (19363) at java.lang.Object aflq.a()(PG:4) waiters=0 in java.lang.Object aflq.a() for 188ms
08-04 06:28:10.803 19173 19260 I Finsky  : [1411] nlu.o(20): Loaded library for account: [nwKUr-6m_-XJfDPzipHsNuNm648bA5tAdhYgJip0IXI]
08-04 06:28:10.806 19173 19262 I Finsky  : [1413] rsp.apply(9): SCH: Scheduling 0 system job(s)
08-04 06:28:10.807 19173 19260 I Finsky  : [1411] nlu.o(20): Loaded library for account: [X60UCnLIWLZ2FNWhXqtnGFvQAVAVII3fyimLN6bCmjM]
08-04 06:28:10.813 19173 19260 I Finsky  : [1411] nlu.o(24): Finished loading 2 libraries.
08-04 06:28:10.814 19836 20077 D NetdEventListenerService: DNS Requested by : 105, 10186, 0
08-04 06:28:10.893 18365 18365 I ViewInteraction: Checking 'MatchesViewAssertion{viewMatcher=(view has effective visibility <VISIBLE> and view.getGlobalVisibleRect() to return non-empty rectangle)}' assertion on view view.getId() is <2131230937/com.example.dogglers:id/grid_recycler_view>
08-04 06:28:10.907 19836 22347 I SemDvfsHyPerManager: acquire hyper - AMS_ACT_START/19836@12, type = -999
08-04 06:28:10.907 19652 19680 I HYPER-HAL: [RequestManager.cpp]acquire(): Acquired ID : 196981488  [19836 / 12]    HINT : AMS_ACT_START    list :
08-04 06:28:10.909   752   770 I SurfaceFlinger: id=173946 createSurf (0x0),-1 flag=80004, ActivityRecord{bf421af u0 com.example.dogglers/androidx.test.core.app.InstrumentationActivityInvoker$EmptyActivity t85}#0
08-04 06:28:10.920 19836 19854 D PersonaActivityHelper: Activity not in resumed state, do not run immediate lock
08-04 06:28:10.922 18365 18365 D LifecycleMonitor: Lifecycle status change: com.example.dogglers.GridListActivity@65321bf in: PAUSED
08-04 06:28:10.924 18365 18365 V ActivityScenario: Activity lifecycle changed event received but ignored because the intent does not match. startActivityIntent=Intent { act=android.intent.action.MAIN cat=[android.intent.category.LAUNCHER] cmp=com.example.dogglers/.MainActivity }, activity.getIntent()=Intent { cmp=com.example.dogglers/.GridListActivity }, activity=com.example.dogglers.GridListActivity@65321bf
08-04 06:28:10.934 19836 22347 D InputDispatcher: Focused application set to (0): bf421af
08-04 06:28:10.944 19173 19389 W android.vendin: Long monitor contention with owner WriteThroughInstallerDataStore (19381) at void lde.G()(PG:4) waiters=0 in agln lde.F() for 344ms
08-04 06:28:10.945 19836 20059 D SemNscXgbMsL1: Probability - Cloud gaming: [0.011074296]
08-04 06:28:10.946 19836 20059 D SemNscXgbMsL1: Probability - Real time: [0.557104]
08-04 06:28:10.946 19836 20059 D SemNscXgbMsL1: Probability - Non real time: [0.9198755]
08-04 06:28:10.946 19836 20059 D SemNscXgbMsL1: 1 sample inference time: 0.623077 msecs
08-04 06:28:10.947 19836 19854 I SemPersonaManager: SecureFolder personaId = 10
08-04 06:28:10.947 19836 20059 D SemNscXgbL2Rt: L2 RT 1 sample inference time: 1.038923 msecs
08-04 06:28:10.948 19836 20059 D SemNscXgbL2Nrt: L2 NRT 1 sample inference time: 0.827693 msecs
08-04 06:28:10.953 18365 18365 D LifecycleMonitor: Lifecycle status change: androidx.test.core.app.InstrumentationActivityInvoker$EmptyActivity@1d2fa99 in: PRE_ON_CREATE
08-04 06:28:10.955 18365 18365 V ActivityScenario: Activity lifecycle changed event received but ignored because the intent does not match. startActivityIntent=Intent { act=android.intent.action.MAIN cat=[android.intent.category.LAUNCHER] cmp=com.example.dogglers/.MainActivity }, activity.getIntent()=Intent { act=android.intent.action.MAIN cat=[android.intent.category.LAUNCHER] flg=0x10000000 cmp=com.example.dogglers/androidx.test.core.app.InstrumentationActivityInvoker$EmptyActivity }, activity=androidx.test.core.app.InstrumentationActivityInvoker$EmptyActivity@1d2fa99
08-04 06:28:10.959 19836 19854 D EnterpriseDeviceManagerService: isMdmAdminPresentInternal() : MDM Admin Found - com.samsung.android.knox.containercore
08-04 06:28:10.960 19836 21401 I MediaSessionMonitor: Media session stopped : controllerList empty
08-04 06:28:10.960 19836 20357 D InputDispatcher: Focus left window (0): da21dbb com.example.dogglers/com.example.dogglers.GridListActivity
08-04 06:28:10.976   752   752 I Layer   : id=173941 removeFromCurrentState Surface(name=Dim Layer for - ActivityRecord{21bf5c9 u0 com.example.dogglers/.MainActivity t85} - animating-dim)/@0x3aa93a3 - animation-leash of dimmer#0 (122)
08-04 06:28:10.976 18365 18365 I DecorView: [INFO] isPopOver=false, config=true
08-04 06:28:10.976   752   752 I SurfaceFlinger: id=173941 Removed Surface(name=Dim Layer for - ActivityRecord{21bf5c9 u0 com.example.dogglers/.MainActivity t85} - animating-dim)/@0x3aa93a3 - animation-leash of dimmer#0 (122)
08-04 06:28:10.976 18365 18365 I DecorView: updateCaptionType >> DecorView@282c137[], isFloating=false, isApplication=true, hasWindowControllerCallback=true, hasWindowDecorCaption=false
08-04 06:28:10.976 18365 18365 D DecorView: setCaptionType = 0, this = DecorView@282c137[]
08-04 06:28:10.977   752   752 I Layer   : id=173941 Destroyed Surface(name=Dim Layer for - ActivityRecord{21bf5c9 u0 com.example.dogglers/.MainActivity t85} - animating-dim)/@0x3aa93a3 - animation-leash of dimmer#0
08-04 06:28:10.985 18365 18365 I DecorView: getCurrentDensityDpi: from real metrics. densityDpi=450 msg=resources_loaded
08-04 06:28:10.987 18365 18365 D LifecycleMonitor: Lifecycle status change: androidx.test.core.app.InstrumentationActivityInvoker$EmptyActivity@1d2fa99 in: CREATED
08-04 06:28:10.989 19173 19359 I Finsky  : [1442] ggo.a(14): com.discord: Account determined from installer data - [nwKUr-6m_-XJfDPzipHsNuNm648bA5tAdhYgJip0IXI]
08-04 06:28:10.989 18365 18365 V ActivityScenario: Activity lifecycle changed event received but ignored because the intent does not match. startActivityIntent=Intent { act=android.intent.action.MAIN cat=[android.intent.category.LAUNCHER] cmp=com.example.dogglers/.MainActivity }, activity.getIntent()=Intent { act=android.intent.action.MAIN cat=[android.intent.category.LAUNCHER] flg=0x10000000 cmp=com.example.dogglers/androidx.test.core.app.InstrumentationActivityInvoker$EmptyActivity }, activity=androidx.test.core.app.InstrumentationActivityInvoker$EmptyActivity@1d2fa99
08-04 06:28:10.990 19173 19359 I Finsky  : [1442] ggo.a(63): Billing preferred account via installer for com.discord: [nwKUr-6m_-XJfDPzipHsNuNm648bA5tAdhYgJip0IXI]
08-04 06:28:10.991 19173 19382 I Finsky  : [1445] ggo.a(14): com.discord: Account determined from installer data - [nwKUr-6m_-XJfDPzipHsNuNm648bA5tAdhYgJip0IXI]
08-04 06:28:10.992 18365 18365 D LifecycleMonitor: Lifecycle status change: androidx.test.core.app.InstrumentationActivityInvoker$EmptyActivity@1d2fa99 in: STARTED
08-04 06:28:10.992 19173 19382 I Finsky  : [1445] ggo.a(63): Billing preferred account via installer for com.discord: [nwKUr-6m_-XJfDPzipHsNuNm648bA5tAdhYgJip0IXI]
08-04 06:28:10.993 19173 19389 I Finsky  : [1447] ggo.a(14): com.discord: Account determined from installer data - [nwKUr-6m_-XJfDPzipHsNuNm648bA5tAdhYgJip0IXI]
08-04 06:28:10.993 18365 18365 V ActivityScenario: Activity lifecycle changed event received but ignored because the intent does not match. startActivityIntent=Intent { act=android.intent.action.MAIN cat=[android.intent.category.LAUNCHER] cmp=com.example.dogglers/.MainActivity }, activity.getIntent()=Intent { act=android.intent.action.MAIN cat=[android.intent.category.LAUNCHER] flg=0x10000000 cmp=com.example.dogglers/androidx.test.core.app.InstrumentationActivityInvoker$EmptyActivity }, activity=androidx.test.core.app.InstrumentationActivityInvoker$EmptyActivity@1d2fa99
08-04 06:28:10.997 18365 18365 D LifecycleMonitor: Lifecycle status change: androidx.test.core.app.InstrumentationActivityInvoker$EmptyActivity@1d2fa99 in: RESUMED
08-04 06:28:10.997 19173 19389 I Finsky  : [1447] ggo.a(63): Billing preferred account via installer for com.discord: [nwKUr-6m_-XJfDPzipHsNuNm648bA5tAdhYgJip0IXI]
08-04 06:28:10.999 18365 18365 V ActivityScenario: Activity lifecycle changed event received but ignored because the intent does not match. startActivityIntent=Intent { act=android.intent.action.MAIN cat=[android.intent.category.LAUNCHER] cmp=com.example.dogglers/.MainActivity }, activity.getIntent()=Intent { act=android.intent.action.MAIN cat=[android.intent.category.LAUNCHER] flg=0x10000000 cmp=com.example.dogglers/androidx.test.core.app.InstrumentationActivityInvoker$EmptyActivity }, activity=androidx.test.core.app.InstrumentationActivityInvoker$EmptyActivity@1d2fa99
08-04 06:28:11.001 19173 19193 I Finsky  : [1389] ggo.a(14): com.discord: Account determined from installer data - [nwKUr-6m_-XJfDPzipHsNuNm648bA5tAdhYgJip0IXI]
08-04 06:28:11.002 19173 19193 I Finsky  : [1389] ggo.a(63): Billing preferred account via installer for com.discord: [nwKUr-6m_-XJfDPzipHsNuNm648bA5tAdhYgJip0IXI]
08-04 06:28:11.002 19173 19194 I Finsky  : [1390] ggo.a(14): com.supercell.clashofclans: Account determined from installer data - [nwKUr-6m_-XJfDPzipHsNuNm648bA5tAdhYgJip0IXI]
08-04 06:28:11.003 19173 19194 I Finsky  : [1390] ggo.a(63): Billing preferred account via installer for com.supercell.clashofclans: [nwKUr-6m_-XJfDPzipHsNuNm648bA5tAdhYgJip0IXI]
08-04 06:28:11.009 19836 22347 D InputTransport: Input channel constructed: '867df49', fd=634
08-04 06:28:11.009 19836 22347 D InputTransport: Input channel constructed: '867df49', fd=635
08-04 06:28:11.009 19836 22347 D InputTransport: Input channel constructed: '867df49', fd=667
08-04 06:28:11.010   752  1238 I SurfaceFlinger: id=173947 createSurf (0x0),-1 flag=80004, 867df49 com.example.dogglers/androidx.test.core.app.InstrumentationActivityInvoker$EmptyActivity#0
08-04 06:28:11.011 19836 22347 D InputTransport: Input channel destroyed: '867df49', fd=667
08-04 06:28:11.013 18365 18365 I ViewRootImpl@1536a4[InstrumentationActivityInvoker$EmptyActivity]: setView = com.android.internal.policy.DecorView@282c137 TM=true
08-04 06:28:11.017 19836 19894 D AnalyticsContainerHandler: handleMessage : { when=0 what=1 target=com.android.server.knox.KnoxAnalyticsContainer$AnalyticsHandler }
08-04 06:28:11.026   752   752 I SurfaceFlinger: SFWD update time=952612321618671
08-04 06:28:11.032 19836 20356 V WindowManager: Relayout Window{867df49 u0 com.example.dogglers/androidx.test.core.app.InstrumentationActivityInvoker$EmptyActivity}: viewVisibility=0 req=1080x2408 d0
08-04 06:28:11.033   752   752 D SurfaceFlinger: Display 4633128508267670401 HWC layers:
08-04 06:28:11.033   752   752 D SurfaceFlinger:      DEVICE | 0xe8f21b00 | 0102 | RGBA_8888    |    0.0    0.0 1080.0 2408.0 |    0    0 1080 2408 | com.example.dogglers/com.example.dogglers.GridListActivity$_18365#0
08-04 06:28:11.033   752   752 D SurfaceFlinger:      DEVICE | 0xe8f21680 | 0100 | RGBA_8888    |    0.0    0.0 1080.0   66.0 |    0    0 1080   66 | StatusBar$_20135#0
08-04 06:28:11.033   752   752 D SurfaceFlinger:      CLIENT | 0xe8f21080 | 0100 | RGBA_8888    |    0.0    0.0  388.0   42.0 |  692 2366 1080 2408 | SGestureOverlayWindow$_20522#0
08-04 06:28:11.033   752   752 D SurfaceFlinger:      CLIENT | 0xe8f22100 | 0100 | RGBA_8888    |    0.0    0.0 1080.0  135.0 |    0 2273 1080 2408 | NavigationBar0$_20135#0
08-04 06:28:11.033   752   752 D SurfaceFlinger:      DEVICE | 0xe943ff80 | 0108 | RGBA_8888    |    0.0    0.0 1080.0 2408.0 |    0    0 1080 2408 | BlueLightFilter$_20135#0
08-04 06:28:11.033   752   752 D SurfaceFlinger:
08-04 06:28:11.034   752  1238 I SurfaceFlinger: id=173948 createSurf (1x1),-3 flag=40004, com.example.dogglers/androidx.test.core.app.InstrumentationActivityInvoker$EmptyActivity$_18365#0
08-04 06:28:11.040   752  1238 I SurfaceFlinger: id=173949 createSurf (0x0),-1 flag=24000, Surface(name=ac392f8 StatusBar)/@0x2bc773f - animation-leash of insets_animation#1
08-04 06:28:11.041   752  1238 I SurfaceFlinger: id=173950 createSurf (0x0),-1 flag=24000, Surface(name=e75ea59 NavigationBar0)/@0x799bb6a - animation-leash of insets_animation#0
08-04 06:28:11.043 19836 20356 V WindowManager: Relayout hash=867df49, pid=18365: mAttrs={(0,0)(fillxfill) sim={adjust=pan forwardNavigation} ty=BASE_APPLICATION wanim=0x1030001
08-04 06:28:11.043 19836 20356 V WindowManager:   fl=1810100
08-04 06:28:11.043 19836 20356 V WindowManager:   pfl=12020040
08-04 06:28:11.043 19836 20356 V WindowManager:   bhv=DEFAULT
08-04 06:28:11.043 19836 20356 V WindowManager:   fitSides= naviIconColor=0}
08-04 06:28:11.044 20522 17031 I RecentModel: onTaskStackChangedBackground
08-04 06:28:11.049 18365 18365 I ViewRootImpl@1536a4[InstrumentationActivityInvoker$EmptyActivity]: Relayout returned: old=(0,0,1080,2408) new=(0,0,1080,2408) req=(1080,2408)0 dur=16 res=0x7 s={true 3934049280} ch=true fn=-1
08-04 06:28:11.051 18365 18575 D OpenGLRenderer: eglCreateWindowSurface
08-04 06:28:11.055 18365 18365 I ViewRootImpl@1536a4[InstrumentationActivityInvoker$EmptyActivity]: [DP] dp(1) 1 android.view.ViewRootImpl.reportNextDraw:11410 android.view.ViewRootImpl.performTraversals:4185 android.view.ViewRootImpl.doTraversal:2911
08-04 06:28:11.055 18365 18365 D ViewRootImpl@1536a4[InstrumentationActivityInvoker$EmptyActivity]: Creating frameDrawingCallback nextDrawUseBlastSync=false reportNextDraw=true hasBlurUpdates=false
08-04 06:28:11.055 18365 18365 D ViewRootImpl@1536a4[InstrumentationActivityInvoker$EmptyActivity]: Creating frameCompleteCallback
08-04 06:28:11.059   752   752 I Layer   : id=173937 removeFromCurrentState Surface(name=ac392f8 StatusBar)/@0x2bc773f - animation-leash of insets_animation#0 (125)
08-04 06:28:11.060   752   752 I Layer   : id=173938 removeFromCurrentState Surface(name=e75ea59 NavigationBar0)/@0x799bb6a - animation-leash of insets_animation#1 (125)
08-04 06:28:11.060   752   752 I Layer   : id=173939 removeFromCurrentState Surface(name=ActivityRecord{21bf5c9 u0 com.example.dogglers/.MainActivity t85})/@0xc77ca65 - animation-leash of app_transition#0 (125)
08-04 06:28:11.060   752   752 I Layer   : id=173940 removeFromCurrentState Dim Layer for - ActivityRecord{21bf5c9 u0 com.example.dogglers/.MainActivity t85} - animating-dim#0 (125)
08-04 06:28:11.060   752   752 I Layer   : id=173942 removeFromCurrentState Surface(name=ActivityRecord{21bf5c9 u0 com.example.dogglers/.MainActivity t85})/@0xc77ca65 - animation-bounds#0 (125)
08-04 06:28:11.060   752   752 I Layer   : id=173943 removeFromCurrentState Surface(name=ActivityRecord{365e553 u0 com.example.dogglers/.GridListActivity t85})/@0xd6cd41b - animation-leash of app_transition#0 (125)
08-04 06:28:11.060   752   752 I Layer   : id=173944 removeFromCurrentState Surface(name=ActivityRecord{365e553 u0 com.example.dogglers/.GridListActivity t85})/@0xd6cd41b - animation-bounds#0 (125)
08-04 06:28:11.061   752   752 I SurfaceFlinger: id=173940 Removed Dim Layer for - ActivityRecord{21bf5c9 u0 com.example.dogglers/.MainActivity t85} - animating-dim#0 (125)
08-04 06:28:11.061   752   752 I SurfaceFlinger: id=173942 Removed Surface(name=ActivityRecord{21bf5c9 u0 com.example.dogglers/.MainActivity t85})/@0xc77ca65 - animation-bounds#0 (125)
08-04 06:28:11.061   752   752 I SurfaceFlinger: id=173944 Removed Surface(name=ActivityRecord{365e553 u0 com.example.dogglers/.GridListActivity t85})/@0xd6cd41b - animation-bounds#0 (125)
08-04 06:28:11.061   752   752 I SurfaceFlinger: id=173943 Removed Surface(name=ActivityRecord{365e553 u0 com.example.dogglers/.GridListActivity t85})/@0xd6cd41b - animation-leash of app_transition#0 (125)
08-04 06:28:11.061   752   752 I SurfaceFlinger: id=173939 Removed Surface(name=ActivityRecord{21bf5c9 u0 com.example.dogglers/.MainActivity t85})/@0xc77ca65 - animation-leash of app_transition#0 (125)
08-04 06:28:11.061 18365 18720 D ViewRootImpl@1536a4[InstrumentationActivityInvoker$EmptyActivity]: Received frameDrawingCallback frameNum=1. Creating transactionCompleteCallback=false
08-04 06:28:11.061   752   752 I Layer   : id=173940 Destroyed Dim Layer for - ActivityRecord{21bf5c9 u0 com.example.dogglers/.MainActivity t85} - animating-dim#0
08-04 06:28:11.061   752   752 I Layer   : id=173942 Destroyed Surface(name=ActivityRecord{21bf5c9 u0 com.example.dogglers/.MainActivity t85})/@0xc77ca65 - animation-bounds#0
08-04 06:28:11.061   752   752 I Layer   : id=173939 Destroyed Surface(name=ActivityRecord{21bf5c9 u0 com.example.dogglers/.MainActivity t85})/@0xc77ca65 - animation-leash of app_transition#0
08-04 06:28:11.061   752   752 I Layer   : id=173944 Destroyed Surface(name=ActivityRecord{365e553 u0 com.example.dogglers/.GridListActivity t85})/@0xd6cd41b - animation-bounds#0
08-04 06:28:11.061   752   752 I Layer   : id=173943 Destroyed Surface(name=ActivityRecord{365e553 u0 com.example.dogglers/.GridListActivity t85})/@0xd6cd41b - animation-leash of app_transition#0
08-04 06:28:11.063 19836 20356 D InputDispatcher: Focus request (0): 867df49 com.example.dogglers/androidx.test.core.app.InstrumentationActivityInvoker$EmptyActivity but waiting because NOT_VISIBLE
08-04 06:28:11.065 18365 18575 D ViewRootImpl@1536a4[InstrumentationActivityInvoker$EmptyActivity]: Received frameCompleteCallback  lastAcquiredFrameNum=1 lastAttemptedDrawFrameNum=1
08-04 06:28:11.066 18365 18365 I ViewRootImpl@1536a4[InstrumentationActivityInvoker$EmptyActivity]: [DP] pdf(0) 1 android.view.ViewRootImpl.lambda$addFrameCompleteCallbackIfNeeded$3$ViewRootImpl:4987 android.view.ViewRootImpl$$ExternalSyntheticLambda16.run:6 android.os.Handler.handleCallback:938
08-04 06:28:11.067 18365 18365 I ViewRootImpl@1536a4[InstrumentationActivityInvoker$EmptyActivity]: [DP] rdf()
08-04 06:28:11.067 18365 18365 D ViewRootImpl@1536a4[InstrumentationActivityInvoker$EmptyActivity]: reportDrawFinished (fn: -1)
08-04 06:28:11.067 18365 18365 I ViewRootImpl@f18cefd[GridListActivity]: MSG_WINDOW_FOCUS_CHANGED 0 1
08-04 06:28:11.073 19836 19855 I SemDvfsHyPerManager: acquire hyper - AMS_RESUME_TAIL/19836@14, type = -999
08-04 06:28:11.073 19836 19851 I ActivityTaskManager: Displayed com.example.dogglers/androidx.test.core.app.InstrumentationActivityInvoker$EmptyActivity: +166ms
08-04 06:28:11.073 19836 19855 I SemDvfsHyPerManager: acquire hyper - AMS_ACT_LAZY/19836@15, type = -999
08-04 06:28:11.073 19652 19680 I HYPER-HAL: [RequestManager.cpp]acquire(): Acquired ID : 197021189  [19836 / 14]    HINT : AMS_RESUME_TAIL    list :
08-04 06:28:11.074 19652 19680 I HYPER-HAL: [RequestManager.cpp]releaseLocked(): Released ID : 196981488
08-04 06:28:11.075  1994  1994 E pageboostd: Received HALT command code 2
08-04 06:28:11.081 18365 18365 D InsetsSourceConsumer: ensureControlAlpha: for ITYPE_NAVIGATION_BAR on com.example.dogglers/androidx.test.core.app.InstrumentationActivityInvoker$EmptyActivity
08-04 06:28:11.082 18365 18365 D InsetsSourceConsumer: ensureControlAlpha: for ITYPE_STATUS_BAR on com.example.dogglers/androidx.test.core.app.InstrumentationActivityInvoker$EmptyActivity
08-04 06:28:11.083 18365 18365 I ViewRootImpl@fdf82fb[MainActivity]: handleAppVisibility mAppVisible=true visible=false
08-04 06:28:11.084   752   918 I SurfaceFlinger: id=173938 Removed Surface(name=e75ea59 NavigationBar0)/@0x799bb6a - animation-leash of insets_animation#1 (120)
08-04 06:28:11.084   752  1103 I SurfaceFlinger: id=173937 Removed Surface(name=ac392f8 StatusBar)/@0x2bc773f - animation-leash of insets_animation#0 (120)
08-04 06:28:11.084 18365 18365 I ViewRootImpl@f18cefd[GridListActivity]: handleAppVisibility mAppVisible=true visible=false
08-04 06:28:11.086 18365 18365 I ViewRootImpl@f18cefd[GridListActivity]: stopped(true) old=false
08-04 06:28:11.088 18365 18365 D LifecycleMonitor: Lifecycle status change: com.example.dogglers.GridListActivity@65321bf in: STOPPED
08-04 06:28:11.089 19836 22347 I SemDvfsHyPerManager: acquire hyper - AMS_ACT_START/19836@12, type = -999
08-04 06:28:11.090 19652 19680 I HYPER-HAL: [RequestManager.cpp]acquire(): Acquired ID : 196981488  [19836 / 12]    HINT : AMS_ACT_START    list :
08-04 06:28:11.090 18365 18365 V ActivityScenario: Activity lifecycle changed event received but ignored because the intent does not match. startActivityIntent=Intent { act=android.intent.action.MAIN cat=[android.intent.category.LAUNCHER] cmp=com.example.dogglers/.MainActivity }, activity.getIntent()=Intent { cmp=com.example.dogglers/.GridListActivity }, activity=com.example.dogglers.GridListActivity@65321bf
08-04 06:28:11.091   752  1103 I SurfaceFlinger: id=173951 createSurf (0x0),-1 flag=80004, ActivityRecord{19a1e80 u0 com.example.dogglers/androidx.test.core.app.InstrumentationActivityInvoker$EmptyActivity t85}#0
08-04 06:28:11.093   752   752 I Layer   : id=173938 Destroyed Surface(name=e75ea59 NavigationBar0)/@0x799bb6a - animation-leash of insets_animation#1
08-04 06:28:11.093   752   752 I Layer   : id=173937 Destroyed Surface(name=ac392f8 StatusBar)/@0x2bc773f - animation-leash of insets_animation#0
08-04 06:28:11.094 19836 20357 D InputDispatcher: Focus entered window (0): 867df49 com.example.dogglers/androidx.test.core.app.InstrumentationActivityInvoker$EmptyActivity
08-04 06:28:11.099   752   752 D SurfaceFlinger: Display 4633128508267670401 HWC layers:
08-04 06:28:11.099   752   752 D SurfaceFlinger:      DEVICE | 0xe8aa8980 | 0102 | RGBA_8888    |    0.0    0.0 1080.0 2408.0 |    0    0 1080 2408 | com.example.dogglers/androidx.test.c[...]tivityInvoker$EmptyActivity$_18365#0
08-04 06:28:11.099   752   752 D SurfaceFlinger:      DEVICE | 0xe8f21680 | 0100 | RGBA_8888    |    0.0    0.0 1080.0   66.0 |    0    0 1080   66 | StatusBar$_20135#0
08-04 06:28:11.099   752   752 D SurfaceFlinger:      DEVICE | 0xe8f21080 | 0100 | RGBA_8888    |    0.0    0.0  388.0   42.0 |  692 2366 1080 2408 | SGestureOverlayWindow$_20522#0
08-04 06:28:11.099   752   752 D SurfaceFlinger:      DEVICE | 0xe8f22100 | 0100 | RGBA_8888    |    0.0    0.0 1080.0  135.0 |    0 2273 1080 2408 | NavigationBar0$_20135#0
08-04 06:28:11.099   752   752 D SurfaceFlinger:      DEVICE | 0xe943ff80 | 0108 | RGBA_8888    |    0.0    0.0 1080.0 2408.0 |    0    0 1080 2408 | BlueLightFilter$_20135#0
08-04 06:28:11.099   752   752 D SurfaceFlinger:
08-04 06:28:11.100 19836 19854 D PersonaActivityHelper: Activity not in resumed state, do not run immediate lock
08-04 06:28:11.101 18365 18365 I ViewRootImpl@fdf82fb[MainActivity]: stopped(true) old=false
08-04 06:28:11.102 18365 18365 D LifecycleMonitor: Lifecycle status change: com.example.dogglers.MainActivity@4668dd4 in: STOPPED
08-04 06:28:11.104 18365 18365 V ActivityScenario: Update currentActivityStage to STOPPED, currentActivity=com.example.dogglers.MainActivity@4668dd4
08-04 06:28:11.109 18365 18365 D LifecycleMonitor: Lifecycle status change: com.example.dogglers.MainActivity@4668dd4 in: DESTROYED
08-04 06:28:11.110 18365 18365 V ActivityScenario: Update currentActivityStage to DESTROYED, currentActivity=null
08-04 06:28:11.114 19173 19382 I Finsky  : [1445] ndy.bH(6): Will not allow first-party apps signed by test keys
08-04 06:28:11.115 18365 18575 D OpenGLRenderer: setSurface called with nullptr
08-04 06:28:11.115 18365 18575 D OpenGLRenderer: setSurface() destroyed EGLSurface
08-04 06:28:11.115 18365 18575 D OpenGLRenderer: destroyEglSurface
08-04 06:28:11.118 18365 18365 I ViewRootImpl@fdf82fb[MainActivity]: dispatchDetachedFromWindow
08-04 06:28:11.118 19836 22347 D InputTransport: Input channel destroyed: 'fa7ab2c', fd=862
08-04 06:28:11.118 19836 22347 W InputManager-JNI: Input channel object 'fa7ab2c com.example.dogglers/com.example.dogglers.MainActivity (client)' was disposed without first being removed with the input manager!
08-04 06:28:11.118 19836 22347 D InputTransport: Input channel destroyed: 'fa7ab2c', fd=873
08-04 06:28:11.123 18365 18365 D InputTransport: Input channel destroyed: 'fa7ab2c', fd=99
08-04 06:28:11.126   752   752 I Layer   : id=173928 removeFromCurrentState com.example.dogglers/com.example.dogglers.MainActivity$_18365#0 (119)
08-04 06:28:11.126   752   752 I Layer   : id=173927 removeFromCurrentState fa7ab2c com.example.dogglers/com.example.dogglers.MainActivity#0 (119)
08-04 06:28:11.126   752   752 I SurfaceFlinger: id=173927 Removed fa7ab2c com.example.dogglers/com.example.dogglers.MainActivity#0 (119)
08-04 06:28:11.126   752   752 I SurfaceFlinger: id=173928 Removed com.example.dogglers/com.example.dogglers.MainActivity$_18365#0 (119)
08-04 06:28:11.126   752   752 I Layer   : id=173927 Destroyed fa7ab2c com.example.dogglers/com.example.dogglers.MainActivity#0
08-04 06:28:11.127   752   752 I Layer   : id=173928 Destroyed com.example.dogglers/com.example.dogglers.MainActivity$_18365#0
08-04 06:28:11.127 18365 18575 D OpenGLRenderer: setSurface called with nullptr
08-04 06:28:11.127 18365 18575 D OpenGLRenderer: setSurface() destroyed EGLSurface
08-04 06:28:11.127 18365 18575 D OpenGLRenderer: destroyEglSurface
08-04 06:28:11.132 19836 22347 V WindowManager: Relayout Window{da21dbb u0 com.example.dogglers/com.example.dogglers.GridListActivity}: viewVisibility=8 req=1080x2408 d0
08-04 06:28:11.134 19173 19389 W DynamiteModule: Local module descriptor class for com.google.android.gms.googlecertificates not found.
08-04 06:28:11.138 19836 22347 V WindowManager: Relayout hash=da21dbb, pid=18365: mAttrs={(0,0)(fillxfill) sim={adjust=pan} ty=BASE_APPLICATION wanim=0x1030303
08-04 06:28:11.138 19836 22347 V WindowManager:   fl=81810100
08-04 06:28:11.138 19836 22347 V WindowManager:   pfl=12020040
08-04 06:28:11.138 19836 22347 V WindowManager:   bhv=DEFAULT
08-04 06:28:11.138 19836 22347 V WindowManager:   fitSides= naviIconColor=0}
08-04 06:28:11.141 18365 18365 I ViewRootImpl@f18cefd[GridListActivity]: Relayout returned: old=(0,0,1080,2408) new=(0,0,1080,2408) req=(1080,2408)8 dur=9 res=0x5 s={false 0} ch=false fn=-1
08-04 06:28:11.142   752   752 I Layer   : id=173926 removeFromCurrentState ActivityRecord{21bf5c9 u0 com.example.dogglers/.MainActivity t85}#0 (117)
08-04 06:28:11.143   752   752 I SurfaceFlinger: id=173926 Removed ActivityRecord{21bf5c9 u0 com.example.dogglers/.MainActivity t85}#0 (117)
08-04 06:28:11.143   752   752 I Layer   : id=173926 Destroyed ActivityRecord{21bf5c9 u0 com.example.dogglers/.MainActivity t85}#0
08-04 06:28:11.150 18365 18365 D LifecycleMonitor: Lifecycle status change: androidx.test.core.app.InstrumentationActivityInvoker$EmptyActivity@1d2fa99 in: PAUSED
08-04 06:28:11.151 18365 18365 V ActivityScenario: Activity lifecycle changed event received but ignored because the intent does not match. startActivityIntent=Intent { act=android.intent.action.MAIN cat=[android.intent.category.LAUNCHER] cmp=com.example.dogglers/.MainActivity }, activity.getIntent()=Intent { act=android.intent.action.MAIN cat=[android.intent.category.LAUNCHER] flg=0x10000000 cmp=com.example.dogglers/androidx.test.core.app.InstrumentationActivityInvoker$EmptyActivity }, activity=androidx.test.core.app.InstrumentationActivityInvoker$EmptyActivity@1d2fa99
08-04 06:28:11.158 19836 22762 D InputDispatcher: Focused application set to (0): 19a1e80
08-04 06:28:11.167 18365 18365 I ViewRootImpl@1536a4[InstrumentationActivityInvoker$EmptyActivity]: MSG_WINDOW_FOCUS_CHANGED 1 1
08-04 06:28:11.167 19836 19854 I SemPersonaManager: SecureFolder personaId = 10
08-04 06:28:11.169 18365 18365 D InputMethodManager: startInputInner - Id : 0
08-04 06:28:11.169 18365 18365 I InputMethodManager: startInputInner - mService.startInputOrWindowGainedFocus
08-04 06:28:11.170 19836 22347 D InputMethodManagerServicePhysicalKey: isConnectedDexOnPC false
08-04 06:28:11.170 19836 22347 D InputMethodManagerService: isImeSwitcherDisabledPackage : false
08-04 06:28:11.176   752   752 I Layer   : id=173936 removeFromCurrentState com.example.dogglers/com.example.dogglers.GridListActivity$_18365#0 (116)
08-04 06:28:11.177 19836 19854 D EnterpriseDeviceManagerService: isMdmAdminPresentInternal() : MDM Admin Found - com.samsung.android.knox.containercore
08-04 06:28:11.178 19836 21401 I MediaSessionMonitor: Media session stopped : controllerList empty
08-04 06:28:11.184   752   918 I SurfaceFlinger: id=173936 Removed com.example.dogglers/com.example.dogglers.GridListActivity$_18365#0 (116)
08-04 06:28:11.187 18365 18365 D LifecycleMonitor: Lifecycle status change: androidx.test.core.app.InstrumentationActivityInvoker$BootstrapActivity@a71a8c5 in: DESTROYED
08-04 06:28:11.189 18365 18365 V ActivityScenario: Activity lifecycle changed event received but ignored because the intent does not match. startActivityIntent=Intent { act=android.intent.action.MAIN cat=[android.intent.category.LAUNCHER] cmp=com.example.dogglers/.MainActivity }, activity.getIntent()=Intent { act=android.intent.action.MAIN cat=[android.intent.category.LAUNCHER] flg=0x10008000 cmp=com.example.dogglers/androidx.test.core.app.InstrumentationActivityInvoker$BootstrapActivity (has extras) }, activity=androidx.test.core.app.InstrumentationActivityInvoker$BootstrapActivity@a71a8c5
08-04 06:28:11.193   752   752 I Layer   : id=173936 Destroyed com.example.dogglers/com.example.dogglers.GridListActivity$_18365#0
08-04 06:28:11.194 19836 20357 D InputDispatcher: Focus left window (0): 867df49 com.example.dogglers/androidx.test.core.app.InstrumentationActivityInvoker$EmptyActivity
08-04 06:28:11.196 19173 19389 I android.vendin: Waiting for a blocking GC ClassLinker
08-04 06:28:11.202 18365 18365 D LifecycleMonitor: Lifecycle status change: androidx.test.core.app.InstrumentationActivityInvoker$EmptyActivity@aa6fa28 in: PRE_ON_CREATE
08-04 06:28:11.203 18365 18365 V ActivityScenario: Activity lifecycle changed event received but ignored because the intent does not match. startActivityIntent=Intent { act=android.intent.action.MAIN cat=[android.intent.category.LAUNCHER] cmp=com.example.dogglers/.MainActivity }, activity.getIntent()=Intent { act=android.intent.action.MAIN cat=[android.intent.category.LAUNCHER] flg=0x10000000 cmp=com.example.dogglers/androidx.test.core.app.InstrumentationActivityInvoker$EmptyActivity }, activity=androidx.test.core.app.InstrumentationActivityInvoker$EmptyActivity@aa6fa28
08-04 06:28:11.209   752   752 I Layer   : id=173916 removeFromCurrentState ActivityRecord{f0d423c u0 com.example.dogglers/androidx.test.core.app.InstrumentationActivityInvoker$BootstrapActivity t85}#0 (115)
08-04 06:28:11.209   752   752 I SurfaceFlinger: id=173916 Removed ActivityRecord{f0d423c u0 com.example.dogglers/androidx.test.core.app.InstrumentationActivityInvoker$BootstrapActivity t85}#0 (115)
08-04 06:28:11.209   752   752 I Layer   : id=173916 Destroyed ActivityRecord{f0d423c u0 com.example.dogglers/androidx.test.core.app.InstrumentationActivityInvoker$BootstrapActivity t85}#0
08-04 06:28:11.219 18365 18365 I DecorView: [INFO] isPopOver=false, config=true
08-04 06:28:11.219 18365 18365 I DecorView: updateCaptionType >> DecorView@224c0e6[], isFloating=false, isApplication=true, hasWindowControllerCallback=true, hasWindowDecorCaption=false
08-04 06:28:11.219 18365 18365 D DecorView: setCaptionType = 0, this = DecorView@224c0e6[]
08-04 06:28:11.220 19173 19389 I android.vendin: WaitForGcToComplete blocked ClassLinker on Background for 53.306ms
08-04 06:28:11.223 19173 19389 I DynamiteModule: Considering local module com.google.android.gms.googlecertificates:0 and remote module com.google.android.gms.googlecertificates:7
08-04 06:28:11.223 19173 19389 I DynamiteModule: Selected remote version of com.google.android.gms.googlecertificates, version >= 7
08-04 06:28:11.223 19173 19389 V DynamiteModule: Dynamite loader version >= 2, using loadModule2NoCrashUtils
08-04 06:28:11.223 19173 19261 I Finsky  : [1412] rtb.accept(46): SCH: Scheduling phonesky job Id: 29-29, CT: 1659574689246, Constraints: [{ L: 30000, D: 60000, C: 1, I: 1, N: 0 }]
08-04 06:28:11.225 18365 18365 I DecorView: getCurrentDensityDpi: from real metrics. densityDpi=450 msg=resources_loaded
08-04 06:28:11.227 18365 18365 D LifecycleMonitor: Lifecycle status change: androidx.test.core.app.InstrumentationActivityInvoker$EmptyActivity@aa6fa28 in: CREATED
08-04 06:28:11.229 18365 18365 V ActivityScenario: Activity lifecycle changed event received but ignored because the intent does not match. startActivityIntent=Intent { act=android.intent.action.MAIN cat=[android.intent.category.LAUNCHER] cmp=com.example.dogglers/.MainActivity }, activity.getIntent()=Intent { act=android.intent.action.MAIN cat=[android.intent.category.LAUNCHER] flg=0x10000000 cmp=com.example.dogglers/androidx.test.core.app.InstrumentationActivityInvoker$EmptyActivity }, activity=androidx.test.core.app.InstrumentationActivityInvoker$EmptyActivity@aa6fa28
08-04 06:28:11.231 18365 18365 D LifecycleMonitor: Lifecycle status change: androidx.test.core.app.InstrumentationActivityInvoker$EmptyActivity@aa6fa28 in: STARTED
08-04 06:28:11.232 19173 19260 I Finsky  : [1411] rsp.apply(9): SCH: Scheduling 1 system job(s)
08-04 06:28:11.233 19173 19260 I Finsky  : [1411] rsp.apply(15): SCH: Scheduling system job Id: 9467, L: 28013, D: 58013, C: false, I: false, N: 0
08-04 06:28:11.233 18365 18365 V ActivityScenario: Activity lifecycle changed event received but ignored because the intent does not match. startActivityIntent=Intent { act=android.intent.action.MAIN cat=[android.intent.category.LAUNCHER] cmp=com.example.dogglers/.MainActivity }, activity.getIntent()=Intent { act=android.intent.action.MAIN cat=[android.intent.category.LAUNCHER] flg=0x10000000 cmp=com.example.dogglers/androidx.test.core.app.InstrumentationActivityInvoker$EmptyActivity }, activity=androidx.test.core.app.InstrumentationActivityInvoker$EmptyActivity@aa6fa28
08-04 06:28:11.236 18365 18365 D LifecycleMonitor: Lifecycle status change: androidx.test.core.app.InstrumentationActivityInvoker$EmptyActivity@aa6fa28 in: RESUMED
08-04 06:28:11.238 18365 18365 V ActivityScenario: Activity lifecycle changed event received but ignored because the intent does not match. startActivityIntent=Intent { act=android.intent.action.MAIN cat=[android.intent.category.LAUNCHER] cmp=com.example.dogglers/.MainActivity }, activity.getIntent()=Intent { act=android.intent.action.MAIN cat=[android.intent.category.LAUNCHER] flg=0x10000000 cmp=com.example.dogglers/androidx.test.core.app.InstrumentationActivityInvoker$EmptyActivity }, activity=androidx.test.core.app.InstrumentationActivityInvoker$EmptyActivity@aa6fa28
08-04 06:28:11.243 19173 19389 W System  : ClassLoader referenced unknown path:
08-04 06:28:11.246 19836 20321 D InputTransport: Input channel constructed: '2327d09', fd=693
08-04 06:28:11.246 19836 20321 D InputTransport: Input channel constructed: '2327d09', fd=699
08-04 06:28:11.247 19836 20321 D InputTransport: Input channel constructed: '2327d09', fd=701
08-04 06:28:11.247   752  1103 I SurfaceFlinger: id=173952 createSurf (0x0),-1 flag=80004, 2327d09 com.example.dogglers/androidx.test.core.app.InstrumentationActivityInvoker$EmptyActivity#0
08-04 06:28:11.248 19836 20321 D InputTransport: Input channel destroyed: '2327d09', fd=701
08-04 06:28:11.251 18365 18365 I ViewRootImpl@4506627[InstrumentationActivityInvoker$EmptyActivity]: setView = com.android.internal.policy.DecorView@224c0e6 TM=true
08-04 06:28:11.252 19836 19894 D AnalyticsContainerHandler: handleMessage : { when=0 what=1 target=com.android.server.knox.KnoxAnalyticsContainer$AnalyticsHandler }
