08-04 06:28:15.804   752   752 I Layer   : id=173439 addToCurrentState ImeContainer#0 (128)
08-04 06:28:15.804   752   752 I Layer   : id=173542 addToCurrentState WindowToken{35488ae android.os.Binder@74d29}#0 (128)
08-04 06:28:15.804   752   752 I Layer   : id=174050 addToCurrentState Surface(name=a73f97f InputMethod)/@0x1e1d195 - animation-leash of insets_animation#0 (128)
08-04 06:28:15.804   752   752 I Layer   : id=173543 addToCurrentState a73f97f InputMethod#0 (128)
08-04 06:28:15.804   752   752 I Layer   : id=174051 addToCurrentState Surface(name=dd4d296 Splash Screen com.example.dogglers)/@0x23b2521 - animation-leash of window_animation#0 (128)
08-04 06:28:15.804   752   752 I Layer   : id=174035 addToCurrentState dd4d296 Splash Screen com.example.dogglers#0 (128)
08-04 06:28:15.804   752   752 I Layer   : id=174036 addToCurrentState Splash Screen com.example.dogglers$_20135#0 (128)
08-04 06:28:15.804   752   752 I Layer   : id=174052 addToCurrentState ActivityRecord{aa50eaf u0 com.example.dogglers/androidx.test.core.app.InstrumentationActivityInvoker$EmptyActivity t87}#0 (128)
08-04 06:28:15.804 16516 19597 D SurfaceUtils: set up nativeWindow 0xdd585c08 for 800x480, color 0x105, rotation 0, usage 0x402900
08-04 06:28:15.805   752   752 I Layer   : id=174047 removeFromCurrentState Surface(name=ac392f8 StatusBar)/@0x2bc773f - animation-leash of insets_animation#1 (128)
08-04 06:28:15.805 16516 19596 D SurfaceUtils: disconnecting from surface 0xb9adbc08, reason disconnectFromSurface
08-04 06:28:15.805 16516 19596 E Surface : freeAllBuffers: 11 buffers were freed while being dequeued!
08-04 06:28:15.805   752   752 I Layer   : id=174048 removeFromCurrentState Surface(name=e75ea59 NavigationBar0)/@0x799bb6a - animation-leash of insets_animation#0 (128)
08-04 06:28:15.805   752   752 I SurfaceFlinger: id=174038 Removed Surface(name=Task=82)/@0xa615068 - animation-leash of app_transition#0 (128)
08-04 06:28:15.805   752   752 I SurfaceFlinger: id=174041 Removed Surface(name=Task=87)/@0xccb2ccd - animation-leash of app_transition#0 (128)
08-04 06:28:15.805   752   752 I SurfaceFlinger: id=174039 Removed Dim Layer for - Task=82 - animating-dim#0 (128)
08-04 06:28:15.805   830 19598 I EXYNOS_BASE_COMP: [0xec7a2200][Exynos_OMX_ComponentStateSet] current:(OMX_StateExecuting) dest:(OMX_StateIdle)
08-04 06:28:15.805   752   752 I Layer   : id=174039 Destroyed Dim Layer for - Task=82 - animating-dim#0
08-04 06:28:15.806   752   752 I Layer   : id=174038 Destroyed Surface(name=Task=82)/@0xa615068 - animation-leash of app_transition#0
08-04 06:28:15.806   752   752 I Layer   : id=174041 Destroyed Surface(name=Task=87)/@0xccb2ccd - animation-leash of app_transition#0
08-04 06:28:15.806   830 19602 W libexynosv4l2: failed to ioctl: VIDIOC_DQBUF (22 - Invalid argument)
08-04 06:28:15.807   830 19601 W libexynosv4l2: failed to ioctl: VIDIOC_DQBUF (22 - Invalid argument)
08-04 06:28:15.807   830 19598 I EXYNOS_BASE_COMP: [0xec7a2200][Exynos_OMX_ComponentStateSet] OMX_EventCmdComplete(OMX_StateIdle)
08-04 06:28:15.807 19836 22306 D InputDispatcher: Focus left window (0): ffa02c4 com.example.dogglers/com.example.dogglers.MainActivity
08-04 06:28:15.808   752  1103 I SurfaceFlinger: id=174055 createSurf (0x0),-1 flag=24000, Surface(name=ac392f8 StatusBar)/@0x2bc773f - animation-leash of insets_animation#1
08-04 06:28:15.809 16516 19597 I ACodec  : [OMX.Exynos.avc.dec] Now Executing->Idle
08-04 06:28:15.809 16516 16560 W cr_MediaCodecBridge: Codec released
08-04 06:28:15.809   830 19598 I EXYNOS_BASE_COMP: [0xec7a2200][Exynos_OMX_ComponentStateSet] current:(OMX_StateIdle) dest:(OMX_StateLoaded)
08-04 06:28:15.809 19836 19854 D EnterpriseDeviceManagerService: isMdmAdminPresentInternal() : MDM Admin Found - com.samsung.android.knox.containercore
08-04 06:28:15.810 19836 21401 I MediaSessionMonitor: Media session stopped : controllerList empty
08-04 06:28:15.811   752  1103 I SurfaceFlinger: id=174056 createSurf (0x0),-1 flag=24000, Surface(name=e75ea59 NavigationBar0)/@0x799bb6a - animation-leash of insets_animation#0
08-04 06:28:15.811   830 19602 W libexynosv4l2: failed to ioctl: VIDIOC_DQBUF (22 - Invalid argument)
08-04 06:28:15.818   752   752 I Layer   : id=174036 removeFromCurrentState Splash Screen com.example.dogglers$_20135#0 (127)
08-04 06:28:15.819   752   752 I Layer   : id=174035 removeFromCurrentState dd4d296 Splash Screen com.example.dogglers#0 (127)
08-04 06:28:15.819   752   752 I Layer   : id=174051 removeFromCurrentState Surface(name=dd4d296 Splash Screen com.example.dogglers)/@0x23b2521 - animation-leash of window_animation#0 (127)
08-04 06:28:15.819   752   752 I Layer   : id=174053 removeFromCurrentState Surface(name=ac392f8 StatusBar)/@0x2bc773f - animation-leash of insets_animation#0 (127)
08-04 06:28:15.819   752   752 I Layer   : id=174054 removeFromCurrentState Surface(name=e75ea59 NavigationBar0)/@0x799bb6a - animation-leash of insets_animation#1 (127)
08-04 06:28:15.819   752   752 I SurfaceFlinger: id=174035 Removed dd4d296 Splash Screen com.example.dogglers#0 (127)
08-04 06:28:15.819   752   752 I SurfaceFlinger: id=174051 Removed Surface(name=dd4d296 Splash Screen com.example.dogglers)/@0x23b2521 - animation-leash of window_animation#0 (127)
08-04 06:28:15.819   752   752 I SurfaceFlinger: id=174053 Removed Surface(name=ac392f8 StatusBar)/@0x2bc773f - animation-leash of insets_animation#0 (127)
08-04 06:28:15.819   752   752 I SurfaceFlinger: id=174054 Removed Surface(name=e75ea59 NavigationBar0)/@0x799bb6a - animation-leash of insets_animation#1 (127)
08-04 06:28:15.819   752   752 I SurfaceFlinger: id=174036 Removed Splash Screen com.example.dogglers$_20135#0 (127)
08-04 06:28:15.820   752   752 I Layer   : id=174051 Destroyed Surface(name=dd4d296 Splash Screen com.example.dogglers)/@0x23b2521 - animation-leash of window_animation#0
08-04 06:28:15.820   752   752 I Layer   : id=174035 Destroyed dd4d296 Splash Screen com.example.dogglers#0
08-04 06:28:15.820   752   752 I Layer   : id=174036 Destroyed Splash Screen com.example.dogglers$_20135#0
08-04 06:28:15.820   752   752 I Layer   : id=174053 Destroyed Surface(name=ac392f8 StatusBar)/@0x2bc773f - animation-leash of insets_animation#0
08-04 06:28:15.821   752   752 I Layer   : id=174054 Destroyed Surface(name=e75ea59 NavigationBar0)/@0x799bb6a - animation-leash of insets_animation#1
08-04 06:28:15.822 16516 19597 I ACodec  : [OMX.Exynos.avc.dec] Now Idle->Loaded
08-04 06:28:15.824   830 19598 I EXYNOS_BASE_COMP: [0xec7a2200][Exynos_OMX_EventHandler] OMX_EventCmdComplete(OMX_StateLoaded)
08-04 06:28:15.825 16516 19597 I ACodec  : [OMX.Exynos.avc.dec] Now Loaded
08-04 06:28:15.827 16516 19597 I ACodec  :  [OMX.Exynos.avc.dec] Now uninitialized
08-04 06:28:15.827 16516 19597 I ACodec  :  [] Now kWhatShutdownCompleted event : 7985
08-04 06:28:15.827 16516 19596 D SurfaceUtils: disconnecting from surface 0xdd585c08, reason disconnectFromSurface
08-04 06:28:15.830 16516 19596 I MediaCodec: Codec shutdown complete
08-04 06:28:15.832 19643 19178 I ResourceManagerService: removeResourceInfo pid 16516, removed 384000 (width 800 height 480), isLowPriority 0, remained hw codec count 0
08-04 06:28:15.832 15062 15078 V ResourceManagerHelper-JNI: JNIMediaResourceHelper::notify eventType : 2, ext1 : 0, ext2 : 0
08-04 06:28:15.832 15062 15078 V ResourceManagerHelper-JNI: notify eventType : 2, ext1 : 0, ext2 : 0
08-04 06:28:15.832 15062 15095 I SemMediaResourceHelper: onRemove
08-04 06:28:15.833 19836 19849 V ResourceManagerHelper-JNI: JNIMediaResourceHelper::notify eventType : 2, ext1 : 0, ext2 : 0
08-04 06:28:15.833 19836 19849 V ResourceManagerHelper-JNI: notify eventType : 2, ext1 : 0, ext2 : 0
08-04 06:28:15.834 19836 19959 I SemMediaResourceHelper: onRemove
08-04 06:28:15.834 18365 18365 D LifecycleMonitor: Lifecycle status change: androidx.test.core.app.InstrumentationActivityInvoker$EmptyActivity@8cd1473 in: PRE_ON_CREATE
08-04 06:28:15.834 21715 21715 I SemMediaResourceHelper: onRemove
08-04 06:28:15.836 18365 18365 V ActivityScenario: Activity lifecycle changed event received but ignored because the intent does not match. startActivityIntent=Intent { act=android.intent.action.MAIN cat=[android.intent.category.LAUNCHER] cmp=com.example.dogglers/.MainActivity }, activity.getIntent()=Intent { act=android.intent.action.MAIN cat=[android.intent.category.LAUNCHER] flg=0x10000000 cmp=com.example.dogglers/androidx.test.core.app.InstrumentationActivityInvoker$EmptyActivity }, activity=androidx.test.core.app.InstrumentationActivityInvoker$EmptyActivity@8cd1473
08-04 06:28:15.851 18365 18365 I DecorView: [INFO] isPopOver=false, config=true
08-04 06:28:15.851 18365 18365 I DecorView: updateCaptionType >> DecorView@50ca7a9[], isFloating=false, isApplication=true, hasWindowControllerCallback=true, hasWindowDecorCaption=false
08-04 06:28:15.851 18365 18365 D DecorView: setCaptionType = 0, this = DecorView@50ca7a9[]
08-04 06:28:15.857 16175 16175 I SurfaceView@3a27ac: updateSurface: mVisible = false mSurface.isValid() = true
08-04 06:28:15.857 16175 16175 I SurfaceView@3a27ac: tryReleaseSurfaces: set mRtReleaseSurfaces = true
08-04 06:28:15.858 16175 16384 I SurfaceView@3a27ac: 233284210 wPL, frameNr = 0
08-04 06:28:15.858 16175 16384 I SurfaceView@3a27ac: remove() from RT android.view.SurfaceView$SurfaceViewPositionUpdateListener@de7a272 Surface(name=SurfaceView - com.android.chrome/org.chromium.chrome.browser.customtabs.CustomTabActivity@3a27ac@4)/@0x54b16c3
08-04 06:28:15.858 16175 16384 I SurfaceView@3a27ac: remove() android.view.SurfaceView{3a27ac V.E...... ........ 0,0-1080,2300} Surface(name=SurfaceView - com.android.chrome/org.chromium.chrome.browser.customtabs.CustomTabActivity@3a27ac@4)/@0x54b16c3
08-04 06:28:15.859 16175 16384 I SurfaceView@3a27ac: aOrMT: uB = true t = android.view.SurfaceControl$Transaction@9201348 fN = 0 android.view.SurfaceView.access$500:124 android.view.SurfaceView$SurfaceViewPositionUpdateListener.positionLost:1785 android.graphics.RenderNode$CompositePositionUpdateListener.positionLost:326
08-04 06:28:15.859 16175 16384 I SurfaceView@3a27ac: aOrMT: vR.mWNT, vR = ViewRootImpl@6011630[CustomTabActivity]
08-04 06:28:15.859 16175 16384 I ViewRootImpl@6011630[CustomTabActivity]: mWNT: t = android.view.SurfaceControl$Transaction@9201348 fN = 0 android.view.SurfaceView.applyOrMergeTransaction:1628 android.view.SurfaceView.access$500:124 android.view.SurfaceView$SurfaceViewPositionUpdateListener.positionLost:1785
08-04 06:28:15.859 16175 16384 I ViewRootImpl@6011630[CustomTabActivity]: mWNT: merge t to BBQ
08-04 06:28:15.861 18365 18365 I DecorView: getCurrentDensityDpi: from real metrics. densityDpi=450 msg=resources_loaded
08-04 06:28:15.862 16175 16384 D OpenGLRenderer: setSurface called with nullptr
08-04 06:28:15.862 16175 16384 D OpenGLRenderer: setSurface() destroyed EGLSurface
08-04 06:28:15.862 16175 16384 D OpenGLRenderer: destroyEglSurface
08-04 06:28:15.862 18365 18365 D LifecycleMonitor: Lifecycle status change: androidx.test.core.app.InstrumentationActivityInvoker$EmptyActivity@8cd1473 in: CREATED
08-04 06:28:15.864 18365 18365 V ActivityScenario: Activity lifecycle changed event received but ignored because the intent does not match. startActivityIntent=Intent { act=android.intent.action.MAIN cat=[android.intent.category.LAUNCHER] cmp=com.example.dogglers/.MainActivity }, activity.getIntent()=Intent { act=android.intent.action.MAIN cat=[android.intent.category.LAUNCHER] flg=0x10000000 cmp=com.example.dogglers/androidx.test.core.app.InstrumentationActivityInvoker$EmptyActivity }, activity=androidx.test.core.app.InstrumentationActivityInvoker$EmptyActivity@8cd1473
08-04 06:28:15.865 19836 22306 V WindowManager: Relayout Window{d1e5015 u0 com.android.chrome/org.chromium.chrome.browser.customtabs.CustomTabActivity}: viewVisibility=8 req=1080x2408 d0
08-04 06:28:15.867 18365 18365 D LifecycleMonitor: Lifecycle status change: androidx.test.core.app.InstrumentationActivityInvoker$EmptyActivity@8cd1473 in: STARTED
08-04 06:28:15.868   752   752 I Layer   : id=174024 removeFromCurrentState SurfaceView - com.android.chrome/org.chromium.chrome.browser.customtabs.CustomTabActivity@3a27ac@4(BLAST)#0 (122)
08-04 06:28:15.868 18365 18365 V ActivityScenario: Activity lifecycle changed event received but ignored because the intent does not match. startActivityIntent=Intent { act=android.intent.action.MAIN cat=[android.intent.category.LAUNCHER] cmp=com.example.dogglers/.MainActivity }, activity.getIntent()=Intent { act=android.intent.action.MAIN cat=[android.intent.category.LAUNCHER] flg=0x10000000 cmp=com.example.dogglers/androidx.test.core.app.InstrumentationActivityInvoker$EmptyActivity }, activity=androidx.test.core.app.InstrumentationActivityInvoker$EmptyActivity@8cd1473
08-04 06:28:15.868   752   752 I Layer   : id=174026 removeFromCurrentState com.android.chrome/ChromeNativeWindowSurface#0 (122)
08-04 06:28:15.868   752   752 I Layer   : id=174027 removeFromCurrentState com.android.chrome/ChromeChildSurface#0 (122)
08-04 06:28:15.868   752   752 I Layer   : id=174025 removeFromCurrentState Background for SurfaceView - com.android.chrome/org.chromium.chrome.browser.customtabs.CustomTabActivity@3a27ac@4#0 (122)
08-04 06:28:15.868   752   752 I Layer   : id=174023 removeFromCurrentState SurfaceView - com.android.chrome/org.chromium.chrome.browser.customtabs.CustomTabActivity@3a27ac@4#0 (122)
08-04 06:28:15.869   752   752 I SurfaceFlinger: id=174024 Removed SurfaceView - com.android.chrome/org.chromium.chrome.browser.customtabs.CustomTabActivity@3a27ac@4(BLAST)#0 (122)
08-04 06:28:15.869   752   752 I SurfaceFlinger: id=174025 Removed Background for SurfaceView - com.android.chrome/org.chromium.chrome.browser.customtabs.CustomTabActivity@3a27ac@4#0 (122)
08-04 06:28:15.869   752   752 I SurfaceFlinger: id=174023 Removed SurfaceView - com.android.chrome/org.chromium.chrome.browser.customtabs.CustomTabActivity@3a27ac@4#0 (122)
08-04 06:28:15.869   752   752 I Layer   : id=174023 Destroyed SurfaceView - com.android.chrome/org.chromium.chrome.browser.customtabs.CustomTabActivity@3a27ac@4#0
08-04 06:28:15.869   752   752 I Layer   : id=174025 Destroyed Background for SurfaceView - com.android.chrome/org.chromium.chrome.browser.customtabs.CustomTabActivity@3a27ac@4#0
08-04 06:28:15.869   752   752 I Layer   : id=174024 Destroyed SurfaceView - com.android.chrome/org.chromium.chrome.browser.customtabs.CustomTabActivity@3a27ac@4(BLAST)#0
08-04 06:28:15.869   752   752 I Layer   : id=174026 Destroyed com.android.chrome/ChromeNativeWindowSurface#0
08-04 06:28:15.869   752   752 I Layer   : id=174027 Destroyed com.android.chrome/ChromeChildSurface#0
08-04 06:28:15.872 18365 18365 D LifecycleMonitor: Lifecycle status change: androidx.test.core.app.InstrumentationActivityInvoker$EmptyActivity@8cd1473 in: RESUMED
08-04 06:28:15.874 18365 18365 V ActivityScenario: Activity lifecycle changed event received but ignored because the intent does not match. startActivityIntent=Intent { act=android.intent.action.MAIN cat=[android.intent.category.LAUNCHER] cmp=com.example.dogglers/.MainActivity }, activity.getIntent()=Intent { act=android.intent.action.MAIN cat=[android.intent.category.LAUNCHER] flg=0x10000000 cmp=com.example.dogglers/androidx.test.core.app.InstrumentationActivityInvoker$EmptyActivity }, activity=androidx.test.core.app.InstrumentationActivityInvoker$EmptyActivity@8cd1473
08-04 06:28:15.875 19836 22306 V WindowManager: Relayout hash=d1e5015, pid=16175: mAttrs={(0,0)(fillxfill) sim={adjust=resize} ty=BASE_APPLICATION fmt=TRANSLUCENT wanim=0x1030303 sysuil=true
08-04 06:28:15.875 19836 22306 V WindowManager:   fl=81810100
08-04 06:28:15.875 19836 22306 V WindowManager:   pfl=12020040
08-04 06:28:15.875 19836 22306 V WindowManager:   bhv=DEFAULT
08-04 06:28:15.875 19836 22306 V WindowManager:   fitSides= naviIconColor=0}
08-04 06:28:15.878   752  1103 I SurfaceFlinger: id=174022 Removed Bounds for - com.android.chrome/org.chromium.chrome.browser.customtabs.CustomTabActivity@4#0 (117)
08-04 06:28:15.879 16175 16175 I ViewRootImpl@6011630[CustomTabActivity]: Relayout returned: old=(0,0,1080,2408) new=(0,0,1080,2408) req=(1080,2408)8 dur=14 res=0x5 s={false 0} ch=true fn=5
08-04 06:28:15.879 16175 16175 I SurfaceView@3a27ac: windowStopped(true) false android.view.SurfaceView{3a27ac V.E...... ........ 0,0-1080,2300} of ViewRootImpl@6011630[CustomTabActivity]
08-04 06:28:15.879 16175 16175 D SurfaceView@3a27ac: updateSurface: surface is not valid
08-04 06:28:15.880 16175 16175 D SurfaceView@3a27ac: updateSurface: surface is not valid
08-04 06:28:15.883 16175 16431 I cr_BindingManager: onTrimMemory: level=20, size=0
08-04 06:28:15.883 20522 20560 I RecentModel: onTaskStackChangedBackground
08-04 06:28:15.884 16175 16175 I ViewRootImpl@6011630[CustomTabActivity]: stopped(true) old=false
08-04 06:28:15.884 19836 22306 D InputTransport: Input channel constructed: 'ad4e433', fd=878
08-04 06:28:15.885 19836 22306 D InputTransport: Input channel constructed: 'ad4e433', fd=879
08-04 06:28:15.885 19836 22306 D InputTransport: Input channel constructed: 'ad4e433', fd=880
08-04 06:28:15.885   752  1103 I SurfaceFlinger: id=174057 createSurf (0x0),-1 flag=80004, ad4e433 com.example.dogglers/androidx.test.core.app.InstrumentationActivityInvoker$EmptyActivity#0
08-04 06:28:15.886 19836 22306 D InputTransport: Input channel destroyed: 'ad4e433', fd=880
08-04 06:28:15.888 18365 18365 I ViewRootImpl@72f112e[InstrumentationActivityInvoker$EmptyActivity]: setView = com.android.internal.policy.DecorView@50ca7a9 TM=true
08-04 06:28:15.890 19836 19894 D AnalyticsContainerHandler: handleMessage : { when=0 what=1 target=com.android.server.knox.KnoxAnalyticsContainer$AnalyticsHandler }
08-04 06:28:15.891   752  1103 I SurfaceFlinger: id=174048 Removed Surface(name=e75ea59 NavigationBar0)/@0x799bb6a - animation-leash of insets_animation#0 (118)
08-04 06:28:15.891   752   769 I SurfaceFlinger: id=174047 Removed Surface(name=ac392f8 StatusBar)/@0x2bc773f - animation-leash of insets_animation#1 (118)
08-04 06:28:15.892 18365 18365 D LifecycleMonitor: Lifecycle status change: androidx.test.core.app.InstrumentationActivityInvoker$BootstrapActivity@4623037 in: STOPPED
08-04 06:28:15.893 18365 18365 V ActivityScenario: Activity lifecycle changed event received but ignored because the intent does not match. startActivityIntent=Intent { act=android.intent.action.MAIN cat=[android.intent.category.LAUNCHER] cmp=com.example.dogglers/.MainActivity }, activity.getIntent()=Intent { act=android.intent.action.MAIN cat=[android.intent.category.LAUNCHER] flg=0x10008000 cmp=com.example.dogglers/androidx.test.core.app.InstrumentationActivityInvoker$BootstrapActivity (has extras) }, activity=androidx.test.core.app.InstrumentationActivityInvoker$BootstrapActivity@4623037
08-04 06:28:15.895 18365 18365 D InsetsSourceConsumer: ensureControlAlpha: for ITYPE_NAVIGATION_BAR on com.example.dogglers/com.example.dogglers.MainActivity
08-04 06:28:15.896 18365 18365 D InsetsSourceConsumer: ensureControlAlpha: for ITYPE_STATUS_BAR on com.example.dogglers/com.example.dogglers.MainActivity
08-04 06:28:15.897 19578 19675 W android.vendin: Accessing hidden field Ljava/util/Collections$SynchronizedCollection;->mutex:Ljava/lang/Object; (max-target-o, reflection, denied)
08-04 06:28:15.902   752   752 I Layer   : id=174048 Destroyed Surface(name=e75ea59 NavigationBar0)/@0x799bb6a - animation-leash of insets_animation#0
08-04 06:28:15.902   752   752 I Layer   : id=174047 Destroyed Surface(name=ac392f8 StatusBar)/@0x2bc773f - animation-leash of insets_animation#1
08-04 06:28:15.905 19836 20321 D PackageManager: setEnabledSetting : userId = 0 packageName = com.android.vending cmp = com.google.android.finsky.systemcomponentupdateui.common.SystemComponentUpdateActivity newState = 0 callingPackage = 10186/com.android.vending
08-04 06:28:15.907 19836 20321 V WindowManager: Relayout Window{ad4e433 u0 com.example.dogglers/androidx.test.core.app.InstrumentationActivityInvoker$EmptyActivity}: viewVisibility=0 req=1080x2408 d0
08-04 06:28:15.909   752   769 I SurfaceFlinger: id=174058 createSurf (1x1),-3 flag=40004, com.example.dogglers/androidx.test.core.app.InstrumentationActivityInvoker$EmptyActivity$_18365#0
08-04 06:28:15.915 19578 19632 I Finsky  : [1427] rzt.<init>(3): Resetting scheduler db
08-04 06:28:15.916   752   769 I SurfaceFlinger: id=174059 createSurf (0x0),-1 flag=24000, Surface(name=ac392f8 StatusBar)/@0x2bc773f - animation-leash of insets_animation#0
08-04 06:28:15.918   752   769 I SurfaceFlinger: id=174060 createSurf (0x0),-1 flag=24000, Surface(name=e75ea59 NavigationBar0)/@0x799bb6a - animation-leash of insets_animation#1
08-04 06:28:15.918 16175 16175 D ConnectivityManager: StackLog: [android.net.ConnectivityManager.unregisterNetworkCallback(ConnectivityManager.java:4797)] [org.chromium.net.a.f(chromium-TrichromeChromeGoogle.aab-stable-506012930:437)] [rH2.p(chromium-TrichromeChromeGoogle.aab-stable-506012930:860)] [org.chromium.base.ApplicationStatus.a(chromium-TrichromeChromeGoogle.aab-stable-506012930:410)] [ch.onActivityStopped(chromium-TrichromeChromeGoogle.aab-stable-506012930:295)] [android.app.Application.dispatchActivityStopped(Application.java:495)] [android.app.Activity.dispatchActivityStopped(Activity.java:1503)] [android.app.Activity.onStop(Activity.java:2686)] [AV0.onStop(chromium-TrichromeChromeGoogle.aab-stable-506012930:369)] [androidx.appcompat.app.a.onStop(chromium-TrichromeChromeGoogle.aab-stable-506012930:252)] [Un.onStop(chromium-TrichromeChromeGoogle.aab-stable-506012930:529)] [org.chromium.chrome.browser.app.ChromeActivity.onStop(chromium-TrichromeChromeGoogle.aab-stable-506012930:1432)] [android.app.Instrumentation.callActivityOnStop(Instrumentation.java:1496)] [android.app.Activity.performStop(Activity.java:8536)] [android.app.ActivityThread.callActivityOnStop(ActivityThread.java:5705)] [android.app.ActivityThread.performStopActivityInner(ActivityThread.java:5649)] [android.app.ActivityThread.handleStopActivity(ActivityThread.java:5750)] [android.app.servertransaction.StopActivityItem.execute(StopActivityItem.java:43)] [android.app.servertransaction.ActivityTransactionItem.execute(ActivityTransactionItem.java:45)] [android.app.servertransaction.TransactionExecutor.executeLifecycleState(TransactionExecutor.java:176)] [android.app.servertransaction.TransactionExecutor.execute(TransactionExecutor.java:97)] [android.app.ActivityThread$H.handleMessage(ActivityThread.java:2438)]
08-04 06:28:15.920 19836 22306 D PackageManager: setEnabledSetting : userId = 0 packageName = com.android.vending cmp = com.google.android.finsky.systemupdateactivity.SystemUpdateActivity newState = 1 callingPackage = 10186/com.android.vending
08-04 06:28:15.921 19836 20321 V WindowManager: Relayout hash=ad4e433, pid=18365: mAttrs={(0,0)(fillxfill) sim={adjust=pan forwardNavigation} ty=BASE_APPLICATION wanim=0x1030001
08-04 06:28:15.921 19836 20321 V WindowManager:   fl=1810100
08-04 06:28:15.921 19836 20321 V WindowManager:   pfl=12020040
08-04 06:28:15.921 19836 20321 V WindowManager:   bhv=DEFAULT
08-04 06:28:15.921 19836 20321 V WindowManager:   fitSides= naviIconColor=0}
08-04 06:28:15.925 18365 18365 I ViewRootImpl@72f112e[InstrumentationActivityInvoker$EmptyActivity]: Relayout returned: old=(0,0,1080,2408) new=(0,0,1080,2408) req=(1080,2408)0 dur=16 res=0x7 s={true 3056929792} ch=true fn=-1
08-04 06:28:15.927 18365 18575 D OpenGLRenderer: eglCreateWindowSurface
08-04 06:28:15.927 19836 20321 D PackageManager: setEnabledSetting : userId = 0 packageName = com.android.vending cmp = com.google.android.finsky.systemupdateactivity.SettingsSecurityEntryPoint newState = 1 callingPackage = 10186/com.android.vending
08-04 06:28:15.932 18365 18365 I ViewRootImpl@72f112e[InstrumentationActivityInvoker$EmptyActivity]: [DP] dp(1) 1 android.view.ViewRootImpl.reportNextDraw:11410 android.view.ViewRootImpl.performTraversals:4185 android.view.ViewRootImpl.doTraversal:2911
08-04 06:28:15.932 18365 18365 D ViewRootImpl@72f112e[InstrumentationActivityInvoker$EmptyActivity]: Creating frameDrawingCallback nextDrawUseBlastSync=false reportNextDraw=true hasBlurUpdates=false
08-04 06:28:15.932 18365 18365 D ViewRootImpl@72f112e[InstrumentationActivityInvoker$EmptyActivity]: Creating frameCompleteCallback
08-04 06:28:15.933 16175 16175 D ConnectivityManager: StackLog: [android.net.ConnectivityManager.unregisterNetworkCallback(ConnectivityManager.java:4797)] [org.chromium.net.a.f(chromium-TrichromeChromeGoogle.aab-stable-506012930:437)] [rH2.p(chromium-TrichromeChromeGoogle.aab-stable-506012930:860)] [org.chromium.base.ApplicationStatus.a(chromium-TrichromeChromeGoogle.aab-stable-506012930:410)] [ch.onActivityStopped(chromium-TrichromeChromeGoogle.aab-stable-506012930:295)] [android.app.Application.dispatchActivityStopped(Application.java:495)] [android.app.Activity.dispatchActivityStopped(Activity.java:1503)] [android.app.Activity.onStop(Activity.java:2686)] [AV0.onStop(chromium-TrichromeChromeGoogle.aab-stable-506012930:369)] [androidx.appcompat.app.a.onStop(chromium-TrichromeChromeGoogle.aab-stable-506012930:252)] [Un.onStop(chromium-TrichromeChromeGoogle.aab-stable-506012930:529)] [org.chromium.chrome.browser.app.ChromeActivity.onStop(chromium-TrichromeChromeGoogle.aab-stable-506012930:1432)] [android.app.Instrumentation.callActivityOnStop(Instrumentation.java:1496)] [android.app.Activity.performStop(Activity.java:8536)] [android.app.ActivityThread.callActivityOnStop(ActivityThread.java:5705)] [android.app.ActivityThread.performStopActivityInner(ActivityThread.java:5649)] [android.app.ActivityThread.handleStopActivity(ActivityThread.java:5750)] [android.app.servertransaction.StopActivityItem.execute(StopActivityItem.java:43)] [android.app.servertransaction.ActivityTransactionItem.execute(ActivityTransactionItem.java:45)] [android.app.servertransaction.TransactionExecutor.executeLifecycleState(TransactionExecutor.java:176)] [android.app.servertransaction.TransactionExecutor.execute(TransactionExecutor.java:97)] [android.app.ActivityThread$H.handleMessage(ActivityThread.java:2438)]
08-04 06:28:15.935   752   752 I Layer   : id=174055 removeFromCurrentState Surface(name=ac392f8 StatusBar)/@0x2bc773f - animation-leash of insets_animation#1 (119)
08-04 06:28:15.935 19836 20005 D ConnectivityService:  Removing from current network [105 WIFI], leaving 132 requests.
08-04 06:28:15.935   752   752 I Layer   : id=173498 removeFromCurrentState ac392f8 StatusBar#0 (119)
08-04 06:28:15.935   752   752 I Layer   : id=173510 removeFromCurrentState StatusBar$_20135#0 (119)
08-04 06:28:15.935   752   752 I Layer   : id=173498 addToCurrentState ac392f8 StatusBar#0 (119)
08-04 06:28:15.935   752   752 I Layer   : id=173510 addToCurrentState StatusBar$_20135#0 (119)
08-04 06:28:15.935   752   752 I Layer   : id=174056 removeFromCurrentState Surface(name=e75ea59 NavigationBar0)/@0x799bb6a - animation-leash of insets_animation#0 (119)
08-04 06:28:15.936 16175 16175 I cr_tabmodel: Appending tabs being restored to metadata lists, 0, startingNormalCount: 1, startingIncognitoCount: 0
08-04 06:28:15.936 16175 16175 I cr_tabmodel: Serializing tab lists; counts: 1, 0
08-04 06:28:15.937 19836 22306 D InputDispatcher: Focus request (0): ad4e433 com.example.dogglers/androidx.test.core.app.InstrumentationActivityInvoker$EmptyActivity but waiting because NOT_VISIBLE
08-04 06:28:15.938 18365 18720 D ViewRootImpl@72f112e[InstrumentationActivityInvoker$EmptyActivity]: Received frameDrawingCallback frameNum=1. Creating transactionCompleteCallback=false
08-04 06:28:15.943 18365 18575 D ViewRootImpl@72f112e[InstrumentationActivityInvoker$EmptyActivity]: Received frameCompleteCallback  lastAcquiredFrameNum=1 lastAttemptedDrawFrameNum=1
08-04 06:28:15.945 18365 18365 I ViewRootImpl@72f112e[InstrumentationActivityInvoker$EmptyActivity]: [DP] pdf(0) 1 android.view.ViewRootImpl.lambda$addFrameCompleteCallbackIfNeeded$3$ViewRootImpl:4987 android.view.ViewRootImpl$$ExternalSyntheticLambda16.run:6 android.os.Handler.handleCallback:938
08-04 06:28:15.945 18365 18365 I ViewRootImpl@72f112e[InstrumentationActivityInvoker$EmptyActivity]: [DP] rdf()
08-04 06:28:15.945 18365 18365 D ViewRootImpl@72f112e[InstrumentationActivityInvoker$EmptyActivity]: reportDrawFinished (fn: -1)
08-04 06:28:15.945 18365 18365 I ViewRootImpl@fdbab3d[MainActivity]: MSG_WINDOW_FOCUS_CHANGED 0 1
08-04 06:28:15.952 19836 19851 I ActivityTaskManager: Displayed com.example.dogglers/androidx.test.core.app.InstrumentationActivityInvoker$EmptyActivity: +217ms
08-04 06:28:15.953  1994  1994 E pageboostd: Received HALT command code 2
08-04 06:28:15.954 19652 19680 I HYPER-HAL: [RequestManager.cpp]releaseLocked(): Released ID : 197060894
08-04 06:28:15.959 16175 16175 D SurfaceView@3a27ac: updateSurface: surface is not valid
08-04 06:28:15.961   752   769 I SurfaceFlinger: id=174056 Removed Surface(name=e75ea59 NavigationBar0)/@0x799bb6a - animation-leash of insets_animation#0 (119)
08-04 06:28:15.962   752   769 I SurfaceFlinger: id=174055 Removed Surface(name=ac392f8 StatusBar)/@0x2bc773f - animation-leash of insets_animation#1 (119)
08-04 06:28:15.962 18365 18365 D InsetsSourceConsumer: ensureControlAlpha: for ITYPE_NAVIGATION_BAR on com.example.dogglers/androidx.test.core.app.InstrumentationActivityInvoker$EmptyActivity
08-04 06:28:15.965 18365 18365 D InsetsSourceConsumer: ensureControlAlpha: for ITYPE_STATUS_BAR on com.example.dogglers/androidx.test.core.app.InstrumentationActivityInvoker$EmptyActivity
08-04 06:28:15.968   752   752 I Layer   : id=174019 removeFromCurrentState com.android.chrome/org.chromium.chrome.browser.customtabs.CustomTabActivity$_16175#0 (119)
08-04 06:28:15.968   752   752 I Layer   : id=174022 removeFromCurrentState Bounds for - com.android.chrome/org.chromium.chrome.browser.customtabs.CustomTabActivity@4#0 (119)
08-04 06:28:15.968   752   752 I Layer   : id=174055 Destroyed Surface(name=ac392f8 StatusBar)/@0x2bc773f - animation-leash of insets_animation#1
08-04 06:28:15.968   752   752 I Layer   : id=174056 Destroyed Surface(name=e75ea59 NavigationBar0)/@0x799bb6a - animation-leash of insets_animation#0
08-04 06:28:15.970 18365 18365 I ViewRootImpl@fdbab3d[MainActivity]: handleAppVisibility mAppVisible=true visible=false
08-04 06:28:15.970 19836 19849 D InputDispatcher: Focus entered window (0): ad4e433 com.example.dogglers/androidx.test.core.app.InstrumentationActivityInvoker$EmptyActivity
08-04 06:28:15.972 18365 18365 I ViewRootImpl@fdbab3d[MainActivity]: stopped(true) old=false
08-04 06:28:15.975 18365 18365 D LifecycleMonitor: Lifecycle status change: com.example.dogglers.MainActivity@29d290e in: STOPPED
08-04 06:28:15.977 18365 18365 V ActivityScenario: Update currentActivityStage to STOPPED, currentActivity=com.example.dogglers.MainActivity@29d290e
08-04 06:28:15.978   752   752 D SurfaceFlinger: Display 4633128508267670401 HWC layers:
08-04 06:28:15.978   752   752 D SurfaceFlinger:      DEVICE | 0xe9789e80 | 0102 | RGBA_8888    |    0.0    0.0 1080.0 2408.0 |    0    0 1080 2408 | com.example.dogglers/androidx.test.c[...]tivityInvoker$EmptyActivity$_18365#0
08-04 06:28:15.978   752   752 D SurfaceFlinger:      DEVICE | 0xe9a83b00 | 0100 | RGBA_8888    |    0.0    0.0 1080.0   66.0 |    0    0 1080   66 | StatusBar$_20135#0
08-04 06:28:15.978   752   752 D SurfaceFlinger:      CLIENT | 0xe8f21080 | 0100 | RGBA_8888    |    0.0    0.0  388.0   42.0 |  692 2366 1080 2408 | SGestureOverlayWindow$_20522#0
08-04 06:28:15.978   752   752 D SurfaceFlinger:      CLIENT | 0xe8f22100 | 0100 | RGBA_8888    |    0.0    0.0 1080.0  135.0 |    0 2273 1080 2408 | NavigationBar0$_20135#0
08-04 06:28:15.978   752   752 D SurfaceFlinger:      DEVICE | 0xe943ff80 | 0108 | RGBA_8888    |    0.0    0.0 1080.0 2408.0 |    0    0 1080 2408 | BlueLightFilter$_20135#0
08-04 06:28:15.978   752   752 D SurfaceFlinger:
08-04 06:28:15.979   752  1238 I SurfaceFlinger: id=174019 Removed com.android.chrome/org.chromium.chrome.browser.customtabs.CustomTabActivity$_16175#0 (117)
08-04 06:28:15.980 19578 19686 I Finsky  : [1436] fwv.run(39): SysUA: Set SystemUpdateActivity enabled state to 1
08-04 06:28:15.982 19578 19636 I Finsky  : [1431] plb.run(30): SysCUA: Set {com.android.vending/com.google.android.finsky.systemcomponentupdateui.common.SystemComponentUpdateActivity} enabled state to 0
08-04 06:28:15.985 18365 18365 D LifecycleMonitor: Lifecycle status change: com.example.dogglers.MainActivity@29d290e in: DESTROYED
08-04 06:28:15.985   752   752 I Layer   : id=174019 Destroyed com.android.chrome/org.chromium.chrome.browser.customtabs.CustomTabActivity$_16175#0
08-04 06:28:15.985   752   752 I Layer   : id=174022 Destroyed Bounds for - com.android.chrome/org.chromium.chrome.browser.customtabs.CustomTabActivity@4#0
08-04 06:28:15.986 18365 18365 V ActivityScenario: Update currentActivityStage to DESTROYED, currentActivity=null
08-04 06:28:15.992 19836 22349 I SemDvfsHyPerManager: acquire hyper - AMS_ACT_START/19836@12, type = -999
08-04 06:28:15.993 19652 19680 I HYPER-HAL: [RequestManager.cpp]acquire(): Acquired ID : 196981488  [19836 / 12]    HINT : AMS_ACT_START    list :
08-04 06:28:15.993 18365 18575 D OpenGLRenderer: setSurface called with nullptr
08-04 06:28:15.993 18365 18575 D OpenGLRenderer: setSurface() destroyed EGLSurface
08-04 06:28:15.993 18365 18575 D OpenGLRenderer: destroyEglSurface
08-04 06:28:15.996 18365 18365 I ViewRootImpl@fdbab3d[MainActivity]: dispatchDetachedFromWindow
08-04 06:28:16.001   752  1238 I SurfaceFlinger: id=174061 createSurf (0x0),-1 flag=80004, ActivityRecord{6c755dd u0 com.example.dogglers/androidx.test.core.app.InstrumentationActivityInvoker$EmptyActivity t87}#0
08-04 06:28:16.008 19836 20059 D SemNscXgbMsL1: Probability - Cloud gaming: [0.020209754]
08-04 06:28:16.009 19836 20059 D SemNscXgbMsL1: Probability - Real time: [0.09038797]
08-04 06:28:16.009 19836 20059 D SemNscXgbMsL1: Probability - Non real time: [0.80477923]
08-04 06:28:16.009 19836 20059 D SemNscXgbMsL1: 1 sample inference time: 0.538846 msecs
08-04 06:28:16.010 19836 20059 D SemNscXgbL2Rt: L2 RT 1 sample inference time: 0.916424 msecs
08-04 06:28:16.011 19836 20059 D SemNscXgbL2Nrt: L2 NRT 1 sample inference time: 0.707769 msecs
08-04 06:28:16.020 19578 19675 W android.vendin: Accessing hidden method Ljava/util/Collections$SynchronizedSet;-><init>(Ljava/util/Set;Ljava/lang/Object;)V (max-target-o, reflection, denied)
08-04 06:28:16.021 19578 19675 W android.vendin: Accessing hidden method Ljava/util/Collections$SynchronizedCollection;-><init>(Ljava/util/Collection;Ljava/lang/Object;)V (max-target-o, reflection, denied)
08-04 06:28:16.025 19836 20321 D InputTransport: Input channel destroyed: 'ffa02c4', fd=875
08-04 06:28:16.025 19836 20321 W InputManager-JNI: Input channel object 'ffa02c4 com.example.dogglers/com.example.dogglers.MainActivity (client)' was disposed without first being removed with the input manager!
08-04 06:28:16.025 19836 20321 D InputTransport: Input channel destroyed: 'ffa02c4', fd=876
08-04 06:28:16.026   752  1238 I SurfaceFlinger: id=174062 createSurf (0x0),-1 flag=24004, Surface(name=a73f97f InputMethod)/@0x1e1d195 - animation-leash of insets_animation#1
08-04 06:28:16.029 19578 19637 D ConnectivityManager: StackLog: [android.net.ConnectivityManager.sendRequestForNetwork(ConnectivityManager.java:4124)] [android.net.ConnectivityManager.registerDefaultNetworkCallbackForUid(ConnectivityManager.java:4688)] [android.net.ConnectivityManager.registerDefaultNetworkCallback(ConnectivityManager.java:4655)] [aokc.b(PG:3)] [aojw.<init>(PG:10)] [org.chromium.net.NetworkChangeNotifier.g(PG:4)] [org.chromium.net.impl.CronetLibraryLoader.b(PG:2)] [amsu.run(PG:9)]
08-04 06:28:16.032 18365 18365 D InputTransport: Input channel destroyed: 'ffa02c4', fd=99
08-04 06:28:16.032 19836 19854 D PersonaActivityHelper: Activity not in resumed state, do not run immediate lock
08-04 06:28:16.033 19836 19849 D PackageManager: setEnabledSetting : userId = 0 packageName = com.android.vending cmp = com.google.android.finsky.hibernation.impl.UnhibernateActivity newState = 0 callingPackage = 10186/com.android.vending
08-04 06:28:16.034 18365 18365 I ViewRootImpl@72f112e[InstrumentationActivityInvoker$EmptyActivity]: MSG_WINDOW_FOCUS_CHANGED 1 1
08-04 06:28:16.034 19578 19686 I Finsky  : [1436] pa.run(7): Set UnhibernateActivity enabled state to 0
08-04 06:28:16.035   752   752 I Layer   : id=174046 removeFromCurrentState com.example.dogglers/com.example.dogglers.MainActivity$_18365#0 (117)
08-04 06:28:16.035   752   752 I Layer   : id=174045 removeFromCurrentState ffa02c4 com.example.dogglers/com.example.dogglers.MainActivity#0 (117)
08-04 06:28:16.035   752   752 I Layer   : id=174050 removeFromCurrentState Surface(name=a73f97f InputMethod)/@0x1e1d195 - animation-leash of insets_animation#0 (117)
08-04 06:28:16.035   752   752 I SurfaceFlinger: id=174045 Removed ffa02c4 com.example.dogglers/com.example.dogglers.MainActivity#0 (117)
08-04 06:28:16.035 18365 18365 D InputMethodManager: startInputInner - Id : 0
08-04 06:28:16.035   752   752 I SurfaceFlinger: id=174050 Removed Surface(name=a73f97f InputMethod)/@0x1e1d195 - animation-leash of insets_animation#0 (117)
08-04 06:28:16.035   752   752 I SurfaceFlinger: id=174046 Removed com.example.dogglers/com.example.dogglers.MainActivity$_18365#0 (117)
08-04 06:28:16.035 18365 18365 I InputMethodManager: startInputInner - mService.startInputOrWindowGainedFocus
08-04 06:28:16.035   752   752 I Layer   : id=174045 Destroyed ffa02c4 com.example.dogglers/com.example.dogglers.MainActivity#0
08-04 06:28:16.036   752   752 I Layer   : id=174046 Destroyed com.example.dogglers/com.example.dogglers.MainActivity$_18365#0
08-04 06:28:16.036   752   752 I Layer   : id=174050 Destroyed Surface(name=a73f97f InputMethod)/@0x1e1d195 - animation-leash of insets_animation#0
08-04 06:28:16.039 19836 20321 D InputMethodManagerService: mDesktopModeManager null!
08-04 06:28:16.039 19836 20321 V InputMethodManagerService: getDisplayIdOfInputMethodWindowToBeAdded : 0
08-04 06:28:16.040 19836 21294 D ConnectivityService: requestNetwork for uid/pid:10186/19578 activeRequest: null callbackRequest: 1056 [NetworkRequest [ REQUEST id=1057, [ Capabilities: INTERNET&NOT_RESTRICTED&TRUSTED&NOT_VCN_MANAGED Uid: 10186 RequestorUid: 10186 RequestorPkg: com.android.vending UnderlyingNetworks: Null] ]] callback flags: 0 order: 2147483647
08-04 06:28:16.040 19836 20321 D InputMethodManagerService: checkDisplayOfStartInputAndUpdateKeyboard display Id 0last 0
08-04 06:28:16.040 19836 20321 D InputTransport: Input channel constructed: 'ClientS', fd=875
08-04 06:28:16.040 19836 20321 D InputTransport: Input channel destroyed: 'ClientS', fd=875
08-04 06:28:16.046 28133 28133 I HBD     : HoneyBoardService onFinishInput
08-04 06:28:16.046 28133 28133 I HBD     : a IC have been unbinding,  InputConnectionWrapper{idHash=#9988d13 mMissingMethods=}
08-04 06:28:16.046 28133 28133 I HBD     : HoneyBoardService [PF_CL][onFinishInput]  500923 ns
08-04 06:28:16.046 28133 28133 I HBD     : HoneyBoardService [IMI] onStartInput - caller pid : 18365 , caller uid : 10292
08-04 06:28:16.046 28133 28133 I HBD     : j updateConfigs
08-04 06:28:16.047 28133 28133 I HBD     : j isEnabledNightMode : true
08-04 06:28:16.047 28133 28133 I HBD     : a IC have been binding, InputConnectionWrapper{idHash=#9988d13 mMissingMethods=}
08-04 06:28:16.047 28133 28133 I HBD     : h [EditorInputType]setPrivateImeOptionsToTable privateImeOptions ( null )
08-04 06:28:16.047 28133 28133 I HBD     : b incognitoMode : false
08-04 06:28:16.047 28133 28133 I HBD     : a needOff = true , isForceOff = false, isNullInputClass : true
08-04 06:28:16.048 28133 28133 I HBD     : h getDefaultInputRange : UNKNOWN
08-04 06:28:16.048 28133 28133 I HBD     : h getDefaultInputRange : UNKNOWN
08-04 06:28:16.048 28133 28133 I HBD     : h getDefaultInputRange : UNKNOWN
08-04 06:28:16.050 19836 20005 D ConnectivityService: NetworkReassignment :
08-04 06:28:16.050 19836 20005 D ConnectivityService:   1057 : null  105
08-04 06:28:16.050 19836 20005 D ConnectivityService:    accepting network in place of null
08-04 06:28:16.050   752  1103 I SurfaceFlinger: id=174063 createSurf (0x0),-1 flag=24004, Surface(name=a73f97f InputMethod)/@0x1e1d195 - animation-leash of insets_animation#0
08-04 06:28:16.051   752   752 I Layer   : id=174037 removeFromCurrentState ActivityRecord{bbb9788 u0 com.example.dogglers/.MainActivity t87}#0 (115)
08-04 06:28:16.051   752   752 I SurfaceFlinger: id=174037 Removed ActivityRecord{bbb9788 u0 com.example.dogglers/.MainActivity t87}#0 (115)
08-04 06:28:16.051   752   752 I Layer   : id=174037 Destroyed ActivityRecord{bbb9788 u0 com.example.dogglers/.MainActivity t87}#0
08-04 06:28:16.052 19836 19989 D WifiNetworkFactory: got request NetworkRequest [ REQUEST id=1057, [ Capabilities: INTERNET&NOT_RESTRICTED&TRUSTED&NOT_VCN_MANAGED Uid: 10186 RequestorUid: 10186 RequestorPkg: com.android.vending UnderlyingNetworks: Null] ]
08-04 06:28:16.052 19836 19989 D UntrustedWifiNetworkFactory: got request NetworkRequest [ REQUEST id=1057, [ Capabilities: INTERNET&NOT_RESTRICTED&TRUSTED&NOT_VCN_MANAGED Uid: 10186 RequestorUid: 10186 RequestorPkg: com.android.vending UnderlyingNetworks: Null] ]
08-04 06:28:16.053 18365 18365 D LifecycleMonitor: Lifecycle status change: androidx.test.core.app.InstrumentationActivityInvoker$EmptyActivity@8cd1473 in: PAUSED
08-04 06:28:16.054 18365 18365 V ActivityScenario: Activity lifecycle changed event received but ignored because the intent does not match. startActivityIntent=Intent { act=android.intent.action.MAIN cat=[android.intent.category.LAUNCHER] cmp=com.example.dogglers/.MainActivity }, activity.getIntent()=Intent { act=android.intent.action.MAIN cat=[android.intent.category.LAUNCHER] flg=0x10000000 cmp=com.example.dogglers/androidx.test.core.app.InstrumentationActivityInvoker$EmptyActivity }, activity=androidx.test.core.app.InstrumentationActivityInvoker$EmptyActivity@8cd1473
08-04 06:28:16.055 28133 28133 I HBD     : h getDefaultInputRange : UNKNOWN
08-04 06:28:16.055 28133 28133 I HBD     : a currentState : 0
08-04 06:28:16.058 19836 19989 D OemPaidWifiNetworkFactory: got request NetworkRequest [ REQUEST id=1057, [ Capabilities: INTERNET&NOT_RESTRICTED&TRUSTED&NOT_VCN_MANAGED Uid: 10186 RequestorUid: 10186 RequestorPkg: com.android.vending UnderlyingNetworks: Null] ]
08-04 06:28:16.061 28133 28133 I HBD     : h load selected json path : /data/user/0/com.samsung.android.honeyboard/files/selected.json
08-04 06:28:16.061 28133 28133 I HBD     : h load selected json info : {"version":"4.1","currentLanguageOrder":0,"selected":[{"activeOptionList":["auto_spacing"],"engName":"English(India)","id":65555,"inputType":"qwerty","isUsed":true}]}
08-04 06:28:16.065 28133 28133 I HBD     : a [UpdatePolicy] [post] a: 0 cl: 65555 kit: [0/0] vt: 0 ir: 1
08-04 06:28:16.067 19836 22306 D InputDispatcher: Focused application set to (0): 6c755dd
08-04 06:28:16.068   752   752 I Layer   : id=174062 removeFromCurrentState Surface(name=a73f97f InputMethod)/@0x1e1d195 - animation-leash of insets_animation#1 (114)
08-04 06:28:16.069 28133 28133 I HBD     : HoneyBoardService [PF_OP][onStartInput]  22322115 ns
08-04 06:28:16.088 19836 19854 I SemPersonaManager: SecureFolder personaId = 10
08-04 06:28:16.089 18365 18365 D LifecycleMonitor: Lifecycle status change: androidx.test.core.app.InstrumentationActivityInvoker$BootstrapActivity@4623037 in: DESTROYED
08-04 06:28:16.091 18365 18365 V ActivityScenario: Activity lifecycle changed event received but ignored because the intent does not match. startActivityIntent=Intent { act=android.intent.action.MAIN cat=[android.intent.category.LAUNCHER] cmp=com.example.dogglers/.MainActivity }, activity.getIntent()=Intent { act=android.intent.action.MAIN cat=[android.intent.category.LAUNCHER] flg=0x10008000 cmp=com.example.dogglers/androidx.test.core.app.InstrumentationActivityInvoker$BootstrapActivity (has extras) }, activity=androidx.test.core.app.InstrumentationActivityInvoker$BootstrapActivity@4623037
08-04 06:28:16.094 19836 21294 D InputMethodManagerServicePhysicalKey: isConnectedDexOnPC false
08-04 06:28:16.097 19578 19637 D ConnectivityManager: StackLog: [android.net.ConnectivityManager.sendRequestForNetwork(ConnectivityManager.java:4124)] [android.net.ConnectivityManager.sendRequestForNetwork(ConnectivityManager.java:4166)] [android.net.ConnectivityManager.registerNetworkCallback(ConnectivityManager.java:4548)] [aokc.b(PG:8)] [aojw.<init>(PG:10)] [org.chromium.net.NetworkChangeNotifier.g(PG:4)] [org.chromium.net.impl.CronetLibraryLoader.b(PG:2)] [amsu.run(PG:9)]
08-04 06:28:16.098 19578 19621 W Settings: Setting download_manager_max_bytes_over_mobile has moved from android.provider.Settings.Secure to android.provider.Settings.Global.
08-04 06:28:16.099 19836 19854 D EnterpriseDeviceManagerService: isMdmAdminPresentInternal() : MDM Admin Found - com.samsung.android.knox.containercore
08-04 06:28:16.099 19578 19619 I Finsky  : [1414] nlu.m(6): Enqueuing libraries load for 1049109659
08-04 06:28:16.100 19836 21401 I MediaSessionMonitor: Media session stopped : controllerList empty
08-04 06:28:16.100 19836 21294 D InputMethodManagerService: isImeSwitcherDisabledPackage : false
08-04 06:28:16.101   752   752 I Layer   : id=174034 removeFromCurrentState ActivityRecord{15a16c u0 com.example.dogglers/androidx.test.core.app.InstrumentationActivityInvoker$BootstrapActivity t87}#0 (114)
08-04 06:28:16.101   752   752 I SurfaceFlinger: id=174034 Removed ActivityRecord{15a16c u0 com.example.dogglers/androidx.test.core.app.InstrumentationActivityInvoker$BootstrapActivity t87}#0 (114)
08-04 06:28:16.101   752   752 I Layer   : id=174034 Destroyed ActivityRecord{15a16c u0 com.example.dogglers/androidx.test.core.app.InstrumentationActivityInvoker$BootstrapActivity t87}#0
08-04 06:28:16.103 19836 22349 D InputDispatcher: Focus left window (0): ad4e433 com.example.dogglers/androidx.test.core.app.InstrumentationActivityInvoker$EmptyActivity
08-04 06:28:16.105 19836 20005 D ConnectivityService: NetworkReassignment : no changes
08-04 06:28:16.106 19578 19622 I Finsky  : [1417] ytm.<init>(3): VerifyApps: Setup app restrictions monitor
08-04 06:28:16.109 19578 19686 I Finsky  : [1436] nlu.o(1): Starting libraries load for 1049109659
08-04 06:28:16.116 18365 18365 D LifecycleMonitor: Lifecycle status change: androidx.test.core.app.InstrumentationActivityInvoker$EmptyActivity@dc1806 in: PRE_ON_CREATE
08-04 06:28:16.120 18365 18365 V ActivityScenario: Activity lifecycle changed event received but ignored because the intent does not match. startActivityIntent=Intent { act=android.intent.action.MAIN cat=[android.intent.category.LAUNCHER] cmp=com.example.dogglers/.MainActivity }, activity.getIntent()=Intent { act=android.intent.action.MAIN cat=[android.intent.category.LAUNCHER] flg=0x10000000 cmp=com.example.dogglers/androidx.test.core.app.InstrumentationActivityInvoker$EmptyActivity }, activity=androidx.test.core.app.InstrumentationActivityInvoker$EmptyActivity@dc1806
08-04 06:28:16.132 18365 18365 I DecorView: [INFO] isPopOver=false, config=true
08-04 06:28:16.132 18365 18365 I DecorView: updateCaptionType >> DecorView@4618cf4[], isFloating=false, isApplication=true, hasWindowControllerCallback=true, hasWindowDecorCaption=false
08-04 06:28:16.132 18365 18365 D DecorView: setCaptionType = 0, this = DecorView@4618cf4[]
08-04 06:28:16.142 18365 18365 I DecorView: getCurrentDensityDpi: from real metrics. densityDpi=450 msg=resources_loaded
08-04 06:28:16.144 18365 18365 D LifecycleMonitor: Lifecycle status change: androidx.test.core.app.InstrumentationActivityInvoker$EmptyActivity@dc1806 in: CREATED
08-04 06:28:16.145 18365 18365 V ActivityScenario: Activity lifecycle changed event received but ignored because the intent does not match. startActivityIntent=Intent { act=android.intent.action.MAIN cat=[android.intent.category.LAUNCHER] cmp=com.example.dogglers/.MainActivity }, activity.getIntent()=Intent { act=android.intent.action.MAIN cat=[android.intent.category.LAUNCHER] flg=0x10000000 cmp=com.example.dogglers/androidx.test.core.app.InstrumentationActivityInvoker$EmptyActivity }, activity=androidx.test.core.app.InstrumentationActivityInvoker$EmptyActivity@dc1806
08-04 06:28:16.148 18365 18365 D LifecycleMonitor: Lifecycle status change: androidx.test.core.app.InstrumentationActivityInvoker$EmptyActivity@dc1806 in: STARTED
08-04 06:28:16.149 18365 18365 V ActivityScenario: Activity lifecycle changed event received but ignored because the intent does not match. startActivityIntent=Intent { act=android.intent.action.MAIN cat=[android.intent.category.LAUNCHER] cmp=com.example.dogglers/.MainActivity }, activity.getIntent()=Intent { act=android.intent.action.MAIN cat=[android.intent.category.LAUNCHER] flg=0x10000000 cmp=com.example.dogglers/androidx.test.core.app.InstrumentationActivityInvoker$EmptyActivity }, activity=androidx.test.core.app.InstrumentationActivityInvoker$EmptyActivity@dc1806
08-04 06:28:16.156 18365 18365 D LifecycleMonitor: Lifecycle status change: androidx.test.core.app.InstrumentationActivityInvoker$EmptyActivity@dc1806 in: RESUMED
08-04 06:28:16.158 18365 18365 V ActivityScenario: Activity lifecycle changed event received but ignored because the intent does not match. startActivityIntent=Intent { act=android.intent.action.MAIN cat=[android.intent.category.LAUNCHER] cmp=com.example.dogglers/.MainActivity }, activity.getIntent()=Intent { act=android.intent.action.MAIN cat=[android.intent.category.LAUNCHER] flg=0x10000000 cmp=com.example.dogglers/androidx.test.core.app.InstrumentationActivityInvoker$EmptyActivity }, activity=androidx.test.core.app.InstrumentationActivityInvoker$EmptyActivity@dc1806
08-04 06:28:16.169 19836 22306 D InputTransport: Input channel constructed: '5bce45a', fd=880
