08-04 06:28:14.201 19836 20321 V WindowManager: Relayout Window{c9b329a u0 com.example.dogglers/androidx.test.core.app.InstrumentationActivityInvoker$EmptyActivity}: viewVisibility=8 req=1080x2408 d0
08-04 06:28:14.205 19836 22306 D InputDispatcher: Focus left window (0): a7df9a1 com.example.dogglers/androidx.test.core.app.InstrumentationActivityInvoker$EmptyActivity
08-04 06:28:14.209 19836 20321 V WindowManager: Relayout hash=c9b329a, pid=18365: mAttrs={(0,0)(fillxfill) sim={adjust=pan forwardNavigation} ty=BASE_APPLICATION wanim=0x1030001
08-04 06:28:14.209 19836 20321 V WindowManager:   fl=1810100
08-04 06:28:14.209 19836 20321 V WindowManager:   pfl=12020040
08-04 06:28:14.209 19836 20321 V WindowManager:   bhv=DEFAULT
08-04 06:28:14.209 19836 20321 V WindowManager:   fitSides= naviIconColor=0}
08-04 06:28:14.211 18365 18365 I ViewRootImpl@7a2cb62[InstrumentationActivityInvoker$EmptyActivity]: Relayout returned: old=(0,0,1080,2408) new=(0,0,1080,2408) req=(1080,2408)8 dur=10 res=0x5 s={false 0} ch=false fn=-1
08-04 06:28:14.214 18365 18365 D LifecycleMonitor: Lifecycle status change: androidx.test.core.app.InstrumentationActivityInvoker$EmptyActivity@4a8ba57 in: DESTROYED
08-04 06:28:14.215 18365 18365 V ActivityScenario: Activity lifecycle changed event received but ignored because the intent does not match. startActivityIntent=Intent { act=android.intent.action.MAIN cat=[android.intent.category.LAUNCHER] cmp=com.example.dogglers/.MainActivity }, activity.getIntent()=Intent { act=android.intent.action.MAIN cat=[android.intent.category.LAUNCHER] flg=0x10000000 cmp=com.example.dogglers/androidx.test.core.app.InstrumentationActivityInvoker$EmptyActivity }, activity=androidx.test.core.app.InstrumentationActivityInvoker$EmptyActivity@4a8ba57
08-04 06:28:14.218 18365 18575 D OpenGLRenderer: setSurface called with nullptr
08-04 06:28:14.218 18365 18365 I ViewRootImpl@7a2cb62[InstrumentationActivityInvoker$EmptyActivity]: dispatchDetachedFromWindow
08-04 06:28:14.219 19836 22306 D InputTransport: Input channel destroyed: 'c9b329a', fd=634
08-04 06:28:14.219 19836 22306 W InputManager-JNI: Input channel object 'c9b329a com.example.dogglers/androidx.test.core.app.InstrumentationActivityInvoker$EmptyActivity (client)' was disposed without first being removed with the input manager!
08-04 06:28:14.219 19836 22306 D InputTransport: Input channel destroyed: 'c9b329a', fd=635
08-04 06:28:14.220   752  1238 I SurfaceFlinger: id=174015 createSurf (0x0),-1 flag=24004, Surface(name=a73f97f InputMethod)/@0x1e1d195 - animation-leash of insets_animation#0
08-04 06:28:14.225 18365 18365 D InputTransport: Input channel destroyed: 'c9b329a', fd=149
08-04 06:28:14.227 19538 19538 W ProviderHelper: Unknown dynamite feature providerinstaller.dynamite
08-04 06:28:14.227 19538 19538 I DynamiteModule: Considering local module com.google.android.gms.providerinstaller.dynamite:1 and remote module com.google.android.gms.providerinstaller.dynamite:0
08-04 06:28:14.227 19538 19538 I DynamiteModule: Selected local version of com.google.android.gms.providerinstaller.dynamite
08-04 06:28:14.231 18365 18365 D LifecycleMonitor: Lifecycle status change: androidx.test.core.app.InstrumentationActivityInvoker$EmptyActivity@a7e1286 in: PAUSED
08-04 06:28:14.233 18365 18365 V ActivityScenario: Activity lifecycle changed event received but ignored because the intent does not match. startActivityIntent=Intent { act=android.intent.action.MAIN cat=[android.intent.category.LAUNCHER] cmp=com.example.dogglers/.MainActivity }, activity.getIntent()=Intent { act=android.intent.action.MAIN cat=[android.intent.category.LAUNCHER] flg=0x10000000 cmp=com.example.dogglers/androidx.test.core.app.InstrumentationActivityInvoker$EmptyActivity }, activity=androidx.test.core.app.InstrumentationActivityInvoker$EmptyActivity@a7e1286
08-04 06:28:14.234 19836 20321 I SemDvfsHyPerManager: acquire hyper - AMS_ACT_RESUME/19836@16, type = -999
08-04 06:28:14.234 19652 19680 I HYPER-HAL: [RequestManager.cpp]acquire(): Acquired ID : 197060894  [19836 / 16]    HINT : AMS_ACT_RESUME    list :
08-04 06:28:14.236 19836 20321 D InputDispatcher: Focused application set to (0): ff68fc8
08-04 06:28:14.237   752   752 I Layer   : id=174006 removeFromCurrentState com.example.dogglers/androidx.test.core.app.InstrumentationActivityInvoker$EmptyActivity$_18365#0 (117)
08-04 06:28:14.237   752   752 I Layer   : id=174005 removeFromCurrentState c9b329a com.example.dogglers/androidx.test.core.app.InstrumentationActivityInvoker$EmptyActivity#0 (117)
08-04 06:28:14.238   752   752 I Layer   : id=174010 removeFromCurrentState Surface(name=a73f97f InputMethod)/@0x1e1d195 - animation-leash of insets_animation#1 (117)
08-04 06:28:14.238   752   752 I Layer   : id=174004 removeFromCurrentState ActivityRecord{f1c9a18 u0 com.example.dogglers/androidx.test.core.app.InstrumentationActivityInvoker$EmptyActivity t86}#0 (117)
08-04 06:28:14.238   752   752 I SurfaceFlinger: id=174004 Removed ActivityRecord{f1c9a18 u0 com.example.dogglers/androidx.test.core.app.InstrumentationActivityInvoker$EmptyActivity t86}#0 (117)
08-04 06:28:14.238   752   752 I SurfaceFlinger: id=174005 Removed c9b329a com.example.dogglers/androidx.test.core.app.InstrumentationActivityInvoker$EmptyActivity#0 (117)
08-04 06:28:14.238   752   752 I SurfaceFlinger: id=174010 Removed Surface(name=a73f97f InputMethod)/@0x1e1d195 - animation-leash of insets_animation#1 (117)
08-04 06:28:14.238   752   752 I SurfaceFlinger: id=174006 Removed com.example.dogglers/androidx.test.core.app.InstrumentationActivityInvoker$EmptyActivity$_18365#0 (117)
08-04 06:28:14.238   752   752 I Layer   : id=174004 Destroyed ActivityRecord{f1c9a18 u0 com.example.dogglers/androidx.test.core.app.InstrumentationActivityInvoker$EmptyActivity t86}#0
08-04 06:28:14.238   752   752 I Layer   : id=174005 Destroyed c9b329a com.example.dogglers/androidx.test.core.app.InstrumentationActivityInvoker$EmptyActivity#0
08-04 06:28:14.238   752   752 I Layer   : id=174006 Destroyed com.example.dogglers/androidx.test.core.app.InstrumentationActivityInvoker$EmptyActivity$_18365#0
08-04 06:28:14.239   752   752 I Layer   : id=174010 Destroyed Surface(name=a73f97f InputMethod)/@0x1e1d195 - animation-leash of insets_animation#1
08-04 06:28:14.241 19538 19538 V NativeCrypto: Registering com/google/android/gms/org/conscrypt/NativeCrypto's 295 native methods...
08-04 06:28:14.246 18365 18365 I ViewRootImpl@32fa89d[InstrumentationActivityInvoker$EmptyActivity]: MSG_WINDOW_FOCUS_CHANGED 0 1
08-04 06:28:14.247 18365 18365 I ViewRootImpl@32fa89d[InstrumentationActivityInvoker$EmptyActivity]: MSG_WINDOW_FOCUS_CHANGED 0 1
08-04 06:28:14.247 18365 18365 I ViewRootImpl@8494825[VerticalListActivity]: handleAppVisibility mAppVisible=false visible=true
08-04 06:28:14.247 19836 19854 I SemPersonaManager: SecureFolder personaId = 10
08-04 06:28:14.248 18365 18365 I ViewRootImpl@8494825[VerticalListActivity]: stopped(false) old=true
08-04 06:28:14.248 18365 18365 D LifecycleMonitor: Lifecycle status change: com.example.dogglers.VerticalListActivity@7ed8666 in: RESTARTED
08-04 06:28:14.249 18365 18365 V ActivityScenario: Activity lifecycle changed event received but ignored because the intent does not match. startActivityIntent=Intent { act=android.intent.action.MAIN cat=[android.intent.category.LAUNCHER] cmp=com.example.dogglers/.MainActivity }, activity.getIntent()=Intent { cmp=com.example.dogglers/.VerticalListActivity }, activity=com.example.dogglers.VerticalListActivity@7ed8666
08-04 06:28:14.251 18365 18365 D LifecycleMonitor: Lifecycle status change: com.example.dogglers.VerticalListActivity@7ed8666 in: STARTED
08-04 06:28:14.252 18365 18365 V ActivityScenario: Activity lifecycle changed event received but ignored because the intent does not match. startActivityIntent=Intent { act=android.intent.action.MAIN cat=[android.intent.category.LAUNCHER] cmp=com.example.dogglers/.MainActivity }, activity.getIntent()=Intent { cmp=com.example.dogglers/.VerticalListActivity }, activity=com.example.dogglers.VerticalListActivity@7ed8666
08-04 06:28:14.254 18365 18365 I ViewRootImpl@8494825[VerticalListActivity]: stopped(false) old=false
08-04 06:28:14.255 18365 18365 D LifecycleMonitor: Lifecycle status change: com.example.dogglers.VerticalListActivity@7ed8666 in: RESUMED
08-04 06:28:14.256 18365 18365 V ActivityScenario: Activity lifecycle changed event received but ignored because the intent does not match. startActivityIntent=Intent { act=android.intent.action.MAIN cat=[android.intent.category.LAUNCHER] cmp=com.example.dogglers/.MainActivity }, activity.getIntent()=Intent { cmp=com.example.dogglers/.VerticalListActivity }, activity=com.example.dogglers.VerticalListActivity@7ed8666
08-04 06:28:14.260 19836 19894 D AnalyticsContainerHandler: handleMessage : { when=0 what=1 target=com.android.server.knox.KnoxAnalyticsContainer$AnalyticsHandler }
08-04 06:28:14.261 18365 18575 D OpenGLRenderer: setSurface called with nullptr
08-04 06:28:14.261 19836 19854 D EnterpriseDeviceManagerService: isMdmAdminPresentInternal() : MDM Admin Found - com.samsung.android.knox.containercore
08-04 06:28:14.262 19836 21401 I MediaSessionMonitor: Media session stopped : controllerList empty
08-04 06:28:14.262 19836 20321 V WindowManager: Relayout Window{4752d6a u0 com.example.dogglers/com.example.dogglers.VerticalListActivity}: viewVisibility=0 req=1080x2408 d0
08-04 06:28:14.263   752  1103 I SurfaceFlinger: id=174016 createSurf (1080x2408),-3 flag=40004, com.example.dogglers/com.example.dogglers.VerticalListActivity$_18365#0
08-04 06:28:14.268   752  1103 I SurfaceFlinger: id=174017 createSurf (0x0),-1 flag=24000, Surface(name=ac392f8 StatusBar)/@0x2bc773f - animation-leash of insets_animation#0
08-04 06:28:14.269   752  1103 I SurfaceFlinger: id=174018 createSurf (0x0),-1 flag=24000, Surface(name=e75ea59 NavigationBar0)/@0x799bb6a - animation-leash of insets_animation#1
08-04 06:28:14.271 19836 20321 V WindowManager: Relayout hash=4752d6a, pid=18365: mAttrs={(0,0)(fillxfill) sim={adjust=resize} ty=BASE_APPLICATION wanim=0x1030303
08-04 06:28:14.271 19836 20321 V WindowManager:   fl=81810100
08-04 06:28:14.271 19836 20321 V WindowManager:   pfl=12020040
08-04 06:28:14.271 19836 20321 V WindowManager:   bhv=DEFAULT
08-04 06:28:14.271 19836 20321 V WindowManager:   fitSides= naviIconColor=0}
08-04 06:28:14.275 18365 18365 I ViewRootImpl@8494825[VerticalListActivity]: Relayout returned: old=(0,0,1080,2408) new=(0,0,1080,2408) req=(1080,2408)0 dur=12 res=0x7 s={true 3056965632} ch=true fn=-1
08-04 06:28:14.276 18365 18575 D OpenGLRenderer: eglCreateWindowSurface
08-04 06:28:14.276 18365 18365 I ViewRootImpl@8494825[VerticalListActivity]: [DP] dp(1) 1 android.view.ViewRootImpl.reportNextDraw:11410 android.view.ViewRootImpl.performTraversals:4185 android.view.ViewRootImpl.doTraversal:2911
08-04 06:28:14.276 18365 18365 D ViewRootImpl@8494825[VerticalListActivity]: Creating frameDrawingCallback nextDrawUseBlastSync=false reportNextDraw=true hasBlurUpdates=false
08-04 06:28:14.276 18365 18365 D ViewRootImpl@8494825[VerticalListActivity]: Creating frameCompleteCallback
08-04 06:28:14.280 19538 19538 I ProviderInstaller: Installed default security provider GmsCore_OpenSSL
08-04 06:28:14.287   752   752 I Layer   : id=174013 removeFromCurrentState Surface(name=ac392f8 StatusBar)/@0x2bc773f - animation-leash of insets_animation#1 (116)
08-04 06:28:14.288   752   752 I Layer   : id=174014 removeFromCurrentState Surface(name=e75ea59 NavigationBar0)/@0x799bb6a - animation-leash of insets_animation#0 (116)
08-04 06:28:14.290 19836 20321 D InputDispatcher: Focus request (0): 4752d6a com.example.dogglers/com.example.dogglers.VerticalListActivity but waiting because NOT_VISIBLE
08-04 06:28:14.300 18365 18720 D ViewRootImpl@8494825[VerticalListActivity]: Received frameDrawingCallback frameNum=1. Creating transactionCompleteCallback=false
08-04 06:28:14.303 18365 18575 D ViewRootImpl@8494825[VerticalListActivity]: Received frameCompleteCallback  lastAcquiredFrameNum=1 lastAttemptedDrawFrameNum=1
08-04 06:28:14.304 18365 18365 I ViewRootImpl@8494825[VerticalListActivity]: [DP] pdf(0) 1 android.view.ViewRootImpl.lambda$addFrameCompleteCallbackIfNeeded$3$ViewRootImpl:4987 android.view.ViewRootImpl$$ExternalSyntheticLambda16.run:6 android.os.Handler.handleCallback:938
08-04 06:28:14.304 18365 18365 I ViewRootImpl@8494825[VerticalListActivity]: [DP] rdf()
08-04 06:28:14.304 18365 18365 D ViewRootImpl@8494825[VerticalListActivity]: reportDrawFinished (fn: -1)
08-04 06:28:14.306   752  1238 I SurfaceFlinger: id=174014 Removed Surface(name=e75ea59 NavigationBar0)/@0x799bb6a - animation-leash of insets_animation#0 (116)
08-04 06:28:14.306   752  1103 I SurfaceFlinger: id=174013 Removed Surface(name=ac392f8 StatusBar)/@0x2bc773f - animation-leash of insets_animation#1 (116)
08-04 06:28:14.306 18365 18365 D InsetsSourceConsumer: ensureControlAlpha: for ITYPE_NAVIGATION_BAR on com.example.dogglers/com.example.dogglers.VerticalListActivity
08-04 06:28:14.308 18365 18365 D InsetsSourceConsumer: ensureControlAlpha: for ITYPE_STATUS_BAR on com.example.dogglers/com.example.dogglers.VerticalListActivity
08-04 06:28:14.311 18365 18539 I TestRunner: finished: clicking_vertical_list_button_displays_vertical_list(com.example.dogglers.ButtonTests)
