08-04 06:28:02.002 16175 16175 D ConnectivityManager: StackLog: [android.net.ConnectivityManager.unregisterNetworkCallback(ConnectivityManager.java:4797)] [org.chromium.net.a.f(chromium-TrichromeChromeGoogle.aab-stable-506012930:437)] [rH2.p(chromium-TrichromeChromeGoogle.aab-stable-506012930:860)] [org.chromium.base.ApplicationStatus.a(chromium-TrichromeChromeGoogle.aab-stable-506012930:410)] [ch.onActivityStopped(chromium-TrichromeChromeGoogle.aab-stable-506012930:295)] [android.app.Application.dispatchActivityStopped(Application.java:495)] [android.app.Activity.dispatchActivityStopped(Activity.java:1503)] [android.app.Activity.onStop(Activity.java:2686)] [AV0.onStop(chromium-TrichromeChromeGoogle.aab-stable-506012930:369)] [androidx.appcompat.app.a.onStop(chromium-TrichromeChromeGoogle.aab-stable-506012930:252)] [Un.onStop(chromium-TrichromeChromeGoogle.aab-stable-506012930:529)] [org.chromium.chrome.browser.app.ChromeActivity.onStop(chromium-TrichromeChromeGoogle.aab-stable-506012930:1432)] [android.app.Instrumentation.callActivityOnStop(Instrumentation.java:1496)] [android.app.Activity.performStop(Activity.java:8536)] [android.app.ActivityThread.callActivityOnStop(ActivityThread.java:5705)] [android.app.ActivityThread.performStopActivityInner(ActivityThread.java:5649)] [android.app.ActivityThread.handleStopActivity(ActivityThread.java:5750)] [android.app.servertransaction.StopActivityItem.execute(StopActivityItem.java:43)] [android.app.servertransaction.ActivityTransactionItem.execute(ActivityTransactionItem.java:45)] [android.app.servertransaction.TransactionExecutor.executeLifecycleState(TransactionExecutor.java:176)] [android.app.servertransaction.TransactionExecutor.execute(TransactionExecutor.java:97)] [android.app.ActivityThread$H.handleMessage(ActivityThread.java:2438)]
08-04 06:28:02.003 19836 20005 D ConnectivityService:  Removing from current network [105 WIFI], leaving 142 requests.
08-04 06:28:02.006 18557 18557 D NetworkSecurityConfig: No Network Security Config specified, using platform default
08-04 06:28:02.014 16175 16175 I cr_tabmodel: Appending tabs being restored to metadata lists, 0, startingNormalCount: 1, startingIncognitoCount: 0
08-04 06:28:02.015 16175 16175 I cr_tabmodel: Serializing tab lists; counts: 1, 0
08-04 06:28:02.040 18365 18365 D LifecycleMonitor: Lifecycle status change: com.example.dogglers.MainActivity@37a3378 in: PRE_ON_CREATE
08-04 06:28:02.043 18365 18365 V ActivityScenario: Activity lifecycle changed event received but ignored because the reported transition was not ON_CREATE while the last known transition was PRE_ON_CREATE
08-04 06:28:02.091 18557 18557 I Finsky  : [2] fph.j(6): Process created at version: 31.6.13-21 [0] [PR] 462679837
08-04 06:28:02.172 19640 19640 W Zygote  : forkRepeatedly terminated due to non-simple command
08-04 06:28:02.172 19640 19640 D Zygote  : mbuffer starts with 17, nice name is , mEnd = 938, mNext = 35, mLinesLeft = 15, mFd = 57
08-04 06:28:02.181 18309 18436 I android.youtub: Waiting for a blocking GC ClassLinker
08-04 06:28:02.190 19640 19640 D Zygote  : Forked child process 18610
08-04 06:28:02.197 18557 18601 I Finsky  : [1371] ppv.c(20): Finished reading experiment flags from file [0tGUNCGIkbk4o6-fQ335kUYSKwVj4lusnHT-A5Dsy08].
08-04 06:28:02.209 18557 18601 I Finsky  : [1371] ppv.c(20): Finished reading experiment flags from file [Se-xCc4LzNyh3UrKMIU2sUf-PUKz4oQEbpKZDMuaFno].
08-04 06:28:02.225 18610 18610 E ocess.gservice: Not starting debugger since process cannot load the jdwp agent.
08-04 06:28:02.228 16175 16175 D SurfaceView@3a27ac: updateSurface: surface is not valid
08-04 06:28:02.230 16175 16431 I cr_BindingManager: onTrimMemory: level=40, size=0
08-04 06:28:02.242 18610 18610 E USNET   : USNET: appName: com.google.process.gservices
08-04 06:28:02.243 18610 18610 D ProcessState: Binder ioctl to enable oneway spam detection failed: Invalid argument
08-04 06:28:02.246 18309 18419 W android.youtub: Long monitor contention with owner BG Thread #2 (18418) at com.google.android.libraries.elements.interfaces.ResourceLoader abcv.a()(PG:37) waiters=0 in com.google.android.libraries.elements.interfaces.ResourceLoader abcv.a() for 1.038s
08-04 06:28:02.255 18610 18610 D ActivityThread: setConscryptValidator
08-04 06:28:02.255 18610 18610 D ActivityThread: setConscryptValidator - put
08-04 06:28:02.258   752   752 I Layer   : id=173797 removeFromCurrentState com.android.chrome/org.chromium.chrome.browser.customtabs.CustomTabActivity$_16175#0 (112)
08-04 06:28:02.258   752   752 I Layer   : id=173802 removeFromCurrentState Bounds for - com.android.chrome/org.chromium.chrome.browser.customtabs.CustomTabActivity@0#0 (112)
08-04 06:28:02.258   752   752 I SurfaceFlinger: id=173797 Removed com.android.chrome/org.chromium.chrome.browser.customtabs.CustomTabActivity$_16175#0 (112)
08-04 06:28:02.258   752   752 I Layer   : id=173797 Destroyed com.android.chrome/org.chromium.chrome.browser.customtabs.CustomTabActivity$_16175#0
08-04 06:28:02.258   752   752 I Layer   : id=173802 Destroyed Bounds for - com.android.chrome/org.chromium.chrome.browser.customtabs.CustomTabActivity@0#0
08-04 06:28:02.290 19652 18548 I HYPER-HAL: [RequestManager.cpp]releaseLocked(): Released ID : 236107330
08-04 06:28:02.300 18610 18610 D CompatibilityChangeReporter: Compat change id reported: 171979766; UID 1010187; state: ENABLED
08-04 06:28:02.317 19836 20059 D SemNscXgbMsL1: Probability - Cloud gaming: [0.031789992]
08-04 06:28:02.317 19836 20059 D SemNscXgbMsL1: Probability - Real time: [0.21955766]
08-04 06:28:02.317 19836 20059 D SemNscXgbMsL1: Probability - Non real time: [0.7637708]
08-04 06:28:02.317 19836 20059 D SemNscXgbMsL1: 1 sample inference time: 0.594961 msecs
08-04 06:28:02.318 19836 20059 D SemNscXgbL2Rt: L2 RT 1 sample inference time: 0.926385 msecs
08-04 06:28:02.319 19836 20059 D SemNscXgbL2Nrt: L2 NRT 1 sample inference time: 0.73 msecs
08-04 06:28:02.341   334   334 I lmkd    : cached 0, sandbox(not0) 0
08-04 06:28:02.356   334   334 I lmkd    : Reclaim 'com.google.android.youtube' (18309), uid 10203, oom_score_adj 905, state 19 to free 94452kB rss, 16744kB swap; reason: low watermark is breached and swap is low (2913344kB < 4110412kB)
08-04 06:28:02.377 18610 18610 V GraphicsEnvironment: ANGLE Developer option for 'com.google.android.gsf' set to: 'default'
08-04 06:28:02.378 18610 18610 V GraphicsEnvironment: Neither updatable production driver nor prerelease driver is supported.
08-04 06:28:02.381 18610 18610 D NetworkSecurityConfig: No Network Security Config specified, using platform default
08-04 06:28:02.383 19836 22347 D ConnectivityService: ConnectivityService NetworkRequestInfo binderDied(uid/pid:10203/18309, [NetworkRequest [ REQUEST id=1015, [ Capabilities: INTERNET&NOT_RESTRICTED&TRUSTED&NOT_VCN_MANAGED Uid: 10203 RequestorUid: 10203 RequestorPkg: com.google.android.youtube UnderlyingNetworks: Null] ]], android.os.BinderProxy@701da47)
08-04 06:28:02.383 19836 22301 D ConnectivityService: ConnectivityService NetworkRequestInfo binderDied(uid/pid:10203/18309, [NetworkRequest [ REQUEST id=1017, [ Capabilities: INTERNET&NOT_RESTRICTED&TRUSTED&NOT_VCN_MANAGED Uid: 10203 RequestorUid: 10203 RequestorPkg: com.google.android.youtube UnderlyingNetworks: Null] ]], android.os.BinderProxy@635c274)
08-04 06:28:02.383 19836 22347 D ConnectivityService: ConnectivityService NetworkRequestInfo binderDied(uid/pid:10203/18309, [NetworkRequest [ REQUEST id=1012, [ Capabilities: INTERNET&NOT_RESTRICTED&TRUSTED&NOT_VCN_MANAGED Uid: 10203 RequestorUid: 10203 RequestorPkg: com.google.android.youtube UnderlyingNetworks: Null] ]], android.os.BinderProxy@fdb539d)
08-04 06:28:02.383 19836 20005 D ConnectivityService: releasing NetworkRequest [ REQUEST id=1015, [ Capabilities: INTERNET&NOT_RESTRICTED&TRUSTED&NOT_VCN_MANAGED Uid: 10203 RequestorUid: 10203 RequestorPkg: com.google.android.youtube UnderlyingNetworks: Null] ] (release request)
08-04 06:28:02.383 19836 22301 D ConnectivityService: ConnectivityService NetworkRequestInfo binderDied(uid/pid:10203/18309, [NetworkRequest [ LISTEN id=1013, [ Capabilities: INTERNET&NOT_RESTRICTED&TRUSTED&FOREGROUND&NOT_VCN_MANAGED Uid: 10203 RequestorUid: 10203 RequestorPkg: com.google.android.youtube UnderlyingNetworks: Null] ]], android.os.BinderProxy@c4aa012)
08-04 06:28:02.383 19836 22347 D ConnectivityService: ConnectivityService NetworkRequestInfo binderDied(uid/pid:10203/18309, [NetworkRequest [ REQUEST id=1010, [ Capabilities: INTERNET&NOT_RESTRICTED&TRUSTED&NOT_VCN_MANAGED Uid: 10203 RequestorUid: 10203 RequestorPkg: com.google.android.youtube UnderlyingNetworks: Null] ]], android.os.BinderProxy@877d3e3)
08-04 06:28:02.383 19836 20005 D ConnectivityService:  Removing from current network [105 WIFI], leaving 141 requests.
08-04 06:28:02.384 19836 20005 D ConnectivityService: releasing NetworkRequest [ REQUEST id=1017, [ Capabilities: INTERNET&NOT_RESTRICTED&TRUSTED&NOT_VCN_MANAGED Uid: 10203 RequestorUid: 10203 RequestorPkg: com.google.android.youtube UnderlyingNetworks: Null] ] (release request)
08-04 06:28:02.385 19640 19640 I Zygote  : Process 18309 exited due to signal 9 (Killed)
08-04 06:28:02.385 19641 20636 I AudioFlinger: removeDlbCodecCallback pid:18309 type:-1
08-04 06:28:02.386 19836 20005 D ConnectivityService:  Removing from current network [105 WIFI], leaving 140 requests.
08-04 06:28:02.386 19836 20005 D ConnectivityService: releasing NetworkRequest [ REQUEST id=1012, [ Capabilities: INTERNET&NOT_RESTRICTED&TRUSTED&NOT_VCN_MANAGED Uid: 10203 RequestorUid: 10203 RequestorPkg: com.google.android.youtube UnderlyingNetworks: Null] ] (release request)
08-04 06:28:02.386 19836 20005 D ConnectivityService:  Removing from current network [105 WIFI], leaving 139 requests.
08-04 06:28:02.387 19836 20005 D ConnectivityService: releasing NetworkRequest [ REQUEST id=1010, [ Capabilities: INTERNET&NOT_RESTRICTED&TRUSTED&NOT_VCN_MANAGED Uid: 10203 RequestorUid: 10203 RequestorPkg: com.google.android.youtube UnderlyingNetworks: Null] ] (release request)
08-04 06:28:02.387 19836 20005 D ConnectivityService:  Removing from current network [105 WIFI], leaving 137 requests.
08-04 06:28:02.390 18610 18610 D NetworkSecurityConfig: No Network Security Config specified, using platform default
08-04 06:28:02.394 21303 21303 W DeviceManager_FLP: onTrimMemory : 15
08-04 06:28:02.396 21303 21365 I GpsSessionManager_FLP: arrangeInvalidSessions
08-04 06:28:02.396  9000  9000 I [+5]oneconnect[1.7.86.21_01][CORE]: QcApplication.onTrimMemory - ************** lvl=15 elapsed=0ms
08-04 06:28:02.398 16217 18592 I Finsky  : [1411] fsg.i(1): Completed 0 account content syncs with 0 successful.
08-04 06:28:02.402 19836 19866 I libprocessgroup: Successfully killed process cgroup uid 10203 pid 18309 in 9ms
08-04 06:28:02.406 16217 16217 I Finsky  : [2] ContentSyncJob.a(1): [ContentSync] Installation state replication succeeded.
08-04 06:28:02.408 16217 16217 I Finsky  : [2] rzk.r(4): SCH: jobFinished: 12-1. TimeElapsed: 5321ms.
08-04 06:28:02.408 20135 20135 D SystemUIService: SYSUI_RAM_OPTIMIZATION onTrimMemory=15
08-04 06:28:02.408 20135 20135 D StatusBar: SYSUI_RAM_OPTIMIZATION onTrimMemory=15
08-04 06:28:02.409 16217 16217 I Finsky  : [2] nwh.onTrimMemory(1): Memory trim requested to level 15
08-04 06:28:02.410 18365 18365 I DecorView: [INFO] isPopOver=false, config=true
08-04 06:28:02.410 18365 18365 I DecorView: updateCaptionType >> DecorView@507f3[], isFloating=false, isApplication=true, hasWindowControllerCallback=true, hasWindowDecorCaption=false
08-04 06:28:02.410  5129  5200 D OpenGLRenderer: setSurface called with nullptr
08-04 06:28:02.410 18365 18365 D DecorView: setCaptionType = 0, this = DecorView@507f3[]
08-04 06:28:02.415 18365 18365 I DecorView: getCurrentDensityDpi: from real metrics. densityDpi=450 msg=resources_loaded
08-04 06:28:02.417 18610 18610 I GservicesProvider: Gservices pushing to system: true; secure/global: true
08-04 06:28:02.427 19640 19640 W Zygote  : forkRepeatedly terminated due to non-simple command
08-04 06:28:02.427 19640 19640 D Zygote  : mbuffer starts with 17, nice name is , mEnd = 912, mNext = 35, mLinesLeft = 15, mFd = 57
08-04 06:28:02.437 16217 16292 I Finsky  : [1319] rtb.accept(46): SCH: Scheduling phonesky job Id: 1-1337, CT: 1659563049828, Constraints: [{ L: 41656671, D: 84856671, C: 1, I: 1, N: 1 }]
08-04 06:28:02.438 16217 16292 I Finsky  : [1319] rtb.accept(46): SCH: Scheduling phonesky job Id: 34-380, CT: 1659563085771, Constraints: [{ L: 79199433, D: 1375199433, C: 1, I: 1, N: 1 }]
08-04 06:28:02.444 19640 19640 D Zygote  : Forked child process 18634
08-04 06:28:02.444 16217 16294 I Finsky  : [1321] rsp.apply(9): SCH: Scheduling 1 system job(s)
08-04 06:28:02.449 16217 16294 I Finsky  : [1321] rsp.apply(15): SCH: Scheduling system job Id: 9468, L: 30024055, D: 73224055, C: false, I: false, N: 1
08-04 06:28:02.460 16217 17805 I Finsky  : [1402] sbe.a(16): SCH: job service finished with id 9347.
08-04 06:28:02.473 16217 16217 I Finsky  : [2] nwh.onTrimMemory(1): Memory trim requested to level 80
08-04 06:28:02.474 16217 16217 I Finsky  : [2] lio.accept(9): Flushing in-memory image cache
08-04 06:28:02.476 18634 18634 E gle.android.gm: Not starting debugger since process cannot load the jdwp agent.
08-04 06:28:02.495 18634 18634 E USNET   : USNET: appName: com.google.android.gms
08-04 06:28:02.498 18634 18634 D ProcessState: Binder ioctl to enable oneway spam detection failed: Invalid argument
08-04 06:28:02.503 18634 18634 D ActivityThread: setConscryptValidator
08-04 06:28:02.504 18634 18634 D ActivityThread: setConscryptValidator - put
08-04 06:28:02.515 18365 18365 W xample.doggler: Accessing hidden method Landroid/view/View;->computeFitSystemWindows(Landroid/graphics/Rect;Landroid/graphics/Rect;)Z (unsupported, reflection, allowed)
08-04 06:28:02.519 18365 18365 W xample.doggler: Accessing hidden method Landroid/view/ViewGroup;->makeOptionalFitsSystemWindows()V (unsupported, reflection, allowed)
08-04 06:28:02.522 18634 18634 D CompatibilityChangeReporter: Compat change id reported: 171979766; UID 1010187; state: ENABLED
08-04 06:28:02.545 18365 18365 D LifecycleMonitor: Lifecycle status change: com.example.dogglers.MainActivity@37a3378 in: CREATED
08-04 06:28:02.548 18365 18365 V ActivityScenario: Update currentActivityStage to CREATED, currentActivity=com.example.dogglers.MainActivity@37a3378
08-04 06:28:02.556 18365 18365 D LifecycleMonitor: Lifecycle status change: com.example.dogglers.MainActivity@37a3378 in: STARTED
08-04 06:28:02.559 18365 18365 V ActivityScenario: Update currentActivityStage to STARTED, currentActivity=com.example.dogglers.MainActivity@37a3378
08-04 06:28:02.561 18557 18557 I Finsky  : [2] ifw.h(2): ApplicationRestrictions: {verify_apps:device_wide_unknown_source_block=false}
08-04 06:28:02.563 18365 18365 D LifecycleMonitor: Lifecycle status change: com.example.dogglers.MainActivity@37a3378 in: RESUMED
08-04 06:28:02.565 18365 18365 V ActivityScenario: Update currentActivityStage to RESUMED, currentActivity=com.example.dogglers.MainActivity@37a3378
08-04 06:28:02.568 18557 18602 I Finsky  : [1372] ppv.c(20): Finished reading experiment flags from file [cpXnlkjZIS7Le4du7JD3TtXjlC8ewukCqcyucZ_8tmI].
08-04 06:28:02.583 18557 18601 I Finsky  : [1371] fmy.P(1): pcsi: PROCESS_START
08-04 06:28:02.609   334   334 I lmkd    : cached 0, sandbox(not0) 0
08-04 06:28:02.617 18365 18539 D EventInjectionStrategy: Creating injection strategy with input manager.
08-04 06:28:02.620 18365 18539 W xample.doggler: Accessing hidden method Landroid/hardware/input/InputManager;->getInstance()Landroid/hardware/input/InputManager; (unsupported, reflection, allowed)
08-04 06:28:02.627   334   334 E libprocessgroup: set_timerslack_ns write failed: No such process
08-04 06:28:02.629   334   334 I lmkd    : Reclaim 'com.android.vending' (16217), uid 10186, oom_score_adj 920, state 17 to free 78772kB rss, 29020kB swap; reason: low watermark is breached and swap is low (2913600kB < 4110412kB)
08-04 06:28:02.632 19836 20169 D EnterpriseUtils: getCallingOrCurrentUserId(): move: cxtInfo.mContainerId = 10
08-04 06:28:02.633 19836 20169 D PackageManager: setEnabledSetting : userId = 10 packageName = com.android.vending cmp = com.android.vending.AssetBrowserActivity newState = 1 callingPackage = 1010186/com.android.vending
08-04 06:28:02.637 19836 22301 D EnterpriseUtils: getCallingOrCurrentUserId(): move: cxtInfo.mContainerId = 10
08-04 06:28:02.639 19836 22301 D PackageManager: setEnabledSetting : userId = 10 packageName = com.android.vending cmp = com.google.android.finsky.prewarmservice.PrewarmService newState = 1 callingPackage = 1010186/com.android.vending
08-04 06:28:02.646 19836 20169 D PackageManager: setEnabledSetting : userId = 10 packageName = com.android.vending cmp = com.google.android.finsky.activities.DebugActivity newState = 2 callingPackage = 1010186/com.android.vending
08-04 06:28:02.659 18365 18539 W xample.doggler: Accessing hidden method Landroid/hardware/input/InputManager;->injectInputEvent(Landroid/view/InputEvent;I)Z (unsupported, reflection, allowed)
08-04 06:28:02.668 19724 20053 I bauth_FPBAuthService: pcf : 0x1012, 0 ,2 ,0 ,0 ,0 ,2, 0.0.0.0
08-04 06:28:02.668 19724 20053 I bauth_FPBAuthService: thread id : 2, preenroll_flag : 0, nd cnt : 1, cso : 3, et : 0
08-04 06:28:02.668 19724 20053 I bauth_FPBAuthService: FPBAuthService, 11756
08-04 06:28:02.671 18557 18599 I Finsky  : [1369] hdt.m(2): Subscription detail: DataSubscriptionInfo{groupIdLevel1=FFFFFFFF, serviceProviderName=[hwNCO29L08SXpBqVtNdP6xmLtzD0IBvlOrAQYFrxU5M], simCarrierId=1961}
08-04 06:28:02.675 19836 22762 D ConnectivityService: ConnectivityService NetworkRequestInfo binderDied(uid/pid:10186/16217, [NetworkRequest [ REQUEST id=983, [ Capabilities: INTERNET&NOT_RESTRICTED&TRUSTED&NOT_VCN_MANAGED Uid: 10186 RequestorUid: 10186 RequestorPkg: com.android.vending UnderlyingNetworks: Null] ]], android.os.BinderProxy@5e6e6ed)
08-04 06:28:02.675 19836 20169 D ConnectivityService: ConnectivityService NetworkRequestInfo binderDied(uid/pid:10186/16217, [NetworkRequest [ LISTEN id=984, [ Capabilities: INTERNET&NOT_RESTRICTED&TRUSTED&NOT_VCN_MANAGED Uid: 10186 RequestorUid: 10186 RequestorPkg: com.android.vending UnderlyingNetworks: Null] ]], android.os.BinderProxy@5fab922)
08-04 06:28:02.676 19836 20005 D ConnectivityService: releasing NetworkRequest [ REQUEST id=983, [ Capabilities: INTERNET&NOT_RESTRICTED&TRUSTED&NOT_VCN_MANAGED Uid: 10186 RequestorUid: 10186 RequestorPkg: com.android.vending UnderlyingNetworks: Null] ] (release request)
08-04 06:28:02.676 19836 19866 I libprocessgroup: Successfully killed process cgroup uid 10186 pid 16217 in 0ms
08-04 06:28:02.677 19836 20005 D ConnectivityService:  Removing from current network [105 WIFI], leaving 136 requests.
08-04 06:28:02.678 19640 19640 I Zygote  : Process 16217 exited due to signal 9 (Killed)
08-04 06:28:02.684 18557 18657 D ConnectivityManager: StackLog: [android.net.ConnectivityManager.sendRequestForNetwork(ConnectivityManager.java:4124)] [android.net.ConnectivityManager.registerDefaultNetworkCallbackForUid(ConnectivityManager.java:4688)] [android.net.ConnectivityManager.registerDefaultNetworkCallback(ConnectivityManager.java:4655)] [aokc.b(PG:3)] [aojw.<init>(PG:10)] [org.chromium.net.NetworkChangeNotifier.g(PG:4)] [org.chromium.net.impl.CronetLibraryLoader.b(PG:2)] [amsu.run(PG:9)]
08-04 06:28:02.685 18557 18661 W android.vendin: Accessing hidden field Ljava/util/Collections$SynchronizedCollection;->mutex:Ljava/lang/Object; (max-target-o, reflection, denied)
08-04 06:28:02.685 19836 22301 D ConnectivityService: requestNetwork for uid/pid:1010186/18557 activeRequest: null callbackRequest: 1018 [NetworkRequest [ REQUEST id=1019, [ Capabilities: INTERNET&NOT_RESTRICTED&TRUSTED&NOT_VCN_MANAGED Uid: 1010186 RequestorUid: 1010186 RequestorPkg: com.android.vending UnderlyingNetworks: Null] ]] callback flags: 0 order: 2147483647
08-04 06:28:02.685 18557 18661 W android.vendin: Accessing hidden method Ljava/util/Collections$SynchronizedSet;-><init>(Ljava/util/Set;Ljava/lang/Object;)V (max-target-o, reflection, denied)
08-04 06:28:02.686 18557 18661 W android.vendin: Accessing hidden method Ljava/util/Collections$SynchronizedCollection;-><init>(Ljava/util/Collection;Ljava/lang/Object;)V (max-target-o, reflection, denied)
08-04 06:28:02.687 19836 20005 D ConnectivityService: NetworkReassignment :
08-04 06:28:02.687 19836 20005 D ConnectivityService:   1019 : null → 105
08-04 06:28:02.687 19836 20005 D ConnectivityService:    accepting network in place of null
08-04 06:28:02.689 18557 18599 I Finsky  : [1369] pmi.<init>(3): PackageMonitorReceiverImpl - Registering in memory receiver for android.intent.action.PACKAGE_ADDED and android.intent.action.PACKAGE_REMOVED
08-04 06:28:02.689 19836 19989 D WifiNetworkFactory: got request NetworkRequest [ REQUEST id=1019, [ Capabilities: INTERNET&NOT_RESTRICTED&TRUSTED&NOT_VCN_MANAGED Uid: 1010186 RequestorUid: 1010186 RequestorPkg: com.android.vending UnderlyingNetworks: Null] ]
08-04 06:28:02.689 19836 19989 D UntrustedWifiNetworkFactory: got request NetworkRequest [ REQUEST id=1019, [ Capabilities: INTERNET&NOT_RESTRICTED&TRUSTED&NOT_VCN_MANAGED Uid: 1010186 RequestorUid: 1010186 RequestorPkg: com.android.vending UnderlyingNetworks: Null] ]
08-04 06:28:02.689 18557 18657 D ConnectivityManager: StackLog: [android.net.ConnectivityManager.sendRequestForNetwork(ConnectivityManager.java:4124)] [android.net.ConnectivityManager.sendRequestForNetwork(ConnectivityManager.java:4166)] [android.net.ConnectivityManager.registerNetworkCallback(ConnectivityManager.java:4548)] [aokc.b(PG:8)] [aojw.<init>(PG:10)] [org.chromium.net.NetworkChangeNotifier.g(PG:4)] [org.chromium.net.impl.CronetLibraryLoader.b(PG:2)] [amsu.run(PG:9)]
08-04 06:28:02.690 19836 19989 D OemPaidWifiNetworkFactory: got request NetworkRequest [ REQUEST id=1019, [ Capabilities: INTERNET&NOT_RESTRICTED&TRUSTED&NOT_VCN_MANAGED Uid: 1010186 RequestorUid: 1010186 RequestorPkg: com.android.vending UnderlyingNetworks: Null] ]
08-04 06:28:02.695 19836 20005 D ConnectivityService: NetworkReassignment : no changes
08-04 06:28:02.698  5129  5129 W BillingClient: Billing service disconnected.
08-04 06:28:02.701 18365 18539 W xample.doggler: Accessing hidden field Landroid/hardware/input/InputManager;->INJECT_INPUT_EVENT_MODE_WAIT_FOR_FINISH:I (unsupported, reflection, allowed)
08-04 06:28:02.702 19836 20157 D InputTransport: Input channel constructed: '723122b', fd=979
08-04 06:28:02.702 19836 20157 D InputTransport: Input channel constructed: '723122b', fd=980
08-04 06:28:02.702 19836 20157 D InputTransport: Input channel constructed: '723122b', fd=981
08-04 06:28:02.705   752   769 I SurfaceFlinger: id=173821 createSurf (0x0),-1 flag=80004, 723122b com.example.dogglers/com.example.dogglers.MainActivity#0
08-04 06:28:02.707 19836 20157 D InputTransport: Input channel destroyed: '723122b', fd=981
08-04 06:28:02.720 18365 18365 I ViewRootImpl@17aec0c[MainActivity]: setView = com.android.internal.policy.DecorView@507f3 TM=true
08-04 06:28:02.723 19836 20077 D NetdEventListenerService: DNS Requested by : 105, 1010186, 0
08-04 06:28:02.729  5129  5129 W BillingClient: Billing service disconnected.
08-04 06:28:02.733 19836 20077 D NetdEventListenerService: DNS Requested by : 105, 1010186, 0
08-04 06:28:02.738 18634 18634 W gle.android.gm: JIT profile information will not be recorded: profile file does not exist.
08-04 06:28:02.738 18634 18634 W gle.android.gm: JIT profile information will not be recorded: profile file does not exist.
08-04 06:28:02.739 19836 20077 D NetdEventListenerService: DNS Requested by : 105, 1010186, 0
08-04 06:28:02.742 19836 19894 D AnalyticsContainerHandler: handleMessage : { when=0 what=1 target=com.android.server.knox.KnoxAnalyticsContainer$AnalyticsHandler }
08-04 06:28:02.742 18365 18365 D LifecycleMonitor: Lifecycle status change: androidx.test.core.app.InstrumentationActivityInvoker$BootstrapActivity@daf46e1 in: STOPPED
08-04 06:28:02.745 18365 18365 V ActivityScenario: Activity lifecycle changed event received but ignored because the intent does not match. startActivityIntent=Intent { act=android.intent.action.MAIN cat=[android.intent.category.LAUNCHER] cmp=com.example.dogglers/.MainActivity }, activity.getIntent()=Intent { act=android.intent.action.MAIN cat=[android.intent.category.LAUNCHER] flg=0x10008000 cmp=com.example.dogglers/androidx.test.core.app.InstrumentationActivityInvoker$BootstrapActivity (has extras) }, activity=androidx.test.core.app.InstrumentationActivityInvoker$BootstrapActivity@daf46e1
08-04 06:28:02.748 18557 18655 I Finsky  : [1381] rzt.<init>(3): Resetting scheduler db
08-04 06:28:02.761   334   334 I lmkd    : cached 0, sandbox(not0) 0
08-04 06:28:02.765  6114  6114 D BoundBrokerSvc: onBind: Intent { act=com.google.android.gms.gmscompliance.service.START dat=chimera-action:com.google.android.gms.gmscompliance.service.START cmp=com.google.android.gms/.chimera.PersistentBoundBrokerService }
08-04 06:28:02.765  6114  6114 D BoundBrokerSvc: Loading bound service for intent: Intent { act=com.google.android.gms.gmscompliance.service.START dat=chimera-action:com.google.android.gms.gmscompliance.service.START cmp=com.google.android.gms/.chimera.PersistentBoundBrokerService }
08-04 06:28:02.768 18634 18634 V GraphicsEnvironment: ANGLE Developer option for 'com.google.android.gms' set to: 'default'
08-04 06:28:02.768 18634 18634 V GraphicsEnvironment: Neither updatable production driver nor prerelease driver is supported.
08-04 06:28:02.772 18634 18634 D NetworkSecurityConfig: Using Network Security Config from resource network_security_config debugBuild: false
08-04 06:28:02.778  5129  5200 D OpenGLRenderer: setSurface called with nullptr
08-04 06:28:02.781 20830 20847 I FontLog : Received query Noto Color Emoji Compat, URI content://com.google.android.gms.fonts [CONTEXT service_id=132 ]
08-04 06:28:02.782 20830 20847 I FontLog : Query [emojicompat-emoji-font] resolved to {Noto Color Emoji Compat, wdth 100.0, wght 400, ital 0.0, bestEffort false} [CONTEXT service_id=132 ]
08-04 06:28:02.782 19836 22301 D EnterpriseUtils: getCallingOrCurrentUserId(): move: cxtInfo.mContainerId = 10
08-04 06:28:02.783 19836 22301 D PackageManager: setEnabledSetting : userId = 10 packageName = com.android.vending cmp = com.google.android.finsky.systemcomponentupdateui.common.SystemComponentUpdateActivity newState = 0 callingPackage = 1010186/com.android.vending
08-04 06:28:02.784 19836 22762 D EnterpriseUtils: getCallingOrCurrentUserId(): move: cxtInfo.mContainerId = 10
08-04 06:28:02.788 18634 18634 D NetworkSecurityConfig: Using Network Security Config from resource network_security_config debugBuild: false
08-04 06:28:02.794 19836 22762 D PackageManager: setEnabledSetting : userId = 10 packageName = com.android.vending cmp = com.google.android.finsky.systemupdateactivity.SystemUpdateActivity newState = 1 callingPackage = 1010186/com.android.vending
08-04 06:28:02.796 19836 22762 D EnterpriseUtils: getCallingOrCurrentUserId(): move: cxtInfo.mContainerId = 10
08-04 06:28:02.798 20830 20847 I FontLog : Fetch {Noto Color Emoji Compat, wdth 100.0, wght 400, ital 0.0, bestEffort false} end status Status{statusCode=SUCCESS, resolution=null} [CONTEXT service_id=132 ]
08-04 06:28:02.799 19836 22762 D PackageManager: setEnabledSetting : userId = 10 packageName = com.android.vending cmp = com.google.android.finsky.systemupdateactivity.SettingsSecurityEntryPoint newState = 1 callingPackage = 1010186/com.android.vending
08-04 06:28:02.803 18557 18663 I Finsky  : [1389] plb.run(30): SysCUA: Set {com.android.vending/com.google.android.finsky.systemcomponentupdateui.common.SystemComponentUpdateActivity} enabled state to 0
08-04 06:28:02.803 18557 18660 I Finsky  : [1386] fwv.run(39): SysUA: Set SystemUpdateActivity enabled state to 1
08-04 06:28:02.805 19836 20157 D EnterpriseUtils: getCallingOrCurrentUserId(): move: cxtInfo.mContainerId = 10
08-04 06:28:02.807 19836 20157 D PackageManager: setEnabledSetting : userId = 10 packageName = com.android.vending cmp = com.google.android.finsky.hibernation.impl.UnhibernateActivity newState = 0 callingPackage = 1010186/com.android.vending
08-04 06:28:02.811 18557 18655 I Finsky  : [1381] pa.run(7): Set UnhibernateActivity enabled state to 0
08-04 06:28:02.820 20830 20847 I FontLog : Pulling font file for id = 116, cache size = 19 [CONTEXT service_id=132 ]
08-04 06:28:02.821 19836 20059 D SemNscXgbMsL1: Probability - Cloud gaming: [0.027042836]
08-04 06:28:02.822 19836 20059 D SemNscXgbMsL1: Probability - Real time: [0.15031469]
08-04 06:28:02.822 19836 20059 D SemNscXgbMsL1: Probability - Non real time: [0.85026354]
08-04 06:28:02.822 19836 20059 D SemNscXgbMsL1: 1 sample inference time: 0.602616 msecs
08-04 06:28:02.823 19836 20059 D SemNscXgbL2Rt: L2 RT 1 sample inference time: 0.904039 msecs
08-04 06:28:02.824 19836 20059 D SemNscXgbL2Nrt: L2 NRT 1 sample inference time: 0.784346 msecs
08-04 06:28:02.829 18557 18598 I cr_CronetLibraryLoader: Cronet version: 105.0.5135.3, arch: armv8l
08-04 06:28:02.835 18557 18600 W Settings: Setting download_manager_max_bytes_over_mobile has moved from android.provider.Settings.Secure to android.provider.Settings.Global.
08-04 06:28:02.836 18557 18599 I Finsky  : [1369] ytm.<init>(3): VerifyApps: Setup app restrictions monitor
08-04 06:28:02.836 18557 18600 I Finsky  : [1370] oro.i(3): SettingNotFoundException, fall through to G.downloadBytesOverMobileMaximum
08-04 06:28:02.837 18557 18600 W Settings: Setting download_manager_recommended_max_bytes_over_mobile has moved from android.provider.Settings.Secure to android.provider.Settings.Global.
08-04 06:28:02.838 18557 18600 I Finsky  : [1370] oro.h(3): SettingNotFoundException, fall through to G.downloadBytesOverMobileRecommended
08-04 06:28:02.841 18557 18598 I Finsky  : [1368] nlu.m(6): Enqueuing libraries load for -444738073
08-04 06:28:02.844 18557 18660 I Finsky  : [1386] nlu.o(1): Starting libraries load for -444738073
08-04 06:28:02.844 20830 20847 I FontLog : Pulling font file for id = 116, cache size = 19 [CONTEXT service_id=132 ]
08-04 06:28:02.846 19836 22762 V WindowManager: Relayout Window{723122b u0 com.example.dogglers/com.example.dogglers.MainActivity}: viewVisibility=0 req=1080x2408 d0
08-04 06:28:02.848   752   769 I SurfaceFlinger: id=173822 createSurf (1x1),-3 flag=40004, com.example.dogglers/com.example.dogglers.MainActivity$_18365#0
08-04 06:28:02.849 18557 18599 I Finsky  : [1369] yzc.a(3): VerifyApps: Device wide unknown source restriction updated
08-04 06:28:02.858 18557 18600 I Finsky  : [1370] adwk.c(2): registerListener
08-04 06:28:02.860   752   918 I SurfaceFlinger: id=173823 createSurf (0x0),-1 flag=24000, Surface(name=ac392f8 StatusBar)/@0x2bc773f - animation-leash of insets_animation#1
08-04 06:28:02.862   752   918 I SurfaceFlinger: id=173824 createSurf (0x0),-1 flag=24000, Surface(name=e75ea59 NavigationBar0)/@0x799bb6a - animation-leash of insets_animation#0
08-04 06:28:02.864 19836 22762 V WindowManager: Relayout hash=723122b, pid=18365: mAttrs={(0,0)(fillxfill) sim={adjust=pan forwardNavigation} ty=BASE_APPLICATION wanim=0x1030303
08-04 06:28:02.864 19836 22762 V WindowManager:   fl=81810100
08-04 06:28:02.864 19836 22762 V WindowManager:   pfl=12020040
08-04 06:28:02.864 19836 22762 V WindowManager:   bhv=DEFAULT
08-04 06:28:02.864 19836 22762 V WindowManager:   fitSides= naviIconColor=0}
08-04 06:28:02.873 18365 18365 I ViewRootImpl@17aec0c[MainActivity]: Relayout returned: old=(0,0,1080,2408) new=(0,0,1080,2408) req=(1080,2408)0 dur=23 res=0x7 s={true 3934042112} ch=true fn=-1
08-04 06:28:02.874   334   334 I lmkd    : 1(delay),0(swap), 5(freelimit) memory pressure events were skipped after a kill!
08-04 06:28:02.874   334   334 I lmkd    : cached 0, sandbox(not0) 0
08-04 06:28:02.890   752   752 I Layer   : id=173818 removeFromCurrentState Surface(name=ac392f8 StatusBar)/@0x2bc773f - animation-leash of insets_animation#0 (114)
08-04 06:28:02.890 18365 18575 D OpenGLRenderer: eglCreateWindowSurface
08-04 06:28:02.890   752   752 I Layer   : id=173819 removeFromCurrentState Surface(name=e75ea59 NavigationBar0)/@0x799bb6a - animation-leash of insets_animation#1 (114)
08-04 06:28:02.890   752   752 I SurfaceFlinger: id=173818 Removed Surface(name=ac392f8 StatusBar)/@0x2bc773f - animation-leash of insets_animation#0 (114)
08-04 06:28:02.890   752   752 I SurfaceFlinger: id=173819 Removed Surface(name=e75ea59 NavigationBar0)/@0x799bb6a - animation-leash of insets_animation#1 (114)
08-04 06:28:02.891   752   752 I Layer   : id=173818 Destroyed Surface(name=ac392f8 StatusBar)/@0x2bc773f - animation-leash of insets_animation#0
08-04 06:28:02.891   752   752 I Layer   : id=173819 Destroyed Surface(name=e75ea59 NavigationBar0)/@0x799bb6a - animation-leash of insets_animation#1
08-04 06:28:02.892 19836 20362 D InputDispatcher: Focus request (0): 723122b com.example.dogglers/com.example.dogglers.MainActivity but waiting because NOT_VISIBLE
08-04 06:28:02.901 18365 18365 I ViewRootImpl@17aec0c[MainActivity]: [DP] dp(1) 1 android.view.ViewRootImpl.reportNextDraw:11410 android.view.ViewRootImpl.performTraversals:4185 android.view.ViewRootImpl.doTraversal:2911
08-04 06:28:02.904 18365 18365 D ViewRootImpl@17aec0c[MainActivity]: Creating frameDrawingCallback nextDrawUseBlastSync=false reportNextDraw=true hasBlurUpdates=false
08-04 06:28:02.904 18365 18365 D ViewRootImpl@17aec0c[MainActivity]: Creating frameCompleteCallback
08-04 06:28:02.911 19640 19640 W Zygote  : forkRepeatedly terminated due to non-simple command
08-04 06:28:02.912 19640 19640 D Zygote  : mbuffer starts with 17, nice name is , mEnd = 934, mNext = 35, mLinesLeft = 15, mFd = 57
08-04 06:28:02.919 18557 18600 I Finsky  : [1370] adwk.c(2): registerListener
08-04 06:28:02.932 19640 19640 D Zygote  : Forked child process 18708
08-04 06:28:02.945 19640 19640 D Zygote  : Forked child process 18709
08-04 06:28:02.975 18365 18721 D ViewRootImpl@17aec0c[MainActivity]: Received frameDrawingCallback frameNum=1. Creating transactionCompleteCallback=false
08-04 06:28:02.976 18365 18575 D hw-ProcessState: Binder ioctl to enable oneway spam detection failed: Invalid argument
08-04 06:28:02.980 18708 18708 E e.process.gapp: Not starting debugger since process cannot load the jdwp agent.
08-04 06:28:02.983 18708 18708 E USNET   : USNET: appName: com.google.process.gapps
08-04 06:28:02.984 18708 18708 D ProcessState: Binder ioctl to enable oneway spam detection failed: Invalid argument
08-04 06:28:02.985 18709 18709 E android.vendin: Not starting debugger since process cannot load the jdwp agent.
08-04 06:28:02.986 18709 18709 E USNET   : USNET: appName: com.android.vending
08-04 06:28:02.987   334   334 I lmkd    : 1(delay),0(swap), 0(freelimit) memory pressure events were skipped after a kill!
08-04 06:28:02.988   334   334 I lmkd    : cached 0, sandbox(not0) 0
08-04 06:28:02.988 18709 18709 D ProcessState: Binder ioctl to enable oneway spam detection failed: Invalid argument
08-04 06:28:02.992 18708 18708 D ActivityThread: setConscryptValidator
08-04 06:28:02.992 18708 18708 D ActivityThread: setConscryptValidator - put
08-04 06:28:02.997 18709 18709 D ActivityThread: setConscryptValidator
08-04 06:28:02.997 18709 18709 D ActivityThread: setConscryptValidator - put
08-04 06:28:03.018 18557 18603 I Finsky  : [1373] vpb.<init>(4): Item store provider started.
08-04 06:28:03.025 18709 18709 D CompatibilityChangeReporter: Compat change id reported: 171979766; UID 10186; state: ENABLED
08-04 06:28:03.054 18708 18708 D CompatibilityChangeReporter: Compat change id reported: 171979766; UID 1010187; state: ENABLED
08-04 06:28:03.101   334   334 I lmkd    : 1(delay),0(swap), 0(freelimit) memory pressure events were skipped after a kill!
08-04 06:28:03.101   334   334 I lmkd    : cached 0, sandbox(not0) 0
08-04 06:28:03.121 18708 18708 V GraphicsEnvironment: ANGLE Developer option for 'com.google.android.gsf' set to: 'default'
08-04 06:28:03.121 18708 18708 V GraphicsEnvironment: Neither updatable production driver nor prerelease driver is supported.
08-04 06:28:03.124 18708 18708 D NetworkSecurityConfig: No Network Security Config specified, using platform default
08-04 06:28:03.131 18708 18708 D NetworkSecurityConfig: No Network Security Config specified, using platform default
08-04 06:28:03.169 18557 18557 I Finsky  : [2] nwh.onTrimMemory(1): Memory trim requested to level 5
08-04 06:28:03.170 18557 18557 I Finsky  : [2] nwh.onTrimMemory(1): Memory trim requested to level 15
08-04 06:28:03.172 19836 22762 D SecContentProvider: query(), uri = 17 selection = isSettingsChangesAllowed
08-04 06:28:03.174 18557 18557 I Finsky  : [2] nwh.onTrimMemory(1): Memory trim requested to level 15
08-04 06:28:03.176 19836 22762 D EnterpriseUtils: getCallingOrCurrentUserId(): move: cxtInfo.mContainerId = 10
08-04 06:28:03.180 18365 18575 D ViewRootImpl@17aec0c[MainActivity]: Received frameCompleteCallback  lastAcquiredFrameNum=1 lastAttemptedDrawFrameNum=1
08-04 06:28:03.185 18365 18365 I ViewRootImpl@17aec0c[MainActivity]: [DP] pdf(0) 1 android.view.ViewRootImpl.lambda$addFrameCompleteCallbackIfNeeded$3$ViewRootImpl:4987 android.view.ViewRootImpl$$ExternalSyntheticLambda16.run:6 android.os.Handler.handleCallback:938
08-04 06:28:03.186 18365 18365 I ViewRootImpl@17aec0c[MainActivity]: [DP] rdf()
08-04 06:28:03.186 18365 18365 D ViewRootImpl@17aec0c[MainActivity]: reportDrawFinished (fn: -1)
08-04 06:28:03.196 18557 18663 I Finsky  : [1389] rtb.accept(46): SCH: Scheduling phonesky job Id: 1-1337, CT: 1659560477987, Constraints: [{ L: 39900090, D: 83100090, C: 1, I: 1, N: 1 }]
08-04 06:28:03.197 18557 18663 I Finsky  : [1389] rtb.accept(46): SCH: Scheduling phonesky job Id: 20-23232323, CT: 1659560478447, Constraints: [{ L: 0, D: 82800000, C: 2, I: 1, N: 2 }]
08-04 06:28:03.197 18557 18663 I Finsky  : [1389] rtb.accept(46): SCH: Scheduling phonesky job Id: 26-1414141414, CT: 1659554305459, Constraints: [{ L: 43200000, D: 44100000, C: 1, I: 1, N: 0 }]
08-04 06:28:03.198 18557 18663 I Finsky  : [1389] rtb.accept(46): SCH: Scheduling phonesky job Id: 29-29, CT: 1659574648079, Constraints: [{ L: 30000, D: 60000, C: 1, I: 1, N: 0 }]
08-04 06:28:03.198 18557 18663 I Finsky  : [1389] rtb.accept(46): SCH: Scheduling phonesky job Id: 34-330, CT: 1659560481336, Constraints: [{ L: 604800000, D: 2027889776, C: 2, I: 2, N: 2 }, { L: 604800000, D: 2027889776, C: 1, I: 2, N: 2 }]
08-04 06:28:03.199 18557 18663 I Finsky  : [1389] rtb.accept(46): SCH: Scheduling phonesky job Id: 34-334, CT: 1659560481336, Constraints: [{ L: 604800000, D: 2140867967, C: 2, I: 2, N: 2 }, { L: 604800000, D: 2140867967, C: 1, I: 2, N: 2 }]
08-04 06:28:03.199 18557 18663 I Finsky  : [1389] rtb.accept(46): SCH: Scheduling phonesky job Id: 34-343, CT: 1659560481336, Constraints: [{ L: 604800000, D: 2282558701, C: 2, I: 2, N: 2 }, { L: 604800000, D: 2282558701, C: 1, I: 2, N: 2 }]
08-04 06:28:03.203 19836 19855 I SemDvfsHyPerManager: acquire hyper - AMS_RESUME_TAIL/19836@14, type = -999
08-04 06:28:03.203 19836 19855 I SemDvfsHyPerManager: acquire hyper - AMS_ACT_LAZY/19836@15, type = -999
08-04 06:28:03.203 19652 19680 I HYPER-HAL: [RequestManager.cpp]acquire(): Acquired ID : 197021189  [19836 / 14]    HINT : AMS_RESUME_TAIL    list :
08-04 06:28:03.206   752   769 I SurfaceFlinger: id=173825 createSurf (0x0),-1 flag=24000, Surface(name=723122b com.example.dogglers/com.example.dogglers.MainActivity)/@0x61d3c31 - animation-leash of starting_reveal#0
08-04 06:28:03.207 19652 19680 I HYPER-HAL: [RequestManager.cpp]releaseLocked(): Released ID : 197279343
08-04 06:28:03.207 19836 20157 D InputDispatcher: Focus entered window (0): 723122b com.example.dogglers/com.example.dogglers.MainActivity
08-04 06:28:03.200 18557 18663 I Finsky  : [1389] rtb.accept(46): SCH: Scheduling phonesky job Id: 34-347, CT: 1659560481336, Constraints: [{ L: 604800000, D: 2377367224, C: 2, I: 2, N: 2 }, { L: 604800000, D: 2377367224, C: 1, I: 2, N: 2 }]
08-04 06:28:03.210 18557 18663 I Finsky  : [1389] rtb.accept(46): SCH: Scheduling phonesky job Id: 34-348, CT: 1659560481336, Constraints: [{ L: 604800000, D: 2442455113, C: 2, I: 2, N: 2 }, { L: 604800000, D: 2442455113, C: 1, I: 2, N: 2 }]
08-04 06:28:03.214   334   334 I lmkd    : 1(delay),0(swap), 0(freelimit) memory pressure events were skipped after a kill!
08-04 06:28:03.214   334   334 I lmkd    : cached 0, sandbox(not0) 0
08-04 06:28:03.215   752   752 D SurfaceFlinger: Display 4633128508267670401 HWC layers:
08-04 06:28:03.215   752   752 D SurfaceFlinger:      DEVICE | 0xe9789e80 | 0102 | RGBA_8888    |    0.0    0.0 1080.0 2408.0 |    0    0 1080 2408 | com.example.dogglers/com.example.dogglers.MainActivity$_18365#0
08-04 06:28:03.215   752   752 D SurfaceFlinger:      DEVICE | 0xe9a84100 | 0100 | RGBA_8888    |    0.0    0.0 1080.0 2408.0 |    0    0 1080 2408 | Splash Screen com.example.dogglers$_20135#0
08-04 06:28:03.215   752   752 D SurfaceFlinger:      CLIENT | 0xe53e4600 | 0100 | RGBA_8888    |    0.0    0.0 1080.0   66.0 |    0    0 1080   66 | StatusBar$_20135#0
08-04 06:28:03.215   752   752 D SurfaceFlinger:      CLIENT | 0xe8f21080 | 0100 | RGBA_8888    |    0.0    0.0  388.0   42.0 |  692 2366 1080 2408 | SGestureOverlayWindow$_20522#0
08-04 06:28:03.215   752   752 D SurfaceFlinger:      CLIENT | 0xe8f22100 | 0100 | RGBA_8888    |    0.0    0.0 1080.0  135.0 |    0 2273 1080 2408 | NavigationBar0$_20135#0
08-04 06:28:03.215   752   752 D SurfaceFlinger:      DEVICE | 0xe943ff80 | 0108 | RGBA_8888    |    0.0    0.0 1080.0 2408.0 |    0    0 1080 2408 | BlueLightFilter$_20135#0
08-04 06:28:03.215   752   752 D SurfaceFlinger:
08-04 06:28:03.216 18557 18663 I Finsky  : [1389] rtb.accept(46): SCH: Scheduling phonesky job Id: 34-351, CT: 1659560481336, Constraints: [{ L: 604800000, D: 2442458834, C: 2, I: 2, N: 2 }, { L: 604800000, D: 2442458834, C: 1, I: 2, N: 2 }]
08-04 06:28:03.218 18557 18663 I Finsky  : [1389] rtb.accept(46): SCH: Scheduling phonesky job Id: 34-352, CT: 1659560481336, Constraints: [{ L: 604800000, D: 2533859672, C: 2, I: 2, N: 2 }, { L: 604800000, D: 2533859672, C: 1, I: 2, N: 2 }]
08-04 06:28:03.219 19836 19851 E libperflog: [LIBPERFLOG] socket_local_client fail = -1
08-04 06:28:03.219 19836 19851 I PkgPredictorService-SecIpmManagerServiceImpl: reportToNAP uid:10292 com.example.dogglers/com.example.dogglers.MainActivity thisTime:2483
08-04 06:28:03.223 18557 18663 I Finsky  : [1389] rtb.accept(46): SCH: Scheduling phonesky job Id: 34-355, CT: 1659560481336, Constraints: [{ L: 604800000, D: 2533862567, C: 2, I: 2, N: 2 }, { L: 604800000, D: 2533862567, C: 1, I: 2, N: 2 }]
08-04 06:28:03.225 18557 18663 I Finsky  : [1389] rtb.accept(46): SCH: Scheduling phonesky job Id: 34-356, CT: 1659560481336, Constraints: [{ L: 40689075, D: 1336689075, C: 2, I: 2, N: 2 }, { L: 40689075, D: 1336689075, C: 1, I: 2, N: 2 }]
08-04 06:28:03.225 18557 18663 I Finsky  : [1389] rtb.accept(46): SCH: Scheduling phonesky job Id: 34-357, CT: 1659560481336, Constraints: [{ L: 17562369, D: 1313562369, C: 1, I: 1, N: 1 }]
08-04 06:28:03.229 20135 20794 I ViewRootImpl@6ccc8ba[dogglers]: mWNT: t = android.view.SurfaceControl$Transaction@eefb512 fN = 2 android.view.SyncRtSurfaceTransactionApplier.applyTransaction:94 android.view.SyncRtSurfaceTransactionApplier.lambda$scheduleApply$0$SyncRtSurfaceTransactionApplier:71 android.view.SyncRtSurfaceTransactionApplier$$ExternalSyntheticLambda0.onFrameDraw:4
08-04 06:28:03.229 20135 20794 I ViewRootImpl@6ccc8ba[dogglers]: mWNT: merge t to BBQ
08-04 06:28:03.230 20135 20794 I ViewRootImpl@6ccc8ba[dogglers]: mWNT: t = android.view.SurfaceControl$Transaction@327c4e3 fN = 2 android.view.SyncRtSurfaceTransactionApplier.applyTransaction:94 android.view.SyncRtSurfaceTransactionApplier.lambda$scheduleApply$0$SyncRtSurfaceTransactionApplier:71 android.view.SyncRtSurfaceTransactionApplier$$ExternalSyntheticLambda0.onFrameDraw:4
08-04 06:28:03.230 20135 20794 I ViewRootImpl@6ccc8ba[dogglers]: mWNT: merge t to BBQ
08-04 06:28:03.236 21303 21365 I SettingManager_FLP: assistedGpsChanged, packageName=com.google.process.gapps / uid=1010187 / pid=18708 / value=1 / enabled=true
08-04 06:28:03.239 21303 21365 W SettingManager_FLP: Location setting was not changed but tried by com.google.process.gapps
08-04 06:28:03.240 20135 20795 I ViewRootImpl@6ccc8ba[dogglers]: mWNT: t = android.view.SurfaceControl$Transaction@7e2ee0 fN = 3 android.view.SyncRtSurfaceTransactionApplier.applyTransaction:94 android.view.SyncRtSurfaceTransactionApplier.lambda$scheduleApply$0$SyncRtSurfaceTransactionApplier:71 android.view.SyncRtSurfaceTransactionApplier$$ExternalSyntheticLambda0.onFrameDraw:4
08-04 06:28:03.241 20135 20795 I ViewRootImpl@6ccc8ba[dogglers]: mWNT: merge t to BBQ
08-04 06:28:03.244 18557 18557 I Finsky  : [2] lal.C(3): Installer: Attempting to start installer
08-04 06:28:03.258 20135 20794 I ViewRootImpl@6ccc8ba[dogglers]: mWNT: t = android.view.SurfaceControl$Transaction@9426599 fN = 4 android.view.SyncRtSurfaceTransactionApplier.applyTransaction:94 android.view.SyncRtSurfaceTransactionApplier.lambda$scheduleApply$0$SyncRtSurfaceTransactionApplier:71 android.view.SyncRtSurfaceTransactionApplier$$ExternalSyntheticLambda0.onFrameDraw:4
08-04 06:28:03.258 20135 20794 I ViewRootImpl@6ccc8ba[dogglers]: mWNT: merge t to BBQ
08-04 06:28:03.260 19836 19851 I ActivityTaskManager: Displayed com.example.dogglers/.MainActivity: +2s483ms
08-04 06:28:03.263 18708 18708 I GoogleHttpClient: GMS http client unavailable, use old client
08-04 06:28:03.272 18365 18365 D InsetsSourceConsumer: ensureControlAlpha: for ITYPE_NAVIGATION_BAR on com.example.dogglers/com.example.dogglers.MainActivity
08-04 06:28:03.274 18365 18365 D InsetsSourceConsumer: ensureControlAlpha: for ITYPE_STATUS_BAR on com.example.dogglers/com.example.dogglers.MainActivity
08-04 06:28:03.275 20135 20316 D OpenGLRenderer: setSurface called with nullptr
08-04 06:28:03.276 20135 20316 D OpenGLRenderer: setSurface() destroyed EGLSurface
08-04 06:28:03.276 20135 20316 D OpenGLRenderer: destroyEglSurface
08-04 06:28:03.278  1994  1994 E pageboostd: Received HALT command code 2
08-04 06:28:03.278 19836 20157 V WindowManager: Relayout Window{2e9a2eb u0 Splash Screen com.example.dogglers}: viewVisibility=8 req=1080x2408 d0
08-04 06:28:03.286   752   769 I SurfaceFlinger: id=173826 createSurf (0x0),-1 flag=24000, Surface(name=2e9a2eb Splash Screen com.example.dogglers)/@0x198315f - animation-leash of window_animation#0
08-04 06:28:03.287 18634 18634 I DynamiteModule: Considering local module com.google.android.gms.permissions:1 and remote module com.google.android.gms.permissions:1
08-04 06:28:03.288 18634 18634 I DynamiteModule: Selected local version of com.google.android.gms.permissions
08-04 06:28:03.298 18709 18709 W android.vendin: Entry not found
08-04 06:28:03.299 18709 18709 W android.vendin: Entry not found
08-04 06:28:03.307 19836 20157 V WindowManager: Relayout hash=2e9a2eb, pid=20135: mAttrs={(0,0)(fillxfill) sim={adjust=pan} ty=APPLICATION_STARTING fmt=TRANSLUCENT wanim=0x1030001
08-04 06:28:03.307 19836 20157 V WindowManager:   fl=81030118
08-04 06:28:03.307 19836 20157 V WindowManager:   pfl=36000010
08-04 06:28:03.307 19836 20157 V WindowManager:   bhv=DEFAULT
08-04 06:28:03.307 19836 20157 V WindowManager:   fitSides= naviIconColor=0}
08-04 06:28:03.308 18365 18365 I ViewRootImpl@17aec0c[MainActivity]: MSG_WINDOW_FOCUS_CHANGED 1 1
08-04 06:28:03.309 18709 18709 W android.vendin: Entry not found
08-04 06:28:03.311 18709 18709 W android.vendin: Entry not found
08-04 06:28:03.311 20135 20264 I ViewRootImpl@6ccc8ba[dogglers]: Relayout returned: old=(0,0,1080,2408) new=(0,0,1080,2408) req=(1080,2408)8 dur=30 res=0x5 s={false 0} ch=true fn=5
08-04 06:28:03.312 20135 20264 I ViewRootImpl@6ccc8ba[dogglers]: dispatchDetachedFromWindow
08-04 06:28:03.316 18365 18365 D InputMethodManager: startInputInner - Id : 0
08-04 06:28:03.316 18365 18365 I InputMethodManager: startInputInner - mService.startInputOrWindowGainedFocus
08-04 06:28:03.316 19836 22762 D InputTransport: Input channel destroyed: '2e9a2eb', fd=957
08-04 06:28:03.317 19836 22762 W InputManager-JNI: Input channel object '2e9a2eb Splash Screen com.example.dogglers (client)' was disposed without first being removed with the input manager!
08-04 06:28:03.318 19836 22762 D InputTransport: Input channel destroyed: '2e9a2eb', fd=958
08-04 06:28:03.321 20135 20264 D InputTransport: Input channel destroyed: '2e9a2eb', fd=194
08-04 06:28:03.322   752   752 I Layer   : id=173825 removeFromCurrentState Surface(name=723122b com.example.dogglers/com.example.dogglers.MainActivity)/@0x61d3c31 - animation-leash of starting_reveal#0 (114)
08-04 06:28:03.326   334   334 I lmkd    : 1(delay),0(swap), 0(freelimit) memory pressure events were skipped after a kill!
08-04 06:28:03.326   334   334 I lmkd    : cached 0, sandbox(not0) 0
08-04 06:28:03.327 19836 22301 D InputMethodManagerService: mDesktopModeManager null!
08-04 06:28:03.327 19836 22301 V InputMethodManagerService: getDisplayIdOfInputMethodWindowToBeAdded : 0
08-04 06:28:03.327 19836 20059 D SemNscXgbMsL1: Probability - Cloud gaming: [0.030649506]
08-04 06:28:03.327 19836 20059 D SemNscXgbMsL1: Probability - Real time: [0.20012264]
08-04 06:28:03.327 19836 20059 D SemNscXgbMsL1: Probability - Non real time: [0.74237293]
08-04 06:28:03.327 19836 20059 D SemNscXgbMsL1: 1 sample inference time: 0.554038 msecs
08-04 06:28:03.328 19836 22301 D InputTransport: Input channel constructed: 'ClientS', fd=957
08-04 06:28:03.328 19836 22301 D InputTransport: Input channel constructed: 'ClientS', fd=958
08-04 06:28:03.329 19836 20059 D SemNscXgbL2Rt: L2 RT 1 sample inference time: 1.149077 msecs
08-04 06:28:03.329 19836 22301 D InputTransport: Input channel destroyed: 'ClientS', fd=958
