08-04 06:28:06.349 16516 18903 I ACodec  : [OMX.Exynos.avc.dec] Now Loaded
08-04 06:28:06.351 16516 18903 I ACodec  :  [OMX.Exynos.avc.dec] Now uninitialized
08-04 06:28:06.351 16516 18903 I ACodec  :  [] Now kWhatShutdownCompleted event : 7985
08-04 06:28:06.352 16516 18902 D SurfaceUtils: disconnecting from surface 0xcccfcc08, reason disconnectFromSurface
08-04 06:28:06.353 16516 18902 I MediaCodec: Codec shutdown complete
08-04 06:28:06.354 19643 19178 I ResourceManagerService: removeResourceInfo pid 16516, removed 384000 (width 800 height 480), isLowPriority 0, remained hw codec count 0
08-04 06:28:06.354 16175 16175 I SurfaceView@3a27ac: updateSurface: mVisible = false mSurface.isValid() = true
08-04 06:28:06.354 16175 16175 I SurfaceView@3a27ac: tryReleaseSurfaces: set mRtReleaseSurfaces = true
08-04 06:28:06.354 15062 15080 V ResourceManagerHelper-JNI: JNIMediaResourceHelper::notify eventType : 2, ext1 : 0, ext2 : 0
08-04 06:28:06.355 15062 15080 V ResourceManagerHelper-JNI: notify eventType : 2, ext1 : 0, ext2 : 0
08-04 06:28:06.355 15062 15095 I SemMediaResourceHelper: onRemove
08-04 06:28:06.355 16175 16384 I SurfaceView@3a27ac: 176561083 wPL, frameNr = 0
08-04 06:28:06.356 16175 16384 I SurfaceView@3a27ac: remove() from RT android.view.SurfaceView$SurfaceViewPositionUpdateListener@a861bbb Surface(name=SurfaceView - com.android.chrome/org.chromium.chrome.browser.customtabs.CustomTabActivity@3a27ac@1)/@0x52ef8d8
08-04 06:28:06.356 16175 16384 I SurfaceView@3a27ac: remove() android.view.SurfaceView{3a27ac V.E...... ........ 0,0-1080,2300} Surface(name=SurfaceView - com.android.chrome/org.chromium.chrome.browser.customtabs.CustomTabActivity@3a27ac@1)/@0x52ef8d8
08-04 06:28:06.356 16175 16384 I SurfaceView@3a27ac: aOrMT: uB = true t = android.view.SurfaceControl$Transaction@9201348 fN = 0 android.view.SurfaceView.access$500:124 android.view.SurfaceView$SurfaceViewPositionUpdateListener.positionLost:1785 android.graphics.RenderNode$CompositePositionUpdateListener.positionLost:326
08-04 06:28:06.356 16175 16384 I SurfaceView@3a27ac: aOrMT: vR.mWNT, vR = ViewRootImpl@6011630[CustomTabActivity]
08-04 06:28:06.356 16175 16384 I ViewRootImpl@6011630[CustomTabActivity]: mWNT: t = android.view.SurfaceControl$Transaction@9201348 fN = 0 android.view.SurfaceView.applyOrMergeTransaction:1628 android.view.SurfaceView.access$500:124 android.view.SurfaceView$SurfaceViewPositionUpdateListener.positionLost:1785
08-04 06:28:06.356 16175 16384 I ViewRootImpl@6011630[CustomTabActivity]: mWNT: merge t to BBQ
08-04 06:28:06.359 16175 16384 D OpenGLRenderer: setSurface called with nullptr
08-04 06:28:06.359 16175 16384 D OpenGLRenderer: setSurface() destroyed EGLSurface
08-04 06:28:06.359 16175 16384 D OpenGLRenderer: destroyEglSurface
08-04 06:28:06.365 21715 21715 I SemMediaResourceHelper: onRemove
08-04 06:28:06.365 19836 22347 V ResourceManagerHelper-JNI: JNIMediaResourceHelper::notify eventType : 2, ext1 : 0, ext2 : 0
08-04 06:28:06.365 19836 22347 V ResourceManagerHelper-JNI: notify eventType : 2, ext1 : 0, ext2 : 0
08-04 06:28:06.365 19836 19959 I SemMediaResourceHelper: onRemove
08-04 06:28:06.367   752   752 I Layer   : id=173846 removeFromCurrentState SurfaceView - com.android.chrome/org.chromium.chrome.browser.customtabs.CustomTabActivity@3a27ac@1(BLAST)#0 (120)
08-04 06:28:06.367   752   752 I Layer   : id=173848 removeFromCurrentState com.android.chrome/ChromeNativeWindowSurface#0 (120)
08-04 06:28:06.367   752   752 I Layer   : id=173849 removeFromCurrentState com.android.chrome/ChromeChildSurface#0 (120)
08-04 06:28:06.367   752   752 I Layer   : id=173847 removeFromCurrentState Background for SurfaceView - com.android.chrome/org.chromium.chrome.browser.customtabs.CustomTabActivity@3a27ac@1#0 (120)
08-04 06:28:06.367 18839 18850 I android.youtub: WaitForGcToComplete blocked Background on ClassLinker for 25.499ms
08-04 06:28:06.367   752   752 I Layer   : id=173845 removeFromCurrentState SurfaceView - com.android.chrome/org.chromium.chrome.browser.customtabs.CustomTabActivity@3a27ac@1#0 (120)
08-04 06:28:06.367   752   752 I SurfaceFlinger: id=173846 Removed SurfaceView - com.android.chrome/org.chromium.chrome.browser.customtabs.CustomTabActivity@3a27ac@1(BLAST)#0 (120)
08-04 06:28:06.367   752   752 I SurfaceFlinger: id=173847 Removed Background for SurfaceView - com.android.chrome/org.chromium.chrome.browser.customtabs.CustomTabActivity@3a27ac@1#0 (120)
08-04 06:28:06.367   752   752 I SurfaceFlinger: id=173845 Removed SurfaceView - com.android.chrome/org.chromium.chrome.browser.customtabs.CustomTabActivity@3a27ac@1#0 (120)
08-04 06:28:06.368   752   752 I Layer   : id=173845 Destroyed SurfaceView - com.android.chrome/org.chromium.chrome.browser.customtabs.CustomTabActivity@3a27ac@1#0
08-04 06:28:06.368   752   752 I Layer   : id=173847 Destroyed Background for SurfaceView - com.android.chrome/org.chromium.chrome.browser.customtabs.CustomTabActivity@3a27ac@1#0
08-04 06:28:06.368   752   752 I Layer   : id=173846 Destroyed SurfaceView - com.android.chrome/org.chromium.chrome.browser.customtabs.CustomTabActivity@3a27ac@1(BLAST)#0
08-04 06:28:06.368   752   752 I Layer   : id=173848 Destroyed com.android.chrome/ChromeNativeWindowSurface#0
08-04 06:28:06.368   752   752 I Layer   : id=173849 Destroyed com.android.chrome/ChromeChildSurface#0
08-04 06:28:06.374 19836 22300 V WindowManager: Relayout Window{d1e5015 u0 com.android.chrome/org.chromium.chrome.browser.customtabs.CustomTabActivity}: viewVisibility=8 req=1080x2408 d0
08-04 06:28:06.381 19836 22300 V WindowManager: Relayout hash=d1e5015, pid=16175: mAttrs={(0,0)(fillxfill) sim={adjust=resize} ty=BASE_APPLICATION fmt=TRANSLUCENT wanim=0x1030303 sysuil=true
08-04 06:28:06.381 19836 22300 V WindowManager:   fl=81810100
08-04 06:28:06.381 19836 22300 V WindowManager:   pfl=12020040
08-04 06:28:06.381 19836 22300 V WindowManager:   bhv=DEFAULT
08-04 06:28:06.381 19836 22300 V WindowManager:   fitSides= naviIconColor=0}
08-04 06:28:06.382   752  1238 I SurfaceFlinger: id=173844 Removed Bounds for - com.android.chrome/org.chromium.chrome.browser.customtabs.CustomTabActivity@1#0 (115)
08-04 06:28:06.387 19836 20059 D SemNscXgbMsL1: Probability - Cloud gaming: [0.016084157]
08-04 06:28:06.387 19836 20059 D SemNscXgbMsL1: Probability - Real time: [0.68698716]
08-04 06:28:06.387 19836 20059 D SemNscXgbMsL1: Probability - Non real time: [0.89337754]
08-04 06:28:06.387 19836 20059 D SemNscXgbMsL1: 1 sample inference time: 0.592346 msecs
08-04 06:28:06.388   646   646 E audit   : type=1400 audit(1659574686.381:737218): avc:  denied  { setattr } for  pid=18999 comm="CrUtilityMain" name="crl-set" dev="dm-10" ino=181106 scontext=u:r:isolated_app:s0:c512,c768 tcontext=u:object_r:app_data_file:s0:c198,c256,c512,c768 tclass=file permissive=0 SEPF_SM-A135F_12_0001 audit_filtered
08-04 06:28:06.388   646   646 E audit   : type=1300 audit(1659574686.381:737218): arch=40000028 syscall=348 per=8 success=yes exit=4294967283 a0=64 a1=0 a2=d8167ea0 a3=0 items=0 ppid=16437 pid=18999 auid=4294967295 uid=90001 gid=90001 euid=90001 suid=90001 fsuid=90001 egid=90001 sgid=90001 fsgid=90001 tty=(none) ses=4294967295 comm="CrUtilityMain" exe="/system/bin/app_process32" subj=u:r:isolated_app:s0:c512,c768 key=(null)
08-04 06:28:06.388   646   646 E audit   : type=1327 audit(1659574686.381:737218): proctitle="com.android.chrome:sandboxed_process0:org.chromium.content.app.SandboxedPro"
08-04 06:28:06.389 16175 16175 I ViewRootImpl@6011630[CustomTabActivity]: Relayout returned: old=(0,0,1080,2408) new=(0,0,1080,2408) req=(1080,2408)8 dur=11 res=0x5 s={false 0} ch=true fn=6
08-04 06:28:06.389 16175 16175 I SurfaceView@3a27ac: windowStopped(true) false android.view.SurfaceView{3a27ac V.E...... ........ 0,0-1080,2300} of ViewRootImpl@6011630[CustomTabActivity]
08-04 06:28:06.389 16175 16175 D SurfaceView@3a27ac: updateSurface: surface is not valid
08-04 06:28:06.389 19836 20059 D SemNscXgbL2Rt: L2 RT 1 sample inference time: 2.110577 msecs
08-04 06:28:06.390 19836 20059 D SemNscXgbL2Nrt: L2 NRT 1 sample inference time: 0.744269 msecs
08-04 06:28:06.390 19836 20059 I SemWifiServiceDetector: NSD results: [1, 1, 1, 0, 1, 1, 1, 2] Traff. type 2 Thr 81
08-04 06:28:06.391 16175 16175 D SurfaceView@3a27ac: updateSurface: surface is not valid
08-04 06:28:06.392   646   646 E audit   : type=1400 audit(1659574686.385:737219): avc:  denied  { setattr } for  pid=18999 comm="CrUtilityMain" name="manifest.json" dev="dm-10" ino=174993 scontext=u:r:isolated_app:s0:c512,c768 tcontext=u:object_r:app_data_file:s0:c198,c256,c512,c768 tclass=file permissive=0 SEPF_SM-A135F_12_0001 audit_filtered
08-04 06:28:06.392 19836 20062 D SemWifiOptimizer: enable=1 state=0x10 prev=0x00 new=0x10 force=0
08-04 06:28:06.395 18365 18721 D ViewRootImpl@3b94989[MainActivity]: Received frameDrawingCallback frameNum=1. Creating transactionCompleteCallback=false
08-04 06:28:06.400 18365 18575 D ViewRootImpl@3b94989[MainActivity]: Received frameCompleteCallback  lastAcquiredFrameNum=1 lastAttemptedDrawFrameNum=1
08-04 06:28:06.403 18365 18365 I ViewRootImpl@3b94989[MainActivity]: [DP] pdf(0) 1 android.view.ViewRootImpl.lambda$addFrameCompleteCallbackIfNeeded$3$ViewRootImpl:4987 android.view.ViewRootImpl$$ExternalSyntheticLambda16.run:6 android.os.Handler.handleCallback:938
08-04 06:28:06.403 18365 18365 I ViewRootImpl@3b94989[MainActivity]: [DP] rdf()
08-04 06:28:06.403 18365 18365 D ViewRootImpl@3b94989[MainActivity]: reportDrawFinished (fn: -1)
08-04 06:28:06.411 19836 19855 I SemDvfsHyPerManager: acquire hyper - AMS_RESUME_TAIL/19836@14, type = -999
08-04 06:28:06.412 19836 19855 I SemDvfsHyPerManager: acquire hyper - AMS_ACT_LAZY/19836@15, type = -999
08-04 06:28:06.412 19652 19680 I HYPER-HAL: [RequestManager.cpp]acquire(): Acquired ID : 197021189  [19836 / 14]    HINT : AMS_RESUME_TAIL    list :
08-04 06:28:06.415 19836 19851 E libperflog: [LIBPERFLOG] socket_local_client fail = -1
08-04 06:28:06.415 19836 19851 I PkgPredictorService-SecIpmManagerServiceImpl: reportToNAP uid:10292 com.example.dogglers/com.example.dogglers.MainActivity thisTime:700
08-04 06:28:06.416   752  1103 I SurfaceFlinger: id=173871 createSurf (0x0),-1 flag=24000, Surface(name=4bbb614 com.example.dogglers/com.example.dogglers.MainActivity)/@0x3209647 - animation-leash of starting_reveal#0
08-04 06:28:06.417 19652 19680 I HYPER-HAL: [RequestManager.cpp]releaseLocked(): Released ID : 197279343
08-04 06:28:06.418 19836 22763 D InputDispatcher: Focus entered window (0): 4bbb614 com.example.dogglers/com.example.dogglers.MainActivity
08-04 06:28:06.423 19836 19851 I ActivityTaskManager: Displayed com.example.dogglers/.MainActivity: +700ms
08-04 06:28:06.428   752   752 D SurfaceFlinger: Display 4633128508267670401 HWC layers:
08-04 06:28:06.428   752   752 D SurfaceFlinger:      DEVICE | 0xe8f20780 | 0102 | RGBA_8888    |    0.0    0.0 1080.0 2408.0 |    0    0 1080 2408 | com.example.dogglers/com.example.dogglers.MainActivity$_18365#0
08-04 06:28:06.428   752   752 D SurfaceFlinger:      DEVICE | 0xe53e4c00 | 0100 | RGBA_8888    |    0.0    0.0 1080.0 2408.0 |    0    0 1080 2408 | Splash Screen com.example.dogglers$_20135#0
08-04 06:28:06.428   752   752 D SurfaceFlinger:      CLIENT | 0xe8f21680 | 0100 | RGBA_8888    |    0.0    0.0 1080.0   66.0 |    0    0 1080   66 | StatusBar$_20135#0
08-04 06:28:06.428   752   752 D SurfaceFlinger:      CLIENT | 0xe8f21080 | 0100 | RGBA_8888    |    0.0    0.0  388.0   42.0 |  692 2366 1080 2408 | SGestureOverlayWindow$_20522#0
08-04 06:28:06.428   752   752 D SurfaceFlinger:      CLIENT | 0xe8f22100 | 0100 | RGBA_8888    |    0.0    0.0 1080.0  135.0 |    0 2273 1080 2408 | NavigationBar0$_20135#0
08-04 06:28:06.428   752   752 D SurfaceFlinger:      DEVICE | 0xe943ff80 | 0108 | RGBA_8888    |    0.0    0.0 1080.0 2408.0 |    0    0 1080 2408 | BlueLightFilter$_20135#0
08-04 06:28:06.428   752   752 D SurfaceFlinger:
08-04 06:28:06.431  1994  1994 E pageboostd: Received HALT command code 2
08-04 06:28:06.438 16175 16175 I ViewRootImpl@6011630[CustomTabActivity]: stopped(true) old=false
08-04 06:28:06.439 18365 18365 D InsetsSourceConsumer: ensureControlAlpha: for ITYPE_NAVIGATION_BAR on com.example.dogglers/com.example.dogglers.MainActivity
08-04 06:28:06.442 18365 18365 D InsetsSourceConsumer: ensureControlAlpha: for ITYPE_STATUS_BAR on com.example.dogglers/com.example.dogglers.MainActivity
08-04 06:28:06.446 18365 18365 D LifecycleMonitor: Lifecycle status change: androidx.test.core.app.InstrumentationActivityInvoker$BootstrapActivity@2ce9446 in: STOPPED
08-04 06:28:06.448 18365 18365 V ActivityScenario: Activity lifecycle changed event received but ignored because the intent does not match. startActivityIntent=Intent { act=android.intent.action.MAIN cat=[android.intent.category.LAUNCHER] cmp=com.example.dogglers/.MainActivity }, activity.getIntent()=Intent { act=android.intent.action.MAIN cat=[android.intent.category.LAUNCHER] flg=0x10008000 cmp=com.example.dogglers/androidx.test.core.app.InstrumentationActivityInvoker$BootstrapActivity (has extras) }, activity=androidx.test.core.app.InstrumentationActivityInvoker$BootstrapActivity@2ce9446
08-04 06:28:06.451 18365 18365 I ViewRootImpl@3b94989[MainActivity]: MSG_WINDOW_FOCUS_CHANGED 1 1
08-04 06:28:06.453 20135 20794 I ViewRootImpl@852432f[dogglers]: mWNT: t = android.view.SurfaceControl$Transaction@85b6e41 fN = 2 android.view.SyncRtSurfaceTransactionApplier.applyTransaction:94 android.view.SyncRtSurfaceTransactionApplier.lambda$scheduleApply$0$SyncRtSurfaceTransactionApplier:71 android.view.SyncRtSurfaceTransactionApplier$$ExternalSyntheticLambda0.onFrameDraw:4
08-04 06:28:06.453 20135 20794 I ViewRootImpl@852432f[dogglers]: mWNT: merge t to BBQ
08-04 06:28:06.454 20135 20794 I ViewRootImpl@852432f[dogglers]: mWNT: t = android.view.SurfaceControl$Transaction@1cbefe6 fN = 2 android.view.SyncRtSurfaceTransactionApplier.applyTransaction:94 android.view.SyncRtSurfaceTransactionApplier.lambda$scheduleApply$0$SyncRtSurfaceTransactionApplier:71 android.view.SyncRtSurfaceTransactionApplier$$ExternalSyntheticLambda0.onFrameDraw:4
08-04 06:28:06.454 20135 20794 I ViewRootImpl@852432f[dogglers]: mWNT: merge t to BBQ
08-04 06:28:06.471 20135 20795 I ViewRootImpl@852432f[dogglers]: mWNT: t = android.view.SurfaceControl$Transaction@8d16927 fN = 3 android.view.SyncRtSurfaceTransactionApplier.applyTransaction:94 android.view.SyncRtSurfaceTransactionApplier.lambda$scheduleApply$0$SyncRtSurfaceTransactionApplier:71 android.view.SyncRtSurfaceTransactionApplier$$ExternalSyntheticLambda0.onFrameDraw:4
08-04 06:28:06.471 20135 20795 I ViewRootImpl@852432f[dogglers]: mWNT: merge t to BBQ
08-04 06:28:06.485 18365 18365 D InputMethodManager: startInputInner - Id : 0
08-04 06:28:06.485 18365 18365 I InputMethodManager: startInputInner - mService.startInputOrWindowGainedFocus
08-04 06:28:06.491 18999 19045 I chromium: [INFO:child_process_service.cc(69)] ChildProcessService: Exiting child process.
08-04 06:28:06.492 19836 20362 D InputMethodManagerService: mDesktopModeManager null!
08-04 06:28:06.492 20135 20794 I ViewRootImpl@852432f[dogglers]: mWNT: t = android.view.SurfaceControl$Transaction@a5dd7d4 fN = 4 android.view.SyncRtSurfaceTransactionApplier.applyTransaction:94 android.view.SyncRtSurfaceTransactionApplier.lambda$scheduleApply$0$SyncRtSurfaceTransactionApplier:71 android.view.SyncRtSurfaceTransactionApplier$$ExternalSyntheticLambda0.onFrameDraw:4
08-04 06:28:06.492 19836 20362 V InputMethodManagerService: getDisplayIdOfInputMethodWindowToBeAdded : 0
08-04 06:28:06.492 20135 20794 I ViewRootImpl@852432f[dogglers]: mWNT: merge t to BBQ
08-04 06:28:06.493 19836 20362 D InputMethodManagerService: checkDisplayOfStartInputAndUpdateKeyboard display Id 0last 0
08-04 06:28:06.493 19836 20362 D InputTransport: Input channel constructed: 'ClientS', fd=849
08-04 06:28:06.494 19836 20362 D InputTransport: Input channel destroyed: 'ClientS', fd=849
08-04 06:28:06.498 28133 28133 I HBD     : HoneyBoardService onFinishInput
08-04 06:28:06.499 28133 28133 I HBD     : a IC have been unbinding,  InputConnectionWrapper{idHash=#13306b4 mMissingMethods=}
08-04 06:28:06.499 28133 28133 I HBD     : HoneyBoardService [PF_CL][onFinishInput]  999462 ns
08-04 06:28:06.500 28133 28133 I HBD     : HoneyBoardService [IMI] onStartInput - caller pid : 18365 , caller uid : 10292
08-04 06:28:06.500 28133 28133 I HBD     : j updateConfigs
08-04 06:28:06.500 28133 28133 I HBD     : j isEnabledNightMode : true
08-04 06:28:06.501 28133 28133 I HBD     : a IC have been binding, InputConnectionWrapper{idHash=#9ba1e52 mMissingMethods=}
08-04 06:28:06.501 28133 28133 I HBD     : h [EditorInputType]setPrivateImeOptionsToTable privateImeOptions ( null )
08-04 06:28:06.501 28133 28133 I HBD     : b incognitoMode : false
08-04 06:28:06.501 28133 28133 I HBD     : a needOff = true , isForceOff = false, isNullInputClass : true
08-04 06:28:06.502 28133 28133 I HBD     : h getDefaultInputRange : UNKNOWN
08-04 06:28:06.502 28133 28133 I HBD     : h getDefaultInputRange : UNKNOWN
08-04 06:28:06.502 28133 28133 I HBD     : h getDefaultInputRange : UNKNOWN
08-04 06:28:06.503   752   918 I SurfaceFlinger: id=173872 createSurf (0x0),-1 flag=24004, Surface(name=a73f97f InputMethod)/@0x1e1d195 - animation-leash of insets_animation#1
08-04 06:28:06.509 20135 20316 D OpenGLRenderer: setSurface called with nullptr
08-04 06:28:06.509 20135 20316 D OpenGLRenderer: setSurface() destroyed EGLSurface
08-04 06:28:06.510 20135 20316 D OpenGLRenderer: destroyEglSurface
08-04 06:28:06.512 18365 18365 I ViewInteraction: Performing 'single click' action on view view.getId() is <2131230947/com.example.dogglers:id/horizontal_btn>
08-04 06:28:06.517   752   752 I Layer   : id=173853 removeFromCurrentState Surface(name=a73f97f InputMethod)/@0x1e1d195 - animation-leash of insets_animation#0 (117)
08-04 06:28:06.520 19836 21808 D PackageManager: setEnabledSetting : userId = 0 packageName = com.google.android.youtube cmp = androidx.work.impl.background.systemjob.SystemJobService newState = 1 callingPackage = 10203/com.google.android.youtube
08-04 06:28:06.522 28133 28133 I HBD     : h getDefaultInputRange : UNKNOWN
08-04 06:28:06.522 28133 28133 I HBD     : a currentState : 0
08-04 06:28:06.525 19836 19866 I libprocessgroup: Successfully killed process cgroup uid 90001 pid 18999 in 0ms
08-04 06:28:06.533 19836 21808 D InputDispatcher: Inject motion (18365): action=0x0, time=952607813000000, f=0x0, d=0
08-04 06:28:06.533 19836 19965 I InputDispatcher: Delivering touch to (20135): action: 0x4, f=0x0, d=0, 'e75ea59', t=0
08-04 06:28:06.534 19836 19965 I InputDispatcher: Delivering touch to (18365): action: 0x0, f=0x0, d=0, '4bbb614', t=0 +(0,-2)
08-04 06:28:06.537 18365 18365 I ViewRootImpl@3b94989[MainActivity]: ViewPostIme pointer 0
08-04 06:28:06.539 19836 20362 V WindowManager: Relayout Window{56b8c1d u0 Splash Screen com.example.dogglers}: viewVisibility=8 req=1080x2408 d0
08-04 06:28:06.540 20522 20522 W TouchInteractionService: onInputEvent, inputConsumer = com.android.quickstep.-$$Lambda$InputConsumer$cayMJybMMyH-XvJ76yEWjWeqQUo@721c009
08-04 06:28:06.544   752   918 I SurfaceFlinger: id=173873 createSurf (0x0),-1 flag=24000, Surface(name=56b8c1d Splash Screen com.example.dogglers)/@0x9dc9e - animation-leash of window_animation#0
08-04 06:28:06.557 28133 28133 I HBD     : h load selected json path : /data/user/0/com.samsung.android.honeyboard/files/selected.json
08-04 06:28:06.557 28133 28133 I HBD     : h load selected json info : {"version":"4.1","currentLanguageOrder":0,"selected":[{"activeOptionList":["auto_spacing"],"engName":"English(India)","id":65555,"inputType":"qwerty","isUsed":true}]}
08-04 06:28:06.559 16175 16175 D ConnectivityManager: StackLog: [android.net.ConnectivityManager.unregisterNetworkCallback(ConnectivityManager.java:4797)] [org.chromium.net.a.f(chromium-TrichromeChromeGoogle.aab-stable-506012930:437)] [rH2.p(chromium-TrichromeChromeGoogle.aab-stable-506012930:860)] [org.chromium.base.ApplicationStatus.a(chromium-TrichromeChromeGoogle.aab-stable-506012930:410)] [ch.onActivityStopped(chromium-TrichromeChromeGoogle.aab-stable-506012930:295)] [android.app.Application.dispatchActivityStopped(Application.java:495)] [android.app.Activity.dispatchActivityStopped(Activity.java:1503)] [android.app.Activity.onStop(Activity.java:2686)] [AV0.onStop(chromium-TrichromeChromeGoogle.aab-stable-506012930:369)] [androidx.appcompat.app.a.onStop(chromium-TrichromeChromeGoogle.aab-stable-506012930:252)] [Un.onStop(chromium-TrichromeChromeGoogle.aab-stable-506012930:529)] [org.chromium.chrome.browser.app.ChromeActivity.onStop(chromium-TrichromeChromeGoogle.aab-stable-506012930:1432)] [android.app.Instrumentation.callActivityOnStop(Instrumentation.java:1496)] [android.app.Activity.performStop(Activity.java:8536)] [android.app.ActivityThread.callActivityOnStop(ActivityThread.java:5705)] [android.app.ActivityThread.performStopActivityInner(ActivityThread.java:5649)] [android.app.ActivityThread.handleStopActivity(ActivityThread.java:5750)] [android.app.servertransaction.StopActivityItem.execute(StopActivityItem.java:43)] [android.app.servertransaction.ActivityTransactionItem.execute(ActivityTransactionItem.java:45)] [android.app.servertransaction.TransactionExecutor.executeLifecycleState(TransactionExecutor.java:176)] [android.app.servertransaction.TransactionExecutor.execute(TransactionExecutor.java:97)] [android.app.ActivityThread$H.handleMessage(ActivityThread.java:2438)]
08-04 06:28:06.559 28133 28133 I HBD     : a [UpdatePolicy] [post] a: 0 cl: 65555 kit: [0/0] vt: 0 ir: 1
08-04 06:28:06.562 16175 16175 D ConnectivityManager: StackLog: [android.net.ConnectivityManager.unregisterNetworkCallback(ConnectivityManager.java:4797)] [org.chromium.net.a.f(chromium-TrichromeChromeGoogle.aab-stable-506012930:437)] [rH2.p(chromium-TrichromeChromeGoogle.aab-stable-506012930:860)] [org.chromium.base.ApplicationStatus.a(chromium-TrichromeChromeGoogle.aab-stable-506012930:410)] [ch.onActivityStopped(chromium-TrichromeChromeGoogle.aab-stable-506012930:295)] [android.app.Application.dispatchActivityStopped(Application.java:495)] [android.app.Activity.dispatchActivityStopped(Activity.java:1503)] [android.app.Activity.onStop(Activity.java:2686)] [AV0.onStop(chromium-TrichromeChromeGoogle.aab-stable-506012930:369)] [androidx.appcompat.app.a.onStop(chromium-TrichromeChromeGoogle.aab-stable-506012930:252)] [Un.onStop(chromium-TrichromeChromeGoogle.aab-stable-506012930:529)] [org.chromium.chrome.browser.app.ChromeActivity.onStop(chromium-TrichromeChromeGoogle.aab-stable-506012930:1432)] [android.app.Instrumentation.callActivityOnStop(Instrumentation.java:1496)] [android.app.Activity.performStop(Activity.java:8536)] [android.app.ActivityThread.callActivityOnStop(ActivityThread.java:5705)] [android.app.ActivityThread.performStopActivityInner(ActivityThread.java:5649)] [android.app.ActivityThread.handleStopActivity(ActivityThread.java:5750)] [android.app.servertransaction.StopActivityItem.execute(StopActivityItem.java:43)] [android.app.servertransaction.ActivityTransactionItem.execute(ActivityTransactionItem.java:45)] [android.app.servertransaction.TransactionExecutor.executeLifecycleState(TransactionExecutor.java:176)] [android.app.servertransaction.TransactionExecutor.execute(TransactionExecutor.java:97)] [android.app.ActivityThread$H.handleMessage(ActivityThread.java:2438)]
08-04 06:28:06.562 19836 20362 V WindowManager: Relayout hash=56b8c1d, pid=20135: mAttrs={(0,0)(fillxfill) sim={adjust=pan} ty=APPLICATION_STARTING fmt=TRANSLUCENT wanim=0x1030001
08-04 06:28:06.562 19836 20362 V WindowManager:   fl=81030118
08-04 06:28:06.562 19836 20362 V WindowManager:   pfl=36000010
08-04 06:28:06.562 19836 20362 V WindowManager:   bhv=DEFAULT
08-04 06:28:06.562 19836 20362 V WindowManager:   fitSides= naviIconColor=0}
08-04 06:28:06.564 19836 20005 D ConnectivityService:  Removing from current network [105 WIFI], leaving 140 requests.
08-04 06:28:06.564 20135 20264 I ViewRootImpl@852432f[dogglers]: Relayout returned: old=(0,0,1080,2408) new=(0,0,1080,2408) req=(1080,2408)8 dur=32 res=0x5 s={false 0} ch=true fn=5
08-04 06:28:06.564 20135 20264 I ViewRootImpl@852432f[dogglers]: dispatchDetachedFromWindow
08-04 06:28:06.565   334   334 I lmkd    : cached 0, sandbox(not0) 0
08-04 06:28:06.565 19836 20362 D InputTransport: Input channel destroyed: '56b8c1d', fd=684
08-04 06:28:06.566 19836 20362 W InputManager-JNI: Input channel object '56b8c1d Splash Screen com.example.dogglers (client)' was disposed without first being removed with the input manager!
08-04 06:28:06.566 19836 20362 D InputTransport: Input channel destroyed: '56b8c1d', fd=699
08-04 06:28:06.571 19836 19978 D InputMethodManagerServicePhysicalKey: isConnectedDexOnPC false
08-04 06:28:06.571   334   334 I lmkd    : Reclaim 'com.google.process.gservices' (18610), uid 1010187, oom_score_adj 905, state 19 to free 22064kB rss, 37356kB swap; reason: low watermark is breached and swap is low (2941544kB < 4110412kB)
08-04 06:28:06.572 20135 20264 D InputTransport: Input channel destroyed: '56b8c1d', fd=181
08-04 06:28:06.573 16175 16175 I cr_tabmodel: Appending tabs being restored to metadata lists, 0, startingNormalCount: 1, startingIncognitoCount: 0
08-04 06:28:06.573 16175 16175 I cr_tabmodel: Serializing tab lists; counts: 1, 0
08-04 06:28:06.581 19836 19978 D InputMethodManagerService: isImeSwitcherDisabledPackage : false
08-04 06:28:06.583   752   752 I Layer   : id=173871 removeFromCurrentState Surface(name=4bbb614 com.example.dogglers/com.example.dogglers.MainActivity)/@0x3209647 - animation-leash of starting_reveal#0 (118)
08-04 06:28:06.602 19836 19852 I GestureDetector: obtain mCurrentDownEvent. id: -1023409576 caller: com.android.server.wm.SystemGesturesPointerEventListener.onPointerEvent:179 com.android.server.wm.PointerEventDispatcher.onInputEvent:71 android.view.InputEventReceiver.dispatchInputEvent:259
08-04 06:28:06.603 19836 19852 I GestureDetector: obtain mCurrentDownEvent. id: -1023409576 caller: com.android.server.wm.SystemPerformancePointerEventListener.onPointerEvent:89 com.android.server.wm.PointerEventDispatcher.onInputEvent:71 android.view.InputEventReceiver.dispatchInputEvent:259
08-04 06:28:06.613 19640 19640 I Zygote  : Process 18610 exited due to signal 9 (Killed)
08-04 06:28:06.617   752   752 I Layer   : id=173858 removeFromCurrentState Splash Screen com.example.dogglers$_20135#0 (118)
08-04 06:28:06.621 16437 16437 I Zygote  : Process 18999 exited cleanly (0)
08-04 06:28:06.623   752   752 D SurfaceFlinger: Display 4633128508267670401 HWC layers:
08-04 06:28:06.623   752   752 D SurfaceFlinger:      DEVICE | 0xe8f22e80 | 0102 | RGBA_8888    |    0.0    0.0 1080.0 2408.0 |    0    0 1080 2408 | com.example.dogglers/com.example.dogglers.MainActivity$_18365#0
08-04 06:28:06.623   752   752 D SurfaceFlinger:      DEVICE | 0xe8f21680 | 0100 | RGBA_8888    |    0.0    0.0 1080.0   66.0 |    0    0 1080   66 | StatusBar$_20135#0
08-04 06:28:06.623   752   752 D SurfaceFlinger:      CLIENT | 0xe8f21080 | 0100 | RGBA_8888    |    0.0    0.0  388.0   42.0 |  692 2366 1080 2408 | SGestureOverlayWindow$_20522#0
08-04 06:28:06.623   752   752 D SurfaceFlinger:      CLIENT | 0xe8f22100 | 0100 | RGBA_8888    |    0.0    0.0 1080.0  135.0 |    0 2273 1080 2408 | NavigationBar0$_20135#0
08-04 06:28:06.623   752   752 D SurfaceFlinger:      DEVICE | 0xe943ff80 | 0108 | RGBA_8888    |    0.0    0.0 1080.0 2408.0 |    0    0 1080 2408 | BlueLightFilter$_20135#0
08-04 06:28:06.623   752   752 D SurfaceFlinger:
08-04 06:28:06.633   752   752 I Layer   : id=173857 removeFromCurrentState 56b8c1d Splash Screen com.example.dogglers#0 (118)
08-04 06:28:06.633   752   752 I Layer   : id=173873 removeFromCurrentState Surface(name=56b8c1d Splash Screen com.example.dogglers)/@0x9dc9e - animation-leash of window_animation#0 (118)
08-04 06:28:06.634   752   752 I SurfaceFlinger: id=173857 Removed 56b8c1d Splash Screen com.example.dogglers#0 (118)
08-04 06:28:06.634   752   752 I SurfaceFlinger: id=173873 Removed Surface(name=56b8c1d Splash Screen com.example.dogglers)/@0x9dc9e - animation-leash of window_animation#0 (118)
08-04 06:28:06.634   752   752 I SurfaceFlinger: id=173858 Removed Splash Screen com.example.dogglers$_20135#0 (118)
08-04 06:28:06.634   752   752 I Layer   : id=173858 Destroyed Splash Screen com.example.dogglers$_20135#0
08-04 06:28:06.634   752   752 I Layer   : id=173873 Destroyed Surface(name=56b8c1d Splash Screen com.example.dogglers)/@0x9dc9e - animation-leash of window_animation#0
08-04 06:28:06.634   752   752 I Layer   : id=173857 Destroyed 56b8c1d Splash Screen com.example.dogglers#0
08-04 06:28:06.657 19836 20737 D InputDispatcher: Inject motion (18365): action=0x1, time=952607939000000, f=0x0, d=0
08-04 06:28:06.657 19836 19965 I InputDispatcher: Delivering touch to (18365): action: 0x1, f=0x0, d=0, '4bbb614', t=1
08-04 06:28:06.658 20522 20522 W TouchInteractionService: reset
08-04 06:28:06.660 19836 19852 I GestureDetector: obtain mCurrentMotionEventRaw. action: 1 id: -162836434
08-04 06:28:06.662 19836 19852 I GestureDetector: obtain mCurrentMotionEventRaw. action: 1 id: -162836434
08-04 06:28:06.669 19724 20053 I bauth_FPBAuthService: pcf : 0x1012, 0 ,2 ,0 ,0 ,0 ,2, 0.0.0.0
08-04 06:28:06.669 19724 20053 I bauth_FPBAuthService: thread id : 2, preenroll_flag : 0, nd cnt : 1, cso : 3, et : 0
08-04 06:28:06.669 19724 20053 I bauth_FPBAuthService: FPBAuthService, 11756
08-04 06:28:06.677 28133 28133 I HBD     : HoneyBoardService [PF_OP][onStartInput]  177809808 ns
08-04 06:28:06.679 18839 18959 W android.youtub: Long monitor contention with owner BG Thread #3 (18911) at qqm qqd.a()(PG:3) waiters=0 in ymr qqd.c() for 790ms
08-04 06:28:06.680 18839 18891 W android.youtub: Long monitor contention with owner BG Thread #3 (18911) at qqm qqd.a()(PG:3) waiters=1 in ymr qqd.c() for 373ms
08-04 06:28:06.680 18365 18365 I ViewRootImpl@3b94989[MainActivity]: ViewPostIme pointer 1
08-04 06:28:06.703 19836 22763 I SemDvfsHyPerManager: acquire hyper - AMS_ACT_START/19836@12, type = -999
08-04 06:28:06.704 19652 19680 I HYPER-HAL: [RequestManager.cpp]acquire(): Acquired ID : 196981488  [19836 / 12]    HINT : AMS_ACT_START    list :
08-04 06:28:06.706   752   918 I SurfaceFlinger: id=173874 createSurf (0x0),-1 flag=80004, ActivityRecord{ba6ddc5 u0 com.example.dogglers/.HorizontalListActivity t84}#0
08-04 06:28:06.707 16175 16175 W chromium: [WARNING:compositor_view.cc(341)] Child process died (type=6) pid=18999)
08-04 06:28:06.721   334   334 I lmkd    : cached 0, sandbox(not0) 0
08-04 06:28:06.729 18365 18365 D LifecycleMonitor: Lifecycle status change: com.example.dogglers.MainActivity@d8184cc in: PAUSED
08-04 06:28:06.731 18365 18365 V ActivityScenario: Update currentActivityStage to PAUSED, currentActivity=com.example.dogglers.MainActivity@d8184cc
08-04 06:28:06.741 19836 22763 D InputDispatcher: Focused application set to (0): ba6ddc5
08-04 06:28:06.767 19836 19866 I libprocessgroup: Successfully killed process cgroup uid 1010187 pid 18610 in 0ms
08-04 06:28:06.772 19836 20321 D InputDispatcher: Focus left window (0): 4bbb614 com.example.dogglers/com.example.dogglers.MainActivity
08-04 06:28:06.781  9000  9000 I [+5]oneconnect[1.7.86.21_01][CORE]: QcApplication.onTrimMemory - ************** lvl=5 elapsed=1ms
08-04 06:28:06.783 20135 20135 D SystemUIService: SYSUI_RAM_OPTIMIZATION onTrimMemory=5
08-04 06:28:06.783 20135 20135 D StatusBar: SYSUI_RAM_OPTIMIZATION onTrimMemory=5
08-04 06:28:06.785 21303 21303 W DeviceManager_FLP: onTrimMemory : 5
08-04 06:28:06.786 21303 21365 I GpsSessionManager_FLP: arrangeInvalidSessions
08-04 06:28:06.788 18365 18365 D LifecycleMonitor: Lifecycle status change: com.example.dogglers.HorizontalListActivity@15072f0 in: PRE_ON_CREATE
08-04 06:28:06.790 19836 29801 D OpenGLRenderer: trimMemory(TRIM_MEMORY_COMPLETE)::destroyRenderingContext
08-04 06:28:06.790 19836 29801 D OpenGLRenderer: RenderThread::destroyRenderingContext()
08-04 06:28:06.790 19836 29801 D OpenGLRenderer: RenderThread::setGrContext()
08-04 06:28:06.791 18365 18365 V ActivityScenario: Activity lifecycle changed event received but ignored because the intent does not match. startActivityIntent=Intent { act=android.intent.action.MAIN cat=[android.intent.category.LAUNCHER] cmp=com.example.dogglers/.MainActivity }, activity.getIntent()=Intent { cmp=com.example.dogglers/.HorizontalListActivity }, activity=com.example.dogglers.HorizontalListActivity@15072f0
08-04 06:28:06.805 19836 19854 I SemPersonaManager: SecureFolder personaId = 10
08-04 06:28:06.821 19836 19854 D EnterpriseDeviceManagerService: isMdmAdminPresentInternal() : MDM Admin Found - com.samsung.android.knox.containercore
08-04 06:28:06.823 19836 21401 I MediaSessionMonitor: Media session stopped : controllerList empty
08-04 06:28:06.836   334   334 I lmkd    : 1(delay),0(swap), 8(freelimit) memory pressure events were skipped after a kill!
08-04 06:28:06.836   334   334 I lmkd    : cached 0, sandbox(not0) 0
08-04 06:28:06.843 16175 16175 D InputTransport: Input channel destroyed: 'ClientS', fd=228
08-04 06:28:06.843   752   918 I SurfaceFlinger: id=173853 Removed Surface(name=a73f97f InputMethod)/@0x1e1d195 - animation-leash of insets_animation#0 (116)
08-04 06:28:06.848 19012 19012 W gle.android.gm: JIT profile information will not be recorded: profile file does not exist.
08-04 06:28:06.849 20522 20560 I RecentModel: onTaskStackChangedBackground
08-04 06:28:06.849 19012 19012 W gle.android.gm: JIT profile information will not be recorded: profile file does not exist.
08-04 06:28:06.850   752   752 I Layer   : id=173853 Destroyed Surface(name=a73f97f InputMethod)/@0x1e1d195 - animation-leash of insets_animation#0
08-04 06:28:06.850 16175 16175 D SurfaceView@3a27ac: updateSurface: surface is not valid
08-04 06:28:06.853 19836 19852 I GestureDetector: handleMessage TAP
08-04 06:28:06.864 19652 19056 I HYPER-HAL: [RequestManager.cpp]releaseLocked(): Released ID : 197021189
08-04 06:28:06.870 19012 19012 V GraphicsEnvironment: ANGLE Developer option for 'com.google.android.gms' set to: 'default'
08-04 06:28:06.870 19012 19012 V GraphicsEnvironment: Neither updatable production driver nor prerelease driver is supported.
08-04 06:28:06.874 16175 16431 I cr_BindingManager: onTrimMemory: level=20, size=0
08-04 06:28:06.874 16175 16431 I cr_BindingManager: onTrimMemory: level=40, size=0
08-04 06:28:06.875 19012 19012 D NetworkSecurityConfig: Using Network Security Config from resource network_security_config debugBuild: false
08-04 06:28:06.883   752   752 I Layer   : id=173841 removeFromCurrentState com.android.chrome/org.chromium.chrome.browser.customtabs.CustomTabActivity$_16175#0 (115)
08-04 06:28:06.883   752   752 I Layer   : id=173844 removeFromCurrentState Bounds for - com.android.chrome/org.chromium.chrome.browser.customtabs.CustomTabActivity@1#0 (115)
08-04 06:28:06.884   752  1103 I SurfaceFlinger: id=173841 Removed com.android.chrome/org.chromium.chrome.browser.customtabs.CustomTabActivity$_16175#0 (115)
08-04 06:28:06.886 18365 18365 I DecorView: [INFO] isPopOver=false, config=true
08-04 06:28:06.887 18365 18365 I DecorView: updateCaptionType >> DecorView@15c19c6[], isFloating=false, isApplication=true, hasWindowControllerCallback=true, hasWindowDecorCaption=false
08-04 06:28:06.887 18365 18365 D DecorView: setCaptionType = 0, this = DecorView@15c19c6[]
08-04 06:28:06.889 19012 19012 D NetworkSecurityConfig: Using Network Security Config from resource network_security_config debugBuild: false
08-04 06:28:06.892 18365 18365 I DecorView: getCurrentDensityDpi: from real metrics. densityDpi=450 msg=resources_loaded
08-04 06:28:06.894 19836 20059 D SemNscXgbMsL1: Probability - Cloud gaming: [0.018458663]
08-04 06:28:06.894 19836 20059 D SemNscXgbMsL1: Probability - Real time: [0.7794227]
08-04 06:28:06.894 19836 20059 D SemNscXgbMsL1: Probability - Non real time: [0.95679027]
08-04 06:28:06.894 19836 20059 D SemNscXgbMsL1: 1 sample inference time: 1.071654 msecs
08-04 06:28:06.896 19836 20059 D SemNscXgbL2Rt: L2 RT 1 sample inference time: 1.7985 msecs
08-04 06:28:06.898 19836 20059 D SemNscXgbL2Nrt: L2 NRT 1 sample inference time: 1.432847 msecs
08-04 06:28:06.900   752   752 I Layer   : id=173841 Destroyed com.android.chrome/org.chromium.chrome.browser.customtabs.CustomTabActivity$_16175#0
08-04 06:28:06.900   752   752 I Layer   : id=173844 Destroyed Bounds for - com.android.chrome/org.chromium.chrome.browser.customtabs.CustomTabActivity@1#0
08-04 06:28:06.903 19836 19836 I GestureDetector: handleMessage TAP
08-04 06:28:06.947 21303 21365 I RequestManager_FLP: onOpChanged, op=0 / packageName=com.android.chrome
08-04 06:28:06.950   334   334 I lmkd    : 1(delay),0(swap), 0(freelimit) memory pressure events were skipped after a kill!
08-04 06:28:06.951   334   334 I lmkd    : cached 0, sandbox(not0) 0
08-04 06:28:06.954 18365 18365 D LifecycleMonitor: Lifecycle status change: com.example.dogglers.HorizontalListActivity@15072f0 in: CREATED
08-04 06:28:06.957 18365 18365 V ActivityScenario: Activity lifecycle changed event received but ignored because the intent does not match. startActivityIntent=Intent { act=android.intent.action.MAIN cat=[android.intent.category.LAUNCHER] cmp=com.example.dogglers/.MainActivity }, activity.getIntent()=Intent { cmp=com.example.dogglers/.HorizontalListActivity }, activity=com.example.dogglers.HorizontalListActivity@15072f0
08-04 06:28:06.961 18365 18365 D LifecycleMonitor: Lifecycle status change: com.example.dogglers.HorizontalListActivity@15072f0 in: STARTED
08-04 06:28:06.964 18365 18365 V ActivityScenario: Activity lifecycle changed event received but ignored because the intent does not match. startActivityIntent=Intent { act=android.intent.action.MAIN cat=[android.intent.category.LAUNCHER] cmp=com.example.dogglers/.MainActivity }, activity.getIntent()=Intent { cmp=com.example.dogglers/.HorizontalListActivity }, activity=com.example.dogglers.HorizontalListActivity@15072f0
08-04 06:28:06.967 18365 18365 D LifecycleMonitor: Lifecycle status change: com.example.dogglers.HorizontalListActivity@15072f0 in: RESUMED
08-04 06:28:06.969 18365 18365 V ActivityScenario: Activity lifecycle changed event received but ignored because the intent does not match. startActivityIntent=Intent { act=android.intent.action.MAIN cat=[android.intent.category.LAUNCHER] cmp=com.example.dogglers/.MainActivity }, activity.getIntent()=Intent { cmp=com.example.dogglers/.HorizontalListActivity }, activity=com.example.dogglers.HorizontalListActivity@15072f0
08-04 06:28:06.979 19836 20737 D InputTransport: Input channel constructed: '3bc6358', fd=708
08-04 06:28:06.979 19836 20737 D InputTransport: Input channel constructed: '3bc6358', fd=842
08-04 06:28:06.980 19836 20737 D InputTransport: Input channel constructed: '3bc6358', fd=849
08-04 06:28:06.980   752  1238 I SurfaceFlinger: id=173875 createSurf (0x0),-1 flag=80004, 3bc6358 com.example.dogglers/com.example.dogglers.HorizontalListActivity#0
08-04 06:28:06.982 19836 20737 D InputTransport: Input channel destroyed: '3bc6358', fd=849
08-04 06:28:06.985 18365 18365 I ViewRootImpl@f92d677[HorizontalListActivity]: setView = com.android.internal.policy.DecorView@15c19c6 TM=true
08-04 06:28:06.987 19640 19640 W Zygote  : forkRepeatedly terminated due to non-simple command
08-04 06:28:06.987 19640 19640 D Zygote  : mbuffer starts with 17, nice name is , mEnd = 938, mNext = 35, mLinesLeft = 15, mFd = 57
08-04 06:28:06.987 19836 19894 D AnalyticsContainerHandler: handleMessage : { when=0 what=1 target=com.android.server.knox.KnoxAnalyticsContainer$AnalyticsHandler }
08-04 06:28:07.010 19640 19640 D Zygote  : Forked child process 19075
08-04 06:28:07.014 18709 18709 I Finsky  : [2] nwh.onTrimMemory(1): Memory trim requested to level 5
08-04 06:28:07.019 18839 18850 W android.youtub: Suspending all threads took: 40.732ms
08-04 06:28:07.025 18709 18709 I Finsky  : [2] lal.C(3): Installer: Attempting to start installer
08-04 06:28:07.035 18709 18709 I Finsky  : [2] adwk.c(2): registerListener
08-04 06:28:07.051 19075 19075 E ocess.gservice: Not starting debugger since process cannot load the jdwp agent.
08-04 06:28:07.053 18709 18709 I Finsky  : [2] lit.<init>(19): Initializing pausers from value store.
08-04 06:28:07.054 18709 18709 I Finsky  : [2] lit.<init>(22): Get the following callers from value store [].
08-04 06:28:07.055 18709 18709 I Finsky  : [2] nwh.onTrimMemory(1): Memory trim requested to level 5
08-04 06:28:07.057 18709 18709 I Finsky  : [2] hds.onSubscriptionsChanged(1): onSubscriptionsChanged
08-04 06:28:07.061 18709 18709 I Finsky  : [2] lal.S(1): Installer: Installer kick - no action, not running yet
08-04 06:28:07.061   334   334 I lmkd    : 1(delay),0(swap), 0(freelimit) memory pressure events were skipped after a kill!
08-04 06:28:07.061   334   334 I lmkd    : cached 0, sandbox(not0) 0
08-04 06:28:07.064 19075 19075 E USNET   : USNET: appName: com.google.process.gservices
08-04 06:28:07.066 19075 19075 D ProcessState: Binder ioctl to enable oneway spam detection failed: Invalid argument
08-04 06:28:07.078 18709 18709 I Finsky  : [2] nwh.onTrimMemory(1): Memory trim requested to level 60
08-04 06:28:07.078 18709 18709 I Finsky  : [2] lio.accept(9): Flushing in-memory image cache
08-04 06:28:07.082 19075 19075 D ActivityThread: setConscryptValidator
08-04 06:28:07.082 19075 19075 D ActivityThread: setConscryptValidator - put
08-04 06:28:07.122 19836 20157 V WindowManager: Relayout Window{3bc6358 u0 com.example.dogglers/com.example.dogglers.HorizontalListActivity}: viewVisibility=0 req=1080x2408 d0
08-04 06:28:07.123   752  1238 I SurfaceFlinger: id=173876 createSurf (1x1),-3 flag=40004, com.example.dogglers/com.example.dogglers.HorizontalListActivity$_18365#0
08-04 06:28:07.130   752  1238 I SurfaceFlinger: id=173877 createSurf (0x0),-1 flag=24000, Surface(name=ac392f8 StatusBar)/@0x2bc773f - animation-leash of insets_animation#1
08-04 06:28:07.131   752  1238 I SurfaceFlinger: id=173878 createSurf (0x0),-1 flag=24000, Surface(name=e75ea59 NavigationBar0)/@0x799bb6a - animation-leash of insets_animation#0
08-04 06:28:07.135 19836 20157 V WindowManager: Relayout hash=3bc6358, pid=18365: mAttrs={(0,0)(fillxfill) sim={adjust=resize forwardNavigation} ty=BASE_APPLICATION wanim=0x1030303
08-04 06:28:07.135 19836 20157 V WindowManager:   fl=81810100
08-04 06:28:07.135 19836 20157 V WindowManager:   pfl=12020040
08-04 06:28:07.135 19836 20157 V WindowManager:   bhv=DEFAULT
08-04 06:28:07.135 19836 20157 V WindowManager:   fitSides= naviIconColor=0}
08-04 06:28:07.139 19075 19075 D CompatibilityChangeReporter: Compat change id reported: 171979766; UID 1010187; state: ENABLED
08-04 06:28:07.141 18365 18365 I ViewRootImpl@f92d677[HorizontalListActivity]: Relayout returned: old=(0,0,1080,2408) new=(0,0,1080,2408) req=(1080,2408)0 dur=17 res=0x7 s={true 3056972800} ch=true fn=-1
08-04 06:28:07.144 18365 18575 D OpenGLRenderer: eglCreateWindowSurface
08-04 06:28:07.150 19836 19845 I system_server: NativeAlloc concurrent copying GC freed 347282(17MB) AllocSpace objects, 20(760KB) LOS objects, 13% free, 75MB/87MB, paused 355us,361us total 707.712ms
08-04 06:28:07.155 18709 18863 I Finsky  : [1402] rtb.accept(46): SCH: Scheduling phonesky job Id: 1-1337, CT: 1659563049828, Constraints: [{ L: 41656671, D: 84856671, C: 1, I: 1, N: 1 }]
08-04 06:28:07.156 18709 18863 I Finsky  : [1402] rtb.accept(46): SCH: Scheduling phonesky job Id: 3-9632, CT: 1659574626411, Constraints: [{ L: 0, D: 86400000, C: 2, I: 2, N: 2 }]
08-04 06:28:07.157 19836 19847 W System  : A resource failed to call close.
08-04 06:28:07.158 18365 18365 I ViewRootImpl@f92d677[HorizontalListActivity]: [DP] dp(1) 1 android.view.ViewRootImpl.reportNextDraw:11410 android.view.ViewRootImpl.performTraversals:4185 android.view.ViewRootImpl.doTraversal:2911
08-04 06:28:07.158 18365 18365 D ViewRootImpl@f92d677[HorizontalListActivity]: Creating frameDrawingCallback nextDrawUseBlastSync=false reportNextDraw=true hasBlurUpdates=false
08-04 06:28:07.158 18365 18365 D ViewRootImpl@f92d677[HorizontalListActivity]: Creating frameCompleteCallback
08-04 06:28:07.161 19836 19847 W System  : A resource failed to call close.
08-04 06:28:07.163 19836 19847 W System  : A resource failed to call release.
08-04 06:28:07.163 19836 19847 W System  : A resource failed to call end.
08-04 06:28:07.166   752   752 I Layer   : id=173869 removeFromCurrentState Surface(name=ac392f8 StatusBar)/@0x2bc773f - animation-leash of insets_animation#0 (117)
08-04 06:28:07.166   752   752 I Layer   : id=173870 removeFromCurrentState Surface(name=e75ea59 NavigationBar0)/@0x799bb6a - animation-leash of insets_animation#1 (117)
08-04 06:28:07.167 16437 16437 D Zygote  : Forked child process 19098
08-04 06:28:07.168 19836 21808 D InputDispatcher: Focus request (0): 3bc6358 com.example.dogglers/com.example.dogglers.HorizontalListActivity but waiting because NOT_VISIBLE
08-04 06:28:07.173   334   334 I lmkd    : 1(delay),0(swap), 0(freelimit) memory pressure events were skipped after a kill!
08-04 06:28:07.174   334   334 I lmkd    : cached 0, sandbox(not0) 0
08-04 06:28:07.177   334   334 E libprocessgroup: set_timerslack_ns write failed: No such process
08-04 06:28:07.183 18365 18720 D ViewRootImpl@f92d677[HorizontalListActivity]: Received frameDrawingCallback frameNum=1. Creating transactionCompleteCallback=false
08-04 06:28:07.189   334   334 I lmkd    : Reclaim 'com.android.vending' (18709), uid 10186, oom_score_adj 920, state 17 to free 74460kB rss, 16984kB swap; reason: low watermark is breached and swap is low (2944928kB < 4110412kB)
08-04 06:28:07.210 19098 19098 E ocessService0:: Not starting debugger since process cannot load the jdwp agent.
08-04 06:28:07.217 19836 19978 D ConnectivityService: ConnectivityService NetworkRequestInfo binderDied(uid/pid:10186/18709, [NetworkRequest [ LISTEN id=1026, [ Capabilities: INTERNET&NOT_RESTRICTED&TRUSTED&NOT_VCN_MANAGED Uid: 10186 RequestorUid: 10186 RequestorPkg: com.android.vending UnderlyingNetworks: Null] ]], android.os.BinderProxy@64712)
08-04 06:28:07.218 19640 19640 I Zygote  : Process 18709 exited due to signal 9 (Killed)
08-04 06:28:07.219 19098 19098 E USNET   : USNET: appName: com.android.chrome:sandboxed_process0:org.chromium.content.app.SandboxedProcessService0:2
08-04 06:28:07.220  5129 16363 W BillingClient: Exception while checking if billing is supported; try to reconnect
08-04 06:28:07.221 19098 19098 D ProcessState: Binder ioctl to enable oneway spam detection failed: Invalid argument
08-04 06:28:07.221 19836 19866 I libprocessgroup: Successfully killed process cgroup uid 10186 pid 18709 in 0ms
08-04 06:28:07.221  5129  5129 W BillingClient: Billing service disconnected.
08-04 06:28:07.222  5129  5129 W BillingClient: Billing service disconnected.
08-04 06:28:07.222  5129  5129 W BillingClient: Billing service disconnected.
08-04 06:28:07.223 19652 18979 I HYPER-HAL: [RequestManager.cpp]releaseLocked(): Released ID : 236107330
08-04 06:28:07.224  5129  5417 W BillingClient: Exception while checking if billing is supported; try to reconnect
08-04 06:28:07.224  5129  5404 W BillingClient: Exception while checking if billing is supported; try to reconnect
08-04 06:28:07.228 19075 19075 V GraphicsEnvironment: ANGLE Developer option for 'com.google.android.gsf' set to: 'default'
08-04 06:28:07.228 19075 19075 V GraphicsEnvironment: Neither updatable production driver nor prerelease driver is supported.
08-04 06:28:07.232 19075 19075 D NetworkSecurityConfig: No Network Security Config specified, using platform default
08-04 06:28:07.236 19836 20362 D ConnectivityService: ConnectivityService NetworkRequestInfo binderDied(uid/pid:10186/18709, [NetworkRequest [ REQUEST id=1025, [ Capabilities: INTERNET&NOT_RESTRICTED&TRUSTED&NOT_VCN_MANAGED Uid: 10186 RequestorUid: 10186 RequestorPkg: com.android.vending UnderlyingNetworks: Null] ]], android.os.BinderProxy@b6f9f99)
08-04 06:28:07.237 19836 20005 D ConnectivityService: releasing NetworkRequest [ REQUEST id=1025, [ Capabilities: INTERNET&NOT_RESTRICTED&TRUSTED&NOT_VCN_MANAGED Uid: 10186 RequestorUid: 10186 RequestorPkg: com.android.vending UnderlyingNetworks: Null] ] (release request)
08-04 06:28:07.237 19836 20005 D ConnectivityService:  Removing from current network [105 WIFI], leaving 138 requests.
08-04 06:28:07.238 19098 19098 D ActivityThread: setConscryptValidator
08-04 06:28:07.238 19098 19098 D ActivityThread: setConscryptValidator - put
08-04 06:28:07.242 19075 19075 D NetworkSecurityConfig: No Network Security Config specified, using platform default
08-04 06:28:07.258 19075 19075 I GservicesProvider: Gservices pushing to system: true; secure/global: true
08-04 06:28:07.258 19098 19098 D CompatibilityChangeReporter: Compat change id reported: 171979766; UID 90002; state: ENABLED
08-04 06:28:07.265   335   343 I servicemanager: network_management is isloated, getService has failed.
08-04 06:28:07.273   335   343 I servicemanager: connectivity is isloated, getService has failed.
08-04 06:28:07.274 18365 18575 D ViewRootImpl@f92d677[HorizontalListActivity]: Received frameCompleteCallback  lastAcquiredFrameNum=1 lastAttemptedDrawFrameNum=1
08-04 06:28:07.276 19098 19098 D NetworkSecurityConfig: Using Network Security Config from resource 0_resource_name_obfuscated debugBuild: false
08-04 06:28:07.279 18365 18365 I ViewRootImpl@f92d677[HorizontalListActivity]: [DP] pdf(0) 1 android.view.ViewRootImpl.lambda$addFrameCompleteCallbackIfNeeded$3$ViewRootImpl:4987 android.view.ViewRootImpl$$ExternalSyntheticLambda16.run:6 android.os.Handler.handleCallback:938
08-04 06:28:07.279 18365 18365 I ViewRootImpl@f92d677[HorizontalListActivity]: [DP] rdf()
08-04 06:28:07.279 18365 18365 D ViewRootImpl@f92d677[HorizontalListActivity]: reportDrawFinished (fn: -1)
