08-04 06:28:09.673   752   752 D SurfaceFlinger:      DEVICE | 0xe943ff80 | 0108 | RGBA_8888    |    0.0    0.0 1080.0 2408.0 |    0    0 1080 2408 | BlueLightFilter$_20135#0
08-04 06:28:09.673   752   752 D SurfaceFlinger:
08-04 06:28:09.673 18365 18365 I InputMethodManager: startInputInner - mService.startInputOrWindowGainedFocus
08-04 06:28:09.675 19836 20362 D InputMethodManagerService: mDesktopModeManager null!
08-04 06:28:09.676 19836 20362 V InputMethodManagerService: getDisplayIdOfInputMethodWindowToBeAdded : 0
08-04 06:28:09.676 19836 20362 D InputMethodManagerService: checkDisplayOfStartInputAndUpdateKeyboard display Id 0last 0
08-04 06:28:09.676 19836 20362 D InputTransport: Input channel constructed: 'ClientS', fd=880
08-04 06:28:09.676 19836 20362 D InputTransport: Input channel destroyed: 'ClientS', fd=880
08-04 06:28:09.681 28133 28133 I HBD     : HoneyBoardService onFinishInput
08-04 06:28:09.682 28133 28133 I HBD     : a IC have been unbinding,  InputConnectionWrapper{idHash=#2b7cd9e mMissingMethods=}
08-04 06:28:09.683 28133 28133 I HBD     : HoneyBoardService [PF_CL][onFinishInput]  1610115 ns
08-04 06:28:09.683 28133 28133 I HBD     : HoneyBoardService [IMI] onStartInput - caller pid : 18365 , caller uid : 10292
08-04 06:28:09.683 20135 20795 I ViewRootImpl@86170c3[dogglers]: mWNT: t = android.view.SurfaceControl$Transaction@83e353b fN = 3 android.view.SyncRtSurfaceTransactionApplier.applyTransaction:94 android.view.SyncRtSurfaceTransactionApplier.lambda$scheduleApply$0$SyncRtSurfaceTransactionApplier:71 android.view.SyncRtSurfaceTransactionApplier$$ExternalSyntheticLambda0.onFrameDraw:4
08-04 06:28:09.683 20135 20795 I ViewRootImpl@86170c3[dogglers]: mWNT: merge t to BBQ
08-04 06:28:09.683 28133 28133 I HBD     : j updateConfigs
08-04 06:28:09.683 28133 28133 I HBD     : j isEnabledNightMode : true
08-04 06:28:09.688 28133 28133 I HBD     : a IC have been binding, InputConnectionWrapper{idHash=#cec784c mMissingMethods=}
08-04 06:28:09.689 28133 28133 I HBD     : h [EditorInputType]setPrivateImeOptionsToTable privateImeOptions ( null )
08-04 06:28:09.689 28133 28133 I HBD     : b incognitoMode : false
08-04 06:28:09.689 28133 28133 I HBD     : a needOff = true , isForceOff = false, isNullInputClass : true
08-04 06:28:09.689 28133 28133 I HBD     : h getDefaultInputRange : UNKNOWN
08-04 06:28:09.690 28133 28133 I HBD     : h getDefaultInputRange : UNKNOWN
08-04 06:28:09.690 28133 28133 I HBD     : h getDefaultInputRange : UNKNOWN
08-04 06:28:09.694 18365 18365 I ViewInteraction: Performing 'single click' action on view view.getId() is <2131230936/com.example.dogglers:id/grid_btn>
08-04 06:28:09.694 18839 19318 I android.youtub: Waiting for a blocking GC ClassLinker
08-04 06:28:09.702 19836 22762 D InputDispatcher: Inject motion (18365): action=0x0, time=952610993000000, f=0x0, d=0
08-04 06:28:09.702 18839 19310 I android.youtub: Waiting for a blocking GC ClassLinker
08-04 06:28:09.702 19836 19965 I InputDispatcher: Delivering touch to (20135): action: 0x4, f=0x0, d=0, 'e75ea59', t=0
08-04 06:28:09.703 19836 19965 I InputDispatcher: Delivering touch to (18365): action: 0x0, f=0x0, d=0, 'fa7ab2c', t=0 +(0,-56)
08-04 06:28:09.703 18839 19315 I android.youtub: Waiting for a blocking GC ClassLinker
08-04 06:28:09.703 16175 16175 I SurfaceView@3a27ac: updateSurface: mVisible = false mSurface.isValid() = true
08-04 06:28:09.703 20522 20522 W TouchInteractionService: onInputEvent, inputConsumer = com.android.quickstep.-$$Lambda$InputConsumer$cayMJybMMyH-XvJ76yEWjWeqQUo@721c009
08-04 06:28:09.703   752  1103 I SurfaceFlinger: id=173932 createSurf (0x0),-1 flag=24004, Surface(name=a73f97f InputMethod)/@0x1e1d195 - animation-leash of insets_animation#0
08-04 06:28:09.703 16175 16175 I SurfaceView@3a27ac: tryReleaseSurfaces: set mRtReleaseSurfaces = true
08-04 06:28:09.704 18365 18365 I ViewRootImpl@fdf82fb[MainActivity]: ViewPostIme pointer 0
08-04 06:28:09.704 16175 16384 I SurfaceView@3a27ac: 109221231 wPL, frameNr = 0
08-04 06:28:09.708 16175 16384 I SurfaceView@3a27ac: remove() from RT android.view.SurfaceView$SurfaceViewPositionUpdateListener@682956f Surface(name=SurfaceView - com.android.chrome/org.chromium.chrome.browser.customtabs.CustomTabActivity@3a27ac@2)/@0x1fba27c
08-04 06:28:09.708 16175 16384 I SurfaceView@3a27ac: remove() android.view.SurfaceView{3a27ac V.E...... ........ 0,0-1080,2300} Surface(name=SurfaceView - com.android.chrome/org.chromium.chrome.browser.customtabs.CustomTabActivity@3a27ac@2)/@0x1fba27c
08-04 06:28:09.708 16175 16384 I SurfaceView@3a27ac: aOrMT: uB = true t = android.view.SurfaceControl$Transaction@9201348 fN = 0 android.view.SurfaceView.access$500:124 android.view.SurfaceView$SurfaceViewPositionUpdateListener.positionLost:1785 android.graphics.RenderNode$CompositePositionUpdateListener.positionLost:326
08-04 06:28:09.708 16175 16384 I SurfaceView@3a27ac: aOrMT: vR.mWNT, vR = ViewRootImpl@6011630[CustomTabActivity]
08-04 06:28:09.708 16175 16384 I ViewRootImpl@6011630[CustomTabActivity]: mWNT: t = android.view.SurfaceControl$Transaction@9201348 fN = 0 android.view.SurfaceView.applyOrMergeTransaction:1628 android.view.SurfaceView.access$500:124 android.view.SurfaceView$SurfaceViewPositionUpdateListener.positionLost:1785
08-04 06:28:09.708 16175 16384 I ViewRootImpl@6011630[CustomTabActivity]: mWNT: merge t to BBQ
08-04 06:28:09.709 19836 19852 I GestureDetector: obtain mCurrentDownEvent. id: -888648511 caller: com.android.server.wm.SystemGesturesPointerEventListener.onPointerEvent:179 com.android.server.wm.PointerEventDispatcher.onInputEvent:71 android.view.InputEventReceiver.dispatchInputEvent:259
08-04 06:28:09.709 19836 19852 I GestureDetector: obtain mCurrentDownEvent. id: -888648511 caller: com.android.server.wm.SystemPerformancePointerEventListener.onPointerEvent:89 com.android.server.wm.PointerEventDispatcher.onInputEvent:71 android.view.InputEventReceiver.dispatchInputEvent:259
08-04 06:28:09.712   752   752 I Layer   : id=173913 removeFromCurrentState Surface(name=a73f97f InputMethod)/@0x1e1d195 - animation-leash of insets_animation#1 (122)
08-04 06:28:09.712 18839 19321 I android.youtub: Waiting for a blocking GC ClassLinker
08-04 06:28:09.712   752   752 I Layer   : id=173906 removeFromCurrentState SurfaceView - com.android.chrome/org.chromium.chrome.browser.customtabs.CustomTabActivity@3a27ac@2(BLAST)#0 (122)
08-04 06:28:09.712   752   752 I Layer   : id=173908 removeFromCurrentState com.android.chrome/ChromeNativeWindowSurface#0 (122)
08-04 06:28:09.712   752   752 I Layer   : id=173909 removeFromCurrentState com.android.chrome/ChromeChildSurface#0 (122)
08-04 06:28:09.712   752   752 I Layer   : id=173907 removeFromCurrentState Background for SurfaceView - com.android.chrome/org.chromium.chrome.browser.customtabs.CustomTabActivity@3a27ac@2#0 (122)
08-04 06:28:09.713   752   752 I Layer   : id=173905 removeFromCurrentState SurfaceView - com.android.chrome/org.chromium.chrome.browser.customtabs.CustomTabActivity@3a27ac@2#0 (122)
08-04 06:28:09.713   752   752 I SurfaceFlinger: id=173906 Removed SurfaceView - com.android.chrome/org.chromium.chrome.browser.customtabs.CustomTabActivity@3a27ac@2(BLAST)#0 (122)
08-04 06:28:09.713   752   752 I SurfaceFlinger: id=173907 Removed Background for SurfaceView - com.android.chrome/org.chromium.chrome.browser.customtabs.CustomTabActivity@3a27ac@2#0 (122)
08-04 06:28:09.713   752   752 I SurfaceFlinger: id=173905 Removed SurfaceView - com.android.chrome/org.chromium.chrome.browser.customtabs.CustomTabActivity@3a27ac@2#0 (122)
08-04 06:28:09.713   752   752 I Layer   : id=173905 Destroyed SurfaceView - com.android.chrome/org.chromium.chrome.browser.customtabs.CustomTabActivity@3a27ac@2#0
08-04 06:28:09.713   752   752 I Layer   : id=173907 Destroyed Background for SurfaceView - com.android.chrome/org.chromium.chrome.browser.customtabs.CustomTabActivity@3a27ac@2#0
08-04 06:28:09.713   752   752 I Layer   : id=173906 Destroyed SurfaceView - com.android.chrome/org.chromium.chrome.browser.customtabs.CustomTabActivity@3a27ac@2(BLAST)#0
08-04 06:28:09.713   752   752 I Layer   : id=173908 Destroyed com.android.chrome/ChromeNativeWindowSurface#0
08-04 06:28:09.713 16175 16384 D OpenGLRenderer: setSurface called with nullptr
08-04 06:28:09.713   752   752 I Layer   : id=173909 Destroyed com.android.chrome/ChromeChildSurface#0
08-04 06:28:09.713 16175 16384 D OpenGLRenderer: setSurface() destroyed EGLSurface
08-04 06:28:09.714 16175 16384 D OpenGLRenderer: destroyEglSurface
08-04 06:28:09.714 28133 28133 I HBD     : h getDefaultInputRange : UNKNOWN
08-04 06:28:09.714 28133 28133 I HBD     : a currentState : 0
08-04 06:28:09.715 19836 19851 I ActivityTaskManager: Displayed com.example.dogglers/.MainActivity: +667ms
08-04 06:28:09.716  1994  1994 E pageboostd: Received HALT command code 2
08-04 06:28:09.716 28133 28133 I HBD     : h load selected json path : /data/user/0/com.samsung.android.honeyboard/files/selected.json
08-04 06:28:09.717 28133 28133 I HBD     : h load selected json info : {"version":"4.1","currentLanguageOrder":0,"selected":[{"activeOptionList":["auto_spacing"],"engName":"English(India)","id":65555,"inputType":"qwerty","isUsed":true}]}
08-04 06:28:09.717 19836 22348 V WindowManager: Relayout Window{d1e5015 u0 com.android.chrome/org.chromium.chrome.browser.customtabs.CustomTabActivity}: viewVisibility=8 req=1080x2408 d0
08-04 06:28:09.722 19836 21808 D PackageManager: setEnabledSetting : userId = 0 packageName = com.android.vending cmp = com.google.android.finsky.hibernation.impl.UnhibernateActivity newState = 0 callingPackage = 10186/com.android.vending
08-04 06:28:09.722 20135 20794 I ViewRootImpl@86170c3[dogglers]: mWNT: t = android.view.SurfaceControl$Transaction@d56d458 fN = 4 android.view.SyncRtSurfaceTransactionApplier.applyTransaction:94 android.view.SyncRtSurfaceTransactionApplier.lambda$scheduleApply$0$SyncRtSurfaceTransactionApplier:71 android.view.SyncRtSurfaceTransactionApplier$$ExternalSyntheticLambda0.onFrameDraw:4
08-04 06:28:09.722 20135 20794 I ViewRootImpl@86170c3[dogglers]: mWNT: merge t to BBQ
08-04 06:28:09.725 19836 22348 V WindowManager: Relayout hash=d1e5015, pid=16175: mAttrs={(0,0)(fillxfill) sim={adjust=resize} ty=BASE_APPLICATION fmt=TRANSLUCENT wanim=0x1030303 sysuil=true
08-04 06:28:09.725 19836 22348 V WindowManager:   fl=81810100
08-04 06:28:09.725 19836 22348 V WindowManager:   pfl=12020040
08-04 06:28:09.725 19836 22348 V WindowManager:   bhv=DEFAULT
08-04 06:28:09.725 19836 22348 V WindowManager:   fitSides= naviIconColor=0}
08-04 06:28:09.726 21303 21327 I location.nsflp: Background concurrent copying GC freed 39345(2039KB) AllocSpace objects, 0(0B) LOS objects, 49% free, 2142KB/4284KB, paused 1.222ms,52us total 116.519ms
08-04 06:28:09.727 19836 22348 D InputMethodManagerServicePhysicalKey: isConnectedDexOnPC false
08-04 06:28:09.727 19836 22348 D InputMethodManagerService: isImeSwitcherDisabledPackage : false
08-04 06:28:09.734 28133 28133 I HBD     : a [UpdatePolicy] [post] a: 0 cl: 65555 kit: [0/0] vt: 0 ir: 1
08-04 06:28:09.735 19836 20110 I ChimeraAggressivePolicyHandler: executePolicy() - triggerSource: TRIGGER_SOURCE_LMKD
08-04 06:28:09.735   752  1238 I SurfaceFlinger: id=173904 Removed Bounds for - com.android.chrome/org.chromium.chrome.browser.customtabs.CustomTabActivity@2#0 (117)
08-04 06:28:09.735 28133 28133 I HBD     : HoneyBoardService [PF_OP][onStartInput]  52194577 ns
08-04 06:28:09.736 19836 20110 I ChimeraAggressivePolicyHandler: available memory: 636696, free memory target: 645120, quit chimera
08-04 06:28:09.748 20135 20316 D OpenGLRenderer: setSurface called with nullptr
08-04 06:28:09.748 20135 20316 D OpenGLRenderer: setSurface() destroyed EGLSurface
08-04 06:28:09.748 20135 20316 D OpenGLRenderer: destroyEglSurface
08-04 06:28:09.762   752   769 I SurfaceFlinger: id=173913 Removed Surface(name=a73f97f InputMethod)/@0x1e1d195 - animation-leash of insets_animation#1 (117)
08-04 06:28:09.762 16175 16175 I ViewRootImpl@6011630[CustomTabActivity]: Relayout returned: old=(0,0,1080,2408) new=(0,0,1080,2408) req=(1080,2408)8 dur=12 res=0x5 s={false 0} ch=true fn=5
08-04 06:28:09.762 16175 16175 I SurfaceView@3a27ac: windowStopped(true) false android.view.SurfaceView{3a27ac V.E...... ........ 0,0-1080,2300} of ViewRootImpl@6011630[CustomTabActivity]
08-04 06:28:09.762 16175 16175 D SurfaceView@3a27ac: updateSurface: surface is not valid
08-04 06:28:09.763 19836 22306 V WindowManager: Relayout Window{f8a4628 u0 Splash Screen com.example.dogglers}: viewVisibility=8 req=1080x2408 d0
08-04 06:28:09.765 16175 16175 D SurfaceView@3a27ac: updateSurface: surface is not valid
08-04 06:28:09.765   752   769 I SurfaceFlinger: id=173933 createSurf (0x0),-1 flag=24000, Surface(name=f8a4628 Splash Screen com.example.dogglers)/@0xd4114ce - animation-leash of window_animation#0
08-04 06:28:09.768 16175 16431 I cr_BindingManager: onTrimMemory: level=10, size=0
08-04 06:28:09.769 16175 16431 I cr_BindingManager: onTrimMemory: level=40, size=0
08-04 06:28:09.772 19836 22306 V WindowManager: Relayout hash=f8a4628, pid=20135: mAttrs={(0,0)(fillxfill) sim={adjust=pan} ty=APPLICATION_STARTING fmt=TRANSLUCENT wanim=0x1030001
08-04 06:28:09.772 19836 22306 V WindowManager:   fl=81030118
08-04 06:28:09.772 19836 22306 V WindowManager:   pfl=36000010
08-04 06:28:09.772 19836 22306 V WindowManager:   bhv=DEFAULT
08-04 06:28:09.772 19836 22306 V WindowManager:   fitSides= naviIconColor=0}
08-04 06:28:09.775 16175 16175 I ViewRootImpl@6011630[CustomTabActivity]: stopped(true) old=false
08-04 06:28:09.776 20135 20264 I ViewRootImpl@86170c3[dogglers]: Relayout returned: old=(0,0,1080,2408) new=(0,0,1080,2408) req=(1080,2408)8 dur=12 res=0x5 s={false 0} ch=true fn=5
08-04 06:28:09.777 20135 20264 I ViewRootImpl@86170c3[dogglers]: dispatchDetachedFromWindow
08-04 06:28:09.777 19836 22306 D InputTransport: Input channel destroyed: 'f8a4628', fd=842
08-04 06:28:09.778 19836 22306 W InputManager-JNI: Input channel object 'f8a4628 Splash Screen com.example.dogglers (client)' was disposed without first being removed with the input manager!
08-04 06:28:09.778 19836 22306 D InputTransport: Input channel destroyed: 'f8a4628', fd=849
08-04 06:28:09.778   752   752 I Layer   : id=173913 Destroyed Surface(name=a73f97f InputMethod)/@0x1e1d195 - animation-leash of insets_animation#1
08-04 06:28:09.784 20135 20264 D InputTransport: Input channel destroyed: 'f8a4628', fd=181
08-04 06:28:09.795   752   752 I Layer   : id=173931 removeFromCurrentState Surface(name=fa7ab2c com.example.dogglers/com.example.dogglers.MainActivity)/@0x782375c - animation-leash of starting_reveal#0 (117)
08-04 06:28:09.801 18839 19323 I android.youtub: Waiting for a blocking GC ClassLinker
08-04 06:28:09.810 19173 19260 I Finsky  : [1411] pa.run(7): Set UnhibernateActivity enabled state to 0
08-04 06:28:09.818 19836 21808 D PackageManager: setEnabledSetting : userId = 0 packageName = com.android.vending cmp = com.google.android.finsky.systemcomponentupdateui.common.SystemComponentUpdateActivity newState = 0 callingPackage = 10186/com.android.vending
08-04 06:28:09.818 18839 19326 I android.youtub: Waiting for a blocking GC ClassLinker
08-04 06:28:09.819 19173 19238 I Finsky  : [1400] oro.i(3): SettingNotFoundException, fall through to G.downloadBytesOverMobileMaximum
08-04 06:28:09.820 19173 19238 W Settings: Setting download_manager_recommended_max_bytes_over_mobile has moved from android.provider.Settings.Secure to android.provider.Settings.Global.
08-04 06:28:09.822 19173 19238 I Finsky  : [1400] oro.h(3): SettingNotFoundException, fall through to G.downloadBytesOverMobileRecommended
08-04 06:28:09.823 19173 19260 I Finsky  : [1411] plb.run(30): SysCUA: Set {com.android.vending/com.google.android.finsky.systemcomponentupdateui.common.SystemComponentUpdateActivity} enabled state to 0
08-04 06:28:09.825 19173 19238 I Finsky  : [1400] adwk.c(2): registerListener
08-04 06:28:09.833 19173 19238 I Finsky  : [1400] adwk.c(2): registerListener
08-04 06:28:09.837 18839 19328 I android.youtub: Waiting for a blocking GC ClassLinker
08-04 06:28:09.845   752   752 I Layer   : id=173918 removeFromCurrentState Splash Screen com.example.dogglers$_20135#0 (117)
08-04 06:28:09.845   752   752 I Layer   : id=173917 removeFromCurrentState f8a4628 Splash Screen com.example.dogglers#0 (117)
08-04 06:28:09.845   752   752 I Layer   : id=173933 removeFromCurrentState Surface(name=f8a4628 Splash Screen com.example.dogglers)/@0xd4114ce - animation-leash of window_animation#0 (117)
08-04 06:28:09.845   752   752 I SurfaceFlinger: id=173917 Removed f8a4628 Splash Screen com.example.dogglers#0 (117)
08-04 06:28:09.845   752   752 I SurfaceFlinger: id=173918 Removed Splash Screen com.example.dogglers$_20135#0 (117)
08-04 06:28:09.845   752   752 I SurfaceFlinger: id=173933 Removed Surface(name=f8a4628 Splash Screen com.example.dogglers)/@0xd4114ce - animation-leash of window_animation#0 (117)
08-04 06:28:09.845   752   752 I Layer   : id=173933 Destroyed Surface(name=f8a4628 Splash Screen com.example.dogglers)/@0xd4114ce - animation-leash of window_animation#0
08-04 06:28:09.845   752   752 I Layer   : id=173917 Destroyed f8a4628 Splash Screen com.example.dogglers#0
08-04 06:28:09.848   752   752 I Layer   : id=173918 Destroyed Splash Screen com.example.dogglers$_20135#0
08-04 06:28:09.852   752   752 D SurfaceFlinger: Display 4633128508267670401 HWC layers:
08-04 06:28:09.852   752   752 D SurfaceFlinger:      DEVICE | 0xe8aa7600 | 0102 | RGBA_8888    |    0.0    0.0 1080.0 2408.0 |    0    0 1080 2408 | com.example.dogglers/com.example.dogglers.MainActivity$_18365#0
08-04 06:28:09.852   752   752 D SurfaceFlinger:      DEVICE | 0xe8f21680 | 0100 | RGBA_8888    |    0.0    0.0 1080.0   66.0 |    0    0 1080   66 | StatusBar$_20135#0
08-04 06:28:09.852   752   752 D SurfaceFlinger:      CLIENT | 0xe8f21080 | 0100 | RGBA_8888    |    0.0    0.0  388.0   42.0 |  692 2366 1080 2408 | SGestureOverlayWindow$_20522#0
08-04 06:28:09.852   752   752 D SurfaceFlinger:      CLIENT | 0xe8f22100 | 0100 | RGBA_8888    |    0.0    0.0 1080.0  135.0 |    0 2273 1080 2408 | NavigationBar0$_20135#0
08-04 06:28:09.852   752   752 D SurfaceFlinger:      DEVICE | 0xe943ff80 | 0108 | RGBA_8888    |    0.0    0.0 1080.0 2408.0 |    0    0 1080 2408 | BlueLightFilter$_20135#0
08-04 06:28:09.852   752   752 D SurfaceFlinger:
08-04 06:28:09.853 19173 19235 I Finsky  : [1398] nlu.m(6): Enqueuing libraries load for 1049109659
08-04 06:28:09.854 16175 16175 D ConnectivityManager: StackLog: [android.net.ConnectivityManager.unregisterNetworkCallback(ConnectivityManager.java:4797)] [org.chromium.net.a.f(chromium-TrichromeChromeGoogle.aab-stable-506012930:437)] [rH2.p(chromium-TrichromeChromeGoogle.aab-stable-506012930:860)] [org.chromium.base.ApplicationStatus.a(chromium-TrichromeChromeGoogle.aab-stable-506012930:410)] [ch.onActivityStopped(chromium-TrichromeChromeGoogle.aab-stable-506012930:295)] [android.app.Application.dispatchActivityStopped(Application.java:495)] [android.app.Activity.dispatchActivityStopped(Activity.java:1503)] [android.app.Activity.onStop(Activity.java:2686)] [AV0.onStop(chromium-TrichromeChromeGoogle.aab-stable-506012930:369)] [androidx.appcompat.app.a.onStop(chromium-TrichromeChromeGoogle.aab-stable-506012930:252)] [Un.onStop(chromium-TrichromeChromeGoogle.aab-stable-506012930:529)] [org.chromium.chrome.browser.app.ChromeActivity.onStop(chromium-TrichromeChromeGoogle.aab-stable-506012930:1432)] [android.app.Instrumentation.callActivityOnStop(Instrumentation.java:1496)] [android.app.Activity.performStop(Activity.java:8536)] [android.app.ActivityThread.callActivityOnStop(ActivityThread.java:5705)] [android.app.ActivityThread.performStopActivityInner(ActivityThread.java:5649)] [android.app.ActivityThread.handleStopActivity(ActivityThread.java:5750)] [android.app.servertransaction.StopActivityItem.execute(StopActivityItem.java:43)] [android.app.servertransaction.ActivityTransactionItem.execute(ActivityTransactionItem.java:45)] [android.app.servertransaction.TransactionExecutor.executeLifecycleState(TransactionExecutor.java:176)] [android.app.servertransaction.TransactionExecutor.execute(TransactionExecutor.java:97)] [android.app.ActivityThread$H.handleMessage(ActivityThread.java:2438)]
08-04 06:28:09.857 16175 16175 D ConnectivityManager: StackLog: [android.net.ConnectivityManager.unregisterNetworkCallback(ConnectivityManager.java:4797)] [org.chromium.net.a.f(chromium-TrichromeChromeGoogle.aab-stable-506012930:437)] [rH2.p(chromium-TrichromeChromeGoogle.aab-stable-506012930:860)] [org.chromium.base.ApplicationStatus.a(chromium-TrichromeChromeGoogle.aab-stable-506012930:410)] [ch.onActivityStopped(chromium-TrichromeChromeGoogle.aab-stable-506012930:295)] [android.app.Application.dispatchActivityStopped(Application.java:495)] [android.app.Activity.dispatchActivityStopped(Activity.java:1503)] [android.app.Activity.onStop(Activity.java:2686)] [AV0.onStop(chromium-TrichromeChromeGoogle.aab-stable-506012930:369)] [androidx.appcompat.app.a.onStop(chromium-TrichromeChromeGoogle.aab-stable-506012930:252)] [Un.onStop(chromium-TrichromeChromeGoogle.aab-stable-506012930:529)] [org.chromium.chrome.browser.app.ChromeActivity.onStop(chromium-TrichromeChromeGoogle.aab-stable-506012930:1432)] [android.app.Instrumentation.callActivityOnStop(Instrumentation.java:1496)] [android.app.Activity.performStop(Activity.java:8536)] [android.app.ActivityThread.callActivityOnStop(ActivityThread.java:5705)] [android.app.ActivityThread.performStopActivityInner(ActivityThread.java:5649)] [android.app.ActivityThread.handleStopActivity(ActivityThread.java:5750)] [android.app.servertransaction.StopActivityItem.execute(StopActivityItem.java:43)] [android.app.servertransaction.ActivityTransactionItem.execute(ActivityTransactionItem.java:45)] [android.app.servertransaction.TransactionExecutor.executeLifecycleState(TransactionExecutor.java:176)] [android.app.servertransaction.TransactionExecutor.execute(TransactionExecutor.java:97)] [android.app.ActivityThread$H.handleMessage(ActivityThread.java:2438)]
08-04 06:28:09.861 19836 20005 D ConnectivityService:  Removing from current network [105 WIFI], leaving 142 requests.
08-04 06:28:09.862 16175 16175 I cr_tabmodel: Appending tabs being restored to metadata lists, 0, startingNormalCount: 1, startingIncognitoCount: 0
08-04 06:28:09.862 16175 16175 I cr_tabmodel: Serializing tab lists; counts: 1, 0
08-04 06:28:09.875 19836 21808 D InputDispatcher: Inject motion (18365): action=0x1, time=952611169000000, f=0x0, d=0
08-04 06:28:09.875 19836 19965 I InputDispatcher: Delivering touch to (18365): action: 0x1, f=0x0, d=0, 'fa7ab2c', t=1
08-04 06:28:09.876 18365 18365 I ViewRootImpl@fdf82fb[MainActivity]: ViewPostIme pointer 1
08-04 06:28:09.876 19836 19852 I GestureDetector: obtain mCurrentMotionEventRaw. action: 1 id: -638917635
08-04 06:28:09.877 20522 20522 W TouchInteractionService: reset
08-04 06:28:09.878 19836 19852 I GestureDetector: obtain mCurrentMotionEventRaw. action: 1 id: -638917635
08-04 06:28:09.888 18839 19329 I android.youtub: Waiting for a blocking GC ClassLinker
08-04 06:28:09.888 19836 21808 I SemDvfsHyPerManager: acquire hyper - AMS_ACT_START/19836@12, type = -999
08-04 06:28:09.889 19652 19680 I HYPER-HAL: [RequestManager.cpp]acquire(): Acquired ID : 196981488  [19836 / 12]    HINT : AMS_ACT_START    list :
08-04 06:28:09.891   752   770 I SurfaceFlinger: id=173934 createSurf (0x0),-1 flag=80004, ActivityRecord{365e553 u0 com.example.dogglers/.GridListActivity t85}#0
08-04 06:28:09.903 16175 16175 D InputTransport: Input channel destroyed: 'ClientS', fd=232
08-04 06:28:09.904 16175 16175 D SurfaceView@3a27ac: updateSurface: surface is not valid
08-04 06:28:09.906 19836 19854 D PersonaActivityHelper: Activity not in resumed state, do not run immediate lock
08-04 06:28:09.911   752   752 I Layer   : id=173901 removeFromCurrentState com.android.chrome/org.chromium.chrome.browser.customtabs.CustomTabActivity$_16175#0 (115)
08-04 06:28:09.911   752   752 I Layer   : id=173904 removeFromCurrentState Bounds for - com.android.chrome/org.chromium.chrome.browser.customtabs.CustomTabActivity@2#0 (115)
08-04 06:28:09.917 18839 19330 I android.youtub: Waiting for a blocking GC ClassLinker
08-04 06:28:09.918   752   770 I SurfaceFlinger: id=173901 Removed com.android.chrome/org.chromium.chrome.browser.customtabs.CustomTabActivity$_16175#0 (115)
08-04 06:28:09.924 18839 19335 I android.youtub: Waiting for a blocking GC ClassLinker
08-04 06:28:09.925 18365 18365 D LifecycleMonitor: Lifecycle status change: com.example.dogglers.MainActivity@4668dd4 in: PAUSED
08-04 06:28:09.927 18365 18365 V ActivityScenario: Update currentActivityStage to PAUSED, currentActivity=com.example.dogglers.MainActivity@4668dd4
08-04 06:28:09.928   752   752 I Layer   : id=173901 Destroyed com.android.chrome/org.chromium.chrome.browser.customtabs.CustomTabActivity$_16175#0
08-04 06:28:09.929   752   752 I Layer   : id=173904 Destroyed Bounds for - com.android.chrome/org.chromium.chrome.browser.customtabs.CustomTabActivity@2#0
08-04 06:28:09.930 19836 20059 D SemNscXgbMsL1: Probability - Cloud gaming: [0.018286958]
08-04 06:28:09.931 19836 20059 D SemNscXgbMsL1: Probability - Real time: [0.8930109]
08-04 06:28:09.931 19836 20059 D SemNscXgbMsL1: Probability - Non real time: [0.9471378]
08-04 06:28:09.931 19836 20059 D SemNscXgbMsL1: 1 sample inference time: 1.392154 msecs
08-04 06:28:09.934 19836 20059 D SemNscXgbL2Rt: L2 RT 1 sample inference time: 2.648423 msecs
08-04 06:28:09.938 19836 20059 D SemNscXgbL2Nrt: L2 NRT 1 sample inference time: 3.413192 msecs
08-04 06:28:09.939 19836 19978 D InputDispatcher: Focused application set to (0): 365e553
08-04 06:28:09.940 19173 19260 I Finsky  : [1411] nlu.o(1): Starting libraries load for 1049109659
08-04 06:28:09.952 19836 19854 I SemPersonaManager: SecureFolder personaId = 10
08-04 06:28:09.953 18839 19337 I android.youtub: Waiting for a blocking GC ClassLinker
08-04 06:28:09.964 19836 19978 D InputDispatcher: Focus left window (0): fa7ab2c com.example.dogglers/com.example.dogglers.MainActivity
08-04 06:28:09.967 19836 19854 D EnterpriseDeviceManagerService: isMdmAdminPresentInternal() : MDM Admin Found - com.samsung.android.knox.containercore
08-04 06:28:09.968 19836 21401 I MediaSessionMonitor: Media session stopped : controllerList empty
08-04 06:28:09.973 18365 18365 D LifecycleMonitor: Lifecycle status change: com.example.dogglers.GridListActivity@65321bf in: PRE_ON_CREATE
08-04 06:28:09.975 18365 18365 V ActivityScenario: Activity lifecycle changed event received but ignored because the intent does not match. startActivityIntent=Intent { act=android.intent.action.MAIN cat=[android.intent.category.LAUNCHER] cmp=com.example.dogglers/.MainActivity }, activity.getIntent()=Intent { cmp=com.example.dogglers/.GridListActivity }, activity=com.example.dogglers.GridListActivity@65321bf
08-04 06:28:09.998   334   334 I lmkd    : cached 0, sandbox(not0) 0
08-04 06:28:10.003 18365 18365 I DecorView: [INFO] isPopOver=false, config=true
08-04 06:28:10.003 18365 18365 I DecorView: updateCaptionType >> DecorView@6139524[], isFloating=false, isApplication=true, hasWindowControllerCallback=true, hasWindowDecorCaption=false
08-04 06:28:10.003 18365 18365 D DecorView: setCaptionType = 0, this = DecorView@6139524[]
08-04 06:28:10.008 18365 18365 I DecorView: getCurrentDensityDpi: from real metrics. densityDpi=450 msg=resources_loaded
08-04 06:28:10.009 19836 19836 I GestureDetector: handleMessage TAP
08-04 06:28:10.014 19836 19852 I GestureDetector: handleMessage TAP
08-04 06:28:10.017   334   334 I lmkd    : Reclaim 'com.google.android.googlequicksearchbox:search' (18023), uid 10188, oom_score_adj 915, state 19 to free 107792kB rss, 16668kB swap; reason: low watermark is breached and swap is low (2964352kB < 4110412kB)
08-04 06:28:10.045 18365 18365 D LifecycleMonitor: Lifecycle status change: com.example.dogglers.GridListActivity@65321bf in: CREATED
08-04 06:28:10.048 18365 18365 V ActivityScenario: Activity lifecycle changed event received but ignored because the intent does not match. startActivityIntent=Intent { act=android.intent.action.MAIN cat=[android.intent.category.LAUNCHER] cmp=com.example.dogglers/.MainActivity }, activity.getIntent()=Intent { cmp=com.example.dogglers/.GridListActivity }, activity=com.example.dogglers.GridListActivity@65321bf
08-04 06:28:10.050 20522 17031 I RecentModel: onTaskStackChangedBackground
08-04 06:28:10.052 18365 18365 D LifecycleMonitor: Lifecycle status change: com.example.dogglers.GridListActivity@65321bf in: STARTED
08-04 06:28:10.053 18365 18365 V ActivityScenario: Activity lifecycle changed event received but ignored because the intent does not match. startActivityIntent=Intent { act=android.intent.action.MAIN cat=[android.intent.category.LAUNCHER] cmp=com.example.dogglers/.MainActivity }, activity.getIntent()=Intent { cmp=com.example.dogglers/.GridListActivity }, activity=com.example.dogglers.GridListActivity@65321bf
08-04 06:28:10.057 18365 18365 D LifecycleMonitor: Lifecycle status change: com.example.dogglers.GridListActivity@65321bf in: RESUMED
08-04 06:28:10.059 18365 18365 V ActivityScenario: Activity lifecycle changed event received but ignored because the intent does not match. startActivityIntent=Intent { act=android.intent.action.MAIN cat=[android.intent.category.LAUNCHER] cmp=com.example.dogglers/.MainActivity }, activity.getIntent()=Intent { cmp=com.example.dogglers/.GridListActivity }, activity=com.example.dogglers.GridListActivity@65321bf
08-04 06:28:10.074 19652 19319 I HYPER-HAL: [RequestManager.cpp]releaseLocked(): Released ID : 197021189
08-04 06:28:10.078 19173 19235 I Finsky  : [1398] ytm.<init>(3): VerifyApps: Setup app restrictions monitor
08-04 06:28:10.082 18839 18850 W android.youtub: Suspending all threads took: 76.339ms
08-04 06:28:10.084 19836 22348 D ConnectivityService: ConnectivityService NetworkRequestInfo binderDied(uid/pid:10188/18023, [NetworkRequest [ REQUEST id=1005, [ Capabilities: INTERNET&NOT_RESTRICTED&TRUSTED&NOT_VCN_MANAGED Uid: 10188 RequestorUid: 10188 RequestorPkg: com.google.android.googlequicksearchbox UnderlyingNetworks: Null] ]], android.os.BinderProxy@feb69f)
08-04 06:28:10.085 19836 22306 D ConnectivityService: ConnectivityService NetworkRequestInfo binderDied(uid/pid:10188/18023, [NetworkRequest [ LISTEN id=1008, [ Capabilities: INTERNET&NOT_RESTRICTED&TRUSTED&NOT_VCN_MANAGED Uid: 10188 RequestorUid: 10188 RequestorPkg: com.google.android.googlequicksearchbox UnderlyingNetworks: Null] ]], android.os.BinderProxy@4cea3b5)
08-04 06:28:10.085 19836 22345 D ConnectivityService: ConnectivityService NetworkRequestInfo binderDied(uid/pid:10188/18023, [NetworkRequest [ REQUEST id=1007, [ Capabilities: INTERNET&NOT_RESTRICTED&TRUSTED&NOT_VCN_MANAGED Uid: 10188 RequestorUid: 10188 RequestorPkg: com.google.android.googlequicksearchbox UnderlyingNetworks: Null] ]], android.os.BinderProxy@61263ec)
08-04 06:28:10.086 19836 20005 D ConnectivityService: releasing NetworkRequest [ REQUEST id=1005, [ Capabilities: INTERNET&NOT_RESTRICTED&TRUSTED&NOT_VCN_MANAGED Uid: 10188 RequestorUid: 10188 RequestorPkg: com.google.android.googlequicksearchbox UnderlyingNetworks: Null] ] (release request)
08-04 06:28:10.086 19836 20005 D ConnectivityService:  Removing from current network [105 WIFI], leaving 141 requests.
08-04 06:28:10.087 19640 19640 I Zygote  : Process 18023 exited due to signal 9 (Killed)
08-04 06:28:10.089 19836 20005 D ConnectivityService: releasing NetworkRequest [ REQUEST id=1007, [ Capabilities: INTERNET&NOT_RESTRICTED&TRUSTED&NOT_VCN_MANAGED Uid: 10188 RequestorUid: 10188 RequestorPkg: com.google.android.googlequicksearchbox UnderlyingNetworks: Null] ] (release request)
08-04 06:28:10.089 19836 20005 D ConnectivityService:  Removing from current network [105 WIFI], leaving 139 requests.
08-04 06:28:10.093 21678 24050 W io.grpc.binder.a.k: Failed sending oob close transaction
08-04 06:28:10.093 21678 24050 W io.grpc.binder.a.k: io.grpc.StatusException: UNAVAILABLE
08-04 06:28:10.093 21678 24050 W io.grpc.binder.a.k: 	at io.grpc.Status.asException(PG:1)
08-04 06:28:10.093 21678 24050 W io.grpc.binder.a.k: 	at io.grpc.binder.a.k.r(PG:3)
08-04 06:28:10.093 21678 24050 W io.grpc.binder.a.k: 	at io.grpc.binder.a.x.h(PG:9)
08-04 06:28:10.093 21678 24050 W io.grpc.binder.a.k: 	at io.grpc.binder.a.e.run(PG:4)
08-04 06:28:10.093 21678 24050 W io.grpc.binder.a.k: 	at com.google.android.libraries.i.af.run(PG:1)
08-04 06:28:10.093 21678 24050 W io.grpc.binder.a.k: 	at com.google.android.libraries.i.an.run(PG:23)
08-04 06:28:10.093 21678 24050 W io.grpc.binder.a.k: 	at com.google.android.libraries.i.l.run(PG:2)
08-04 06:28:10.093 21678 24050 W io.grpc.binder.a.k: 	at com.google.android.libraries.i.q.run(PG:4)
08-04 06:28:10.093 21678 24050 W io.grpc.binder.a.k: 	at java.lang.Thread.run(Thread.java:920)
08-04 06:28:10.093 21678 24050 W io.grpc.binder.a.k: Caused by: android.os.DeadObjectException
08-04 06:28:10.093 21678 24050 W io.grpc.binder.a.k: 	at android.os.BinderProxy.transactNative(Native Method)
08-04 06:28:10.093 21678 24050 W io.grpc.binder.a.k: 	at android.os.BinderProxy.transact(BinderProxy.java:635)
08-04 06:28:10.093 21678 24050 W io.grpc.binder.a.k: 	at io.grpc.binder.a.ah.c(PG:1)
08-04 06:28:10.093 21678 24050 W io.grpc.binder.a.k: 	at io.grpc.binder.a.ag.a(PG:2)
08-04 06:28:10.093 21678 24050 W io.grpc.binder.a.k: 	at io.grpc.binder.a.k.r(PG:2)
08-04 06:28:10.093 21678 24050 W io.grpc.binder.a.k: 	... 7 more
08-04 06:28:10.094 21678 24048 I A       : processToken binder died, :search process likely died
08-04 06:28:10.095 19836 19866 I libprocessgroup: Successfully killed process cgroup uid 10188 pid 18023 in 0ms
08-04 06:28:10.104 19836 19978 D InputTransport: Input channel constructed: 'da21dbb', fd=849
08-04 06:28:10.104 19836 19978 D InputTransport: Input channel constructed: 'da21dbb', fd=874
08-04 06:28:10.104 19836 19978 D InputTransport: Input channel constructed: 'da21dbb', fd=875
08-04 06:28:10.105   752   770 I SurfaceFlinger: id=173935 createSurf (0x0),-1 flag=80004, da21dbb com.example.dogglers/com.example.dogglers.GridListActivity#0
08-04 06:28:10.106 19836 19978 D InputTransport: Input channel destroyed: 'da21dbb', fd=875
08-04 06:28:10.109 18365 18365 I ViewRootImpl@f18cefd[GridListActivity]: setView = com.android.internal.policy.DecorView@6139524 TM=true
08-04 06:28:10.110 21445 21445 D BoundBrokerSvc: onUnbind: Intent { act=com.google.android.gms.measurement.START pkg=com.google.android.gms }
08-04 06:28:10.112 19836 19894 D AnalyticsContainerHandler: handleMessage : { when=0 what=1 target=com.android.server.knox.KnoxAnalyticsContainer$AnalyticsHandler }
08-04 06:28:10.120 18839 19301 W android.youtub: Long monitor contention with owner BG Thread #3 (18911) at android.database.sqlite.SQLiteConnection android.database.sqlite.SQLiteConnectionPool.waitForConnection(java.lang.String, int, android.os.CancellationSignal)(SQLiteConnectionPool.java:976) waiters=0 in android.database.sqlite.SQLiteConnection android.database.sqlite.SQLiteConnectionPool.waitForConnection(java.lang.String, int, android.os.CancellationSignal) for 118ms
08-04 06:28:10.121 19173 19235 I Finsky  : [1398] yzc.a(3): VerifyApps: Device wide unknown source restriction updated
08-04 06:28:10.121 19173 19327 W android.vendin: Accessing hidden field Ljava/util/Collections$SynchronizedCollection;->mutex:Ljava/lang/Object; (max-target-o, reflection, denied)
08-04 06:28:10.133 19836 22348 V WindowManager: Relayout Window{da21dbb u0 com.example.dogglers/com.example.dogglers.GridListActivity}: viewVisibility=0 req=1080x2408 d0
08-04 06:28:10.134   752  1103 I SurfaceFlinger: id=173936 createSurf (1x1),-3 flag=40004, com.example.dogglers/com.example.dogglers.GridListActivity$_18365#0
08-04 06:28:10.139   752  1103 I SurfaceFlinger: id=173937 createSurf (0x0),-1 flag=24000, Surface(name=ac392f8 StatusBar)/@0x2bc773f - animation-leash of insets_animation#0
08-04 06:28:10.141   752  1103 I SurfaceFlinger: id=173938 createSurf (0x0),-1 flag=24000, Surface(name=e75ea59 NavigationBar0)/@0x799bb6a - animation-leash of insets_animation#1
08-04 06:28:10.145 19836 22348 V WindowManager: Relayout hash=da21dbb, pid=18365: mAttrs={(0,0)(fillxfill) sim={adjust=resize forwardNavigation} ty=BASE_APPLICATION wanim=0x1030303
08-04 06:28:10.145 19836 22348 V WindowManager:   fl=81810100
08-04 06:28:10.145 19836 22348 V WindowManager:   pfl=12020040
08-04 06:28:10.145 19836 22348 V WindowManager:   bhv=DEFAULT
08-04 06:28:10.145 19836 22348 V WindowManager:   fitSides= naviIconColor=0}
08-04 06:28:10.149 18365 18365 I ViewRootImpl@f18cefd[GridListActivity]: Relayout returned: old=(0,0,1080,2408) new=(0,0,1080,2408) req=(1080,2408)0 dur=15 res=0x7 s={true 3056929792} ch=true fn=-1
08-04 06:28:10.150 18839 19344 I android.youtub: Waiting for a blocking GC ClassLinker
08-04 06:28:10.150 18839 19347 I android.youtub: Waiting for a blocking GC ClassLinker
08-04 06:28:10.151 18839 19349 I android.youtub: Waiting for a blocking GC ClassLinker
08-04 06:28:10.151 18839 19339 I android.youtub: Waiting for a blocking GC ClassLinker
08-04 06:28:10.151 18365 18575 D OpenGLRenderer: eglCreateWindowSurface
08-04 06:28:10.165 19173 19240 W android.vendin: Long monitor contention with owner LightweightExecutor #1 (19237) at fbg vpb.O(android.accounts.Account)(PG:7) waiters=0 in fbg vpb.O(android.accounts.Account) for 743ms
08-04 06:28:10.169 19173 19327 W android.vendin: Accessing hidden method Ljava/util/Collections$SynchronizedSet;-><init>(Ljava/util/Set;Ljava/lang/Object;)V (max-target-o, reflection, denied)
08-04 06:28:10.169 19173 19327 W android.vendin: Accessing hidden method Ljava/util/Collections$SynchronizedCollection;-><init>(Ljava/util/Collection;Ljava/lang/Object;)V (max-target-o, reflection, denied)
08-04 06:28:10.177   752   752 I Layer   : id=173930 removeFromCurrentState Surface(name=e75ea59 NavigationBar0)/@0x799bb6a - animation-leash of insets_animation#0 (117)
08-04 06:28:10.177   752   752 I Layer   : id=173490 removeFromCurrentState e75ea59 NavigationBar0#0 (117)
08-04 06:28:10.177   752   752 I Layer   : id=173504 removeFromCurrentState NavigationBar0$_20135#0 (117)
08-04 06:28:10.178   752   752 I Layer   : id=173929 removeFromCurrentState Surface(name=ac392f8 StatusBar)/@0x2bc773f - animation-leash of insets_animation#1 (117)
08-04 06:28:10.178   752   752 I Layer   : id=173490 addToCurrentState e75ea59 NavigationBar0#0 (117)
08-04 06:28:10.178   752   752 I Layer   : id=173504 addToCurrentState NavigationBar0$_20135#0 (117)
08-04 06:28:10.179 19836 22348 D InputDispatcher: Focus request (0): da21dbb com.example.dogglers/com.example.dogglers.GridListActivity but waiting because NOT_VISIBLE
08-04 06:28:10.182 18839 19351 I android.youtub: Waiting for a blocking GC ClassLinker
08-04 06:28:10.184 18839 19352 I android.youtub: Waiting for a blocking GC ClassLinker
08-04 06:28:10.194 18839 18888 D ConnectivityManager: StackLog: [android.net.ConnectivityManager.sendRequestForNetwork(ConnectivityManager.java:4124)] [android.net.ConnectivityManager.registerDefaultNetworkCallbackForUid(ConnectivityManager.java:4688)] [android.net.ConnectivityManager.registerDefaultNetworkCallback(ConnectivityManager.java:4655)] [android.net.ConnectivityManager.registerDefaultNetworkCallback(ConnectivityManager.java:4629)] [edw.<init>(PG:10)] [edw.a(PG:1)] [edq.u(PG:4)] [edr.p(PG:1)] [lnl.<init>(PG:6)] [edw.<init>(PG:20)] [rif.a(PG:2)] [adyc.a(PG:2)] [rig.b(PG:2)] [rii.b(PG:11)] [rii.f(PG:2)] [edj.run(PG:17)] [svp.run(PG:7)] [nqd.run(PG:23)] [mzg.run(PG:6)] [sjp.run(PG:75)] [java.lang.Thread.run(Thread.java:920)]
08-04 06:28:10.197 19836 20321 D ConnectivityService: requestNetwork for uid/pid:10203/18839 activeRequest: null callbackRequest: 1046 [NetworkRequest [ REQUEST id=1047, [ Capabilities: INTERNET&NOT_RESTRICTED&TRUSTED&NOT_VCN_MANAGED Uid: 10203 RequestorUid: 10203 RequestorPkg: com.google.android.youtube UnderlyingNetworks: Null] ]] callback flags: 0 order: 2147483647
08-04 06:28:10.197 18839 19355 I android.youtub: Waiting for a blocking GC ClassLinker
08-04 06:28:10.198 19836 20005 D ConnectivityService: NetworkReassignment :
08-04 06:28:10.198 19836 20005 D ConnectivityService:   1047 : null → 105
08-04 06:28:10.199 19836 20005 D ConnectivityService:    accepting network in place of null
08-04 06:28:10.206 19836 19989 D WifiNetworkFactory: got request NetworkRequest [ REQUEST id=1047, [ Capabilities: INTERNET&NOT_RESTRICTED&TRUSTED&NOT_VCN_MANAGED Uid: 10203 RequestorUid: 10203 RequestorPkg: com.google.android.youtube UnderlyingNetworks: Null] ]
08-04 06:28:10.206 19836 19989 D UntrustedWifiNetworkFactory: got request NetworkRequest [ REQUEST id=1047, [ Capabilities: INTERNET&NOT_RESTRICTED&TRUSTED&NOT_VCN_MANAGED Uid: 10203 RequestorUid: 10203 RequestorPkg: com.google.android.youtube UnderlyingNetworks: Null] ]
08-04 06:28:10.206 19836 19989 D OemPaidWifiNetworkFactory: got request NetworkRequest [ REQUEST id=1047, [ Capabilities: INTERNET&NOT_RESTRICTED&TRUSTED&NOT_VCN_MANAGED Uid: 10203 RequestorUid: 10203 RequestorPkg: com.google.android.youtube UnderlyingNetworks: Null] ]
08-04 06:28:10.235 19836 19845 I system_server: NativeAlloc concurrent copying GC freed 177810(9182KB) AllocSpace objects, 24(840KB) LOS objects, 13% free, 74MB/86MB, paused 356us,571us total 483.349ms
08-04 06:28:10.240 19836 19847 W System  : A resource failed to call end.
08-04 06:28:10.241 19836 19847 W System  : A resource failed to call release.
08-04 06:28:10.242 19836 19847 W System  : A resource failed to call close.
08-04 06:28:10.244 19836 19847 W System  : A resource failed to call close.
08-04 06:28:10.281 19173 19241 I Finsky  : [1403] vpb.<init>(4): Item store provider started.
08-04 06:28:10.311 18839 19305 I android.youtub: Waiting for a blocking GC ClassLinker
08-04 06:28:10.311 18839 18972 I android.youtub: Waiting for a blocking GC ClassLinker
08-04 06:28:10.311 18839 18933 I android.youtub: Waiting for a blocking GC ClassLinker
08-04 06:28:10.311 18839 19306 I android.youtub: Waiting for a blocking GC ClassLinker
08-04 06:28:10.311 18839 19313 I android.youtub: Waiting for a blocking GC ClassLinker
08-04 06:28:10.311 18839 19314 I android.youtub: Waiting for a blocking GC ClassLinker
08-04 06:28:10.311 18839 19316 I android.youtub: Waiting for a blocking GC ClassLinker
08-04 06:28:10.312 18839 19318 I android.youtub: Waiting for a blocking GC ClassLinker
08-04 06:28:10.312 18839 19310 I android.youtub: Waiting for a blocking GC ClassLinker
08-04 06:28:10.312 18839 19315 I android.youtub: Waiting for a blocking GC ClassLinker
08-04 06:28:10.312 18839 19321 I android.youtub: Waiting for a blocking GC ClassLinker
08-04 06:28:10.312 18839 19323 I android.youtub: Waiting for a blocking GC ClassLinker
08-04 06:28:10.312 18839 19326 I android.youtub: Waiting for a blocking GC ClassLinker
08-04 06:28:10.312 18839 18935 I android.youtub: Waiting for a blocking GC ClassLinker
08-04 06:28:10.312 18839 19329 I android.youtub: Waiting for a blocking GC ClassLinker
08-04 06:28:10.312 18839 19328 I android.youtub: Waiting for a blocking GC ClassLinker
08-04 06:28:10.312 18839 19330 I android.youtub: Waiting for a blocking GC ClassLinker
08-04 06:28:10.312 18839 19335 I android.youtub: Waiting for a blocking GC ClassLinker
08-04 06:28:10.313 18839 19337 I android.youtub: Waiting for a blocking GC ClassLinker
08-04 06:28:10.313 18839 19344 I android.youtub: Waiting for a blocking GC ClassLinker
08-04 06:28:10.313 18839 19347 I android.youtub: Waiting for a blocking GC ClassLinker
08-04 06:28:10.313 18839 19349 I android.youtub: Waiting for a blocking GC ClassLinker
08-04 06:28:10.313 18839 19339 I android.youtub: Waiting for a blocking GC ClassLinker
08-04 06:28:10.314 18839 19351 I android.youtub: Waiting for a blocking GC ClassLinker
08-04 06:28:10.314 18839 19355 I android.youtub: Waiting for a blocking GC ClassLinker
08-04 06:28:10.314 18839 19352 I android.youtub: Waiting for a blocking GC ClassLinker
08-04 06:28:10.439 19836 20059 D SemNscXgbMsL1: Probability - Cloud gaming: [0.017535785]
08-04 06:28:10.440 19836 20059 D SemNscXgbMsL1: Probability - Real time: [0.65523773]
08-04 06:28:10.440 19836 20059 D SemNscXgbMsL1: Probability - Non real time: [0.9003476]
08-04 06:28:10.440 19836 20059 D SemNscXgbMsL1: 1 sample inference time: 0.683077 msecs
08-04 06:28:10.441 19836 20059 D SemNscXgbL2Rt: L2 RT 1 sample inference time: 0.916616 msecs
08-04 06:28:10.442 19836 20059 D SemNscXgbL2Nrt: L2 NRT 1 sample inference time: 0.756539 msecs
08-04 06:28:10.466 18365 18575 D OpenGLRenderer: setSurface called with nullptr
08-04 06:28:10.466 18365 18392 D InputTransport: Input channel destroyed: 'ClientS', fd=96
08-04 06:28:10.467 18365 18575 D OpenGLRenderer: setSurface called with nullptr
08-04 06:28:10.467 18365 18392 D InputTransport: Input channel destroyed: 'ClientS', fd=118
08-04 06:28:10.468 18365 18575 D OpenGLRenderer: setSurface called with nullptr
08-04 06:28:10.469 18365 18575 D OpenGLRenderer: setSurface called with nullptr
08-04 06:28:10.471 18365 18575 D OpenGLRenderer: setSurface called with nullptr
08-04 06:28:10.474 18365 18575 D OpenGLRenderer: setSurface called with nullptr
08-04 06:28:10.482 19173 19173 I Finsky  : [2] nwh.onTrimMemory(1): Memory trim requested to level 10
08-04 06:28:10.482 18365 18365 I ViewRootImpl@f18cefd[GridListActivity]: [DP] dp(1) 1 android.view.ViewRootImpl.reportNextDraw:11410 android.view.ViewRootImpl.performTraversals:4185 android.view.ViewRootImpl.doTraversal:2911
08-04 06:28:10.482 18365 18365 D ViewRootImpl@f18cefd[GridListActivity]: Creating frameDrawingCallback nextDrawUseBlastSync=false reportNextDraw=true hasBlurUpdates=false
08-04 06:28:10.482 18365 18365 D ViewRootImpl@f18cefd[GridListActivity]: Creating frameCompleteCallback
08-04 06:28:10.486 18839 19044 W android.youtub: Long monitor contention with owner ThreadPoolForeg (19043) at org.chromium.net.AndroidCertVerifyResult org.chromium.net.X509Util.verifyServerCertificates(byte[][], java.lang.String, java.lang.String)(PG:22) waiters=0 in void org.chromium.net.X509Util.ensureInitialized() for 786ms
08-04 06:28:10.496 19652 19257 I HYPER-HAL: [RequestManager.cpp]releaseLocked(): Released ID : 236107330
08-04 06:28:10.534 18365 18721 D ViewRootImpl@f18cefd[GridListActivity]: Received frameDrawingCallback frameNum=1. Creating transactionCompleteCallback=false
08-04 06:28:10.539 18839 19388 I android.youtub: Waiting for a blocking GC ClassLinker
08-04 06:28:10.554   334   334 I lmkd    : cached 0, sandbox(not0) 0
08-04 06:28:10.580   334   334 I lmkd    : Reclaim 'com.google.android.youtube' (18839), uid 10203, oom_score_adj 905, state 19 to free 106524kB rss, 16652kB swap; reason: low watermark is breached and swap is low (2961752kB < 4110412kB)
08-04 06:28:10.593 19173 19173 I Finsky  : [2] lal.C(3): Installer: Attempting to start installer
08-04 06:28:10.603 19173 19173 I Finsky  : [2] adwk.c(2): registerListener
08-04 06:28:10.610 19836 20321 D ConnectivityService: ConnectivityService NetworkRequestInfo binderDied(uid/pid:10203/18839, [NetworkRequest [ REQUEST id=1047, [ Capabilities: INTERNET&NOT_RESTRICTED&TRUSTED&NOT_VCN_MANAGED Uid: 10203 RequestorUid: 10203 RequestorPkg: com.google.android.youtube UnderlyingNetworks: Null] ]], android.os.BinderProxy@6ec000e)
08-04 06:28:10.610 19836 22303 D ConnectivityService: ConnectivityService NetworkRequestInfo binderDied(uid/pid:10203/18839, [NetworkRequest [ LISTEN id=1031, [ Capabilities: INTERNET&NOT_RESTRICTED&TRUSTED&FOREGROUND&NOT_VCN_MANAGED Uid: 10203 RequestorUid: 10203 RequestorPkg: com.google.android.youtube UnderlyingNetworks: Null] ]], android.os.BinderProxy@78c883c)
08-04 06:28:10.611 19836 20358 D ConnectivityService: ConnectivityService NetworkRequestInfo binderDied(uid/pid:10203/18839, [NetworkRequest [ REQUEST id=1033, [ Capabilities: INTERNET&NOT_RESTRICTED&TRUSTED&NOT_VCN_MANAGED Uid: 10203 RequestorUid: 10203 RequestorPkg: com.google.android.youtube UnderlyingNetworks: Null] ]], android.os.BinderProxy@46c0f1a)
08-04 06:28:10.611 19836 22303 D ConnectivityService: ConnectivityService NetworkRequestInfo binderDied(uid/pid:10203/18839, [NetworkRequest [ REQUEST id=1042, [ Capabilities: INTERNET&NOT_RESTRICTED&TRUSTED&NOT_VCN_MANAGED Uid: 10203 RequestorUid: 10203 RequestorPkg: com.google.android.youtube UnderlyingNetworks: Null] ]], android.os.BinderProxy@6b88a4b)
08-04 06:28:10.611 19641 23954 I AudioFlinger: removeDlbCodecCallback pid:18839 type:-1
08-04 06:28:10.612 19640 19640 I Zygote  : Process 18839 exited due to signal 9 (Killed)
08-04 06:28:10.612 19836 20005 D ConnectivityService: releasing NetworkRequest [ REQUEST id=1047, [ Capabilities: INTERNET&NOT_RESTRICTED&TRUSTED&NOT_VCN_MANAGED Uid: 10203 RequestorUid: 10203 RequestorPkg: com.google.android.youtube UnderlyingNetworks: Null] ] (release request)
08-04 06:28:10.612 19836 22347 D ConnectivityService: ConnectivityService NetworkRequestInfo binderDied(uid/pid:10203/18839, [NetworkRequest [ REQUEST id=1035, [ Capabilities: INTERNET&NOT_RESTRICTED&TRUSTED&NOT_VCN_MANAGED Uid: 10203 RequestorUid: 10203 RequestorPkg: com.google.android.youtube UnderlyingNetworks: Null] ]], android.os.BinderProxy@2c079c5)
08-04 06:28:10.612 19836 20005 D ConnectivityService:  Removing from current network [105 WIFI], leaving 139 requests.
08-04 06:28:10.613 19836 22762 D ConnectivityService: ConnectivityService NetworkRequestInfo binderDied(uid/pid:10203/18839, [NetworkRequest [ REQUEST id=1030, [ Capabilities: INTERNET&NOT_RESTRICTED&TRUSTED&NOT_VCN_MANAGED Uid: 10203 RequestorUid: 10203 RequestorPkg: com.google.android.youtube UnderlyingNetworks: Null] ]], android.os.BinderProxy@3547a2f)
